ELF Header:
  Magic:   7f 45 4c 46 01 01 01 00 00 00 00 00 00 00 00 00 
  Class:                             ELF32
  Data:                              2's complement, little endian
  Version:                           1 (current)
  OS/ABI:                            UNIX - System V
  ABI Version:                       0
  Type:                              REL (Relocatable file)
  Machine:                           ARM
  Version:                           0x1
  Entry point address:               0x48c9
  Start of program headers:          0 (bytes into file)
  Start of section headers:          76164 (bytes into file)
  Flags:                             0x5000000, Version5 EABI
  Size of this header:               52 (bytes)
  Size of program headers:           0 (bytes)
  Number of program headers:         0
  Size of section headers:           40 (bytes)
  Number of section headers:         19
  Section header string table index: 18

Section Headers:
  [Nr] Name              Type            Addr     Off    Size   ES Flg Lk Inf Al
  [ 0]                   NULL            00000000 000000 000000 00      0   0  0
  [ 1] .rodata           PROGBITS        00000000 000034 0005d8 00   A  0   0  4
  [ 2] .rel.rodata       REL             00000000 010580 0007a0 08   I 16   1  4
  [ 3] .llext.rodata.noreloc PROGBITS        000005d8 00060c 0004a4 00   A  0   0  4
  [ 4] .text             PROGBITS        00000000 000ab0 005768 00  AX  0   0  8
  [ 5] .rel.text         REL             00000000 010d20 001b68 08   I 16   4  4
  [ 6] .static_thread_data_area PROGBITS        00005768 006218 000000 00   W  0   0  1
  [ 7] .data             PROGBITS        00005768 006218 00000c 00  WA  0   0  4
  [ 8] .rel.data         REL             00000000 012888 000018 08   I 16   7  4
  [ 9] .bss              NOBITS          00005778 006228 0055dc 00  WA  0   0  8
  [10] .exported_sym     PROGBITS        0000ad54 006228 000008 00   A  0   0  4
  [11] .rel.exported_sym REL             00000000 0128a0 000010 08   I 16  10  4
  [12] .init_array       INIT_ARRAY      0000ad5c 006230 000010 04  WA  0   0  4
  [13] .rel.init_array   REL             00000000 0128b0 000020 08   I 16  12  4
  [14] .fini_array       FINI_ARRAY      0000ad6c 006240 000008 04  WA  0   0  4
  [15] .rel.fini_array   REL             00000000 0128d0 000010 08   I 16  14  4
  [16] .symtab           SYMTAB          00000000 006248 004f20 10     17 777  4
  [17] .strtab           STRTAB          00000000 00b168 005418 00      0   0  1
  [18] .shstrtab         STRTAB          00000000 0128e0 0000a1 00      0   0  1
Key to Flags:
  W (write), A (alloc), X (execute), M (merge), S (strings), I (info),
  L (link order), O (extra OS processing required), G (group), T (TLS),
  C (compressed), x (unknown), o (OS specific), E (exclude),
  D (mbind), y (purecode), p (processor specific)
