
Symbol table '.symtab' contains 1266 entries:
   Num:    Value  Size Type    Bind   Vis      Ndx Name
     0: 00000000     0 NOTYPE  LOCAL  DEFAULT  UND 
     1: 00000000     0 SECTION LOCAL  DEFAULT    1 .rodata
     2: 00000000     0 SECTION LOCAL  DEFAULT    3 .llext.rodata.noreloc
     3: 00000000     0 SECTION LOCAL  DEFAULT    7 .data
     4: 00004ee0     0 NOTYPE  LOCAL  DEFAULT    4 $t
     5: 00004ee1   212 FUNC    LOCAL  DEFAULT    4 _ZN6zephyr7arduinoL29init_device_with_dependenciesEPK6device
     6: 00004f98     0 NOTYPE  LOCAL  DEFAULT    4 $d
     7: 00000000   136 OBJECT  LOCAL  DEFAULT    1 _ZN6zephyr7arduinoL11pinctrl_mapE
     8: 00004fb4     0 NOTYPE  LOCAL  DEFAULT    4 $t
     9: 00004fc0     0 NOTYPE  LOCAL  DEFAULT    4 $d
    10: 00000000     0 NOTYPE  LOCAL  DEFAULT    1 $d
    11: 000003e0     8 OBJECT  LOCAL  DEFAULT    1 _ZN6zephyr7arduinoL39__pinctrl_dev_config__device_dts_ord_73E
    12: 000003d8     8 OBJECT  LOCAL  DEFAULT    1 _ZN6zephyr7arduinoL39__pinctrl_dev_config__device_dts_ord_70E
    13: 000003e8     8 OBJECT  LOCAL  DEFAULT    1 _ZN6zephyr7arduinoL39__pinctrl_dev_config__device_dts_ord_78E
    14: 000003f0     8 OBJECT  LOCAL  DEFAULT    1 _ZN6zephyr7arduinoL39__pinctrl_dev_config__device_dts_ord_83E
    15: 000003f8     8 OBJECT  LOCAL  DEFAULT    1 _ZN6zephyr7arduinoL39__pinctrl_dev_config__device_dts_ord_88E
    16: 000003b8     8 OBJECT  LOCAL  DEFAULT    1 _ZN6zephyr7arduinoL39__pinctrl_dev_config__device_dts_ord_30E
    17: 000003c0     8 OBJECT  LOCAL  DEFAULT    1 _ZN6zephyr7arduinoL39__pinctrl_dev_config__device_dts_ord_34E
    18: 000003c8     8 OBJECT  LOCAL  DEFAULT    1 _ZN6zephyr7arduinoL39__pinctrl_dev_config__device_dts_ord_40E
    19: 00000420     8 OBJECT  LOCAL  DEFAULT    1 _ZN6zephyr7arduinoL40__pinctrl_dev_config__device_dts_ord_120E
    20: 00000400     8 OBJECT  LOCAL  DEFAULT    1 _ZN6zephyr7arduinoL40__pinctrl_dev_config__device_dts_ord_100E
    21: 00000408     8 OBJECT  LOCAL  DEFAULT    1 _ZN6zephyr7arduinoL40__pinctrl_dev_config__device_dts_ord_105E
    22: 00000410     8 OBJECT  LOCAL  DEFAULT    1 _ZN6zephyr7arduinoL40__pinctrl_dev_config__device_dts_ord_109E
    23: 00000418     8 OBJECT  LOCAL  DEFAULT    1 _ZN6zephyr7arduinoL40__pinctrl_dev_config__device_dts_ord_114E
    24: 00000428     8 OBJECT  LOCAL  DEFAULT    1 _ZN6zephyr7arduinoL40__pinctrl_dev_config__device_dts_ord_123E
    25: 000003b0     8 OBJECT  LOCAL  DEFAULT    1 _ZN6zephyr7arduinoL39__pinctrl_dev_config__device_dts_ord_17E
    26: 000003d0     8 OBJECT  LOCAL  DEFAULT    1 _ZN6zephyr7arduinoL39__pinctrl_dev_config__device_dts_ord_61E
    27: 000003d0     0 NOTYPE  LOCAL  DEFAULT    1 $d
    28: 000002f0     8 OBJECT  LOCAL  DEFAULT    1 _ZN6zephyr7arduinoL35__pinctrl_states__device_dts_ord_61E
    29: 000002f0     0 NOTYPE  LOCAL  DEFAULT    1 $d
    30: 00000124    16 OBJECT  LOCAL  DEFAULT    3 _ZN6zephyr7arduinoL41__pinctrl_state_pins_0__device_dts_ord_61E
    31: 00000124     0 NOTYPE  LOCAL  DEFAULT    3 $d
    32: 000003b0     0 NOTYPE  LOCAL  DEFAULT    1 $d
    33: 000002b8    24 OBJECT  LOCAL  DEFAULT    1 _ZN6zephyr7arduinoL35__pinctrl_states__device_dts_ord_17E
    34: 000002b8     0 NOTYPE  LOCAL  DEFAULT    1 $d
    35: 000000f4     0 OBJECT  LOCAL  DEFAULT    3 _ZN6zephyr7arduinoL41__pinctrl_state_pins_0__device_dts_ord_17E
    36: 000001b4     0 OBJECT  LOCAL  DEFAULT    3 _ZN6zephyr7arduinoL41__pinctrl_state_pins_1__device_dts_ord_17E
    37: 000001c4    48 OBJECT  LOCAL  DEFAULT    3 _ZN6zephyr7arduinoL41__pinctrl_state_pins_2__device_dts_ord_17E
    38: 000001c4     0 NOTYPE  LOCAL  DEFAULT    3 $d
    39: 00000428     0 NOTYPE  LOCAL  DEFAULT    1 $d
    40: 00000398    24 OBJECT  LOCAL  DEFAULT    1 _ZN6zephyr7arduinoL36__pinctrl_states__device_dts_ord_123E
    41: 00000398     0 NOTYPE  LOCAL  DEFAULT    1 $d
    42: 000001f4     0 OBJECT  LOCAL  DEFAULT    3 _ZN6zephyr7arduinoL42__pinctrl_state_pins_0__device_dts_ord_123E
    43: 000001f4     0 OBJECT  LOCAL  DEFAULT    3 _ZN6zephyr7arduinoL42__pinctrl_state_pins_1__device_dts_ord_123E
    44: 0000026c     8 OBJECT  LOCAL  DEFAULT    3 _ZN6zephyr7arduinoL42__pinctrl_state_pins_2__device_dts_ord_123E
    45: 0000026c     0 NOTYPE  LOCAL  DEFAULT    3 $d
    46: 00000418     0 NOTYPE  LOCAL  DEFAULT    1 $d
    47: 00000368    24 OBJECT  LOCAL  DEFAULT    1 _ZN6zephyr7arduinoL36__pinctrl_states__device_dts_ord_114E
    48: 00000368     0 NOTYPE  LOCAL  DEFAULT    1 $d
    49: 000001f4     0 OBJECT  LOCAL  DEFAULT    3 _ZN6zephyr7arduinoL42__pinctrl_state_pins_0__device_dts_ord_114E
    50: 000001f4     0 OBJECT  LOCAL  DEFAULT    3 _ZN6zephyr7arduinoL42__pinctrl_state_pins_1__device_dts_ord_114E
    51: 00000234    24 OBJECT  LOCAL  DEFAULT    3 _ZN6zephyr7arduinoL42__pinctrl_state_pins_2__device_dts_ord_114E
    52: 00000234     0 NOTYPE  LOCAL  DEFAULT    3 $d
    53: 00000410     0 NOTYPE  LOCAL  DEFAULT    1 $d
    54: 00000350    24 OBJECT  LOCAL  DEFAULT    1 _ZN6zephyr7arduinoL36__pinctrl_states__device_dts_ord_109E
    55: 00000350     0 NOTYPE  LOCAL  DEFAULT    1 $d
    56: 000001f4     0 OBJECT  LOCAL  DEFAULT    3 _ZN6zephyr7arduinoL42__pinctrl_state_pins_0__device_dts_ord_109E
    57: 000001f4     0 OBJECT  LOCAL  DEFAULT    3 _ZN6zephyr7arduinoL42__pinctrl_state_pins_1__device_dts_ord_109E
    58: 00000224    16 OBJECT  LOCAL  DEFAULT    3 _ZN6zephyr7arduinoL42__pinctrl_state_pins_2__device_dts_ord_109E
    59: 00000224     0 NOTYPE  LOCAL  DEFAULT    3 $d
    60: 00000408     0 NOTYPE  LOCAL  DEFAULT    1 $d
    61: 00000338    24 OBJECT  LOCAL  DEFAULT    1 _ZN6zephyr7arduinoL36__pinctrl_states__device_dts_ord_105E
    62: 00000338     0 NOTYPE  LOCAL  DEFAULT    1 $d
    63: 000001f4     0 OBJECT  LOCAL  DEFAULT    3 _ZN6zephyr7arduinoL42__pinctrl_state_pins_0__device_dts_ord_105E
    64: 000001f4     0 OBJECT  LOCAL  DEFAULT    3 _ZN6zephyr7arduinoL42__pinctrl_state_pins_1__device_dts_ord_105E
    65: 0000020c    24 OBJECT  LOCAL  DEFAULT    3 _ZN6zephyr7arduinoL42__pinctrl_state_pins_2__device_dts_ord_105E
    66: 0000020c     0 NOTYPE  LOCAL  DEFAULT    3 $d
    67: 00000400     0 NOTYPE  LOCAL  DEFAULT    1 $d
    68: 00000320    24 OBJECT  LOCAL  DEFAULT    1 _ZN6zephyr7arduinoL36__pinctrl_states__device_dts_ord_100E
    69: 00000320     0 NOTYPE  LOCAL  DEFAULT    1 $d
    70: 000001f4     0 OBJECT  LOCAL  DEFAULT    3 _ZN6zephyr7arduinoL42__pinctrl_state_pins_0__device_dts_ord_100E
    71: 000001f4     0 OBJECT  LOCAL  DEFAULT    3 _ZN6zephyr7arduinoL42__pinctrl_state_pins_1__device_dts_ord_100E
    72: 000001f4    24 OBJECT  LOCAL  DEFAULT    3 _ZN6zephyr7arduinoL42__pinctrl_state_pins_2__device_dts_ord_100E
    73: 000001f4     0 NOTYPE  LOCAL  DEFAULT    3 $d
    74: 00000420     0 NOTYPE  LOCAL  DEFAULT    1 $d
    75: 00000380    24 OBJECT  LOCAL  DEFAULT    1 _ZN6zephyr7arduinoL36__pinctrl_states__device_dts_ord_120E
    76: 00000380     0 NOTYPE  LOCAL  DEFAULT    1 $d
    77: 000001f4     0 OBJECT  LOCAL  DEFAULT    3 _ZN6zephyr7arduinoL42__pinctrl_state_pins_0__device_dts_ord_120E
    78: 000001f4     0 OBJECT  LOCAL  DEFAULT    3 _ZN6zephyr7arduinoL42__pinctrl_state_pins_1__device_dts_ord_120E
    79: 0000024c    32 OBJECT  LOCAL  DEFAULT    3 _ZN6zephyr7arduinoL42__pinctrl_state_pins_2__device_dts_ord_120E
    80: 0000024c     0 NOTYPE  LOCAL  DEFAULT    3 $d
    81: 000003c8     0 NOTYPE  LOCAL  DEFAULT    1 $d
    82: 000002e0    16 OBJECT  LOCAL  DEFAULT    1 _ZN6zephyr7arduinoL35__pinctrl_states__device_dts_ord_40E
    83: 000002e0     0 NOTYPE  LOCAL  DEFAULT    1 $d
    84: 00000114    16 OBJECT  LOCAL  DEFAULT    3 _ZN6zephyr7arduinoL41__pinctrl_state_pins_0__device_dts_ord_40E
    85: 000001b4    16 OBJECT  LOCAL  DEFAULT    3 _ZN6zephyr7arduinoL41__pinctrl_state_pins_1__device_dts_ord_40E
    86: 000001b4     0 NOTYPE  LOCAL  DEFAULT    3 $d
    87: 00000114     0 NOTYPE  LOCAL  DEFAULT    3 $d
    88: 000003c0     0 NOTYPE  LOCAL  DEFAULT    1 $d
    89: 000002d8     8 OBJECT  LOCAL  DEFAULT    1 _ZN6zephyr7arduinoL35__pinctrl_states__device_dts_ord_34E
    90: 000002d8     0 NOTYPE  LOCAL  DEFAULT    1 $d
    91: 00000104    16 OBJECT  LOCAL  DEFAULT    3 _ZN6zephyr7arduinoL41__pinctrl_state_pins_0__device_dts_ord_34E
    92: 00000104     0 NOTYPE  LOCAL  DEFAULT    3 $d
    93: 000003b8     0 NOTYPE  LOCAL  DEFAULT    1 $d
    94: 000002d0     8 OBJECT  LOCAL  DEFAULT    1 _ZN6zephyr7arduinoL35__pinctrl_states__device_dts_ord_30E
    95: 000002d0     0 NOTYPE  LOCAL  DEFAULT    1 $d
    96: 000000f4    16 OBJECT  LOCAL  DEFAULT    3 _ZN6zephyr7arduinoL41__pinctrl_state_pins_0__device_dts_ord_30E
    97: 000000f4     0 NOTYPE  LOCAL  DEFAULT    3 $d
    98: 000003f8     0 NOTYPE  LOCAL  DEFAULT    1 $d
    99: 00000318     8 OBJECT  LOCAL  DEFAULT    1 _ZN6zephyr7arduinoL35__pinctrl_states__device_dts_ord_88E
   100: 00000318     0 NOTYPE  LOCAL  DEFAULT    1 $d
   101: 00000194    32 OBJECT  LOCAL  DEFAULT    3 _ZN6zephyr7arduinoL41__pinctrl_state_pins_0__device_dts_ord_88E
   102: 00000194     0 NOTYPE  LOCAL  DEFAULT    3 $d
   103: 000003f0     0 NOTYPE  LOCAL  DEFAULT    1 $d
   104: 00000310     8 OBJECT  LOCAL  DEFAULT    1 _ZN6zephyr7arduinoL35__pinctrl_states__device_dts_ord_83E
   105: 00000310     0 NOTYPE  LOCAL  DEFAULT    1 $d
   106: 00000174    32 OBJECT  LOCAL  DEFAULT    3 _ZN6zephyr7arduinoL41__pinctrl_state_pins_0__device_dts_ord_83E
   107: 00000174     0 NOTYPE  LOCAL  DEFAULT    3 $d
   108: 000003e8     0 NOTYPE  LOCAL  DEFAULT    1 $d
   109: 00000308     8 OBJECT  LOCAL  DEFAULT    1 _ZN6zephyr7arduinoL35__pinctrl_states__device_dts_ord_78E
   110: 00000308     0 NOTYPE  LOCAL  DEFAULT    1 $d
   111: 00000154    32 OBJECT  LOCAL  DEFAULT    3 _ZN6zephyr7arduinoL41__pinctrl_state_pins_0__device_dts_ord_78E
   112: 00000154     0 NOTYPE  LOCAL  DEFAULT    3 $d
   113: 000003d8     0 NOTYPE  LOCAL  DEFAULT    1 $d
   114: 000002f8     8 OBJECT  LOCAL  DEFAULT    1 _ZN6zephyr7arduinoL35__pinctrl_states__device_dts_ord_70E
   115: 000002f8     0 NOTYPE  LOCAL  DEFAULT    1 $d
   116: 00000134    16 OBJECT  LOCAL  DEFAULT    3 _ZN6zephyr7arduinoL41__pinctrl_state_pins_0__device_dts_ord_70E
   117: 00000134     0 NOTYPE  LOCAL  DEFAULT    3 $d
   118: 000003e0     0 NOTYPE  LOCAL  DEFAULT    1 $d
   119: 00000300     8 OBJECT  LOCAL  DEFAULT    1 _ZN6zephyr7arduinoL35__pinctrl_states__device_dts_ord_73E
   120: 00000300     0 NOTYPE  LOCAL  DEFAULT    1 $d
   121: 00000144    16 OBJECT  LOCAL  DEFAULT    3 _ZN6zephyr7arduinoL41__pinctrl_state_pins_0__device_dts_ord_73E
   122: 00000144     0 NOTYPE  LOCAL  DEFAULT    3 $d
   123: 0000498c     0 NOTYPE  LOCAL  DEFAULT    4 $t
   124: 0000498d    42 FUNC    LOCAL  DEFAULT    4 gpio_pin_configure_dt.isra.0
   125: 000049b8     0 NOTYPE  LOCAL  DEFAULT    4 $t
   126: 000049c4     0 NOTYPE  LOCAL  DEFAULT    4 $d
   127: 000049c8     0 NOTYPE  LOCAL  DEFAULT    4 $t
   128: 000049e8     0 NOTYPE  LOCAL  DEFAULT    4 $d
   129: 00000088   560 OBJECT  LOCAL  DEFAULT    1 _ZN6zephyr7arduinoL12arduino_pinsE
   130: 000049f8     0 NOTYPE  LOCAL  DEFAULT    4 $t
   131: 00004a30     0 NOTYPE  LOCAL  DEFAULT    4 $d
   132: 00004a34     0 NOTYPE  LOCAL  DEFAULT    4 $t
   133: 00004a74     0 NOTYPE  LOCAL  DEFAULT    4 $d
   134: 00000088     0 NOTYPE  LOCAL  DEFAULT    1 $d
   135: 00005682     0 NOTYPE  LOCAL  DEFAULT    4 $t
   136: 000056b4     0 NOTYPE  LOCAL  DEFAULT    4 $t
   137: 000056c0     0 NOTYPE  LOCAL  DEFAULT    4 $t
   138: 000056d0     0 NOTYPE  LOCAL  DEFAULT    4 $d
   139: 000056d4     0 NOTYPE  LOCAL  DEFAULT    4 $t
   140: 000056e8     0 NOTYPE  LOCAL  DEFAULT    4 $t
   141: 00005726     0 NOTYPE  LOCAL  DEFAULT    4 $t
   142: 0000573e     0 NOTYPE  LOCAL  DEFAULT    4 $t
   143: 00000430     0 NOTYPE  LOCAL  DEFAULT    1 $d
   144: 000004c0     0 NOTYPE  LOCAL  DEFAULT    1 $d
   145: 00005078     0 NOTYPE  LOCAL  DEFAULT    4 $t
   146: 00005088     0 NOTYPE  LOCAL  DEFAULT    4 $d
   147: 0000508c     0 NOTYPE  LOCAL  DEFAULT    4 $t
   148: 000050a0     0 NOTYPE  LOCAL  DEFAULT    4 $t
   149: 000050dc     0 NOTYPE  LOCAL  DEFAULT    4 $t
   150: 00005150     0 NOTYPE  LOCAL  DEFAULT    4 $t
   151: 0000043c     0 NOTYPE  LOCAL  DEFAULT    1 $d
   152: 000004ec     0 NOTYPE  LOCAL  DEFAULT    1 $d
   153: 0000546c     0 NOTYPE  LOCAL  DEFAULT    4 $t
   154: 0000546d     8 FUNC    LOCAL  DEFAULT    4 _ZNK12_GLOBAL__N_122generic_error_category4nameEv
   155: 00005470     0 NOTYPE  LOCAL  DEFAULT    4 $d
   156: 00005474     0 NOTYPE  LOCAL  DEFAULT    4 $t
   157: 00005475    20 FUNC    LOCAL  DEFAULT    4 _ZNK12_GLOBAL__N_122generic_error_category10equivalentEiRKSt15error_condition
   158: 00005488     0 NOTYPE  LOCAL  DEFAULT    4 $t
   159: 00005489     2 FUNC    LOCAL  DEFAULT    4 _ZN12_GLOBAL__N_122generic_error_categoryD2Ev
   160: 00005489     2 FUNC    LOCAL  DEFAULT    4 _ZN12_GLOBAL__N_122generic_error_categoryD1Ev
   161: 0000548c     0 NOTYPE  LOCAL  DEFAULT    4 $t
   162: 0000548d     8 FUNC    LOCAL  DEFAULT    4 _ZNK12_GLOBAL__N_121system_error_category4nameEv
   163: 00005490     0 NOTYPE  LOCAL  DEFAULT    4 $d
   164: 00005494     0 NOTYPE  LOCAL  DEFAULT    4 $t
   165: 00005495   100 FUNC    LOCAL  DEFAULT    4 _ZNK12_GLOBAL__N_121system_error_category23default_error_conditionEi
   166: 000054e8     0 NOTYPE  LOCAL  DEFAULT    4 $d
   167: 00000008     4 OBJECT  LOCAL  DEFAULT    7 _ZN12_GLOBAL__N_125generic_category_instanceE
   168: 000054f8     0 NOTYPE  LOCAL  DEFAULT    4 $t
   169: 000054f9     2 FUNC    LOCAL  DEFAULT    4 _ZN12_GLOBAL__N_121system_error_categoryD2Ev
   170: 000054f9     2 FUNC    LOCAL  DEFAULT    4 _ZN12_GLOBAL__N_121system_error_categoryD1Ev
   171: 000054fa     0 NOTYPE  LOCAL  DEFAULT    4 $t
   172: 00005500     0 NOTYPE  LOCAL  DEFAULT    4 $t
   173: 00005514     0 NOTYPE  LOCAL  DEFAULT    4 $t
   174: 00005515     2 FUNC    LOCAL  DEFAULT    4 _ZN12_GLOBAL__N_113constant_initINS_22generic_error_categoryEED2Ev
   175: 00005515     2 FUNC    LOCAL  DEFAULT    4 _ZN12_GLOBAL__N_113constant_initINS_22generic_error_categoryEED1Ev
   176: 00005516     0 NOTYPE  LOCAL  DEFAULT    4 $t
   177: 00005517     2 FUNC    LOCAL  DEFAULT    4 _ZN12_GLOBAL__N_113constant_initINS_21system_error_categoryEED2Ev
   178: 00005517     2 FUNC    LOCAL  DEFAULT    4 _ZN12_GLOBAL__N_113constant_initINS_21system_error_categoryEED1Ev
   179: 00005518     0 NOTYPE  LOCAL  DEFAULT    4 $t
   180: 00005519    12 FUNC    LOCAL  DEFAULT    4 _ZN12_GLOBAL__N_122generic_error_categoryD0Ev
   181: 00005524     0 NOTYPE  LOCAL  DEFAULT    4 $t
   182: 00005525    12 FUNC    LOCAL  DEFAULT    4 _ZN12_GLOBAL__N_121system_error_categoryD0Ev
   183: 00005530     0 NOTYPE  LOCAL  DEFAULT    4 $t
   184: 00005560     0 NOTYPE  LOCAL  DEFAULT    4 $t
   185: 00005561    40 FUNC    LOCAL  DEFAULT    4 _ZNK12_GLOBAL__N_121system_error_category10equivalentEiRKSt15error_condition
   186: 00005588     0 NOTYPE  LOCAL  DEFAULT    4 $t
   187: 00005589   192 FUNC    LOCAL  DEFAULT    4 _ZNK12_GLOBAL__N_122generic_error_category7messageB5cxx11Ei
   188: 00005644     0 NOTYPE  LOCAL  DEFAULT    4 $d
   189: 00005589   192 FUNC    LOCAL  DEFAULT    4 _ZNK12_GLOBAL__N_121system_error_category7messageB5cxx11Ei
   190: 00000004     4 OBJECT  LOCAL  DEFAULT    7 _ZN12_GLOBAL__N_124system_category_instanceE
   191: 00005648     0 NOTYPE  LOCAL  DEFAULT    4 $t
   192: 00005649    48 FUNC    LOCAL  DEFAULT    4 _GLOBAL__sub_I__ZSt20__throw_system_errori
   193: 00005664     0 NOTYPE  LOCAL  DEFAULT    4 $d
   194: 0000000c     0 NOTYPE  LOCAL  DEFAULT   12 $d
   195: 00000460     0 NOTYPE  LOCAL  DEFAULT    1 $d
   196: 00000454     0 NOTYPE  LOCAL  DEFAULT    1 $d
   197: 00000454    12 OBJECT  LOCAL  DEFAULT    1 _ZTIN12_GLOBAL__N_122generic_error_categoryE
   198: 000003c8    42 OBJECT  LOCAL  DEFAULT    3 _ZTSN12_GLOBAL__N_122generic_error_categoryE
   199: 00000448     0 NOTYPE  LOCAL  DEFAULT    1 $d
   200: 00000448    12 OBJECT  LOCAL  DEFAULT    1 _ZTIN12_GLOBAL__N_121system_error_categoryE
   201: 0000039f    41 OBJECT  LOCAL  DEFAULT    3 _ZTSN12_GLOBAL__N_121system_error_categoryE
   202: 00000540     0 NOTYPE  LOCAL  DEFAULT    1 $d
   203: 00000540    40 OBJECT  LOCAL  DEFAULT    1 _ZTVN12_GLOBAL__N_122generic_error_categoryE
   204: 00000518     0 NOTYPE  LOCAL  DEFAULT    1 $d
   205: 00000518    40 OBJECT  LOCAL  DEFAULT    1 _ZTVN12_GLOBAL__N_121system_error_categoryE
   206: 00000004     0 NOTYPE  LOCAL  DEFAULT    7 $d
   207: 00000008     0 NOTYPE  LOCAL  DEFAULT    7 $d
   208: 000051ac     0 NOTYPE  LOCAL  DEFAULT    4 $t
   209: 000051b0     0 NOTYPE  LOCAL  DEFAULT    4 $t
   210: 000051d0     0 NOTYPE  LOCAL  DEFAULT    4 $d
   211: 000051d4     0 NOTYPE  LOCAL  DEFAULT    4 $t
   212: 000051e8     0 NOTYPE  LOCAL  DEFAULT    4 $t
   213: 000051f8     0 NOTYPE  LOCAL  DEFAULT    4 $d
   214: 000051fc     0 NOTYPE  LOCAL  DEFAULT    4 $t
   215: 00000468     0 NOTYPE  LOCAL  DEFAULT    1 $d
   216: 00000474     0 NOTYPE  LOCAL  DEFAULT    1 $d
   217: 0000059c     0 NOTYPE  LOCAL  DEFAULT    1 $d
   218: 000005b0     0 NOTYPE  LOCAL  DEFAULT    1 $d
   219: 00005044     0 NOTYPE  LOCAL  DEFAULT    4 $t
   220: 00005048     0 NOTYPE  LOCAL  DEFAULT    4 $d
   221: 0000504c     0 NOTYPE  LOCAL  DEFAULT    4 $t
   222: 0000505c     0 NOTYPE  LOCAL  DEFAULT    4 $d
   223: 00005060     0 NOTYPE  LOCAL  DEFAULT    4 $t
   224: 00000480     0 NOTYPE  LOCAL  DEFAULT    1 $d
   225: 000005c4     0 NOTYPE  LOCAL  DEFAULT    1 $d
   226: 00005074     0 NOTYPE  LOCAL  DEFAULT    4 $t
   227: 0000048c     0 NOTYPE  LOCAL  DEFAULT    1 $d
   228: 0000517a     0 NOTYPE  LOCAL  DEFAULT    4 $t
   229: 0000517c     0 NOTYPE  LOCAL  DEFAULT    4 $t
   230: 00005180     0 NOTYPE  LOCAL  DEFAULT    4 $t
   231: 00000494     0 NOTYPE  LOCAL  DEFAULT    1 $d
   232: 00002828     0 NOTYPE  LOCAL  DEFAULT    4 $t
   233: 0000282c     0 NOTYPE  LOCAL  DEFAULT    4 $t
   234: 0000282e     0 NOTYPE  LOCAL  DEFAULT    4 $t
   235: 00002848     0 NOTYPE  LOCAL  DEFAULT    4 $t
   236: 00002849     8 FUNC    LOCAL  DEFAULT    4 k_yield
   237: 0000284c     0 NOTYPE  LOCAL  DEFAULT    4 $d
   238: 00002850     0 NOTYPE  LOCAL  DEFAULT    4 $t
   239: 00002851     8 FUNC    LOCAL  DEFAULT    4 k_mutex_lock
   240: 00002854     0 NOTYPE  LOCAL  DEFAULT    4 $d
   241: 00002858     0 NOTYPE  LOCAL  DEFAULT    4 $t
   242: 00002859    32 FUNC    LOCAL  DEFAULT    4 _ZNSt12_Vector_baseIhSaIhEE11_M_allocateEj.isra.0
   243: 00002870     0 NOTYPE  LOCAL  DEFAULT    4 $d
   244: 00002878     0 NOTYPE  LOCAL  DEFAULT    4 $t
   245: 00002879     8 FUNC    LOCAL  DEFAULT    4 k_mutex_unlock.isra.0
   246: 0000287c     0 NOTYPE  LOCAL  DEFAULT    4 $d
   247: 00002880     0 NOTYPE  LOCAL  DEFAULT    4 $t
   248: 000028e4     0 NOTYPE  LOCAL  DEFAULT    4 $d
   249: 000028ec     0 NOTYPE  LOCAL  DEFAULT    4 $t
   250: 00002928     0 NOTYPE  LOCAL  DEFAULT    4 $d
   251: 00002930     0 NOTYPE  LOCAL  DEFAULT    4 $t
   252: 00002931    12 FUNC    LOCAL  DEFAULT    4 k_msleep.constprop.0.isra.0
   253: 00002938     0 NOTYPE  LOCAL  DEFAULT    4 $d
   254: 0000293c     0 NOTYPE  LOCAL  DEFAULT    4 $t
   255: 0000295c     0 NOTYPE  LOCAL  DEFAULT    4 $d
   256: 00002968     0 NOTYPE  LOCAL  DEFAULT    4 $t
   257: 000029a0     0 NOTYPE  LOCAL  DEFAULT    4 $d
   258: 000029a4     0 NOTYPE  LOCAL  DEFAULT    4 $t
   259: 000029dc     0 NOTYPE  LOCAL  DEFAULT    4 $d
   260: 000029e4     0 NOTYPE  LOCAL  DEFAULT    4 $t
   261: 00002a40     0 NOTYPE  LOCAL  DEFAULT    4 $d
   262: 00002a4c     0 NOTYPE  LOCAL  DEFAULT    4 $t
   263: 00002a80     0 NOTYPE  LOCAL  DEFAULT    4 $d
   264: 00002a8c     0 NOTYPE  LOCAL  DEFAULT    4 $t
   265: 00002a8d   140 FUNC    LOCAL  DEFAULT    4 _ZNSt6vectorIhSaIhEE12emplace_backIJRKhEEERhDpOT_.isra.0
   266: 00002b00     0 NOTYPE  LOCAL  DEFAULT    4 $d
   267: 00002b18     0 NOTYPE  LOCAL  DEFAULT    4 $t
   268: 00002b19   140 FUNC    LOCAL  DEFAULT    4 _ZNSt6vectorIhSaIhEE12emplace_backIJhEEERhDpOT_.isra.0
   269: 00002b8c     0 NOTYPE  LOCAL  DEFAULT    4 $d
   270: 00002ba4     0 NOTYPE  LOCAL  DEFAULT    4 $t
   271: 00002d00     0 NOTYPE  LOCAL  DEFAULT    4 $d
   272: 00002d1c     0 NOTYPE  LOCAL  DEFAULT    4 $t
   273: 00002d1d    24 FUNC    LOCAL  DEFAULT    4 _ZN7arduino7msgpack6Packer11packRawByteERKNS0_4TypeE.isra.0
   274: 00002d30     0 NOTYPE  LOCAL  DEFAULT    4 $d
   275: 00002d34     0 NOTYPE  LOCAL  DEFAULT    4 $t
   276: 00002d35   140 FUNC    LOCAL  DEFAULT    4 _ZNSt6vectorIhSaIhEE12emplace_backIJRhEEES3_DpOT_.isra.0
   277: 00002da8     0 NOTYPE  LOCAL  DEFAULT    4 $d
   278: 00002dc0     0 NOTYPE  LOCAL  DEFAULT    4 $t
   279: 00002dc1    80 FUNC    LOCAL  DEFAULT    4 _ZN7arduino7msgpack6Packer11packIntegerIjEENSt9enable_ifIXaaaaaasrSt13is_arithmeticIT_E5valuesrSt11is_integralIS5_E5valuentsrSt7is_sameIS5_bE5valuentsrS9_INSt9remove_cvIS5_E4typeEPcE5valueEvE4typeERKS5_.isra.0
   280: 00002e00     0 NOTYPE  LOCAL  DEFAULT    4 $d
   281: 00002e10     0 NOTYPE  LOCAL  DEFAULT    4 $t
   282: 00002e11   196 FUNC    LOCAL  DEFAULT    4 _ZN7arduino7msgpack6Packer11packIntegerIiEENSt9enable_ifIXaaaaaasrSt13is_arithmeticIT_E5valuesrSt11is_integralIS5_E5valuentsrSt7is_sameIS5_bE5valuentsrS9_INSt9remove_cvIS5_E4typeEPcE5valueEvE4typeERKS5_.isra.0
   283: 00002ebc     0 NOTYPE  LOCAL  DEFAULT    4 $d
   284: 00002ed4     0 NOTYPE  LOCAL  DEFAULT    4 $t
   285: 00002f3c     0 NOTYPE  LOCAL  DEFAULT    4 $d
   286: 00002f50     0 NOTYPE  LOCAL  DEFAULT    4 $t
   287: 00002f51    56 FUNC    LOCAL  DEFAULT    4 _ZN7arduino7msgpack6Packer9serializeIJRKiRjRKNS_6StringEEEEvRKNS0_4type9ArraySizeEDpOT_.isra.0
   288: 00002f78     0 NOTYPE  LOCAL  DEFAULT    4 $d
   289: 00002f88     0 NOTYPE  LOCAL  DEFAULT    4 $t
   290: 00002fac     0 NOTYPE  LOCAL  DEFAULT    4 $t
   291: 00002fad   120 FUNC    LOCAL  DEFAULT    4 _ZN9RPCClient8send_rpcIJEEEbRKN7arduino6StringERjDpOT_.isra.0
   292: 00003014     0 NOTYPE  LOCAL  DEFAULT    4 $d
   293: 00003024     0 NOTYPE  LOCAL  DEFAULT    4 $t
   294: 00003025   136 FUNC    LOCAL  DEFAULT    4 _ZN9RPCClient8send_rpcIJRKN7arduino6StringEEEEbS4_RjDpOT_.isra.0
   295: 00003098     0 NOTYPE  LOCAL  DEFAULT    4 $d
   296: 000030ac     0 NOTYPE  LOCAL  DEFAULT    4 $t
   297: 000030ad   136 FUNC    LOCAL  DEFAULT    4 _ZN9RPCClient8send_rpcIJRKjEEEbRKN7arduino6StringERjDpOT_.isra.0
   298: 00003120     0 NOTYPE  LOCAL  DEFAULT    4 $d
   299: 00003134     0 NOTYPE  LOCAL  DEFAULT    4 $t
   300: 000031ac     0 NOTYPE  LOCAL  DEFAULT    4 $d
   301: 000031c4     0 NOTYPE  LOCAL  DEFAULT    4 $t
   302: 000031fc     0 NOTYPE  LOCAL  DEFAULT    4 $d
   303: 0000322c     0 NOTYPE  LOCAL  DEFAULT    4 $d
   304: 00003244     0 NOTYPE  LOCAL  DEFAULT    4 $t
   305: 0000327c     0 NOTYPE  LOCAL  DEFAULT    4 $d
   306: 00003284     0 NOTYPE  LOCAL  DEFAULT    4 $t
   307: 000032f0     0 NOTYPE  LOCAL  DEFAULT    4 $d
   308: 000032fc     0 NOTYPE  LOCAL  DEFAULT    4 $t
   309: 00003444     0 NOTYPE  LOCAL  DEFAULT    4 $d
   310: 00003478     0 NOTYPE  LOCAL  DEFAULT    4 $t
   311: 000034b4     0 NOTYPE  LOCAL  DEFAULT    4 $d
   312: 000034b8     0 NOTYPE  LOCAL  DEFAULT    4 $t
   313: 000034ec     0 NOTYPE  LOCAL  DEFAULT    4 $d
   314: 000034f8     0 NOTYPE  LOCAL  DEFAULT    4 $t
   315: 0000377c     0 NOTYPE  LOCAL  DEFAULT    4 $d
   316: 000037dc     0 NOTYPE  LOCAL  DEFAULT    4 $t
   317: 000038f4     0 NOTYPE  LOCAL  DEFAULT    4 $d
   318: 0000392c     0 NOTYPE  LOCAL  DEFAULT    4 $t
   319: 000039b8     0 NOTYPE  LOCAL  DEFAULT    4 $d
   320: 000039d8     0 NOTYPE  LOCAL  DEFAULT    4 $t
   321: 00003a0c     0 NOTYPE  LOCAL  DEFAULT    4 $d
   322: 00003a18     0 NOTYPE  LOCAL  DEFAULT    4 $t
   323: 00003b0c     0 NOTYPE  LOCAL  DEFAULT    4 $d
   324: 00003b3c     0 NOTYPE  LOCAL  DEFAULT    4 $t
   325: 00003d7c     0 NOTYPE  LOCAL  DEFAULT    4 $d
   326: 00003df0     0 NOTYPE  LOCAL  DEFAULT    4 $t
   327: 00003ea4     0 NOTYPE  LOCAL  DEFAULT    4 $d
   328: 00003ecc     0 NOTYPE  LOCAL  DEFAULT    4 $t
   329: 00003f00     0 NOTYPE  LOCAL  DEFAULT    4 $d
   330: 00003f0c     0 NOTYPE  LOCAL  DEFAULT    4 $t
   331: 00003f38     0 NOTYPE  LOCAL  DEFAULT    4 $d
   332: 00003f40     0 NOTYPE  LOCAL  DEFAULT    4 $t
   333: 00004180     0 NOTYPE  LOCAL  DEFAULT    4 $d
   334: 000041ec     0 NOTYPE  LOCAL  DEFAULT    4 $t
   335: 000042d0     0 NOTYPE  LOCAL  DEFAULT    4 $d
   336: 00004304     0 NOTYPE  LOCAL  DEFAULT    4 $t
   337: 000043ec     0 NOTYPE  LOCAL  DEFAULT    4 $d
   338: 00004428     0 NOTYPE  LOCAL  DEFAULT    4 $t
   339: 00004460     0 NOTYPE  LOCAL  DEFAULT    4 $d
   340: 0000446c     0 NOTYPE  LOCAL  DEFAULT    4 $t
   341: 0000446d   188 FUNC    LOCAL  DEFAULT    4 _GLOBAL__sub_I_Bridge
   342: 000044fc     0 NOTYPE  LOCAL  DEFAULT    4 $d
   343: 00000004     0 NOTYPE  LOCAL  DEFAULT   12 $d
   344: 00004528     0 NOTYPE  LOCAL  DEFAULT    4 $t
   345: 00004529    32 FUNC    LOCAL  DEFAULT    4 _GLOBAL__sub_D_Bridge
   346: 0000453c     0 NOTYPE  LOCAL  DEFAULT    4 $d
   347: 00000004     0 NOTYPE  LOCAL  DEFAULT   14 $d
   348: 0000049c     0 NOTYPE  LOCAL  DEFAULT    1 $d
   349: 000038e4     0 NOTYPE  LOCAL  DEFAULT    9 $d
   350: 000038e8     0 NOTYPE  LOCAL  DEFAULT    9 $d
   351: 000038ec     0 NOTYPE  LOCAL  DEFAULT    9 $d
   352: 00003b28     0 NOTYPE  LOCAL  DEFAULT    9 $d
   353: 000031ff     0 NOTYPE  LOCAL  DEFAULT    4 $d
   354: 00003200     0 NOTYPE  LOCAL  DEFAULT    4 $t
   355: 00000001    16 FUNC    LOCAL  DEFAULT    4 __tcf_0
   356: 000003dd    20 FUNC    LOCAL  DEFAULT    4 __tcf_1
   357: 000003c9    20 FUNC    LOCAL  DEFAULT    4 __tcf_2
   358: 00004a9c     0 NOTYPE  LOCAL  DEFAULT    4 $t
   359: 00004a9d    10 FUNC    LOCAL  DEFAULT    4 z_impl_uart_irq_tx_enable
   360: 00004aa6     0 NOTYPE  LOCAL  DEFAULT    4 $t
   361: 00004ab0     0 NOTYPE  LOCAL  DEFAULT    4 $t
   362: 00004ac8     0 NOTYPE  LOCAL  DEFAULT    4 $t
   363: 00004acc     0 NOTYPE  LOCAL  DEFAULT    4 $t
   364: 00004acd     8 FUNC    LOCAL  DEFAULT    4 k_sem_give
   365: 00004ad0     0 NOTYPE  LOCAL  DEFAULT    4 $d
   366: 00004ad4     0 NOTYPE  LOCAL  DEFAULT    4 $t
   367: 00004ad5     8 FUNC    LOCAL  DEFAULT    4 k_sem_take.isra.0
   368: 00004ad8     0 NOTYPE  LOCAL  DEFAULT    4 $d
   369: 00004adc     0 NOTYPE  LOCAL  DEFAULT    4 $t
   370: 00004b18     0 NOTYPE  LOCAL  DEFAULT    4 $d
   371: 00004b24     0 NOTYPE  LOCAL  DEFAULT    4 $t
   372: 00004b60     0 NOTYPE  LOCAL  DEFAULT    4 $d
   373: 00004b6c     0 NOTYPE  LOCAL  DEFAULT    4 $t
   374: 00004b98     0 NOTYPE  LOCAL  DEFAULT    4 $d
   375: 00004ba0     0 NOTYPE  LOCAL  DEFAULT    4 $t
   376: 00004bcc     0 NOTYPE  LOCAL  DEFAULT    4 $d
   377: 00004bd4     0 NOTYPE  LOCAL  DEFAULT    4 $t
   378: 00004c8c     0 NOTYPE  LOCAL  DEFAULT    4 $d
   379: 00004c9c     0 NOTYPE  LOCAL  DEFAULT    4 $t
   380: 00004ca4     0 NOTYPE  LOCAL  DEFAULT    4 $d
   381: 00004ca8     0 NOTYPE  LOCAL  DEFAULT    4 $t
   382: 00004cd0     0 NOTYPE  LOCAL  DEFAULT    4 $d
   383: 00004cd4     0 NOTYPE  LOCAL  DEFAULT    4 $t
   384: 00004d30     0 NOTYPE  LOCAL  DEFAULT    4 $d
   385: 00004d44     0 NOTYPE  LOCAL  DEFAULT    4 $t
   386: 00004e18     0 NOTYPE  LOCAL  DEFAULT    4 $d
   387: 00004e2c     0 NOTYPE  LOCAL  DEFAULT    4 $t
   388: 00004e34     0 NOTYPE  LOCAL  DEFAULT    4 $d
   389: 00004e38     0 NOTYPE  LOCAL  DEFAULT    4 $t
   390: 00004e60     0 NOTYPE  LOCAL  DEFAULT    4 $d
   391: 00004e64     0 NOTYPE  LOCAL  DEFAULT    4 $t
   392: 00004e65   124 FUNC    LOCAL  DEFAULT    4 _GLOBAL__sub_I__ZN7arduino12ZephyrSerial5beginEmt
   393: 00004ec0     0 NOTYPE  LOCAL  DEFAULT    4 $d
   394: 00000008     0 NOTYPE  LOCAL  DEFAULT   12 $d
   395: 00000568     0 NOTYPE  LOCAL  DEFAULT    1 $d
   396: 00003c88     0 NOTYPE  LOCAL  DEFAULT    9 $d
   397: 000044f4     0 NOTYPE  LOCAL  DEFAULT    9 $d
   398: 00004d60     0 NOTYPE  LOCAL  DEFAULT    9 $d
   399: 00000000     0 NOTYPE  LOCAL  DEFAULT    4 $t
   400: 00000001    16 FUNC    LOCAL  DEFAULT    4 __tcf_0
   401: 00000008     0 NOTYPE  LOCAL  DEFAULT    4 $d
   402: 00000010     0 NOTYPE  LOCAL  DEFAULT    4 $t
   403: 00000011    32 FUNC    LOCAL  DEFAULT    4 _ZNSt12_Vector_baseIhSaIhEE11_M_allocateEj.isra.0
   404: 00000028     0 NOTYPE  LOCAL  DEFAULT    4 $d
   405: 00000030     0 NOTYPE  LOCAL  DEFAULT    4 $t
   406: 00000031     8 FUNC    LOCAL  DEFAULT    4 k_mutex_unlock.isra.0
   407: 00000034     0 NOTYPE  LOCAL  DEFAULT    4 $d
   408: 00000038     0 NOTYPE  LOCAL  DEFAULT    4 $t
   409: 0000004e     0 NOTYPE  LOCAL  DEFAULT    4 $t
   410: 0000006c     0 NOTYPE  LOCAL  DEFAULT    4 $t
   411: 000000ac     0 NOTYPE  LOCAL  DEFAULT    4 $d
   412: 000000b0     0 NOTYPE  LOCAL  DEFAULT    4 $t
   413: 0000017c     0 NOTYPE  LOCAL  DEFAULT    4 $d
   414: 0000018c     0 NOTYPE  LOCAL  DEFAULT    4 $t
   415: 00000220     0 NOTYPE  LOCAL  DEFAULT    4 $d
   416: 00000238     0 NOTYPE  LOCAL  DEFAULT    4 $t
   417: 000002c4     0 NOTYPE  LOCAL  DEFAULT    4 $d
   418: 000002d8     0 NOTYPE  LOCAL  DEFAULT    4 $t
   419: 00000338     0 NOTYPE  LOCAL  DEFAULT    4 $d
   420: 0000033c     0 NOTYPE  LOCAL  DEFAULT    4 $t
   421: 00000398     0 NOTYPE  LOCAL  DEFAULT    4 $d
   422: 000003ac     0 NOTYPE  LOCAL  DEFAULT    4 $t
   423: 000003b0     0 NOTYPE  LOCAL  DEFAULT    4 $t
   424: 000003c4     0 NOTYPE  LOCAL  DEFAULT    4 $d
   425: 000003c8     0 NOTYPE  LOCAL  DEFAULT    4 $t
   426: 000003c9    20 FUNC    LOCAL  DEFAULT    4 __tcf_2
   427: 000003d4     0 NOTYPE  LOCAL  DEFAULT    4 $d
   428: 000003dc     0 NOTYPE  LOCAL  DEFAULT    4 $t
   429: 000003dd    20 FUNC    LOCAL  DEFAULT    4 __tcf_1
   430: 000003e8     0 NOTYPE  LOCAL  DEFAULT    4 $d
   431: 000003f0     0 NOTYPE  LOCAL  DEFAULT    4 $t
   432: 00000410     0 NOTYPE  LOCAL  DEFAULT    4 $t
   433: 00000460     0 NOTYPE  LOCAL  DEFAULT    4 $d
   434: 00000464     0 NOTYPE  LOCAL  DEFAULT    4 $t
   435: 00000470     0 NOTYPE  LOCAL  DEFAULT    4 $d
   436: 00000474     0 NOTYPE  LOCAL  DEFAULT    4 $t
   437: 000004c8     0 NOTYPE  LOCAL  DEFAULT    4 $d
   438: 000004cc     0 NOTYPE  LOCAL  DEFAULT    4 $t
   439: 00000528     0 NOTYPE  LOCAL  DEFAULT    4 $d
   440: 0000052c     0 NOTYPE  LOCAL  DEFAULT    4 $t
   441: 00000548     0 NOTYPE  LOCAL  DEFAULT    4 $d
   442: 0000054c     0 NOTYPE  LOCAL  DEFAULT    4 $t
   443: 00000568     0 NOTYPE  LOCAL  DEFAULT    4 $d
   444: 0000056c     0 NOTYPE  LOCAL  DEFAULT    4 $t
   445: 000005bc     0 NOTYPE  LOCAL  DEFAULT    4 $d
   446: 000005c0     0 NOTYPE  LOCAL  DEFAULT    4 $t
   447: 00000618     0 NOTYPE  LOCAL  DEFAULT    4 $d
   448: 00000620     0 NOTYPE  LOCAL  DEFAULT    4 $t
   449: 00000680     0 NOTYPE  LOCAL  DEFAULT    4 $d
   450: 0000068c     0 NOTYPE  LOCAL  DEFAULT    4 $t
   451: 000006d0     0 NOTYPE  LOCAL  DEFAULT    4 $d
   452: 000006d8     0 NOTYPE  LOCAL  DEFAULT    4 $t
   453: 00000718     0 NOTYPE  LOCAL  DEFAULT    4 $d
   454: 00000720     0 NOTYPE  LOCAL  DEFAULT    4 $t
   455: 00000760     0 NOTYPE  LOCAL  DEFAULT    4 $d
   456: 00000768     0 NOTYPE  LOCAL  DEFAULT    4 $t
   457: 00000798     0 NOTYPE  LOCAL  DEFAULT    4 $t
   458: 000007d8     0 NOTYPE  LOCAL  DEFAULT    4 $d
   459: 000007e0     0 NOTYPE  LOCAL  DEFAULT    4 $t
   460: 00000814     0 NOTYPE  LOCAL  DEFAULT    4 $t
   461: 0000082c     0 NOTYPE  LOCAL  DEFAULT    4 $d
   462: 00000918     0 NOTYPE  LOCAL  DEFAULT    4 $d
   463: 00000928     0 NOTYPE  LOCAL  DEFAULT    4 $t
   464: 00000990     0 NOTYPE  LOCAL  DEFAULT    4 $d
   465: 000009a0     0 NOTYPE  LOCAL  DEFAULT    4 $t
   466: 000009e0     0 NOTYPE  LOCAL  DEFAULT    4 $d
   467: 000009e8     0 NOTYPE  LOCAL  DEFAULT    4 $t
   468: 00000a50     0 NOTYPE  LOCAL  DEFAULT    4 $d
   469: 00000a60     0 NOTYPE  LOCAL  DEFAULT    4 $t
   470: 00000a9c     0 NOTYPE  LOCAL  DEFAULT    4 $t
   471: 00000ae0     0 NOTYPE  LOCAL  DEFAULT    4 $d
   472: 00000ae8     0 NOTYPE  LOCAL  DEFAULT    4 $t
   473: 00000b08     0 NOTYPE  LOCAL  DEFAULT    4 $t
   474: 00000b48     0 NOTYPE  LOCAL  DEFAULT    4 $d
   475: 00000b50     0 NOTYPE  LOCAL  DEFAULT    4 $t
   476: 00000b74     0 NOTYPE  LOCAL  DEFAULT    4 $d
   477: 00000b7c     0 NOTYPE  LOCAL  DEFAULT    4 $t
   478: 00000ba0     0 NOTYPE  LOCAL  DEFAULT    4 $d
   479: 00000ba8     0 NOTYPE  LOCAL  DEFAULT    4 $t
   480: 00000bdc     0 NOTYPE  LOCAL  DEFAULT    4 $d
   481: 00000be8     0 NOTYPE  LOCAL  DEFAULT    4 $t
   482: 00000c08     0 NOTYPE  LOCAL  DEFAULT    4 $t
   483: 00000c40     0 NOTYPE  LOCAL  DEFAULT    4 $d
   484: 00000c48     0 NOTYPE  LOCAL  DEFAULT    4 $t
   485: 00000d90     0 NOTYPE  LOCAL  DEFAULT    4 $d
   486: 00000dbc     0 NOTYPE  LOCAL  DEFAULT    4 $t
   487: 00000e68     0 NOTYPE  LOCAL  DEFAULT    4 $d
   488: 00000e80     0 NOTYPE  LOCAL  DEFAULT    4 $t
   489: 00000e94     0 NOTYPE  LOCAL  DEFAULT    4 $d
   490: 00000e98     0 NOTYPE  LOCAL  DEFAULT    4 $t
   491: 00000eb8     0 NOTYPE  LOCAL  DEFAULT    4 $d
   492: 00000ec4     0 NOTYPE  LOCAL  DEFAULT    4 $t
   493: 00000f44     0 NOTYPE  LOCAL  DEFAULT    4 $d
   494: 00000f5c     0 NOTYPE  LOCAL  DEFAULT    4 $t
   495: 00000fc8     0 NOTYPE  LOCAL  DEFAULT    4 $d
   496: 00000fd4     0 NOTYPE  LOCAL  DEFAULT    4 $t
   497: 00001008     0 NOTYPE  LOCAL  DEFAULT    4 $d
   498: 0000100c     0 NOTYPE  LOCAL  DEFAULT    4 $t
   499: 0000100d   140 FUNC    LOCAL  DEFAULT    4 _ZNSt6vectorIhSaIhEE12emplace_backIJhEEERhDpOT_.isra.0
   500: 00001080     0 NOTYPE  LOCAL  DEFAULT    4 $d
   501: 00001098     0 NOTYPE  LOCAL  DEFAULT    4 $t
   502: 00001099    24 FUNC    LOCAL  DEFAULT    4 _ZN7arduino7msgpack6Packer11packRawByteERKNS0_4TypeE.isra.0
   503: 000010ac     0 NOTYPE  LOCAL  DEFAULT    4 $d
   504: 000010b0     0 NOTYPE  LOCAL  DEFAULT    4 $t
   505: 000010b1   140 FUNC    LOCAL  DEFAULT    4 _ZNSt6vectorIhSaIhEE12emplace_backIJRKhEEERhDpOT_.isra.0
   506: 00001124     0 NOTYPE  LOCAL  DEFAULT    4 $d
   507: 0000113c     0 NOTYPE  LOCAL  DEFAULT    4 $t
   508: 00001160     0 NOTYPE  LOCAL  DEFAULT    4 $d
   509: 00001168     0 NOTYPE  LOCAL  DEFAULT    4 $t
   510: 00001169   140 FUNC    LOCAL  DEFAULT    4 _ZNSt6vectorIhSaIhEE12emplace_backIJRhEEES3_DpOT_.isra.0
   511: 000011dc     0 NOTYPE  LOCAL  DEFAULT    4 $d
   512: 000011f4     0 NOTYPE  LOCAL  DEFAULT    4 $t
   513: 0000120c     0 NOTYPE  LOCAL  DEFAULT    4 $d
   514: 00001210     0 NOTYPE  LOCAL  DEFAULT    4 $t
   515: 00001230     0 NOTYPE  LOCAL  DEFAULT    4 $d
   516: 00001238     0 NOTYPE  LOCAL  DEFAULT    4 $t
   517: 00001250     0 NOTYPE  LOCAL  DEFAULT    4 $d
   518: 00001254     0 NOTYPE  LOCAL  DEFAULT    4 $t
   519: 0000129c     0 NOTYPE  LOCAL  DEFAULT    4 $d
   520: 000012ac     0 NOTYPE  LOCAL  DEFAULT    4 $t
   521: 000012d0     0 NOTYPE  LOCAL  DEFAULT    4 $d
   522: 000012d8     0 NOTYPE  LOCAL  DEFAULT    4 $t
   523: 000012d9   196 FUNC    LOCAL  DEFAULT    4 _ZN7arduino7msgpack6Packer11packIntegerIiEENSt9enable_ifIXaaaaaasrSt13is_arithmeticIT_E5valuesrSt11is_integralIS5_E5valuentsrSt7is_sameIS5_bE5valuentsrS9_INSt9remove_cvIS5_E4typeEPcE5valueEvE4typeERKS5_.isra.0
   524: 00001384     0 NOTYPE  LOCAL  DEFAULT    4 $d
   525: 0000139c     0 NOTYPE  LOCAL  DEFAULT    4 $t
   526: 00001424     0 NOTYPE  LOCAL  DEFAULT    4 $d
   527: 0000143c     0 NOTYPE  LOCAL  DEFAULT    4 $t
   528: 00001474     0 NOTYPE  LOCAL  DEFAULT    4 $d
   529: 000014e0     0 NOTYPE  LOCAL  DEFAULT    4 $d
   530: 0000150c     0 NOTYPE  LOCAL  DEFAULT    4 $t
   531: 00001544     0 NOTYPE  LOCAL  DEFAULT    4 $d
   532: 0000154c     0 NOTYPE  LOCAL  DEFAULT    4 $t
   533: 00001586     0 NOTYPE  LOCAL  DEFAULT    4 $d
   534: 00001620     0 NOTYPE  LOCAL  DEFAULT    4 $d
   535: 00001668     0 NOTYPE  LOCAL  DEFAULT    4 $t
   536: 000016a2     0 NOTYPE  LOCAL  DEFAULT    4 $d
   537: 00001730     0 NOTYPE  LOCAL  DEFAULT    4 $d
   538: 00001780     0 NOTYPE  LOCAL  DEFAULT    4 $t
   539: 000017bc     0 NOTYPE  LOCAL  DEFAULT    4 $d
   540: 000017c4     0 NOTYPE  LOCAL  DEFAULT    4 $t
   541: 00001808     0 NOTYPE  LOCAL  DEFAULT    4 $d
   542: 00001848     0 NOTYPE  LOCAL  DEFAULT    4 $d
   543: 00001864     0 NOTYPE  LOCAL  DEFAULT    4 $t
   544: 00001904     0 NOTYPE  LOCAL  DEFAULT    4 $d
   545: 00001924     0 NOTYPE  LOCAL  DEFAULT    4 $t
   546: 00001ad4     0 NOTYPE  LOCAL  DEFAULT    4 $d
   547: 00001b18     0 NOTYPE  LOCAL  DEFAULT    4 $t
   548: 00001b68     0 NOTYPE  LOCAL  DEFAULT    4 $t
   549: 00001b90     0 NOTYPE  LOCAL  DEFAULT    4 $d
   550: 00001b94     0 NOTYPE  LOCAL  DEFAULT    4 $t
   551: 00001c44     0 NOTYPE  LOCAL  DEFAULT    4 $d
   552: 00001c6c     0 NOTYPE  LOCAL  DEFAULT    4 $t
   553: 00001c90     0 NOTYPE  LOCAL  DEFAULT    4 $d
   554: 00001c94     0 NOTYPE  LOCAL  DEFAULT    4 $t
   555: 00001cb8     0 NOTYPE  LOCAL  DEFAULT    4 $d
   556: 00001cbc     0 NOTYPE  LOCAL  DEFAULT    4 $t
   557: 00001db4     0 NOTYPE  LOCAL  DEFAULT    4 $d
   558: 00001ddc     0 NOTYPE  LOCAL  DEFAULT    4 $t
   559: 00001e16     0 NOTYPE  LOCAL  DEFAULT    4 $d
   560: 00001e28     0 NOTYPE  LOCAL  DEFAULT    4 $t
   561: 00001f38     0 NOTYPE  LOCAL  DEFAULT    4 $d
   562: 00001f54     0 NOTYPE  LOCAL  DEFAULT    4 $t
   563: 000021b8     0 NOTYPE  LOCAL  DEFAULT    4 $d
   564: 00002218     0 NOTYPE  LOCAL  DEFAULT    4 $t
   565: 000023c8     0 NOTYPE  LOCAL  DEFAULT    4 $d
   566: 00002420     0 NOTYPE  LOCAL  DEFAULT    4 $t
   567: 00002540     0 NOTYPE  LOCAL  DEFAULT    4 $d
   568: 0000255c     0 NOTYPE  LOCAL  DEFAULT    4 $t
   569: 00002644     0 NOTYPE  LOCAL  DEFAULT    4 $d
   570: 00002660     0 NOTYPE  LOCAL  DEFAULT    4 $t
   571: 0000274c     0 NOTYPE  LOCAL  DEFAULT    4 $d
   572: 0000277c     0 NOTYPE  LOCAL  DEFAULT    4 $t
   573: 000027a8     0 NOTYPE  LOCAL  DEFAULT    4 $d
   574: 000027c0     0 NOTYPE  LOCAL  DEFAULT    4 $t
   575: 000027c1    40 FUNC    LOCAL  DEFAULT    4 _GLOBAL__sub_I_p0Qtr
   576: 000027dc     0 NOTYPE  LOCAL  DEFAULT    4 $d
   577: 00000000     0 NOTYPE  LOCAL  DEFAULT   12 $d
   578: 000027e8     0 NOTYPE  LOCAL  DEFAULT    4 $t
   579: 000027e9    32 FUNC    LOCAL  DEFAULT    4 _GLOBAL__sub_D_p0Qtr
   580: 000027fc     0 NOTYPE  LOCAL  DEFAULT    4 $d
   581: 00000000     0 NOTYPE  LOCAL  DEFAULT   14 $d
   582: 00000000     0 NOTYPE  LOCAL  DEFAULT    9 $d
   583: 00000004     0 NOTYPE  LOCAL  DEFAULT    9 $d
   584: 0000385c     0 NOTYPE  LOCAL  DEFAULT    9 $d
   585: 00003888     0 NOTYPE  LOCAL  DEFAULT    9 $d
   586: 00003898     0 NOTYPE  LOCAL  DEFAULT    9 $d
   587: 0000389c     0 NOTYPE  LOCAL  DEFAULT    9 $d
   588: 000038a8     0 NOTYPE  LOCAL  DEFAULT    9 $d
   589: 000038ac     0 NOTYPE  LOCAL  DEFAULT    9 $d
   590: 000038b0     0 NOTYPE  LOCAL  DEFAULT    9 $d
   591: 000038b4     0 NOTYPE  LOCAL  DEFAULT    9 $d
   592: 000038c0     0 NOTYPE  LOCAL  DEFAULT    9 $d
   593: 000038c4     0 NOTYPE  LOCAL  DEFAULT    9 $d
   594: 000038d0     0 NOTYPE  LOCAL  DEFAULT    9 $d
   595: 000038d8     0 NOTYPE  LOCAL  DEFAULT    9 $d
   596: 000038dc     0 NOTYPE  LOCAL  DEFAULT    9 $d
   597: 000038e0     0 NOTYPE  LOCAL  DEFAULT    9 $d
   598: 000038e1     0 NOTYPE  LOCAL  DEFAULT    9 $d
   599: 000000e4     0 NOTYPE  LOCAL  DEFAULT    3 $d
   600: 0000088d     0 NOTYPE  LOCAL  DEFAULT    4 $d
   601: 0000088e     0 NOTYPE  LOCAL  DEFAULT    4 $t
   602: 00001489     0 NOTYPE  LOCAL  DEFAULT    4 $d
   603: 0000148a     0 NOTYPE  LOCAL  DEFAULT    4 $t
   604: 0000159d     0 NOTYPE  LOCAL  DEFAULT    4 $d
   605: 0000159e     0 NOTYPE  LOCAL  DEFAULT    4 $t
   606: 000016b9     0 NOTYPE  LOCAL  DEFAULT    4 $d
   607: 000016ba     0 NOTYPE  LOCAL  DEFAULT    4 $t
   608: 0000180b     0 NOTYPE  LOCAL  DEFAULT    4 $d
   609: 0000180c     0 NOTYPE  LOCAL  DEFAULT    4 $t
   610: 00005210     0 NOTYPE  LOCAL  DEFAULT    4 $t
   611: 00005211    76 FUNC    LOCAL  DEFAULT    4 _ZNSs12_S_constructIPKcEEPcT_S3_RKSaIcESt20forward_iterator_tag.isra.0
   612: 00005254     0 NOTYPE  LOCAL  DEFAULT    4 $d
   613: 0000525c     0 NOTYPE  LOCAL  DEFAULT    4 $t
   614: 0000525d    36 FUNC    LOCAL  DEFAULT    4 _ZNSsC2EPKcRKSaIcE.isra.0
   615: 00005280     0 NOTYPE  LOCAL  DEFAULT    4 $t
   616: 000052a4     0 NOTYPE  LOCAL  DEFAULT    4 $d
   617: 000052a8     0 NOTYPE  LOCAL  DEFAULT    4 $t
   618: 000052b8     0 NOTYPE  LOCAL  DEFAULT    4 $d
   619: 000052bc     0 NOTYPE  LOCAL  DEFAULT    4 $t
   620: 000052d4     0 NOTYPE  LOCAL  DEFAULT    4 $t
   621: 000052ec     0 NOTYPE  LOCAL  DEFAULT    4 $t
   622: 000052f8     0 NOTYPE  LOCAL  DEFAULT    4 $t
   623: 0000530c     0 NOTYPE  LOCAL  DEFAULT    4 $d
   624: 00005310     0 NOTYPE  LOCAL  DEFAULT    4 $t
   625: 00005368     0 NOTYPE  LOCAL  DEFAULT    4 $d
   626: 00005370     0 NOTYPE  LOCAL  DEFAULT    4 $t
   627: 00005374     0 NOTYPE  LOCAL  DEFAULT    4 $t
   628: 0000538c     0 NOTYPE  LOCAL  DEFAULT    4 $d
   629: 000055cc     0 NOTYPE  LOCAL  DEFAULT    9 $d
   630: 00005390     0 NOTYPE  LOCAL  DEFAULT    4 $t
   631: 00005391     8 FUNC    LOCAL  DEFAULT    4 _ZNSt11char_traitsIcE4copyEPcPKcj.isra.0
   632: 00005398     0 NOTYPE  LOCAL  DEFAULT    4 $t
   633: 000053aa     0 NOTYPE  LOCAL  DEFAULT    4 $t
   634: 000053b8     0 NOTYPE  LOCAL  DEFAULT    4 $t
   635: 000053f0     0 NOTYPE  LOCAL  DEFAULT    4 $d
   636: 000053f4     0 NOTYPE  LOCAL  DEFAULT    4 $t
   637: 0000540a     0 NOTYPE  LOCAL  DEFAULT    4 $t
   638: 00005422     0 NOTYPE  LOCAL  DEFAULT    4 $t
   639: 00005434     0 NOTYPE  LOCAL  DEFAULT    4 $t
   640: 000048c4     0 NOTYPE  LOCAL  DEFAULT    4 $t
   641: 000048c8     0 NOTYPE  LOCAL  DEFAULT    4 $t
   642: 000048e0     0 NOTYPE  LOCAL  DEFAULT    4 $d
   643: 00000000     0 NOTYPE  LOCAL  DEFAULT   10 $d
   644: 00000000     8 OBJECT  LOCAL  DEFAULT   10 _ZL16__llext_sym_main
   645: 00002808     0 NOTYPE  LOCAL  DEFAULT    4 $t
   646: 0000281c     0 NOTYPE  LOCAL  DEFAULT    4 $d
   647: 00004548     0 NOTYPE  LOCAL  DEFAULT    4 $t
   648: 0000454c     0 NOTYPE  LOCAL  DEFAULT    4 $t
   649: 00004554     0 NOTYPE  LOCAL  DEFAULT    4 $d
   650: 00004558     0 NOTYPE  LOCAL  DEFAULT    4 $t
   651: 0000455c     0 NOTYPE  LOCAL  DEFAULT    4 $t
   652: 00004564     0 NOTYPE  LOCAL  DEFAULT    4 $d
   653: 00004568     0 NOTYPE  LOCAL  DEFAULT    4 $t
   654: 00004570     0 NOTYPE  LOCAL  DEFAULT    4 $d
   655: 00004574     0 NOTYPE  LOCAL  DEFAULT    4 $t
   656: 0000457c     0 NOTYPE  LOCAL  DEFAULT    4 $d
   657: 00004580     0 NOTYPE  LOCAL  DEFAULT    4 $t
   658: 00004588     0 NOTYPE  LOCAL  DEFAULT    4 $d
   659: 0000458c     0 NOTYPE  LOCAL  DEFAULT    4 $t
   660: 00004594     0 NOTYPE  LOCAL  DEFAULT    4 $d
   661: 00000000     0 NOTYPE  LOCAL  DEFAULT    7 $d
   662: 00004598     0 NOTYPE  LOCAL  DEFAULT    4 $t
   663: 000045b0     0 NOTYPE  LOCAL  DEFAULT    4 $t
   664: 000045c0     0 NOTYPE  LOCAL  DEFAULT    4 $d
   665: 000045c4     0 NOTYPE  LOCAL  DEFAULT    4 $t
   666: 000045dc     0 NOTYPE  LOCAL  DEFAULT    4 $d
   667: 000045e0     0 NOTYPE  LOCAL  DEFAULT    4 $t
   668: 000045f8     0 NOTYPE  LOCAL  DEFAULT    4 $d
   669: 000045fc     0 NOTYPE  LOCAL  DEFAULT    4 $t
   670: 00004620     0 NOTYPE  LOCAL  DEFAULT    4 $d
   671: 00004624     0 NOTYPE  LOCAL  DEFAULT    4 $t
   672: 00004654     0 NOTYPE  LOCAL  DEFAULT    4 $d
   673: 00004660     0 NOTYPE  LOCAL  DEFAULT    4 $t
   674: 00004684     0 NOTYPE  LOCAL  DEFAULT    4 $d
   675: 0000468c     0 NOTYPE  LOCAL  DEFAULT    4 $t
   676: 000046b4     0 NOTYPE  LOCAL  DEFAULT    4 $d
   677: 000046b8     0 NOTYPE  LOCAL  DEFAULT    4 $t
   678: 000046d8     0 NOTYPE  LOCAL  DEFAULT    4 $d
   679: 000046e0     0 NOTYPE  LOCAL  DEFAULT    4 $t
   680: 000046f4     0 NOTYPE  LOCAL  DEFAULT    4 $d
   681: 000046f8     0 NOTYPE  LOCAL  DEFAULT    4 $t
   682: 00004704     0 NOTYPE  LOCAL  DEFAULT    4 $d
   683: 00004708     0 NOTYPE  LOCAL  DEFAULT    4 $t
   684: 0000472c     0 NOTYPE  LOCAL  DEFAULT    4 $d
   685: 00004738     0 NOTYPE  LOCAL  DEFAULT    4 $t
   686: 00004770     0 NOTYPE  LOCAL  DEFAULT    4 $d
   687: 00004778     0 NOTYPE  LOCAL  DEFAULT    4 $t
   688: 00004790     0 NOTYPE  LOCAL  DEFAULT    4 $d
   689: 00004794     0 NOTYPE  LOCAL  DEFAULT    4 $t
   690: 000047c0     0 NOTYPE  LOCAL  DEFAULT    4 $d
   691: 000047c4     0 NOTYPE  LOCAL  DEFAULT    4 $t
   692: 000047e0     0 NOTYPE  LOCAL  DEFAULT    4 $d
   693: 000047e4     0 NOTYPE  LOCAL  DEFAULT    4 $t
   694: 00004808     0 NOTYPE  LOCAL  DEFAULT    4 $d
   695: 0000480c     0 NOTYPE  LOCAL  DEFAULT    4 $t
   696: 00004810     0 NOTYPE  LOCAL  DEFAULT    4 $d
   697: 00004814     0 NOTYPE  LOCAL  DEFAULT    4 $t
   698: 00004818     0 NOTYPE  LOCAL  DEFAULT    4 $d
   699: 0000481c     0 NOTYPE  LOCAL  DEFAULT    4 $t
   700: 00004820     0 NOTYPE  LOCAL  DEFAULT    4 $d
   701: 00004824     0 NOTYPE  LOCAL  DEFAULT    4 $t
   702: 00004828     0 NOTYPE  LOCAL  DEFAULT    4 $d
   703: 0000482c     0 NOTYPE  LOCAL  DEFAULT    4 $t
   704: 00004830     0 NOTYPE  LOCAL  DEFAULT    4 $d
   705: 00004834     0 NOTYPE  LOCAL  DEFAULT    4 $t
   706: 00004838     0 NOTYPE  LOCAL  DEFAULT    4 $d
   707: 0000483c     0 NOTYPE  LOCAL  DEFAULT    4 $t
   708: 00004840     0 NOTYPE  LOCAL  DEFAULT    4 $d
   709: 00004844     0 NOTYPE  LOCAL  DEFAULT    4 $t
   710: 00004848     0 NOTYPE  LOCAL  DEFAULT    4 $d
   711: 0000484c     0 NOTYPE  LOCAL  DEFAULT    4 $t
   712: 00004850     0 NOTYPE  LOCAL  DEFAULT    4 $d
   713: 00004854     0 NOTYPE  LOCAL  DEFAULT    4 $t
   714: 0000485e     0 NOTYPE  LOCAL  DEFAULT    4 $t
   715: 00004868     0 NOTYPE  LOCAL  DEFAULT    4 $t
   716: 00004872     0 NOTYPE  LOCAL  DEFAULT    4 $t
   717: 0000487c     0 NOTYPE  LOCAL  DEFAULT    4 $t
   718: 00004886     0 NOTYPE  LOCAL  DEFAULT    4 $t
   719: 00004890     0 NOTYPE  LOCAL  DEFAULT    4 $t
   720: 0000489a     0 NOTYPE  LOCAL  DEFAULT    4 $t
   721: 000048a4     0 NOTYPE  LOCAL  DEFAULT    4 $t
   722: 000048b0     0 NOTYPE  LOCAL  DEFAULT    4 $t
   723: 000048b4     0 NOTYPE  LOCAL  DEFAULT    4 $d
   724: 000048b8     0 NOTYPE  LOCAL  DEFAULT    4 $t
   725: 000048c0     0 NOTYPE  LOCAL  DEFAULT    4 $d
   726: 000048f4     0 NOTYPE  LOCAL  DEFAULT    4 $t
   727: 000048f5    16 FUNC    LOCAL  DEFAULT    4 _ZL10new_helperj
   728: 00004900     0 NOTYPE  LOCAL  DEFAULT    4 $d
   729: 00004904     0 NOTYPE  LOCAL  DEFAULT    4 $t
   730: 00004908     0 NOTYPE  LOCAL  DEFAULT    4 $d
   731: 0000490c     0 NOTYPE  LOCAL  DEFAULT    4 $t
   732: 00004910     0 NOTYPE  LOCAL  DEFAULT    4 $t
   733: 00004914     0 NOTYPE  LOCAL  DEFAULT    4 $d
   734: 00004918     0 NOTYPE  LOCAL  DEFAULT    4 $t
   735: 0000491c     0 NOTYPE  LOCAL  DEFAULT    4 $d
   736: 00004920     0 NOTYPE  LOCAL  DEFAULT    4 $t
   737: 0000497c     0 NOTYPE  LOCAL  DEFAULT    4 $d
   738: 00004a78     0 NOTYPE  LOCAL  DEFAULT    4 $t
   739: 00004a7c     0 NOTYPE  LOCAL  DEFAULT    4 $d
   740: 00004a80     0 NOTYPE  LOCAL  DEFAULT    4 $t
   741: 00004a94     0 NOTYPE  LOCAL  DEFAULT    4 $d
   742: 00004fc4     0 NOTYPE  LOCAL  DEFAULT    4 $t
   743: 00004fd8     0 NOTYPE  LOCAL  DEFAULT    4 $d
   744: 00004fe4     0 NOTYPE  LOCAL  DEFAULT    4 $t
   745: 0000500c     0 NOTYPE  LOCAL  DEFAULT    4 $d
   746: 00005014     0 NOTYPE  LOCAL  DEFAULT    4 $t
   747: 0000503c     0 NOTYPE  LOCAL  DEFAULT    4 $d
   748: 00005678     0 NOTYPE  LOCAL  DEFAULT    4 $t
   749: 00000874     0 NOTYPE  LOCAL  DEFAULT    3 $d
   750: 000008e4     0 NOTYPE  LOCAL  DEFAULT    3 $d
   751: 0000084c     0 NOTYPE  LOCAL  DEFAULT    3 $d
   752: 00000653     0 NOTYPE  LOCAL  DEFAULT    3 $d
   753: 00000875     0 NOTYPE  LOCAL  DEFAULT    3 $d
   754: 000008fe     0 NOTYPE  LOCAL  DEFAULT    3 $d
   755: 000005d8     0 NOTYPE  LOCAL  DEFAULT    3 $d
   756: 0000066f     0 NOTYPE  LOCAL  DEFAULT    3 $d
   757: 00000665     0 NOTYPE  LOCAL  DEFAULT    3 $d
   758: 0000065c     0 NOTYPE  LOCAL  DEFAULT    3 $d
   759: 00000a2b     0 NOTYPE  LOCAL  DEFAULT    3 $d
   760: 00000893     0 NOTYPE  LOCAL  DEFAULT    3 $d
   761: 00000a04     0 NOTYPE  LOCAL  DEFAULT    3 $d
   762: 00000a11     0 NOTYPE  LOCAL  DEFAULT    3 $d
   763: 00000952     0 NOTYPE  LOCAL  DEFAULT    3 $d
   764: 00000a1e     0 NOTYPE  LOCAL  DEFAULT    3 $d
   765: 000009e3     0 NOTYPE  LOCAL  DEFAULT    3 $d
   766: 000009f3     0 NOTYPE  LOCAL  DEFAULT    3 $d
   767: 000008a2     0 NOTYPE  LOCAL  DEFAULT    3 $d
   768: 000008cc     0 NOTYPE  LOCAL  DEFAULT    3 $d
   769: 00000918     0 NOTYPE  LOCAL  DEFAULT    3 $d
   770: 0000087d     0 NOTYPE  LOCAL  DEFAULT    3 $d
   771: 00000876     0 NOTYPE  LOCAL  DEFAULT    3 $d
   772: 00000885     0 NOTYPE  LOCAL  DEFAULT    3 $d
   773: 000009ca     0 NOTYPE  LOCAL  DEFAULT    3 $d
   774: 000009a0     0 NOTYPE  LOCAL  DEFAULT    3 $d
   775: 00000977     0 NOTYPE  LOCAL  DEFAULT    3 $d
   776: 00000930     0 NOTYPE  LOCAL  DEFAULT    3 $d
   777: 00000000     0 NOTYPE  GLOBAL DEFAULT  UND __real_cos
   778: 00000000     0 NOTYPE  GLOBAL DEFAULT  UND __real___aeabi_dcmpgt
   779: 00000000     0 NOTYPE  GLOBAL DEFAULT  UND __real_iscntrl
   780: 00000000     0 NOTYPE  GLOBAL DEFAULT  UND __real_ldexp
   781: 00000000     0 NOTYPE  GLOBAL DEFAULT  UND __real_puts
   782: 00000000     0 NOTYPE  GLOBAL DEFAULT  UND __real_isxdigit
   783: 00000000     0 NOTYPE  GLOBAL DEFAULT  UND __real_sinf
   784: 00000000     0 NOTYPE  GLOBAL DEFAULT  UND __real___aeabi_uidivmod
   785: 00000000     0 NOTYPE  GLOBAL DEFAULT  UND __real___aeabi_f2uiz
   786: 00000000     0 NOTYPE  GLOBAL DEFAULT  UND __real___aeabi_dcmpun
   787: 00000000     0 NOTYPE  GLOBAL DEFAULT  UND _sidata
   788: 00000000     0 NOTYPE  GLOBAL DEFAULT  UND __real_log10
   789: 00000000     0 NOTYPE  GLOBAL DEFAULT  UND __real___aeabi_dcmplt
   790: 00000000     0 NOTYPE  GLOBAL DEFAULT  UND __real___aeabi_idivmod
   791: 00000000     0 NOTYPE  GLOBAL DEFAULT  UND __real_isprint
   792: 00000000     0 NOTYPE  GLOBAL DEFAULT  UND __real_exp2
   793: 00000000     0 NOTYPE  GLOBAL DEFAULT  UND __real_atan2
   794: 00000000     0 NOTYPE  GLOBAL DEFAULT  UND __real_log
   795: 00000000     0 NOTYPE  GLOBAL DEFAULT  UND __real_islower
   796: 00000000     0 NOTYPE  GLOBAL DEFAULT  UND _sbss
   797: 00000000     0 NOTYPE  GLOBAL DEFAULT  UND __real___aeabi_ldivmod
   798: 00000000     0 NOTYPE  GLOBAL DEFAULT  UND __real_atoi
   799: 00000000     0 NOTYPE  GLOBAL DEFAULT  UND __real___aeabi_uidiv
   800: 00000000     0 NOTYPE  GLOBAL DEFAULT  UND __real___aeabi_idiv
   801: 00000000     0 NOTYPE  GLOBAL DEFAULT  UND __real_exit
   802: 00000000     0 NOTYPE  GLOBAL DEFAULT  UND __real_strchr
   803: 00000000     0 NOTYPE  GLOBAL DEFAULT  UND __real___aeabi_ddiv
   804: 00000000     0 NOTYPE  GLOBAL DEFAULT  UND __real___aeabi_read_tp
   805: 00000000     0 NOTYPE  GLOBAL DEFAULT  UND __real___aeabi_ui2f
   806: 00000000     0 NOTYPE  GLOBAL DEFAULT  UND __real_strstr
   807: 00000000     0 NOTYPE  GLOBAL DEFAULT  UND _sdata
   808: 00000000     0 NOTYPE  GLOBAL DEFAULT  UND __real_sqrtf
   809: 00000000     0 NOTYPE  GLOBAL DEFAULT  UND __real_strncpy
   810: 00000000     0 NOTYPE  GLOBAL DEFAULT  UND __real_srand
   811: 00000000     0 NOTYPE  GLOBAL DEFAULT  UND __real___aeabi_i2f
   812: 00000000     0 NOTYPE  GLOBAL DEFAULT  UND __real___aeabi_fcmpun
   813: 00000000     0 NOTYPE  GLOBAL DEFAULT  UND __real_strdup
   814: 00000000     0 NOTYPE  GLOBAL DEFAULT  UND __real_gettimeofday
   815: 00000000     0 NOTYPE  GLOBAL DEFAULT  UND __real_fmod
   816: 00000000     0 NOTYPE  GLOBAL DEFAULT  UND __real_toupper
   817: 00000000     0 NOTYPE  GLOBAL DEFAULT  UND __real_strrchr
   818: 00000000     0 NOTYPE  GLOBAL DEFAULT  UND __real_tolower
   819: 00000000     0 NOTYPE  GLOBAL DEFAULT  UND __real_isgraph
   820: 00000000     0 NOTYPE  GLOBAL DEFAULT  UND __real_atan
   821: 00000000     0 NOTYPE  GLOBAL DEFAULT  UND _ebss
   822: 00000000     0 NOTYPE  GLOBAL DEFAULT  UND __real_pow
   823: 00000000     0 NOTYPE  GLOBAL DEFAULT  UND __real_strtok
   824: 00000000     0 NOTYPE  GLOBAL DEFAULT  UND __real_vsprintf
   825: 00000000     0 NOTYPE  GLOBAL DEFAULT  UND kheap_llext_heap
   826: 00000000     0 NOTYPE  GLOBAL DEFAULT  UND analog_reference
   827: 00000000     0 NOTYPE  GLOBAL DEFAULT  UND __real_strtod
   828: 00000000     0 NOTYPE  GLOBAL DEFAULT  UND __real_isalnum
   829: 00000000     0 NOTYPE  GLOBAL DEFAULT  UND __real___aeabi_fdiv
   830: 00000000     0 NOTYPE  GLOBAL DEFAULT  UND __real_sin
   831: 00000000     0 NOTYPE  GLOBAL DEFAULT  UND __real___aeabi_fcmple
   832: 00000000     0 NOTYPE  GLOBAL DEFAULT  UND __real___aeabi_f2iz
   833: 00000000     0 NOTYPE  GLOBAL DEFAULT  UND z_impl_k_uptime_ticks
   834: 00000000     0 NOTYPE  GLOBAL DEFAULT  UND __real_tan
   835: 00000000     0 NOTYPE  GLOBAL DEFAULT  UND _printf_float
   836: 00000000     0 NOTYPE  GLOBAL DEFAULT  UND __real_strtoul
   837: 00000000     0 NOTYPE  GLOBAL DEFAULT  UND __real_strnlen
   838: 00000000     0 NOTYPE  GLOBAL DEFAULT  UND __real___aeabi_dsub
   839: 00000000     0 NOTYPE  GLOBAL DEFAULT  UND __real___aeabi_d2iz
   840: 00000000     0 NOTYPE  GLOBAL DEFAULT  UND __real_exp
   841: 00000000     0 NOTYPE  GLOBAL DEFAULT  UND __real_logf
   842: 00000000     0 NOTYPE  GLOBAL DEFAULT  UND __real_memmem
   843: 00000000     0 NOTYPE  GLOBAL DEFAULT  UND __real_sqrt
   844: 00000000     0 NOTYPE  GLOBAL DEFAULT  UND __real_isupper
   845: 00000000     0 NOTYPE  GLOBAL DEFAULT  UND __real___aeabi_dcmple
   846: 00000000     0 NOTYPE  GLOBAL DEFAULT  UND __real___aeabi_d2uiz
   847: 00000000     0 NOTYPE  GLOBAL DEFAULT  UND printk
   848: 00000000     0 NOTYPE  GLOBAL DEFAULT  UND __real_strncmp
   849: 00000000     0 NOTYPE  GLOBAL DEFAULT  UND __real___aeabi_dcmpge
   850: 00000000     0 NOTYPE  GLOBAL DEFAULT  UND __real_asinf
   851: 00000000     0 NOTYPE  GLOBAL DEFAULT  UND __real___aeabi_fadd
   852: 00000000     0 NOTYPE  GLOBAL DEFAULT  UND __real_isspace
   853: 00000000     0 NOTYPE  GLOBAL DEFAULT  UND __real___aeabi_dcmpeq
   854: 00000000     0 NOTYPE  GLOBAL DEFAULT  UND __real___aeabi_dmul
   855: 00000000     0 NOTYPE  GLOBAL DEFAULT  UND __heap_end
   856: 00000000     0 NOTYPE  GLOBAL DEFAULT  UND __real_strcat
   857: 00000000     0 NOTYPE  GLOBAL DEFAULT  UND __real_putchar
   858: 00000000     0 NOTYPE  GLOBAL DEFAULT  UND __real___aeabi_fcmplt
   859: 00000000     0 NOTYPE  GLOBAL DEFAULT  UND __real_vsnprintf
   860: 00000000     0 NOTYPE  GLOBAL DEFAULT  UND __real_rand
   861: 00000000     0 NOTYPE  GLOBAL DEFAULT  UND __real_acos
   862: 00000000     0 NOTYPE  GLOBAL DEFAULT  UND __heap_start
   863: 00000000     0 NOTYPE  GLOBAL DEFAULT  UND __real_asin
   864: 00000000     0 NOTYPE  GLOBAL DEFAULT  UND _edata
   865: 00000000     0 NOTYPE  GLOBAL DEFAULT  UND __real_isdigit
   866: 00000000     0 NOTYPE  GLOBAL DEFAULT  UND __real___aeabi_fcmpge
   867: 00000000     0 NOTYPE  GLOBAL DEFAULT  UND __real_vprintf
   868: 00000000     0 NOTYPE  GLOBAL DEFAULT  UND __real_vsscanf
   869: 00000000     0 NOTYPE  GLOBAL DEFAULT  UND __real___aeabi_fcmpeq
   870: 00000000     0 NOTYPE  GLOBAL DEFAULT  UND __real_strcasecmp
   871: 00000000     0 NOTYPE  GLOBAL DEFAULT  UND __real_tanf
   872: 00000000     0 NOTYPE  GLOBAL DEFAULT  UND __real_atof
   873: 00000000     0 NOTYPE  GLOBAL DEFAULT  UND __real___aeabi_dadd
   874: 00000000     0 NOTYPE  GLOBAL DEFAULT  UND __real_calloc
   875: 00000000     0 NOTYPE  GLOBAL DEFAULT  UND __real_strtol
   876: 00000000     0 NOTYPE  GLOBAL DEFAULT  UND __real_acosf
   877: 00000000     0 NOTYPE  GLOBAL DEFAULT  UND __real_cosf
   878: 00000000     0 NOTYPE  GLOBAL DEFAULT  UND __real_log2
   879: 00000000     0 NOTYPE  GLOBAL DEFAULT  UND __real___aeabi_fmul
   880: 00000000     0 NOTYPE  GLOBAL DEFAULT  UND __real___aeabi_d2lz
   881: 00000000     0 NOTYPE  GLOBAL DEFAULT  UND __real_atan2f
   882: 00000000     0 NOTYPE  GLOBAL DEFAULT  UND kheap_llext_heap_size
   883: 00000000     0 NOTYPE  GLOBAL DEFAULT  UND __real_strcpy
   884: 00000000     0 NOTYPE  GLOBAL DEFAULT  UND __real__exit
   885: 00000000     0 NOTYPE  GLOBAL DEFAULT  UND __real_memcmp
   886: 00000000     0 NOTYPE  GLOBAL DEFAULT  UND __real___aeabi_fsub
   887: 00000000     0 NOTYPE  GLOBAL DEFAULT  UND __real_memchr
   888: 00000000     0 NOTYPE  GLOBAL DEFAULT  UND __real___aeabi_fcmpgt
   889: 00000000     0 NOTYPE  GLOBAL DEFAULT  UND __real_atol
   890: 00000000     0 NOTYPE  GLOBAL DEFAULT  UND __real_atanf
   891: 00000000     0 NOTYPE  GLOBAL DEFAULT  UND __real_isalpha
   892: 0000006d    68 FUNC    GLOBAL DEFAULT    4 _Z6chargeRN2p09QtrSampleERj
   893: 00004559     2 FUNC    GLOBAL DEFAULT    4 __cxa_free_exception
   894: 00000000     0 NOTYPE  GLOBAL DEFAULT  UND __device_dts_ord_70
   895: 000038d0     8 OBJECT  WEAK   DEFAULT    9 _ZZN8RpcUtils6detail12unpackObjectERN7arduino7msgpack8UnpackerEE5num64
   896: 000004cd    96 FUNC    WEAK   DEFAULT    4 _ZN7arduino7msgpack8Unpacker11unpackInt64Ev
   897: 0000517d     4 FUNC    GLOBAL DEFAULT    4 _ZNKSt9type_info15__is_function_pEv
   898: 00000000     0 NOTYPE  WEAK   DEFAULT  UND __device_dts_ord_40
   899: 00004599    22 FUNC    GLOBAL DEFAULT    4 _ZN7arduino6StringC1EOS0_
   900: 00004a79     8 FUNC    GLOBAL DEFAULT    4 yield
   901: 00000000     0 NOTYPE  GLOBAL DEFAULT  UND z_impl_k_thread_create
   902: 00001865   192 FUNC    WEAK   DEFAULT    4 _ZN10RPCRequestILj256EE22unpack_request_headersEv
   903: 000052a9    20 FUNC    GLOBAL DEFAULT    4 _ZNSt12length_errorC2EPKc
   904: 00002969    60 FUNC    WEAK   DEFAULT    4 _ZN7arduino7msgpack8Unpacker9unpackNilEv
   905: 00004921   108 FUNC    GLOBAL DEFAULT    4 _Z20start_static_threadsv
   906: 0000504d    20 FUNC    GLOBAL DEFAULT    4 _ZNSt9bad_allocD2Ev
   907: 00000239   160 FUNC    GLOBAL DEFAULT    4 _Z13measureSamplej
   908: 00004569    12 FUNC    GLOBAL DEFAULT    4 __cxa_end_cleanup
   909: 00004599    22 FUNC    GLOBAL DEFAULT    4 _ZN7arduino6StringC2EOS0_
   910: 00002a4d    64 FUNC    WEAK   DEFAULT    4 _ZN7RpcCallIJEE8setErrorEiN7arduino6StringE
   911: 00002829     4 FUNC    WEAK   DEFAULT    4 _ZN7arduino5Print17availableForWriteEv
   912: 00000000     0 NOTYPE  WEAK   DEFAULT  UND __device_dts_ord_105
   913: 00000000     0 NOTYPE  GLOBAL DEFAULT  UND z_impl_device_init
   914: 00005079    20 FUNC    GLOBAL DEFAULT    4 _ZN10__cxxabiv120__si_class_type_infoD2Ev
   915: 0000037a    37 OBJECT  GLOBAL DEFAULT    3 _ZTSN10__cxxabiv120__si_class_type_infoE
   916: 0000468d    44 FUNC    GLOBAL DEFAULT    4 _ZN7arduino6String4moveERS0_
   917: 0000293d    44 FUNC    WEAK   DEFAULT    4 _ZN8RpcErrorC2Ev
   918: 00000000     4 OBJECT  WEAK   DEFAULT    9 _ZGVN12RouterBridge3HCIE
   919: 00001cbd   288 FUNC    WEAK   DEFAULT    4 _ZN7arduino7msgpack6object3extC2EaPKhj
   920: 000053b9    60 FUNC    WEAK   DEFAULT    4 _ZNSt7__cxx1112basic_stringIcSt11char_traitsIcESaIcEE9_M_createERjj
   921: 00000000     0 NOTYPE  GLOBAL DEFAULT  UND __real_abort
   922: 00004cd5   112 FUNC    GLOBAL DEFAULT    4 _ZN7arduino12ZephyrSerial5writeEPKhj
   923: 00000000     0 NOTYPE  GLOBAL DEFAULT  UND z_impl_k_thread_name_set
   924: 00005435    54 FUNC    WEAK   DEFAULT    4 _ZNSt7__cxx1112basic_stringIcSt11char_traitsIcESaIcEE7reserveEj
   925: 00004815     8 FUNC    GLOBAL DEFAULT    4 memmove
   926: 0000392d   172 FUNC    WEAK   DEFAULT    4 _ZN11BridgeClass6notifyIJRN7arduino6StringEEEEvS2_DpOT_
   927: 00000008     0 TLS     GLOBAL DEFAULT  ABS _TLS_MODULE_BASE_
   928: 00005075     2 FUNC    GLOBAL DEFAULT    4 _ZNSt9exceptionD2Ev
   929: 00000621   108 FUNC    WEAK   DEFAULT    4 _ZN7arduino7msgpack8Unpacker13unpackFloat64Ev
   930: 00004c9d    12 FUNC    WEAK   DEFAULT    4 _ZN7arduino12ZephyrSerial3endEv
   931: 00004ca9    44 FUNC    GLOBAL DEFAULT    4 _ZN7arduino12ZephyrSerial5flushEv
   932: 00000000     0 NOTYPE  GLOBAL DEFAULT  UND __real_memmove
   933: 00004581    12 FUNC    GLOBAL DEFAULT    4 __aeabi_unwind_cpp_pr0
   934: 00003ecd    64 FUNC    WEAK   DEFAULT    4 _ZN7RpcCallIJRjEE8setErrorEiN7arduino6StringE
   935: 00001211    40 FUNC    WEAK   DEFAULT    4 _ZN7arduino7msgpack6Packer10packUInt32Ej
   936: 000038e1     1 OBJECT  WEAK   DEFAULT    9 _ZZN8RpcUtils6detail12unpackObjectERN7arduino7msgpack8UnpackerEE3nil
   937: 00000000     0 NOTYPE  GLOBAL DEFAULT  UND z_impl_k_yield
   938: 00004d60  2156 OBJECT  GLOBAL DEFAULT    9 Serial1
   939: 000038e8     4 OBJECT  WEAK   DEFAULT    9 _ZZN7arduino7msgpack8Unpacker10from_arrayIJRiRNS_6StringEEEEbDpOT_E2sz
   940: 00005375    28 FUNC    WEAK   DEFAULT    4 _ZNSs4_Rep10_M_disposeERKSaIcE
   941: 00000014     0 TLS     GLOBAL DEFAULT  ABS errno
   942: 00000000     0 NOTYPE  GLOBAL DEFAULT  UND __real_malloc
   943: 0000154d   280 FUNC    WEAK   DEFAULT    4 _ZN7arduino7msgpack8Unpacker11unpackFloatIfEENSt9enable_ifIXaasrSt13is_arithmeticIT_E5valuesrSt17is_floating_pointIS5_E5valueES5_E4typeEv
   944: 00000000     0 NOTYPE  GLOBAL DEFAULT  UND __device_dts_ord_91
   945: 000039d9    64 FUNC    WEAK   DEFAULT    4 _ZN7RpcCallIJRN7arduino6StringEEE8setErrorEiS1_
   946: 00002ed5   124 FUNC    WEAK   DEFAULT    4 _ZN7arduino7msgpack6Packer4packERKNS_6StringE
   947: 00000000     0 NOTYPE  GLOBAL DEFAULT  UND __real___aeabi_l2f
   948: 0000001c     0 TLS     GLOBAL DEFAULT  ABS _localtime_buf
   949: 00004ac9     4 FUNC    WEAK   DEFAULT    4 _ZN7arduino12ZephyrSerialcvbEv
   950: 000003f2    25 OBJECT  GLOBAL DEFAULT    3 _ZTSNSt3_V214error_categoryE
   951: 00002809    32 FUNC    GLOBAL DEFAULT    4 _ZN2p012qtrReadyMaskEv
   952: 00004a35    68 FUNC    GLOBAL DEFAULT    4 digitalRead
   953: 00000465    16 FUNC    WEAK   DEFAULT    4 _ZNK7arduino7msgpack8Unpacker7getTypeEv
   954: 000003ad     2 FUNC    GLOBAL DEFAULT    4 loop
   955: 00000000     0 NOTYPE  GLOBAL DEFAULT  UND sys_clock_cycle_get_64
   956: 000048c5     2 FUNC    WEAK   DEFAULT    4 initVariant
   957: 00000f5d   120 FUNC    WEAK   DEFAULT    4 _ZN7arduino7msgpack8Unpacker4feedEPKhj
   958: 00004835     8 FUNC    GLOBAL DEFAULT    4 __xpg_strerror_r
   959: 00000000     0 NOTYPE  WEAK   DEFAULT  UND __device_dts_ord_120
   960: 000051e9    20 FUNC    GLOBAL DEFAULT    4 _ZNSt12length_errorD2Ev
   961: 00000769    46 FUNC    WEAK   DEFAULT    4 _ZNK7arduino7msgpack8Unpacker11getRawBytesItEET_jj
   962: 00000000     0 NOTYPE  GLOBAL DEFAULT  UND __device_dts_ord_65
   963: 00000000     0 NOTYPE  WEAK   DEFAULT  UND __device_dts_ord_30
   964: 000038e4     4 OBJECT  WEAK   DEFAULT    9 _ZGVZN7arduino7msgpack8Unpacker10from_arrayIJRiRNS_6StringEEEEbDpOT_E2sz
   965: 00002661   284 FUNC    WEAK   DEFAULT    4 _ZN11BridgeClass11update_safeEv
   966: 000038e0     1 OBJECT  WEAK   DEFAULT    9 _ZZN8RpcUtils6detail12unpackObjectERN7arduino7msgpack8UnpackerEE1b
   967: 0000480d     8 FUNC    GLOBAL DEFAULT    4 memcpy
   968: 000056b5    12 FUNC    GLOBAL DEFAULT    4 _ZNK10__cxxabiv117__class_type_info20__do_find_public_srcEiPKvPKS0_S2_
   969: 00000000     0 NOTYPE  WEAK   DEFAULT  UND __device_dts_ord_83
   970: 00003888    16 OBJECT  WEAK   DEFAULT    9 _ZZN8RpcUtils6detail12unpackObjectERN7arduino7msgpack8UnpackerEE1t
   971: 00004d45   232 FUNC    GLOBAL DEFAULT    4 _ZN7arduino12ZephyrSerial10IrqHandlerEv
   972: 0000113d    44 FUNC    WEAK   DEFAULT    4 _ZN7arduino7msgpack6Packer9packUInt8Eh
   973: 000045c5    28 FUNC    GLOBAL DEFAULT    4 _ZN7arduino6String10invalidateEv
   974: 000056c1    20 FUNC    GLOBAL DEFAULT    4 _ZN10__cxxabiv117__class_type_infoD1Ev
   975: 000048a5    10 FUNC    GLOBAL DEFAULT    4 __aeabi_uldivmod
   976: 00000000     0 NOTYPE  WEAK   DEFAULT  UND __device_dts_ord_88
   977: 000053f5    22 FUNC    WEAK   DEFAULT    4 _ZNSt7__cxx1112basic_stringIcSt11char_traitsIcESaIcEE10_M_disposeEv
   978: 00000dbd   196 FUNC    WEAK   DEFAULT    4 _ZN7arduino7msgpack8Unpacker11deserializeINS0_6object8timespecEJEEEbRT_DpOT0_
   979: 0000483d     8 FUNC    GLOBAL DEFAULT    4 malloc
   980: 00005423    18 FUNC    WEAK   DEFAULT    4 _ZNKSt7__cxx1112basic_stringIcSt11char_traitsIcESaIcEE8capacityEv
   981: 00000000     0 NOTYPE  GLOBAL DEFAULT  UND z_impl_k_mutex_lock
   982: 00002f89    34 FUNC    WEAK   DEFAULT    4 _ZNK10RpcDecoderILj1024EE4sendEPKhj
   983: 00000000     0 NOTYPE  GLOBAL DEFAULT  UND __device_dts_ord_93
   984: 000046e1    24 FUNC    GLOBAL DEFAULT    4 _ZN7arduino6StringC1ERKS0_
   985: 00000004 14424 OBJECT  GLOBAL DEFAULT    9 p0Qtr
   986: 00005281    40 FUNC    GLOBAL DEFAULT    4 _ZNSt11logic_errorC2EPKc
   987: 000038d8     4 OBJECT  WEAK   DEFAULT    9 _ZZN8RpcUtils6detail12unpackObjectERN7arduino7msgpack8UnpackerEE5num32
   988: 00000000     0 NOTYPE  GLOBAL DEFAULT  UND z_impl_k_sem_take
   989: 00000000     4 OBJECT  GLOBAL HIDDEN     7 __dso_handle
   990: 0000485f    10 FUNC    GLOBAL DEFAULT    4 __aeabi_ui2d
   991: 0000573f    42 FUNC    GLOBAL DEFAULT    4 _ZNK10__cxxabiv117__class_type_info10__do_catchEPKSt9type_infoPPvj
   992: 00001f55  1228 FUNC    WEAK   DEFAULT    4 _ZN8RpcUtils6detail12unpackObjectERN7arduino7msgpack8UnpackerE
   993: 000038b0     4 OBJECT  WEAK   DEFAULT    9 _ZGVZN8RpcUtils6detail12unpackObjectERN7arduino7msgpack8UnpackerEE5bytes
   994: 00000000     0 NOTYPE  GLOBAL DEFAULT  UND __real___aeabi_l2d
   995: 000029a5    64 FUNC    WEAK   DEFAULT    4 _ZN7arduino7msgpack8Unpacker11deserializeINS0_6object5nil_tEJEEEbRT_DpOT0_
   996: 0000004f    30 FUNC    WEAK   DEFAULT    4 _ZNK7arduino7msgpack8Unpacker13getRawBytePtrEjj
   997: 000012ad    44 FUNC    WEAK   DEFAULT    4 _ZN7arduino7msgpack6Packer10packUInt16Et
   998: 00004fc5    32 FUNC    GLOBAL DEFAULT    4 _ZSt17__throw_bad_allocv
   999: 000049f9    60 FUNC    GLOBAL DEFAULT    4 digitalWrite
  1000: 00000480    12 OBJECT  GLOBAL DEFAULT    1 _ZTISt9bad_alloc
  1001: 00004661    44 FUNC    GLOBAL DEFAULT    4 _ZN7arduino6StringC1EPKc
  1002: 000038ac     4 OBJECT  WEAK   DEFAULT    9 _ZZN8RpcUtils6detail12unpackObjectERN7arduino7msgpack8UnpackerEE6arr_sz
  1003: 000049b9    64 FUNC    GLOBAL DEFAULT    4 pinMode
  1004: 00000568    52 OBJECT  GLOBAL DEFAULT    1 _ZTVN7arduino12ZephyrSerialE
  1005: 0000139d   160 FUNC    WEAK   DEFAULT    4 _ZN7arduino7msgpack6Packer12packRawBytesEPKcj
  1006: 00001b95   216 FUNC    WEAK   DEFAULT    4 _ZN10RpcDecoderILj1024EE16fetch_rpc_methodEv
  1007: 000052a9    20 FUNC    GLOBAL DEFAULT    4 _ZNSt12length_errorC1EPKc
  1008: 000003b1    24 FUNC    WEAK   DEFAULT    4 _ZNSt12_Vector_baseIhSaIhEED2Ev
  1009: 000004ec    44 OBJECT  GLOBAL DEFAULT    1 _ZTVN10__cxxabiv120__si_class_type_infoE
  1010: 0000540b    24 FUNC    WEAK   DEFAULT    4 _ZNSt7__cxx1112basic_stringIcSt11char_traitsIcESaIcEE7_S_copyEPcPKcj
  1011: 0000059c    20 OBJECT  GLOBAL DEFAULT    1 _ZTVSt11logic_error
  1012: 00005727    24 FUNC    GLOBAL DEFAULT    4 _ZNK10__cxxabiv117__class_type_info11__do_upcastEPKS0_PKvRNS0_15__upcast_resultE
  1013: 000006d9    72 FUNC    WEAK   DEFAULT    4 _ZN7arduino7msgpack8Unpacker11unpackUInt7Ev
  1014: 00004911     8 FUNC    GLOBAL DEFAULT    4 _ZdlPv
  1015: 000051fd    18 FUNC    GLOBAL DEFAULT    4 _ZNSt12length_errorD0Ev
  1016: 000046e1    24 FUNC    GLOBAL DEFAULT    4 _ZN7arduino6StringC2ERKS0_
  1017: 000054fb     6 FUNC    GLOBAL DEFAULT    4 _ZNKSt3_V214error_category23default_error_conditionEi
  1018: 00004e39    44 FUNC    WEAK   DEFAULT    4 _ZN7arduino12ZephyrSerial18ZephyrSerialBufferILi1024EEC2Ev
  1019: 00004739    64 FUNC    GLOBAL DEFAULT    4 _ZN7arduino6String6concatEPKcj
  1020: 00005015    48 FUNC    GLOBAL DEFAULT    4 _ZSt20__throw_length_errorPKc
  1021: 00000000     0 NOTYPE  GLOBAL DEFAULT  UND __device_dts_ord_73
  1022: 000048b9    12 FUNC    GLOBAL DEFAULT    4 abort
  1023: 00000000     0 NOTYPE  GLOBAL DEFAULT  UND z_impl_k_sem_init
  1024: 00000000     0 NOTYPE  WEAK   DEFAULT  UND __device_dts_ord_17
  1025: 00000000     0 NOTYPE  GLOBAL DEFAULT  UND _device_list_end
  1026: 0000293d    44 FUNC    WEAK   DEFAULT    4 _ZN8RpcErrorC1Ev
  1027: 0000487d    10 FUNC    GLOBAL DEFAULT    4 __aeabi_d2f
  1028: 000051d5    18 FUNC    GLOBAL DEFAULT    4 _ZNSt11logic_errorD0Ev
  1029: 00003c88  2156 OBJECT  GLOBAL DEFAULT    9 Serial3
  1030: 000005c1    96 FUNC    WEAK   DEFAULT    4 _ZN7arduino7msgpack8Unpacker13unpackFloat32Ev
  1031: 0000255d   260 FUNC    WEAK   DEFAULT    4 _ZN9RPCServer7get_rpcILj256EEEbR10RPCRequestIXT_EEN7arduino6StringE
  1032: 00000358    34 OBJECT  GLOBAL DEFAULT    3 _ZTSN10__cxxabiv117__class_type_infoE
  1033: 00004575    12 FUNC    GLOBAL DEFAULT    4 __gxx_personality_v0
  1034: 0000048c     8 OBJECT  GLOBAL DEFAULT    1 _ZTISt9exception
  1035: 00000000     0 NOTYPE  WEAK   DEFAULT  UND __device_dts_ord_109
  1036: 0000150d    64 FUNC    WEAK   DEFAULT    4 _ZN7arduino7msgpack8Unpacker11deserializeIiJEEEbRT_DpOT0_
  1037: 000032fd   380 FUNC    WEAK   DEFAULT    4 _ZN10RpcDecoderILj1024EE12get_responseIN7arduino7msgpack6object5nil_tEEEbjRT_R8RpcError
  1038: 000038b4    12 OBJECT  WEAK   DEFAULT    9 _ZZN8RpcUtils6detail12unpackObjectERN7arduino7msgpack8UnpackerEE5bytes
  1039: 00000000     0 NOTYPE  GLOBAL DEFAULT  UND __real___aeabi_i2d
  1040: 0000517b     2 FUNC    GLOBAL DEFAULT    4 _ZNSt9type_infoD1Ev
  1041: 00004919     8 FUNC    GLOBAL DEFAULT    4 _ZdlPvj
  1042: 0000056d    84 FUNC    WEAK   DEFAULT    4 _ZN7arduino7msgpack8Unpacker11unpackInt16Ev
  1043: 00004305   292 FUNC    WEAK   DEFAULT    4 _ZN13BridgeMonitorILj512EE5_readEj
  1044: 00000000     0 NOTYPE  GLOBAL DEFAULT  UND __real___aeabi_ui2d
  1045: 00003898     4 OBJECT  WEAK   DEFAULT    9 _ZGVZN8RpcUtils6detail12unpackObjectERN7arduino7msgpack8UnpackerEE1e
  1046: 0000490d     4 FUNC    GLOBAL DEFAULT    4 _ZnwjPv
  1047: 00004873    10 FUNC    GLOBAL DEFAULT    4 __aeabi_ul2d
  1048: 000031c5   128 FUNC    WEAK   DEFAULT    4 _ZN7arduino7msgpack8Unpacker10unpackUIntIjEENSt9enable_ifIXaaaaaaaasrSt13is_arithmeticIT_E5valuesrSt11is_integralIS5_E5valuentsrSt7is_sameIS5_bE5valuentsrS9_INSt9remove_cvIS5_E4typeEPcE5valuentsrSt9is_signedIS5_E5valueES5_E4typeEv
  1049: 00001c6d    40 FUNC    WEAK   DEFAULT    4 _ZNSt11__copy_moveILb0ELb1ESt26random_access_iterator_tagE8__copy_mIKhhEEPT0_PT_S7_S5_
  1050: 000034f9  1076 FUNC    WEAK   DEFAULT    4 _ZN13BridgeMonitorILj512EEcvbEv
  1051: 00005181    44 FUNC    GLOBAL DEFAULT    4 _ZNKSt9type_info7__equalERKS_
  1052: 00000c09    64 FUNC    WEAK   DEFAULT    4 _ZN7arduino7msgpack8Unpacker11deserializeINS0_4type9ArraySizeEJEEEbRT_DpOT0_
  1053: 00001b69    44 FUNC    WEAK   DEFAULT    4 _ZN10RpcDecoderILj1024EE7discardEv
  1054: 000038ec   568 OBJECT  GLOBAL DEFAULT    9 Serial
  1055: 000041ed   280 FUNC    WEAK   DEFAULT    4 _ZN7RpcCallIJRjEED1Ev
  1056: 000000b1   220 FUNC    GLOBAL DEFAULT    4 _Z7observeRN2p09QtrSampleERj
  1057: 000052bd    24 FUNC    GLOBAL DEFAULT    4 _ZNSt12__cow_stringC1EPKcj
  1058: 00003b3d   912 FUNC    WEAK   DEFAULT    4 _ZN13BridgeMonitorILj512EE5writeEPKhj
  1059: 000056e9    62 FUNC    GLOBAL DEFAULT    4 _ZNK10__cxxabiv117__class_type_info12__do_dyncastEiNS0_10__sub_kindEPKS0_PKvS3_S5_RNS0_16__dyncast_resultE
  1060: 000055cc    16 OBJECT  WEAK   DEFAULT    9 _ZNSs4_Rep20_S_empty_rep_storageE
  1061: 000051ad     4 FUNC    GLOBAL DEFAULT    4 _ZNKSt13runtime_error4whatEv
  1062: 00000000     0 NOTYPE  GLOBAL DEFAULT  UND ring_buf_put
  1063: 00005683    50 FUNC    GLOBAL DEFAULT    4 _ZNK10__cxxabiv117__class_type_info11__do_upcastEPKS0_PPv
  1064: 00001255    88 FUNC    WEAK   DEFAULT    4 _ZN7arduino7msgpack6Packer13packArraySizeEj
  1065: 00000411    84 FUNC    WEAK   DEFAULT    4 _ZNK7arduino7msgpack8Unpacker7getTypeEj
  1066: 000005b0    20 OBJECT  GLOBAL DEFAULT    1 _ZTVSt12length_error
  1067: 000028ed    68 FUNC    WEAK   DEFAULT    4 _ZN13BridgeMonitorILj512EE4peekEv
  1068: 00000000     0 NOTYPE  GLOBAL DEFAULT    6 __static_thread_data_list_end
  1069: 000045e1    28 FUNC    GLOBAL DEFAULT    4 _ZN7arduino6String12changeBufferEj
  1070: 00000475    88 FUNC    WEAK   DEFAULT    4 _ZN7arduino7msgpack8Unpacker11unpackInt32Ev
  1071: 000051e9    20 FUNC    GLOBAL DEFAULT    4 _ZNSt12length_errorD1Ev
  1072: 000038ec   568 OBJECT  GLOBAL DEFAULT    9 Monitor
  1073: 00000468    12 OBJECT  GLOBAL DEFAULT    1 _ZTISt11logic_error
  1074: 00000000     0 NOTYPE  GLOBAL DEFAULT  UND z_impl_k_sem_give
  1075: 00000799    72 FUNC    WEAK   DEFAULT    4 _ZN7arduino7msgpack8Unpacker12unpackUInt16Ev
  1076: 0000018d   172 FUNC    GLOBAL DEFAULT    4 _Z7acquireRN2p09QtrSampleEjRj
  1077: 00000018     0 TLS     GLOBAL DEFAULT  ABS _strtok_last
  1078: 00000446    13 OBJECT  GLOBAL DEFAULT    3 _ZTSSt9type_info
  1079: 00001c95    40 FUNC    WEAK   DEFAULT    4 _ZNSt11__copy_moveILb1ELb1ESt26random_access_iterator_tagE8__copy_mIhhEEPT0_PT_S6_S4_
  1080: 00005045     8 FUNC    GLOBAL DEFAULT    4 _ZNKSt9bad_alloc4whatEv
  1081: 000005c4    20 OBJECT  GLOBAL DEFAULT    1 _ZTVSt9bad_alloc
  1082: 00004add    72 FUNC    GLOBAL DEFAULT    4 _ZN7arduino12ZephyrSerial4readEv
  1083: 00000b09    72 FUNC    WEAK   DEFAULT    4 _ZN7arduino7msgpack8Unpacker10unpackInt8Ev
  1084: 0000042c    13 OBJECT  GLOBAL DEFAULT    3 _ZTSSt9bad_alloc
  1085: 00000000     0 NOTYPE  GLOBAL DEFAULT  UND z_impl_k_sleep
  1086: 00000000     0 NOTYPE  GLOBAL DEFAULT  UND __real___xpg_strerror_r
  1087: 00005399    18 FUNC    WEAK   DEFAULT    4 _ZNSt7__cxx1112basic_stringIcSt11char_traitsIcESaIcEE11_S_allocateERS3_j
  1088: 000050dd   116 FUNC    GLOBAL DEFAULT    4 _ZNK10__cxxabiv120__si_class_type_info12__do_dyncastEiNS_17__class_type_info10__sub_kindEPKS1_PKvS4_S6_RNS1_16__dyncast_resultE
  1089: 00003285   120 FUNC    WEAK   DEFAULT    4 _ZN7arduino7msgpack8Unpacker11deserializeINS0_4type9ArraySizeEJRiRjEEEbRT_DpOT0_
  1090: 0000389c    12 OBJECT  WEAK   DEFAULT    9 _ZZN8RpcUtils6detail12unpackObjectERN7arduino7msgpack8UnpackerEE1e
  1091: 00000000     0 NOTYPE  WEAK   DEFAULT  UND __device_dts_ord_61
  1092: 00000000     0 NOTYPE  GLOBAL DEFAULT  UND z_impl_device_is_ready
  1093: 00000000     0 NOTYPE  GLOBAL DEFAULT  UND ring_buf_get
  1094: 00003135   144 FUNC    WEAK   DEFAULT    4 _ZN7arduino7msgpack8Unpacker11deserializeI8RpcErrorJRNS0_6object5nil_tEEEEbRT_DpOT0_
  1095: 0000517b     2 FUNC    GLOBAL DEFAULT    4 _ZNSt9type_infoD2Ev
  1096: 000009e9   120 FUNC    WEAK   DEFAULT    4 _ZN7arduino7msgpack8Unpacker13unpackMapSizeEv
  1097: 00000b51    44 FUNC    WEAK   DEFAULT    4 _ZNK7arduino7msgpack8Unpacker13isTimestamp32Ev
  1098: 00005151    42 FUNC    GLOBAL DEFAULT    4 _ZNK10__cxxabiv120__si_class_type_info11__do_upcastEPKNS_17__class_type_infoEPKvRNS1_15__upcast_resultE
  1099: 00004845     8 FUNC    GLOBAL DEFAULT    4 realloc
  1100: 0000282f    24 FUNC    WEAK   DEFAULT    4 _ZN13BridgeMonitorILj512EE5writeEh
  1101: 00000000     0 NOTYPE  GLOBAL DEFAULT  UND __real___aeabi_uldivmod
  1102: 00003479    64 FUNC    WEAK   DEFAULT    4 _ZN10RpcDecoderILj1024EE6decodeEv
  1103: 00004549     4 FUNC    GLOBAL DEFAULT    4 __cxa_atexit
  1104: 00000000     0 NOTYPE  GLOBAL DEFAULT  UND __real_atexit
  1105: 00004855    10 FUNC    GLOBAL DEFAULT    4 __aeabi_i2d
  1106: 00002ba5   376 FUNC    WEAK   DEFAULT    4 _ZN7arduino7msgpack8Unpacker11deserializeISt6vectorIhSaIhEEJEEEbRT_DpOT0_
  1107: 00005061    20 FUNC    GLOBAL DEFAULT    4 _ZNSt9bad_allocD0Ev
  1108: 00000c49   372 FUNC    WEAK   DEFAULT    4 _ZN7arduino7msgpack8Unpacker11deserializeINS_6StringEJEEEbRT_DpOT0_
  1109: 00005079    20 FUNC    GLOBAL DEFAULT    4 _ZN10__cxxabiv120__si_class_type_infoD1Ev
  1110: 000038a8     4 OBJECT  WEAK   DEFAULT    9 _ZZN8RpcUtils6detail12unpackObjectERN7arduino7msgpack8UnpackerEE6map_sz
  1111: 00004fb5    16 FUNC    GLOBAL DEFAULT    4 _ZN6zephyr7arduino22init_dev_apply_pinctrlEPK6device
  1112: 0000052d    32 FUNC    WEAK   DEFAULT    4 _ZNK7arduino7msgpack8Unpacker7isArrayEv
  1113: 00004e2d    12 FUNC    GLOBAL DEFAULT    4 _ZN7arduino12ZephyrSerial11IrqDispatchEPK6devicePv
  1114: 000009a1    72 FUNC    WEAK   DEFAULT    4 _ZN7arduino7msgpack8Unpacker12unpackUInt32Ev
  1115: 000003b1    24 FUNC    WEAK   DEFAULT    4 _ZNSt12_Vector_baseIhSaIhEED1Ev
  1116: 0000517d     4 FUNC    GLOBAL DEFAULT    4 _ZNKSt9type_info14__is_pointer_pEv
  1117: 00000fd5    56 FUNC    WEAK   DEFAULT    4 _ZNKSt6vectorIhSaIhEE12_M_check_lenEjPKc
  1118: 00001669   280 FUNC    WEAK   DEFAULT    4 _ZN7arduino7msgpack8Unpacker11unpackFloatIdEENSt9enable_ifIXaasrSt13is_arithmeticIT_E5valuesrSt17is_floating_pointIS5_E5valueES5_E4typeEv
  1119: 00000010     0 TLS     GLOBAL DEFAULT  ABS z_tls_current
  1120: 000047c5    32 FUNC    GLOBAL DEFAULT    4 _ZNK7arduino6String6equalsERKS0_
  1121: 0000143d   208 FUNC    WEAK   DEFAULT    4 _ZN7arduino7msgpack8Unpacker9unpackIntIiEENSt9enable_ifIXaaaaaaaasrSt13is_arithmeticIT_E5valuesrSt11is_integralIS5_E5valuentsrSt7is_sameIS5_bE5valuentsrS9_INSt9remove_cvIS5_E4typeEPcE5valuesrSt9is_signedIS5_E5valueES5_E4typeEv
  1122: 00004fe5    48 FUNC    GLOBAL DEFAULT    4 _ZSt19__throw_logic_errorPKc
  1123: 00004bd5   200 FUNC    GLOBAL DEFAULT    4 _ZN7arduino12ZephyrSerial5beginEmt
  1124: 00000000     0 NOTYPE  GLOBAL DEFAULT  UND __real_realloc
  1125: 000004c0    44 OBJECT  GLOBAL DEFAULT    1 _ZTVN10__cxxabiv117__class_type_infoE
  1126: 00004779    28 FUNC    GLOBAL DEFAULT    4 _ZN7arduino6String6concatEc
  1127: 0000455d    12 FUNC    GLOBAL DEFAULT    4 __cxa_throw
  1128: 00000a9d    76 FUNC    WEAK   DEFAULT    4 _ZN7arduino7msgpack8Unpacker12unpackUInt64Ev
  1129: 00004ab1    24 FUNC    WEAK   DEFAULT    4 _ZN7arduino12ZephyrSerial5writeEh
  1130: 00000474    12 OBJECT  GLOBAL DEFAULT    1 _ZTISt12length_error
  1131: 0000482d     8 FUNC    GLOBAL DEFAULT    4 memset
  1132: 000002d9   100 FUNC    GLOBAL DEFAULT    4 _Z11storeSamplejRKN2p09QtrSampleE
  1133: 000048c9    44 FUNC    WEAK   DEFAULT    4 main
  1134: 00001b19    80 FUNC    WEAK   DEFAULT    4 _ZN10RpcDecoderILj1024EE7consumeEjj
  1135: 000046f9    16 FUNC    GLOBAL DEFAULT    4 _ZN7arduino6StringaSEOS0_
  1136: 00004891    10 FUNC    GLOBAL DEFAULT    4 __aeabi_l2f
  1137: 000017c5   160 FUNC    WEAK   DEFAULT    4 _ZN7arduino7msgpack8Unpacker11deserializeIjJRNS_6StringEEEEbRT_DpOT0_
  1138: 00000000     0 NOTYPE  WEAK   DEFAULT  UND __device_dts_ord_100
  1139: 00000ae9    32 FUNC    WEAK   DEFAULT    4 _ZNK7arduino7msgpack8Unpacker11getRawBytesIaEET_jj
  1140: 00000000     0 NOTYPE  WEAK   DEFAULT  UND __device_dts_ord_114
  1141: 000052d5    24 FUNC    WEAK   DEFAULT    4 _ZNSs7_M_copyEPcPKcj
  1142: 00003a19   292 FUNC    WEAK   DEFAULT    4 _ZN7RpcCallIJRN7arduino6StringEEED2Ev
  1143: 00004869    10 FUNC    GLOBAL DEFAULT    4 __aeabi_l2d
  1144: 00000430    12 OBJECT  GLOBAL DEFAULT    1 _ZTIN10__cxxabiv117__class_type_infoE
  1145: 000041ed   280 FUNC    WEAK   DEFAULT    4 _ZN7RpcCallIJRjEED2Ev
  1146: 00004a81    28 FUNC    GLOBAL DEFAULT    4 micros
  1147: 000007e1    52 FUNC    WEAK   DEFAULT    4 _ZNK7arduino7msgpack8Unpacker11getRawBytesIjEET_jj
  1148: 00000000     0 NOTYPE  GLOBAL DEFAULT  UND __real_free
  1149: 00001781    68 FUNC    WEAK   DEFAULT    4 _ZN7arduino7msgpack8Unpacker11deserializeINS0_4type9ArraySizeEJRiEEEbRT_DpOT0_
  1150: 0000489b    10 FUNC    GLOBAL DEFAULT    4 __aeabi_ul2f
  1151: 000029e5   104 FUNC    WEAK   DEFAULT    4 _ZN7arduino7msgpack8Unpacker11deserializeIbJEEEbRT_DpOT0_
  1152: 00004825     8 FUNC    GLOBAL DEFAULT    4 strcmp
  1153: 00002421   316 FUNC    WEAK   DEFAULT    4 _ZN10RpcDecoderILj1024EE12parse_packetEv
  1154: 000052ed    10 FUNC    WEAK   DEFAULT    4 _ZNSs13_S_copy_charsEPcPKcS1_
  1155: 00004ba1    52 FUNC    GLOBAL DEFAULT    4 _ZN7arduino12ZephyrSerial9availableEv
  1156: 00004e39    44 FUNC    WEAK   DEFAULT    4 _ZN7arduino12ZephyrSerial18ZephyrSerialBufferILi1024EEC1Ev
  1157: 00003a19   292 FUNC    WEAK   DEFAULT    4 _ZN7RpcCallIJRN7arduino6StringEEED1Ev
  1158: 00004625    60 FUNC    GLOBAL DEFAULT    4 _ZN7arduino6String4copyEPKcj
  1159: 000011f5    28 FUNC    WEAK   DEFAULT    4 _ZN7arduino7msgpack6Packer15packRawReversedIjEEvRKT_
  1160: 00000039    22 FUNC    WEAK   DEFAULT    4 _ZN7arduino7msgpack8Unpacker11deserializeEv
  1161: 00001925   500 FUNC    WEAK   DEFAULT    4 _ZN9RPCServer15process_requestILj256EEEvR10RPCRequestIXT_EE
  1162: 00000000     0 NOTYPE  GLOBAL DEFAULT  UND pinctrl_lookup_state
  1163: 00000e99    44 FUNC    WEAK   DEFAULT    4 _ZN10RPCRequestILj256EED1Ev
  1164: 00005531    48 FUNC    GLOBAL DEFAULT    4 _ZNKSt3_V214error_category10_M_messageB5cxx11Ei
  1165: 0000508d    20 FUNC    GLOBAL DEFAULT    4 _ZN10__cxxabiv120__si_class_type_infoD0Ev
  1166: 0000385c    40 OBJECT  WEAK   DEFAULT    9 _ZN12RouterBridge3HCIE
  1167: 000051b1    36 FUNC    GLOBAL DEFAULT    4 _ZNSt11logic_errorD2Ev
  1168: 00000b7d    44 FUNC    WEAK   DEFAULT    4 _ZNK7arduino7msgpack8Unpacker13isTimestamp64Ev
  1169: 00003b28   352 OBJECT  GLOBAL DEFAULT    9 Bridge
  1170: 0000040b    16 OBJECT  GLOBAL DEFAULT    3 _ZTSSt11logic_error
  1171: 000051b1    36 FUNC    GLOBAL DEFAULT    4 _ZNSt11logic_errorD1Ev
  1172: 000048b1     8 FUNC    GLOBAL DEFAULT    4 atexit
  1173: 00001ddd   376 FUNC    WEAK   DEFAULT    4 _ZN7arduino7msgpack8Unpacker9unpackExtEv
  1174: 00000a61    58 FUNC    WEAK   DEFAULT    4 _ZNK7arduino7msgpack8Unpacker11getRawBytesIyEET_jj
  1175: 00000000     0 NOTYPE  GLOBAL DEFAULT  UND _device_list_start
  1176: 000047e5    40 FUNC    GLOBAL DEFAULT    4 _ZNK7arduino6String6equalsEPKc
  1177: 00005501    20 FUNC    GLOBAL DEFAULT    4 _ZNKSt3_V214error_category10equivalentERKSt10error_codei
  1178: 00000e99    44 FUNC    WEAK   DEFAULT    4 _ZN10RPCRequestILj256EED2Ev
  1179: 00000000     0 NOTYPE  GLOBAL DEFAULT  UND __real___aeabi_ul2f
  1180: 000045b1    20 FUNC    GLOBAL DEFAULT    4 _ZN7arduino6StringD2Ev
  1181: 00001cbd   288 FUNC    WEAK   DEFAULT    4 _ZN7arduino7msgpack6object3extC1EaPKhj
  1182: 0000033d   112 FUNC    GLOBAL DEFAULT    4 setup
  1183: 00003f41   684 FUNC    WEAK   DEFAULT    4 _ZN7RpcCallIJRjEE6resultISt6vectorIhSaIhEEEEbRT_
  1184: 00004aa7    10 FUNC    WEAK   DEFAULT    4 _ZN7arduino12ZephyrSerial5beginEm
  1185: 0000277d    68 FUNC    WEAK   DEFAULT    4 _Z10__loopHookv
  1186: 00000e81    24 FUNC    WEAK   DEFAULT    4 _ZNSt12_Vector_baseIjSaIjEED2Ev
  1187: 00000000     0 NOTYPE  GLOBAL DEFAULT  UND __real___aeabi_ul2d
  1188: 000056c1    20 FUNC    GLOBAL DEFAULT    4 _ZN10__cxxabiv117__class_type_infoD2Ev
  1189: 0000041b    17 OBJECT  GLOBAL DEFAULT    3 _ZTSSt12length_error
  1190: 00004709    48 FUNC    GLOBAL DEFAULT    4 _ZN7arduino6StringaSEPKc
  1191: 00000008     0 TLS     GLOBAL DEFAULT  ABS _rand_next
  1192: 00000ba9    64 FUNC    WEAK   DEFAULT    4 _ZNK7arduino7msgpack8Unpacker13isTimestamp96Ev
  1193: 0000454d    12 FUNC    GLOBAL DEFAULT    4 __cxa_allocate_exception
  1194: 000038dc     4 OBJECT  WEAK   DEFAULT    9 _ZZN8RpcUtils6detail12unpackObjectERN7arduino7msgpack8UnpackerEE7integer
  1195: 0000043c    12 OBJECT  GLOBAL DEFAULT    1 _ZTIN10__cxxabiv120__si_class_type_infoE
  1196: 00000ec5   152 FUNC    WEAK   DEFAULT    4 _ZNSt6vectorIjSaIjEE17_M_realloc_appendIJRjEEEvDpOT_
  1197: 00000e81    24 FUNC    WEAK   DEFAULT    4 _ZNSt12_Vector_baseIjSaIjEED1Ev
  1198: 00000000     0 NOTYPE  GLOBAL DEFAULT  UND __device_dts_ord_66
  1199: 00000000     0 NOTYPE  GLOBAL DEFAULT  UND __real_strlen
  1200: 0000282d     2 FUNC    WEAK   DEFAULT    4 _ZN7arduino5Print5flushEv
  1201: 00000000     0 NOTYPE  GLOBAL DEFAULT  UND __device_dts_ord_94
  1202: 00004b25    72 FUNC    GLOBAL DEFAULT    4 _ZN7arduino12ZephyrSerial4peekEv
  1203: 00000721    72 FUNC    WEAK   DEFAULT    4 _ZN7arduino7msgpack8Unpacker11unpackUInt8Ev
  1204: 00004b6d    52 FUNC    GLOBAL DEFAULT    4 _ZN7arduino12ZephyrSerial17availableForWriteEv
  1205: 000003f1    30 FUNC    WEAK   DEFAULT    4 _ZNK7arduino7msgpack8Unpacker11getRawBytesIhEET_jj
  1206: 000045b1    20 FUNC    GLOBAL DEFAULT    4 _ZN7arduino6StringD1Ev
  1207: 00005075     2 FUNC    GLOBAL DEFAULT    4 _ZNSt9exceptionD1Ev
  1208: 00000000     0 NOTYPE  GLOBAL DEFAULT  UND z_impl_k_mutex_unlock
  1209: 00004905     8 FUNC    GLOBAL DEFAULT    4 _Znwj
  1210: 000038c0     4 OBJECT  WEAK   DEFAULT    9 _ZGVZN8RpcUtils6detail12unpackObjectERN7arduino7msgpack8UnpackerEE6string
  1211: 0000054d    32 FUNC    WEAK   DEFAULT    4 _ZNK7arduino7msgpack8Unpacker5isMapEv
  1212: 00000000     0 NOTYPE  GLOBAL DEFAULT  UND __real_strcmp
  1213: 00000000     0 NOTYPE  GLOBAL DEFAULT  UND pinctrl_configure_pins
  1214: 000050a1    60 FUNC    GLOBAL DEFAULT    4 _ZNK10__cxxabiv120__si_class_type_info20__do_find_public_srcEiPKvPKNS_17__class_type_infoES2_
  1215: 0000504d    20 FUNC    GLOBAL DEFAULT    4 _ZNSt9bad_allocD1Ev
  1216: 00000000     0 NOTYPE  GLOBAL DEFAULT    6 __static_thread_data_list_start
  1217: 000052bd    24 FUNC    GLOBAL DEFAULT    4 _ZNSt12__cow_stringC2EPKcj
  1218: 00000000     0 NOTYPE  GLOBAL DEFAULT  UND __device_dts_ord_89
  1219: 00000000     0 NOTYPE  GLOBAL DEFAULT  UND __real_memset
  1220: 000046b9    40 FUNC    GLOBAL DEFAULT    4 _ZN7arduino6StringaSERKS0_
  1221: 000034b9    64 FUNC    WEAK   DEFAULT    4 _ZN9RPCClient12get_responseIN7arduino7msgpack6object5nil_tEEEbjRT_R8RpcError
  1222: 00000000     0 NOTYPE  WEAK   DEFAULT  UND __device_dts_ord_123
  1223: 00000000     0 NOTYPE  GLOBAL DEFAULT  UND __real___aeabi_f2d
  1224: 00005311    96 FUNC    WEAK   DEFAULT    4 _ZNSs4_Rep9_S_createEjjRKSaIcE
  1225: 000052f9    24 FUNC    WEAK   DEFAULT    4 _ZNSs4_Rep26_M_set_length_and_sharableEj
  1226: 00000929   120 FUNC    WEAK   DEFAULT    4 _ZN7arduino7msgpack8Unpacker15unpackArraySizeEv
  1227: 00000000     0 NOTYPE  GLOBAL DEFAULT  UND ring_buf_peek
  1228: 0000481d     8 FUNC    GLOBAL DEFAULT    4 strlen
  1229: 00000494     8 OBJECT  GLOBAL DEFAULT    1 _ZTISt9type_info
  1230: 0000458d    12 FUNC    GLOBAL DEFAULT    4 __aeabi_unwind_cpp_pr1
  1231: 00000439    13 OBJECT  GLOBAL DEFAULT    3 _ZTSSt9exception
  1232: 00000000     0 NOTYPE  GLOBAL DEFAULT  UND __real___aeabi_d2f
  1233: 00000000     0 NOTYPE  GLOBAL DEFAULT  UND __device_dts_ord_90
  1234: 000051ad     4 FUNC    GLOBAL DEFAULT    4 _ZNKSt11logic_error4whatEv
  1235: 00004887    10 FUNC    GLOBAL DEFAULT    4 __aeabi_f2d
  1236: 00000000     0 NOTYPE  GLOBAL DEFAULT  UND z_impl_k_mutex_init
  1237: 00003245    64 FUNC    WEAK   DEFAULT    4 _ZN7arduino7msgpack8Unpacker11deserializeIjJEEEbRT_DpOT0_
  1238: 00000000     0 NOTYPE  GLOBAL DEFAULT  UND z_impl_device_deinit
  1239: 00001239    28 FUNC    WEAK   DEFAULT    4 _ZN7arduino7msgpack6Packer15packRawReversedItEEvRKT_
  1240: 000045fd    40 FUNC    GLOBAL DEFAULT    4 _ZN7arduino6String7reserveEj
  1241: 00000be9    30 FUNC    WEAK   DEFAULT    4 _ZNK7arduino7msgpack8Unpacker11getRawBytesIcEET_jj
  1242: 00005371     4 FUNC    WEAK   DEFAULT    4 _ZNSs4_Rep10_M_destroyERKSaIcE
  1243: 00004429    68 FUNC    WEAK   DEFAULT    4 _ZN13BridgeMonitorILj512EE9availableEv
  1244: 00000000     0 NOTYPE  WEAK   DEFAULT  UND __device_dts_ord_34
  1245: 00000000     0 NOTYPE  GLOBAL DEFAULT  UND __device_dts_ord_92
  1246: 00000460     8 OBJECT  GLOBAL DEFAULT    1 _ZTINSt3_V214error_categoryE
  1247: 00005281    40 FUNC    GLOBAL DEFAULT    4 _ZNSt11logic_errorC1EPKc
  1248: 00000000     0 NOTYPE  GLOBAL DEFAULT  UND __device_dts_ord_78
  1249: 0000068d    76 FUNC    WEAK   DEFAULT    4 _ZN7arduino7msgpack8Unpacker10unpackInt5Ev
  1250: 00004661    44 FUNC    GLOBAL DEFAULT    4 _ZN7arduino6StringC2EPKc
  1251: 00005679    10 FUNC    GLOBAL DEFAULT    4 __aeabi_atexit
  1252: 00005181    44 FUNC    GLOBAL DEFAULT    4 _ZNKSt9type_infoeqERKS_
  1253: 000053ab    12 FUNC    WEAK   DEFAULT    4 _ZNKSt7__cxx1112basic_stringIcSt11char_traitsIcESaIcEE11_M_is_localEv
  1254: 00000815   276 FUNC    WEAK   DEFAULT    4 _ZNK7arduino7msgpack8Unpacker14getElementSizeEj
  1255: 0000049c    36 OBJECT  WEAK   DEFAULT    1 _ZTV13BridgeMonitorILj512EE
  1256: 00000000     0 NOTYPE  GLOBAL DEFAULT  UND __real_memcpy
  1257: 000000e4    16 OBJECT  WEAK   DEFAULT    3 _ZN6config11P0_QTR_PINSE
  1258: 000038c4    12 OBJECT  WEAK   DEFAULT    9 _ZZN8RpcUtils6detail12unpackObjectERN7arduino7msgpack8UnpackerEE6string
  1259: 00002881   108 FUNC    WEAK   DEFAULT    4 _ZN13BridgeMonitorILj512EE4readEv
  1260: 00000000     0 NOTYPE  GLOBAL DEFAULT  UND __device_dts_ord_95
  1261: 0000484d     8 FUNC    GLOBAL DEFAULT    4 free
  1262: 000056d5    20 FUNC    GLOBAL DEFAULT    4 _ZN10__cxxabiv117__class_type_infoD0Ev
  1263: 00003f0d    52 FUNC    WEAK   DEFAULT    4 _ZN7RpcCallIJRjEE7isErrorEv
  1264: 000044f4  2156 OBJECT  GLOBAL DEFAULT    9 Serial2
  1265: 00004795    48 FUNC    GLOBAL DEFAULT    4 _ZNK7arduino6String9compareToERKS0_
