{
  "schema": "match-static-app-static-compile-outcome-v1",
  "profile": "match",
  "motors_allowed": 1,
  "attempt": "b7_match01",
  "project": "app.ino",
  "fqbn": "arduino:zephyr:unoq:link_mode=static,wait_linux_boot=no",
  "flags": "-DMATCH=1 -DMOTORS_ALLOWED=1 -DSUMOX_B4_STAND=0 -DSUMOX_P3_DRIVE_TEST=0 -DSUMOX_P3_TURN_TRIAL=0 -DSUMOX_P3_STOP_TRIAL=0 -DSUMOX_P4_REACTIVE=0 -DSUMOX_TIMING_EVIDENCE=0 -DSUMOX_P5_ABORT_TIMING=0 -DSUMOX_MOTOR_FAULT_PROBE=0",
  "reviewed_head": "97e32fded4f36bdb759fd273965ee8ce72301753",
  "source_sha256": "85b320de79f0fe26602bd6b714d77136718f4a6ab32ba989ea8322b7b92a481a",
  "boot_id": "55c386b9-fe6d-4388-a7f4-1d91e0bb49d8",
  "started_utc": "2026-09-27T03:59:58.475831+00:00",
  "final_checks": [
    {
      "name": "local",
      "status": "PASS",
      "error": null
    },
    {
      "name": "identity",
      "status": "PASS",
      "error": null
    },
    {
      "name": "initialization",
      "status": "PASS",
      "error": null
    },
    {
      "name": "builtins",
      "status": "PASS",
      "error": null
    },
    {
      "name": "remote_sources",
      "status": "PASS",
      "error": null
    },
    {
      "name": "installed_pins",
      "status": "PASS",
      "error": null
    },
    {
      "name": "overrides",
      "status": "PASS",
      "error": null
    },
    {
      "name": "artifacts",
      "status": "PASS",
      "error": null
    },
    {
      "name": "artifact_sources",
      "status": "PASS",
      "error": null
    }
  ],
  "status": "COMPILE_CHECKED",
  "first_error": null,
  "compiler_calls": 1,
  "query_calls": 1,
  "transport_calls": 25,
  "artifacts": "/home/arduino/sumox26_codex_build/match-static-match-m1-9fceb7202abf/artifacts",
  "receipt": "C:\\Users\\narut\\AppData\\Local\\Temp\\sumox-b7-match-native-20260927\\state\\analysis\\P7_match_static_raw\\match-static-match-m1-9fceb7202abf\\artifacts.json",
  "finished_utc": "2026-09-27T04:04:22.245069+00:00"
}
