SUMOX26_DUMP,1,8651,86,1,25,5001,4096,155,7
SH,8651,schema_version,epoch_token,last_frame_token,release_us,mode,phase,observed_results,missing_results,rejected_results,identity_rejected,malformed_batches,event_semantic_rejected,upstream_event_rejected,upstream_event_invalid,source_regressions,skipped_frames,ticks,overruns,tick_max_us,ticks_saturated,upstream_event_overflow,timing_incomplete,recording_incomplete,go_seen,final_frame_missing,interrupted,terminal_exhausted,frame_count,frame_overwritten,frame_rejected_status,frame_clamped,frame_invalid,event_count,event_overflow,event_rejected,incomplete
SR,8651,1,86,6227,95331,1,3,6143,0,0,0,0,0,0,0,0,0,1042,0,338,0,0,0,0,1,0,0,0,155,0,0,0,0,7,0,0,0
FH,8651,schema_version,ordinal,pack_status,t_ms,state,mode,line_mask,opp_mask,heading_cdeg,gyro_z_dps10,ax_mg,ay_mg,duty_l_127,duty_r_127,vbat_cv,flags,tick_max_us,raw_hex
FR,8651,1,0,0,0,2,1,0,0,0,0,0,0,0,0,915,80,0,00000000020100000000000000000000000000009303500000
FR,8651,1,1,0,40,2,1,0,0,0,0,0,0,0,0,915,80,0,28000000020100000000000000000000000000009303500000
FR,8651,1,2,0,80,2,1,0,0,0,0,0,0,0,0,915,80,0,50000000020100000000000000000000000000009303500000
FR,8651,1,3,0,120,2,1,0,0,0,0,0,0,0,0,915,80,0,78000000020100000000000000000000000000009303500000
FR,8651,1,4,0,160,2,1,0,0,0,0,0,0,0,0,915,80,0,a0000000020100000000000000000000000000009303500000
FR,8651,1,5,0,200,2,1,0,0,0,0,0,0,0,0,915,80,0,c8000000020100000000000000000000000000009303500000
FR,8651,1,6,0,240,2,1,0,0,0,0,0,0,0,0,915,80,0,f0000000020100000000000000000000000000009303500000
FR,8651,1,7,0,280,2,1,0,0,0,0,0,0,0,0,915,80,0,18010000020100000000000000000000000000009303500000
FR,8651,1,8,0,320,2,1,0,0,0,0,0,0,0,0,915,80,0,40010000020100000000000000000000000000009303500000
FR,8651,1,9,0,360,2,1,0,0,0,0,0,0,0,0,915,80,0,68010000020100000000000000000000000000009303500000
FR,8651,1,10,0,400,2,1,0,0,0,0,0,0,0,0,915,80,0,90010000020100000000000000000000000000009303500000
FR,8651,1,11,0,440,2,1,0,0,0,0,0,0,0,0,915,80,0,b8010000020100000000000000000000000000009303500000
FR,8651,1,12,0,480,2,1,0,0,0,0,0,0,0,0,915,80,0,e0010000020100000000000000000000000000009303500000
FR,8651,1,13,0,520,2,1,0,0,0,0,0,0,0,0,915,80,0,08020000020100000000000000000000000000009303500000
FR,8651,1,14,0,560,2,1,0,0,0,0,0,0,0,0,915,80,0,30020000020100000000000000000000000000009303500000
FR,8651,1,15,0,600,2,1,0,0,0,0,0,0,0,0,915,80,0,58020000020100000000000000000000000000009303500000
FR,8651,1,16,0,640,2,1,0,0,0,0,0,0,0,0,915,80,0,80020000020100000000000000000000000000009303500000
FR,8651,1,17,0,680,2,1,0,0,0,0,0,0,0,0,915,80,0,a8020000020100000000000000000000000000009303500000
FR,8651,1,18,0,720,2,1,0,0,0,0,0,0,0,0,915,80,0,d0020000020100000000000000000000000000009303500000
FR,8651,1,19,0,760,2,1,0,0,0,0,0,0,0,0,915,80,0,f8020000020100000000000000000000000000009303500000
FR,8651,1,20,0,800,2,1,0,0,0,0,0,0,0,0,915,80,0,20030000020100000000000000000000000000009303500000
FR,8651,1,21,0,840,2,1,0,0,0,0,0,0,0,0,915,80,0,48030000020100000000000000000000000000009303500000
FR,8651,1,22,0,880,2,1,0,0,0,0,0,0,0,0,915,80,0,70030000020100000000000000000000000000009303500000
FR,8651,1,23,0,920,2,1,0,0,0,0,0,0,0,0,915,80,0,98030000020100000000000000000000000000009303500000
FR,8651,1,24,0,960,2,1,0,0,0,0,0,0,0,0,915,80,0,c0030000020100000000000000000000000000009303500000
FR,8651,1,25,0,1000,2,1,0,0,0,0,0,0,0,0,915,80,0,e8030000020100000000000000000000000000009303500000
FR,8651,1,26,0,1040,2,1,0,0,0,0,0,0,0,0,915,80,0,10040000020100000000000000000000000000009303500000
FR,8651,1,27,0,1080,2,1,0,0,0,0,0,0,0,0,915,80,0,38040000020100000000000000000000000000009303500000
FR,8651,1,28,0,1120,2,1,0,0,0,0,0,0,0,0,915,80,0,60040000020100000000000000000000000000009303500000
FR,8651,1,29,0,1160,2,1,0,0,0,0,0,0,0,0,915,80,0,88040000020100000000000000000000000000009303500000
FR,8651,1,30,0,1200,2,1,0,0,0,0,0,0,0,0,915,80,0,b0040000020100000000000000000000000000009303500000
FR,8651,1,31,0,1240,2,1,0,0,0,0,0,0,0,0,915,80,0,d8040000020100000000000000000000000000009303500000
FR,8651,1,32,0,1280,2,1,0,0,0,0,0,0,0,0,915,80,0,00050000020100000000000000000000000000009303500000
FR,8651,1,33,0,1320,2,1,0,0,0,0,0,0,0,0,915,80,0,28050000020100000000000000000000000000009303500000
FR,8651,1,34,0,1360,2,1,0,0,0,0,0,0,0,0,915,80,0,50050000020100000000000000000000000000009303500000
FR,8651,1,35,0,1400,2,1,0,0,0,0,0,0,0,0,915,80,0,78050000020100000000000000000000000000009303500000
FR,8651,1,36,0,1440,2,1,0,0,0,0,0,0,0,0,915,80,0,a0050000020100000000000000000000000000009303500000
FR,8651,1,37,0,1480,2,1,0,0,0,0,0,0,0,0,915,80,0,c8050000020100000000000000000000000000009303500000
FR,8651,1,38,0,1520,2,1,0,0,0,0,0,0,0,0,915,80,0,f0050000020100000000000000000000000000009303500000
FR,8651,1,39,0,1560,2,1,0,0,0,0,0,0,0,0,915,80,0,18060000020100000000000000000000000000009303500000
FR,8651,1,40,0,1600,2,1,0,0,0,0,0,0,0,0,915,80,0,40060000020100000000000000000000000000009303500000
FR,8651,1,41,0,1640,2,1,0,0,0,0,0,0,0,0,915,80,0,68060000020100000000000000000000000000009303500000
FR,8651,1,42,0,1680,2,1,0,0,0,0,0,0,0,0,915,80,0,90060000020100000000000000000000000000009303500000
FR,8651,1,43,0,1720,2,1,0,0,0,0,0,0,0,0,915,80,0,b8060000020100000000000000000000000000009303500000
FR,8651,1,44,0,1760,2,1,0,0,0,0,0,0,0,0,915,80,0,e0060000020100000000000000000000000000009303500000
FR,8651,1,45,0,1800,2,1,0,0,0,0,0,0,0,0,915,80,0,08070000020100000000000000000000000000009303500000
FR,8651,1,46,0,1840,2,1,0,0,0,0,0,0,0,0,915,80,0,30070000020100000000000000000000000000009303500000
FR,8651,1,47,0,1880,2,1,0,0,0,0,0,0,0,0,915,80,0,58070000020100000000000000000000000000009303500000
FR,8651,1,48,0,1920,2,1,0,0,0,0,0,0,0,0,915,80,0,80070000020100000000000000000000000000009303500000
FR,8651,1,49,0,1960,2,1,0,0,0,0,0,0,0,0,915,80,0,a8070000020100000000000000000000000000009303500000
FR,8651,1,50,0,2000,2,1,0,0,0,0,0,0,0,0,915,80,0,d0070000020100000000000000000000000000009303500000
FR,8651,1,51,0,2040,2,1,0,0,0,0,0,0,0,0,915,80,0,f8070000020100000000000000000000000000009303500000
FR,8651,1,52,0,2080,2,1,0,0,0,0,0,0,0,0,915,80,0,20080000020100000000000000000000000000009303500000
FR,8651,1,53,0,2120,2,1,0,0,0,0,0,0,0,0,915,80,0,48080000020100000000000000000000000000009303500000
FR,8651,1,54,0,2160,2,1,0,0,0,0,0,0,0,0,915,80,0,70080000020100000000000000000000000000009303500000
FR,8651,1,55,0,2200,2,1,0,0,0,0,0,0,0,0,915,80,0,98080000020100000000000000000000000000009303500000
FR,8651,1,56,0,2240,2,1,0,0,0,0,0,0,0,0,915,80,0,c0080000020100000000000000000000000000009303500000
FR,8651,1,57,0,2280,2,1,0,0,0,0,0,0,0,0,915,80,0,e8080000020100000000000000000000000000009303500000
FR,8651,1,58,0,2320,2,1,0,0,0,0,0,0,0,0,915,80,0,10090000020100000000000000000000000000009303500000
FR,8651,1,59,0,2360,2,1,0,0,0,0,0,0,0,0,915,80,0,38090000020100000000000000000000000000009303500000
FR,8651,1,60,0,2400,2,1,0,0,0,0,0,0,0,0,915,80,0,60090000020100000000000000000000000000009303500000
FR,8651,1,61,0,2440,2,1,0,0,0,0,0,0,0,0,915,80,0,88090000020100000000000000000000000000009303500000
FR,8651,1,62,0,2480,2,1,0,0,0,0,0,0,0,0,915,80,0,b0090000020100000000000000000000000000009303500000
FR,8651,1,63,0,2520,2,1,0,0,0,0,0,0,0,0,915,80,0,d8090000020100000000000000000000000000009303500000
FR,8651,1,64,0,2560,2,1,0,0,0,0,0,0,0,0,915,80,0,000a0000020100000000000000000000000000009303500000
FR,8651,1,65,0,2600,2,1,0,0,0,0,0,0,0,0,915,80,0,280a0000020100000000000000000000000000009303500000
FR,8651,1,66,0,2640,2,1,0,0,0,0,0,0,0,0,915,80,0,500a0000020100000000000000000000000000009303500000
FR,8651,1,67,0,2680,2,1,0,0,0,0,0,0,0,0,915,80,0,780a0000020100000000000000000000000000009303500000
FR,8651,1,68,0,2720,2,1,0,0,0,0,0,0,0,0,915,80,0,a00a0000020100000000000000000000000000009303500000
FR,8651,1,69,0,2760,2,1,0,0,0,0,0,0,0,0,915,80,0,c80a0000020100000000000000000000000000009303500000
FR,8651,1,70,0,2800,2,1,0,0,0,0,0,0,0,0,915,80,0,f00a0000020100000000000000000000000000009303500000
FR,8651,1,71,0,2840,2,1,0,0,0,0,0,0,0,0,915,80,0,180b0000020100000000000000000000000000009303500000
FR,8651,1,72,0,2880,2,1,0,0,0,0,0,0,0,0,915,80,0,400b0000020100000000000000000000000000009303500000
FR,8651,1,73,0,2920,2,1,0,0,0,0,0,0,0,0,915,80,0,680b0000020100000000000000000000000000009303500000
FR,8651,1,74,0,2960,2,1,0,0,0,0,0,0,0,0,915,80,0,900b0000020100000000000000000000000000009303500000
FR,8651,1,75,0,3000,2,1,0,0,0,0,0,0,0,0,915,80,0,b80b0000020100000000000000000000000000009303500000
FR,8651,1,76,0,3040,2,1,0,0,0,0,0,0,0,0,915,80,0,e00b0000020100000000000000000000000000009303500000
FR,8651,1,77,0,3080,2,1,0,0,0,0,0,0,0,0,915,80,0,080c0000020100000000000000000000000000009303500000
FR,8651,1,78,0,3120,2,1,0,0,0,0,0,0,0,0,915,80,0,300c0000020100000000000000000000000000009303500000
FR,8651,1,79,0,3160,2,1,0,0,0,0,0,0,0,0,915,80,0,580c0000020100000000000000000000000000009303500000
FR,8651,1,80,0,3200,2,1,0,0,0,0,0,0,0,0,915,80,0,800c0000020100000000000000000000000000009303500000
FR,8651,1,81,0,3240,2,1,0,0,0,0,0,0,0,0,915,80,0,a80c0000020100000000000000000000000000009303500000
FR,8651,1,82,0,3280,2,1,0,0,0,0,0,0,0,0,915,80,0,d00c0000020100000000000000000000000000009303500000
FR,8651,1,83,0,3320,2,1,0,0,0,0,0,0,0,0,915,80,0,f80c0000020100000000000000000000000000009303500000
FR,8651,1,84,0,3360,2,1,0,0,0,0,0,0,0,0,915,80,0,200d0000020100000000000000000000000000009303500000
FR,8651,1,85,0,3400,2,1,0,0,0,0,0,0,0,0,915,80,0,480d0000020100000000000000000000000000009303500000
FR,8651,1,86,0,3440,2,1,0,0,0,0,0,0,0,0,915,80,0,700d0000020100000000000000000000000000009303500000
FR,8651,1,87,0,3480,2,1,0,0,0,0,0,0,0,0,915,80,0,980d0000020100000000000000000000000000009303500000
FR,8651,1,88,0,3520,2,1,0,0,0,0,0,0,0,0,915,80,0,c00d0000020100000000000000000000000000009303500000
FR,8651,1,89,0,3560,2,1,0,0,0,0,0,0,0,0,915,80,0,e80d0000020100000000000000000000000000009303500000
FR,8651,1,90,0,3600,2,1,0,0,0,0,0,0,0,0,915,80,0,100e0000020100000000000000000000000000009303500000
FR,8651,1,91,0,3640,2,1,0,0,0,0,0,0,0,0,915,80,0,380e0000020100000000000000000000000000009303500000
FR,8651,1,92,0,3680,2,1,0,0,0,0,0,0,0,0,915,80,0,600e0000020100000000000000000000000000009303500000
FR,8651,1,93,0,3720,2,1,0,0,0,0,0,0,0,0,915,80,0,880e0000020100000000000000000000000000009303500000
FR,8651,1,94,0,3760,2,1,0,0,0,0,0,0,0,0,915,80,0,b00e0000020100000000000000000000000000009303500000
FR,8651,1,95,0,3800,2,1,0,0,0,0,0,0,0,0,915,80,0,d80e0000020100000000000000000000000000009303500000
FR,8651,1,96,0,3840,2,1,0,0,0,0,0,0,0,0,915,80,0,000f0000020100000000000000000000000000009303500000
FR,8651,1,97,0,3880,2,1,0,0,0,0,0,0,0,0,915,80,0,280f0000020100000000000000000000000000009303500000
FR,8651,1,98,0,3920,2,1,0,0,0,0,0,0,0,0,915,80,0,500f0000020100000000000000000000000000009303500000
FR,8651,1,99,0,3960,2,1,0,0,0,0,0,0,0,0,915,80,0,780f0000020100000000000000000000000000009303500000
FR,8651,1,100,0,4000,2,1,0,0,0,0,0,0,0,0,915,80,0,a00f0000020100000000000000000000000000009303500000
FR,8651,1,101,0,4040,2,1,0,0,0,0,0,0,0,0,915,80,0,c80f0000020100000000000000000000000000009303500000
FR,8651,1,102,0,4080,2,1,0,0,0,0,0,0,0,0,915,80,0,f00f0000020100000000000000000000000000009303500000
FR,8651,1,103,0,4120,2,1,0,0,0,0,0,0,0,0,915,80,0,18100000020100000000000000000000000000009303500000
FR,8651,1,104,0,4160,2,1,0,0,0,0,0,0,0,0,915,80,0,40100000020100000000000000000000000000009303500000
FR,8651,1,105,0,4200,2,1,0,0,0,0,0,0,0,0,915,80,0,68100000020100000000000000000000000000009303500000
FR,8651,1,106,0,4240,2,1,0,0,0,0,0,0,0,0,915,80,0,90100000020100000000000000000000000000009303500000
FR,8651,1,107,0,4280,2,1,0,0,0,0,0,0,0,0,915,80,0,b8100000020100000000000000000000000000009303500000
FR,8651,1,108,0,4320,2,1,0,0,0,0,0,0,0,0,915,80,0,e0100000020100000000000000000000000000009303500000
FR,8651,1,109,0,4360,2,1,0,0,0,0,0,0,0,0,915,80,0,08110000020100000000000000000000000000009303500000
FR,8651,1,110,0,4400,2,1,0,0,0,0,0,0,0,0,915,80,0,30110000020100000000000000000000000000009303500000
FR,8651,1,111,0,4440,2,1,0,0,0,0,0,0,0,0,915,80,0,58110000020100000000000000000000000000009303500000
FR,8651,1,112,0,4480,2,1,0,0,0,0,0,0,0,0,915,80,0,80110000020100000000000000000000000000009303500000
FR,8651,1,113,0,4520,2,1,0,0,0,0,0,0,0,0,915,88,0,a8110000020100000000000000000000000000009303580000
FR,8651,1,114,0,4560,2,1,0,0,0,0,0,0,0,0,915,88,0,d0110000020100000000000000000000000000009303580000
FR,8651,1,115,0,4600,2,1,0,0,0,0,0,0,0,0,915,88,0,f8110000020100000000000000000000000000009303580000
FR,8651,1,116,0,4640,2,1,0,0,0,0,0,0,0,0,915,88,0,20120000020100000000000000000000000000009303580000
FR,8651,1,117,0,4680,2,1,0,0,0,0,0,0,0,0,915,88,0,48120000020100000000000000000000000000009303580000
FR,8651,1,118,0,4720,2,1,0,0,0,0,0,0,0,0,915,88,0,70120000020100000000000000000000000000009303580000
FR,8651,1,119,0,4760,2,1,0,0,0,0,0,0,0,0,915,88,0,98120000020100000000000000000000000000009303580000
FR,8651,1,120,0,4800,2,1,0,0,0,0,0,0,0,0,915,88,0,c0120000020100000000000000000000000000009303580000
FR,8651,1,121,0,4840,2,1,0,0,0,0,0,0,0,0,915,88,0,e8120000020100000000000000000000000000009303580000
FR,8651,1,122,0,4880,2,1,0,0,0,0,0,0,0,0,915,88,0,10130000020100000000000000000000000000009303580000
FR,8651,1,123,0,4920,2,1,0,0,0,0,0,0,0,0,915,88,0,38130000020100000000000000000000000000009303580000
FR,8651,1,124,0,4960,2,1,0,0,0,0,0,0,0,0,915,88,0,60130000020100000000000000000000000000009303580000
FR,8651,1,125,0,5000,2,1,0,0,0,0,0,0,0,0,915,88,0,88130000020100000000000000000000000000009303580000
FR,8651,1,126,0,5040,2,1,0,0,0,0,0,0,0,0,915,88,0,b0130000020100000000000000000000000000009303580000
FR,8651,1,127,0,5080,2,1,0,0,0,0,0,0,0,0,915,88,0,d8130000020100000000000000000000000000009303580000
FR,8651,1,128,0,5120,3,1,0,0,0,0,0,0,0,0,915,88,338,00140000030100000000000000000000000000009303585201
FR,8651,1,129,0,5160,3,1,0,0,0,0,0,0,0,0,915,88,338,28140000030100000000000000000000000000009303585201
FR,8651,1,130,0,5200,3,1,0,0,0,0,0,0,0,0,915,88,338,50140000030100000000000000000000000000009303585201
FR,8651,1,131,0,5240,3,1,0,0,0,0,0,0,0,0,915,88,338,78140000030100000000000000000000000000009303585201
FR,8651,1,132,0,5280,3,1,0,0,0,0,0,0,0,0,915,88,338,a0140000030100000000000000000000000000009303585201
FR,8651,1,133,0,5320,3,1,0,0,0,0,0,0,0,0,915,88,338,c8140000030100000000000000000000000000009303585201
FR,8651,1,134,0,5360,3,1,0,0,0,0,0,0,0,0,915,88,338,f0140000030100000000000000000000000000009303585201
FR,8651,1,135,0,5400,3,1,0,0,0,0,0,0,0,0,915,88,338,18150000030100000000000000000000000000009303585201
FR,8651,1,136,0,5440,3,1,0,0,0,0,0,0,0,0,915,88,338,40150000030100000000000000000000000000009303585201
FR,8651,1,137,0,5480,3,1,0,0,0,0,0,0,0,0,915,88,338,68150000030100000000000000000000000000009303585201
FR,8651,1,138,0,5520,3,1,0,0,0,0,0,0,0,0,915,88,338,90150000030100000000000000000000000000009303585201
FR,8651,1,139,0,5560,3,1,0,0,0,0,0,0,0,0,915,88,338,b8150000030100000000000000000000000000009303585201
FR,8651,1,140,0,5600,3,1,0,0,0,0,0,0,0,0,915,88,338,e0150000030100000000000000000000000000009303585201
FR,8651,1,141,0,5640,3,1,0,0,0,0,0,0,0,0,915,88,338,08160000030100000000000000000000000000009303585201
FR,8651,1,142,0,5680,4,1,0,0,0,0,0,0,0,0,915,88,338,30160000040100000000000000000000000000009303585201
FR,8651,1,143,0,5720,4,1,0,0,0,0,0,0,0,0,915,88,338,58160000040100000000000000000000000000009303585201
FR,8651,1,144,0,5760,4,1,0,0,0,0,0,0,0,0,915,88,338,80160000040100000000000000000000000000009303585201
FR,8651,1,145,0,5800,4,1,0,0,0,0,0,0,0,0,915,88,338,a8160000040100000000000000000000000000009303585201
FR,8651,1,146,0,5840,4,1,0,0,0,0,0,0,0,0,915,88,338,d0160000040100000000000000000000000000009303585201
FR,8651,1,147,0,5880,4,1,0,0,0,0,0,0,0,0,915,88,338,f8160000040100000000000000000000000000009303585201
FR,8651,1,148,0,5920,4,1,0,0,0,0,0,0,0,0,915,88,338,20170000040100000000000000000000000000009303585201
FR,8651,1,149,0,5960,4,1,0,0,0,0,0,0,0,0,915,88,338,48170000040100000000000000000000000000009303585201
FR,8651,1,150,0,6000,4,1,0,0,0,0,0,0,0,0,915,88,338,70170000040100000000000000000000000000009303585201
FR,8651,1,151,0,6040,4,1,0,0,0,0,0,0,0,0,915,88,338,98170000040100000000000000000000000000009303585201
FR,8651,1,152,0,6080,4,1,0,0,0,0,0,0,0,0,915,88,338,c0170000040100000000000000000000000000009303585201
FR,8651,1,153,0,6120,4,1,0,0,0,0,0,0,0,0,915,88,338,e8170000040100000000000000000000000000009303585201
FR,8651,1,154,0,6140,10,1,0,0,0,0,0,0,0,0,915,88,338,fc1700000a0100000000000000000000000000009303585201
EH,8651,schema_version,ordinal,t_us,type,detail,value,raw_hex
ER,8651,1,0,95331,0,1,0,6374010000010000
ER,8651,1,1,95331,3,1,2,6374010003010200
ER,8651,1,2,4595331,9,5,1,831e460009050100
ER,8651,1,3,5195331,1,1,0,43464f0001010000
ER,8651,1,4,5195331,3,2,3,43464f0003020300
ER,8651,1,5,5765331,3,3,4,d3f8570003030400
ER,8651,1,6,6236033,3,4,10,81275f0003040a00
END,8651,155,7,887492124
