
Symbol table '.symtab' contains 1250 entries:
   Num:    Value  Size Type    Bind   Vis      Ndx Name
     0: 00000000     0 NOTYPE  LOCAL  DEFAULT  UND 
     1: 00000000     0 SECTION LOCAL  DEFAULT    1 .rodata
     2: 00000000     0 SECTION LOCAL  DEFAULT    3 .llext.rodata.noreloc
     3: 00000000     0 SECTION LOCAL  DEFAULT    7 .data
     4: 00004b88     0 NOTYPE  LOCAL  DEFAULT    4 $t
     5: 00004b89   212 FUNC    LOCAL  DEFAULT    4 _ZN6zephyr7arduinoL29init_device_with_dependenciesEPK6device
     6: 00004c40     0 NOTYPE  LOCAL  DEFAULT    4 $d
     7: 00000000   136 OBJECT  LOCAL  DEFAULT    1 _ZN6zephyr7arduinoL11pinctrl_mapE
     8: 00004c5c     0 NOTYPE  LOCAL  DEFAULT    4 $t
     9: 00004c68     0 NOTYPE  LOCAL  DEFAULT    4 $d
    10: 00000000     0 NOTYPE  LOCAL  DEFAULT    1 $d
    11: 000001b0     8 OBJECT  LOCAL  DEFAULT    1 _ZN6zephyr7arduinoL39__pinctrl_dev_config__device_dts_ord_73E
    12: 000001a8     8 OBJECT  LOCAL  DEFAULT    1 _ZN6zephyr7arduinoL39__pinctrl_dev_config__device_dts_ord_70E
    13: 000001b8     8 OBJECT  LOCAL  DEFAULT    1 _ZN6zephyr7arduinoL39__pinctrl_dev_config__device_dts_ord_78E
    14: 000001c0     8 OBJECT  LOCAL  DEFAULT    1 _ZN6zephyr7arduinoL39__pinctrl_dev_config__device_dts_ord_83E
    15: 000001c8     8 OBJECT  LOCAL  DEFAULT    1 _ZN6zephyr7arduinoL39__pinctrl_dev_config__device_dts_ord_88E
    16: 00000188     8 OBJECT  LOCAL  DEFAULT    1 _ZN6zephyr7arduinoL39__pinctrl_dev_config__device_dts_ord_30E
    17: 00000190     8 OBJECT  LOCAL  DEFAULT    1 _ZN6zephyr7arduinoL39__pinctrl_dev_config__device_dts_ord_34E
    18: 00000198     8 OBJECT  LOCAL  DEFAULT    1 _ZN6zephyr7arduinoL39__pinctrl_dev_config__device_dts_ord_40E
    19: 000001f0     8 OBJECT  LOCAL  DEFAULT    1 _ZN6zephyr7arduinoL40__pinctrl_dev_config__device_dts_ord_120E
    20: 000001d0     8 OBJECT  LOCAL  DEFAULT    1 _ZN6zephyr7arduinoL40__pinctrl_dev_config__device_dts_ord_100E
    21: 000001d8     8 OBJECT  LOCAL  DEFAULT    1 _ZN6zephyr7arduinoL40__pinctrl_dev_config__device_dts_ord_105E
    22: 000001e0     8 OBJECT  LOCAL  DEFAULT    1 _ZN6zephyr7arduinoL40__pinctrl_dev_config__device_dts_ord_109E
    23: 000001e8     8 OBJECT  LOCAL  DEFAULT    1 _ZN6zephyr7arduinoL40__pinctrl_dev_config__device_dts_ord_114E
    24: 000001f8     8 OBJECT  LOCAL  DEFAULT    1 _ZN6zephyr7arduinoL40__pinctrl_dev_config__device_dts_ord_123E
    25: 00000180     8 OBJECT  LOCAL  DEFAULT    1 _ZN6zephyr7arduinoL39__pinctrl_dev_config__device_dts_ord_17E
    26: 000001a0     8 OBJECT  LOCAL  DEFAULT    1 _ZN6zephyr7arduinoL39__pinctrl_dev_config__device_dts_ord_61E
    27: 000001a0     0 NOTYPE  LOCAL  DEFAULT    1 $d
    28: 000000c0     8 OBJECT  LOCAL  DEFAULT    1 _ZN6zephyr7arduinoL35__pinctrl_states__device_dts_ord_61E
    29: 000000c0     0 NOTYPE  LOCAL  DEFAULT    1 $d
    30: 00000128    16 OBJECT  LOCAL  DEFAULT    3 _ZN6zephyr7arduinoL41__pinctrl_state_pins_0__device_dts_ord_61E
    31: 00000128     0 NOTYPE  LOCAL  DEFAULT    3 $d
    32: 00000180     0 NOTYPE  LOCAL  DEFAULT    1 $d
    33: 00000088    24 OBJECT  LOCAL  DEFAULT    1 _ZN6zephyr7arduinoL35__pinctrl_states__device_dts_ord_17E
    34: 00000088     0 NOTYPE  LOCAL  DEFAULT    1 $d
    35: 000000f8     0 OBJECT  LOCAL  DEFAULT    3 _ZN6zephyr7arduinoL41__pinctrl_state_pins_0__device_dts_ord_17E
    36: 000001b8     0 OBJECT  LOCAL  DEFAULT    3 _ZN6zephyr7arduinoL41__pinctrl_state_pins_1__device_dts_ord_17E
    37: 000001c8    48 OBJECT  LOCAL  DEFAULT    3 _ZN6zephyr7arduinoL41__pinctrl_state_pins_2__device_dts_ord_17E
    38: 000001c8     0 NOTYPE  LOCAL  DEFAULT    3 $d
    39: 000001f8     0 NOTYPE  LOCAL  DEFAULT    1 $d
    40: 00000168    24 OBJECT  LOCAL  DEFAULT    1 _ZN6zephyr7arduinoL36__pinctrl_states__device_dts_ord_123E
    41: 00000168     0 NOTYPE  LOCAL  DEFAULT    1 $d
    42: 000001f8     0 OBJECT  LOCAL  DEFAULT    3 _ZN6zephyr7arduinoL42__pinctrl_state_pins_0__device_dts_ord_123E
    43: 000001f8     0 OBJECT  LOCAL  DEFAULT    3 _ZN6zephyr7arduinoL42__pinctrl_state_pins_1__device_dts_ord_123E
    44: 00000270     8 OBJECT  LOCAL  DEFAULT    3 _ZN6zephyr7arduinoL42__pinctrl_state_pins_2__device_dts_ord_123E
    45: 00000270     0 NOTYPE  LOCAL  DEFAULT    3 $d
    46: 000001e8     0 NOTYPE  LOCAL  DEFAULT    1 $d
    47: 00000138    24 OBJECT  LOCAL  DEFAULT    1 _ZN6zephyr7arduinoL36__pinctrl_states__device_dts_ord_114E
    48: 00000138     0 NOTYPE  LOCAL  DEFAULT    1 $d
    49: 000001f8     0 OBJECT  LOCAL  DEFAULT    3 _ZN6zephyr7arduinoL42__pinctrl_state_pins_0__device_dts_ord_114E
    50: 000001f8     0 OBJECT  LOCAL  DEFAULT    3 _ZN6zephyr7arduinoL42__pinctrl_state_pins_1__device_dts_ord_114E
    51: 00000238    24 OBJECT  LOCAL  DEFAULT    3 _ZN6zephyr7arduinoL42__pinctrl_state_pins_2__device_dts_ord_114E
    52: 00000238     0 NOTYPE  LOCAL  DEFAULT    3 $d
    53: 000001e0     0 NOTYPE  LOCAL  DEFAULT    1 $d
    54: 00000120    24 OBJECT  LOCAL  DEFAULT    1 _ZN6zephyr7arduinoL36__pinctrl_states__device_dts_ord_109E
    55: 00000120     0 NOTYPE  LOCAL  DEFAULT    1 $d
    56: 000001f8     0 OBJECT  LOCAL  DEFAULT    3 _ZN6zephyr7arduinoL42__pinctrl_state_pins_0__device_dts_ord_109E
    57: 000001f8     0 OBJECT  LOCAL  DEFAULT    3 _ZN6zephyr7arduinoL42__pinctrl_state_pins_1__device_dts_ord_109E
    58: 00000228    16 OBJECT  LOCAL  DEFAULT    3 _ZN6zephyr7arduinoL42__pinctrl_state_pins_2__device_dts_ord_109E
    59: 00000228     0 NOTYPE  LOCAL  DEFAULT    3 $d
    60: 000001d8     0 NOTYPE  LOCAL  DEFAULT    1 $d
    61: 00000108    24 OBJECT  LOCAL  DEFAULT    1 _ZN6zephyr7arduinoL36__pinctrl_states__device_dts_ord_105E
    62: 00000108     0 NOTYPE  LOCAL  DEFAULT    1 $d
    63: 000001f8     0 OBJECT  LOCAL  DEFAULT    3 _ZN6zephyr7arduinoL42__pinctrl_state_pins_0__device_dts_ord_105E
    64: 000001f8     0 OBJECT  LOCAL  DEFAULT    3 _ZN6zephyr7arduinoL42__pinctrl_state_pins_1__device_dts_ord_105E
    65: 00000210    24 OBJECT  LOCAL  DEFAULT    3 _ZN6zephyr7arduinoL42__pinctrl_state_pins_2__device_dts_ord_105E
    66: 00000210     0 NOTYPE  LOCAL  DEFAULT    3 $d
    67: 000001d0     0 NOTYPE  LOCAL  DEFAULT    1 $d
    68: 000000f0    24 OBJECT  LOCAL  DEFAULT    1 _ZN6zephyr7arduinoL36__pinctrl_states__device_dts_ord_100E
    69: 000000f0     0 NOTYPE  LOCAL  DEFAULT    1 $d
    70: 000001f8     0 OBJECT  LOCAL  DEFAULT    3 _ZN6zephyr7arduinoL42__pinctrl_state_pins_0__device_dts_ord_100E
    71: 000001f8     0 OBJECT  LOCAL  DEFAULT    3 _ZN6zephyr7arduinoL42__pinctrl_state_pins_1__device_dts_ord_100E
    72: 000001f8    24 OBJECT  LOCAL  DEFAULT    3 _ZN6zephyr7arduinoL42__pinctrl_state_pins_2__device_dts_ord_100E
    73: 000001f8     0 NOTYPE  LOCAL  DEFAULT    3 $d
    74: 000001f0     0 NOTYPE  LOCAL  DEFAULT    1 $d
    75: 00000150    24 OBJECT  LOCAL  DEFAULT    1 _ZN6zephyr7arduinoL36__pinctrl_states__device_dts_ord_120E
    76: 00000150     0 NOTYPE  LOCAL  DEFAULT    1 $d
    77: 000001f8     0 OBJECT  LOCAL  DEFAULT    3 _ZN6zephyr7arduinoL42__pinctrl_state_pins_0__device_dts_ord_120E
    78: 000001f8     0 OBJECT  LOCAL  DEFAULT    3 _ZN6zephyr7arduinoL42__pinctrl_state_pins_1__device_dts_ord_120E
    79: 00000250    32 OBJECT  LOCAL  DEFAULT    3 _ZN6zephyr7arduinoL42__pinctrl_state_pins_2__device_dts_ord_120E
    80: 00000250     0 NOTYPE  LOCAL  DEFAULT    3 $d
    81: 00000198     0 NOTYPE  LOCAL  DEFAULT    1 $d
    82: 000000b0    16 OBJECT  LOCAL  DEFAULT    1 _ZN6zephyr7arduinoL35__pinctrl_states__device_dts_ord_40E
    83: 000000b0     0 NOTYPE  LOCAL  DEFAULT    1 $d
    84: 00000118    16 OBJECT  LOCAL  DEFAULT    3 _ZN6zephyr7arduinoL41__pinctrl_state_pins_0__device_dts_ord_40E
    85: 000001b8    16 OBJECT  LOCAL  DEFAULT    3 _ZN6zephyr7arduinoL41__pinctrl_state_pins_1__device_dts_ord_40E
    86: 000001b8     0 NOTYPE  LOCAL  DEFAULT    3 $d
    87: 00000118     0 NOTYPE  LOCAL  DEFAULT    3 $d
    88: 00000190     0 NOTYPE  LOCAL  DEFAULT    1 $d
    89: 000000a8     8 OBJECT  LOCAL  DEFAULT    1 _ZN6zephyr7arduinoL35__pinctrl_states__device_dts_ord_34E
    90: 000000a8     0 NOTYPE  LOCAL  DEFAULT    1 $d
    91: 00000108    16 OBJECT  LOCAL  DEFAULT    3 _ZN6zephyr7arduinoL41__pinctrl_state_pins_0__device_dts_ord_34E
    92: 00000108     0 NOTYPE  LOCAL  DEFAULT    3 $d
    93: 00000188     0 NOTYPE  LOCAL  DEFAULT    1 $d
    94: 000000a0     8 OBJECT  LOCAL  DEFAULT    1 _ZN6zephyr7arduinoL35__pinctrl_states__device_dts_ord_30E
    95: 000000a0     0 NOTYPE  LOCAL  DEFAULT    1 $d
    96: 000000f8    16 OBJECT  LOCAL  DEFAULT    3 _ZN6zephyr7arduinoL41__pinctrl_state_pins_0__device_dts_ord_30E
    97: 000000f8     0 NOTYPE  LOCAL  DEFAULT    3 $d
    98: 000001c8     0 NOTYPE  LOCAL  DEFAULT    1 $d
    99: 000000e8     8 OBJECT  LOCAL  DEFAULT    1 _ZN6zephyr7arduinoL35__pinctrl_states__device_dts_ord_88E
   100: 000000e8     0 NOTYPE  LOCAL  DEFAULT    1 $d
   101: 00000198    32 OBJECT  LOCAL  DEFAULT    3 _ZN6zephyr7arduinoL41__pinctrl_state_pins_0__device_dts_ord_88E
   102: 00000198     0 NOTYPE  LOCAL  DEFAULT    3 $d
   103: 000001c0     0 NOTYPE  LOCAL  DEFAULT    1 $d
   104: 000000e0     8 OBJECT  LOCAL  DEFAULT    1 _ZN6zephyr7arduinoL35__pinctrl_states__device_dts_ord_83E
   105: 000000e0     0 NOTYPE  LOCAL  DEFAULT    1 $d
   106: 00000178    32 OBJECT  LOCAL  DEFAULT    3 _ZN6zephyr7arduinoL41__pinctrl_state_pins_0__device_dts_ord_83E
   107: 00000178     0 NOTYPE  LOCAL  DEFAULT    3 $d
   108: 000001b8     0 NOTYPE  LOCAL  DEFAULT    1 $d
   109: 000000d8     8 OBJECT  LOCAL  DEFAULT    1 _ZN6zephyr7arduinoL35__pinctrl_states__device_dts_ord_78E
   110: 000000d8     0 NOTYPE  LOCAL  DEFAULT    1 $d
   111: 00000158    32 OBJECT  LOCAL  DEFAULT    3 _ZN6zephyr7arduinoL41__pinctrl_state_pins_0__device_dts_ord_78E
   112: 00000158     0 NOTYPE  LOCAL  DEFAULT    3 $d
   113: 000001a8     0 NOTYPE  LOCAL  DEFAULT    1 $d
   114: 000000c8     8 OBJECT  LOCAL  DEFAULT    1 _ZN6zephyr7arduinoL35__pinctrl_states__device_dts_ord_70E
   115: 000000c8     0 NOTYPE  LOCAL  DEFAULT    1 $d
   116: 00000138    16 OBJECT  LOCAL  DEFAULT    3 _ZN6zephyr7arduinoL41__pinctrl_state_pins_0__device_dts_ord_70E
   117: 00000138     0 NOTYPE  LOCAL  DEFAULT    3 $d
   118: 000001b0     0 NOTYPE  LOCAL  DEFAULT    1 $d
   119: 000000d0     8 OBJECT  LOCAL  DEFAULT    1 _ZN6zephyr7arduinoL35__pinctrl_states__device_dts_ord_73E
   120: 000000d0     0 NOTYPE  LOCAL  DEFAULT    1 $d
   121: 00000148    16 OBJECT  LOCAL  DEFAULT    3 _ZN6zephyr7arduinoL41__pinctrl_state_pins_0__device_dts_ord_73E
   122: 00000148     0 NOTYPE  LOCAL  DEFAULT    3 $d
   123: 0000532a     0 NOTYPE  LOCAL  DEFAULT    4 $t
   124: 0000535c     0 NOTYPE  LOCAL  DEFAULT    4 $t
   125: 00005368     0 NOTYPE  LOCAL  DEFAULT    4 $t
   126: 00005378     0 NOTYPE  LOCAL  DEFAULT    4 $d
   127: 0000537c     0 NOTYPE  LOCAL  DEFAULT    4 $t
   128: 00005390     0 NOTYPE  LOCAL  DEFAULT    4 $t
   129: 000053ce     0 NOTYPE  LOCAL  DEFAULT    4 $t
   130: 000053e6     0 NOTYPE  LOCAL  DEFAULT    4 $t
   131: 00000200     0 NOTYPE  LOCAL  DEFAULT    1 $d
   132: 00000290     0 NOTYPE  LOCAL  DEFAULT    1 $d
   133: 00004d20     0 NOTYPE  LOCAL  DEFAULT    4 $t
   134: 00004d30     0 NOTYPE  LOCAL  DEFAULT    4 $d
   135: 00004d34     0 NOTYPE  LOCAL  DEFAULT    4 $t
   136: 00004d48     0 NOTYPE  LOCAL  DEFAULT    4 $t
   137: 00004d84     0 NOTYPE  LOCAL  DEFAULT    4 $t
   138: 00004df8     0 NOTYPE  LOCAL  DEFAULT    4 $t
   139: 0000020c     0 NOTYPE  LOCAL  DEFAULT    1 $d
   140: 000002bc     0 NOTYPE  LOCAL  DEFAULT    1 $d
   141: 00005114     0 NOTYPE  LOCAL  DEFAULT    4 $t
   142: 00005115     8 FUNC    LOCAL  DEFAULT    4 _ZNK12_GLOBAL__N_122generic_error_category4nameEv
   143: 00005118     0 NOTYPE  LOCAL  DEFAULT    4 $d
   144: 0000511c     0 NOTYPE  LOCAL  DEFAULT    4 $t
   145: 0000511d    20 FUNC    LOCAL  DEFAULT    4 _ZNK12_GLOBAL__N_122generic_error_category10equivalentEiRKSt15error_condition
   146: 00005130     0 NOTYPE  LOCAL  DEFAULT    4 $t
   147: 00005131     2 FUNC    LOCAL  DEFAULT    4 _ZN12_GLOBAL__N_122generic_error_categoryD2Ev
   148: 00005131     2 FUNC    LOCAL  DEFAULT    4 _ZN12_GLOBAL__N_122generic_error_categoryD1Ev
   149: 00005134     0 NOTYPE  LOCAL  DEFAULT    4 $t
   150: 00005135     8 FUNC    LOCAL  DEFAULT    4 _ZNK12_GLOBAL__N_121system_error_category4nameEv
   151: 00005138     0 NOTYPE  LOCAL  DEFAULT    4 $d
   152: 0000513c     0 NOTYPE  LOCAL  DEFAULT    4 $t
   153: 0000513d   100 FUNC    LOCAL  DEFAULT    4 _ZNK12_GLOBAL__N_121system_error_category23default_error_conditionEi
   154: 00005190     0 NOTYPE  LOCAL  DEFAULT    4 $d
   155: 00000008     4 OBJECT  LOCAL  DEFAULT    7 _ZN12_GLOBAL__N_125generic_category_instanceE
   156: 000051a0     0 NOTYPE  LOCAL  DEFAULT    4 $t
   157: 000051a1     2 FUNC    LOCAL  DEFAULT    4 _ZN12_GLOBAL__N_121system_error_categoryD2Ev
   158: 000051a1     2 FUNC    LOCAL  DEFAULT    4 _ZN12_GLOBAL__N_121system_error_categoryD1Ev
   159: 000051a2     0 NOTYPE  LOCAL  DEFAULT    4 $t
   160: 000051a8     0 NOTYPE  LOCAL  DEFAULT    4 $t
   161: 000051bc     0 NOTYPE  LOCAL  DEFAULT    4 $t
   162: 000051bd     2 FUNC    LOCAL  DEFAULT    4 _ZN12_GLOBAL__N_113constant_initINS_22generic_error_categoryEED2Ev
   163: 000051bd     2 FUNC    LOCAL  DEFAULT    4 _ZN12_GLOBAL__N_113constant_initINS_22generic_error_categoryEED1Ev
   164: 000051be     0 NOTYPE  LOCAL  DEFAULT    4 $t
   165: 000051bf     2 FUNC    LOCAL  DEFAULT    4 _ZN12_GLOBAL__N_113constant_initINS_21system_error_categoryEED2Ev
   166: 000051bf     2 FUNC    LOCAL  DEFAULT    4 _ZN12_GLOBAL__N_113constant_initINS_21system_error_categoryEED1Ev
   167: 000051c0     0 NOTYPE  LOCAL  DEFAULT    4 $t
   168: 000051c1    12 FUNC    LOCAL  DEFAULT    4 _ZN12_GLOBAL__N_122generic_error_categoryD0Ev
   169: 000051cc     0 NOTYPE  LOCAL  DEFAULT    4 $t
   170: 000051cd    12 FUNC    LOCAL  DEFAULT    4 _ZN12_GLOBAL__N_121system_error_categoryD0Ev
   171: 000051d8     0 NOTYPE  LOCAL  DEFAULT    4 $t
   172: 00005208     0 NOTYPE  LOCAL  DEFAULT    4 $t
   173: 00005209    40 FUNC    LOCAL  DEFAULT    4 _ZNK12_GLOBAL__N_121system_error_category10equivalentEiRKSt15error_condition
   174: 00005230     0 NOTYPE  LOCAL  DEFAULT    4 $t
   175: 00005231   192 FUNC    LOCAL  DEFAULT    4 _ZNK12_GLOBAL__N_122generic_error_category7messageB5cxx11Ei
   176: 000052ec     0 NOTYPE  LOCAL  DEFAULT    4 $d
   177: 00005231   192 FUNC    LOCAL  DEFAULT    4 _ZNK12_GLOBAL__N_121system_error_category7messageB5cxx11Ei
   178: 00000004     4 OBJECT  LOCAL  DEFAULT    7 _ZN12_GLOBAL__N_124system_category_instanceE
   179: 000052f0     0 NOTYPE  LOCAL  DEFAULT    4 $t
   180: 000052f1    48 FUNC    LOCAL  DEFAULT    4 _GLOBAL__sub_I__ZSt20__throw_system_errori
   181: 0000530c     0 NOTYPE  LOCAL  DEFAULT    4 $d
   182: 0000000c     0 NOTYPE  LOCAL  DEFAULT   12 $d
   183: 00000230     0 NOTYPE  LOCAL  DEFAULT    1 $d
   184: 00000224     0 NOTYPE  LOCAL  DEFAULT    1 $d
   185: 00000224    12 OBJECT  LOCAL  DEFAULT    1 _ZTIN12_GLOBAL__N_122generic_error_categoryE
   186: 000003cc    42 OBJECT  LOCAL  DEFAULT    3 _ZTSN12_GLOBAL__N_122generic_error_categoryE
   187: 00000218     0 NOTYPE  LOCAL  DEFAULT    1 $d
   188: 00000218    12 OBJECT  LOCAL  DEFAULT    1 _ZTIN12_GLOBAL__N_121system_error_categoryE
   189: 000003a3    41 OBJECT  LOCAL  DEFAULT    3 _ZTSN12_GLOBAL__N_121system_error_categoryE
   190: 00000310     0 NOTYPE  LOCAL  DEFAULT    1 $d
   191: 00000310    40 OBJECT  LOCAL  DEFAULT    1 _ZTVN12_GLOBAL__N_122generic_error_categoryE
   192: 000002e8     0 NOTYPE  LOCAL  DEFAULT    1 $d
   193: 000002e8    40 OBJECT  LOCAL  DEFAULT    1 _ZTVN12_GLOBAL__N_121system_error_categoryE
   194: 00000004     0 NOTYPE  LOCAL  DEFAULT    7 $d
   195: 00000008     0 NOTYPE  LOCAL  DEFAULT    7 $d
   196: 00004e54     0 NOTYPE  LOCAL  DEFAULT    4 $t
   197: 00004e58     0 NOTYPE  LOCAL  DEFAULT    4 $t
   198: 00004e78     0 NOTYPE  LOCAL  DEFAULT    4 $d
   199: 00004e7c     0 NOTYPE  LOCAL  DEFAULT    4 $t
   200: 00004e90     0 NOTYPE  LOCAL  DEFAULT    4 $t
   201: 00004ea0     0 NOTYPE  LOCAL  DEFAULT    4 $d
   202: 00004ea4     0 NOTYPE  LOCAL  DEFAULT    4 $t
   203: 00000238     0 NOTYPE  LOCAL  DEFAULT    1 $d
   204: 00000244     0 NOTYPE  LOCAL  DEFAULT    1 $d
   205: 0000036c     0 NOTYPE  LOCAL  DEFAULT    1 $d
   206: 00000380     0 NOTYPE  LOCAL  DEFAULT    1 $d
   207: 00004cec     0 NOTYPE  LOCAL  DEFAULT    4 $t
   208: 00004cf0     0 NOTYPE  LOCAL  DEFAULT    4 $d
   209: 00004cf4     0 NOTYPE  LOCAL  DEFAULT    4 $t
   210: 00004d04     0 NOTYPE  LOCAL  DEFAULT    4 $d
   211: 00004d08     0 NOTYPE  LOCAL  DEFAULT    4 $t
   212: 00000250     0 NOTYPE  LOCAL  DEFAULT    1 $d
   213: 00000394     0 NOTYPE  LOCAL  DEFAULT    1 $d
   214: 00004d1c     0 NOTYPE  LOCAL  DEFAULT    4 $t
   215: 0000025c     0 NOTYPE  LOCAL  DEFAULT    1 $d
   216: 00004e22     0 NOTYPE  LOCAL  DEFAULT    4 $t
   217: 00004e24     0 NOTYPE  LOCAL  DEFAULT    4 $t
   218: 00004e28     0 NOTYPE  LOCAL  DEFAULT    4 $t
   219: 00000264     0 NOTYPE  LOCAL  DEFAULT    1 $d
   220: 000025c0     0 NOTYPE  LOCAL  DEFAULT    4 $t
   221: 000025c4     0 NOTYPE  LOCAL  DEFAULT    4 $t
   222: 000025c6     0 NOTYPE  LOCAL  DEFAULT    4 $t
   223: 000025e0     0 NOTYPE  LOCAL  DEFAULT    4 $t
   224: 000025e1     8 FUNC    LOCAL  DEFAULT    4 k_yield
   225: 000025e4     0 NOTYPE  LOCAL  DEFAULT    4 $d
   226: 000025e8     0 NOTYPE  LOCAL  DEFAULT    4 $t
   227: 000025e9     8 FUNC    LOCAL  DEFAULT    4 k_mutex_lock
   228: 000025ec     0 NOTYPE  LOCAL  DEFAULT    4 $d
   229: 000025f0     0 NOTYPE  LOCAL  DEFAULT    4 $t
   230: 000025f1    32 FUNC    LOCAL  DEFAULT    4 _ZNSt12_Vector_baseIhSaIhEE11_M_allocateEj.isra.0
   231: 00002608     0 NOTYPE  LOCAL  DEFAULT    4 $d
   232: 00002610     0 NOTYPE  LOCAL  DEFAULT    4 $t
   233: 00002611     8 FUNC    LOCAL  DEFAULT    4 k_mutex_unlock.isra.0
   234: 00002614     0 NOTYPE  LOCAL  DEFAULT    4 $d
   235: 00002618     0 NOTYPE  LOCAL  DEFAULT    4 $t
   236: 0000267c     0 NOTYPE  LOCAL  DEFAULT    4 $d
   237: 00002684     0 NOTYPE  LOCAL  DEFAULT    4 $t
   238: 000026c0     0 NOTYPE  LOCAL  DEFAULT    4 $d
   239: 000026c8     0 NOTYPE  LOCAL  DEFAULT    4 $t
   240: 000026c9    12 FUNC    LOCAL  DEFAULT    4 k_msleep.constprop.0.isra.0
   241: 000026d0     0 NOTYPE  LOCAL  DEFAULT    4 $d
   242: 000026d4     0 NOTYPE  LOCAL  DEFAULT    4 $t
   243: 000026f4     0 NOTYPE  LOCAL  DEFAULT    4 $d
   244: 00002700     0 NOTYPE  LOCAL  DEFAULT    4 $t
   245: 00002738     0 NOTYPE  LOCAL  DEFAULT    4 $d
   246: 0000273c     0 NOTYPE  LOCAL  DEFAULT    4 $t
   247: 00002774     0 NOTYPE  LOCAL  DEFAULT    4 $d
   248: 0000277c     0 NOTYPE  LOCAL  DEFAULT    4 $t
   249: 000027d8     0 NOTYPE  LOCAL  DEFAULT    4 $d
   250: 000027e4     0 NOTYPE  LOCAL  DEFAULT    4 $t
   251: 00002818     0 NOTYPE  LOCAL  DEFAULT    4 $d
   252: 00002824     0 NOTYPE  LOCAL  DEFAULT    4 $t
   253: 00002825   140 FUNC    LOCAL  DEFAULT    4 _ZNSt6vectorIhSaIhEE12emplace_backIJRKhEEERhDpOT_.isra.0
   254: 00002898     0 NOTYPE  LOCAL  DEFAULT    4 $d
   255: 000028b0     0 NOTYPE  LOCAL  DEFAULT    4 $t
   256: 000028b1   140 FUNC    LOCAL  DEFAULT    4 _ZNSt6vectorIhSaIhEE12emplace_backIJhEEERhDpOT_.isra.0
   257: 00002924     0 NOTYPE  LOCAL  DEFAULT    4 $d
   258: 0000293c     0 NOTYPE  LOCAL  DEFAULT    4 $t
   259: 00002a98     0 NOTYPE  LOCAL  DEFAULT    4 $d
   260: 00002ab4     0 NOTYPE  LOCAL  DEFAULT    4 $t
   261: 00002ab5    24 FUNC    LOCAL  DEFAULT    4 _ZN7arduino7msgpack6Packer11packRawByteERKNS0_4TypeE.isra.0
   262: 00002ac8     0 NOTYPE  LOCAL  DEFAULT    4 $d
   263: 00002acc     0 NOTYPE  LOCAL  DEFAULT    4 $t
   264: 00002acd   140 FUNC    LOCAL  DEFAULT    4 _ZNSt6vectorIhSaIhEE12emplace_backIJRhEEES3_DpOT_.isra.0
   265: 00002b40     0 NOTYPE  LOCAL  DEFAULT    4 $d
   266: 00002b58     0 NOTYPE  LOCAL  DEFAULT    4 $t
   267: 00002b59    80 FUNC    LOCAL  DEFAULT    4 _ZN7arduino7msgpack6Packer11packIntegerIjEENSt9enable_ifIXaaaaaasrSt13is_arithmeticIT_E5valuesrSt11is_integralIS5_E5valuentsrSt7is_sameIS5_bE5valuentsrS9_INSt9remove_cvIS5_E4typeEPcE5valueEvE4typeERKS5_.isra.0
   268: 00002b98     0 NOTYPE  LOCAL  DEFAULT    4 $d
   269: 00002ba8     0 NOTYPE  LOCAL  DEFAULT    4 $t
   270: 00002ba9   196 FUNC    LOCAL  DEFAULT    4 _ZN7arduino7msgpack6Packer11packIntegerIiEENSt9enable_ifIXaaaaaasrSt13is_arithmeticIT_E5valuesrSt11is_integralIS5_E5valuentsrSt7is_sameIS5_bE5valuentsrS9_INSt9remove_cvIS5_E4typeEPcE5valueEvE4typeERKS5_.isra.0
   271: 00002c54     0 NOTYPE  LOCAL  DEFAULT    4 $d
   272: 00002c6c     0 NOTYPE  LOCAL  DEFAULT    4 $t
   273: 00002cd4     0 NOTYPE  LOCAL  DEFAULT    4 $d
   274: 00002ce8     0 NOTYPE  LOCAL  DEFAULT    4 $t
   275: 00002ce9    56 FUNC    LOCAL  DEFAULT    4 _ZN7arduino7msgpack6Packer9serializeIJRKiRjRKNS_6StringEEEEvRKNS0_4type9ArraySizeEDpOT_.isra.0
   276: 00002d10     0 NOTYPE  LOCAL  DEFAULT    4 $d
   277: 00002d20     0 NOTYPE  LOCAL  DEFAULT    4 $t
   278: 00002d44     0 NOTYPE  LOCAL  DEFAULT    4 $t
   279: 00002d45   120 FUNC    LOCAL  DEFAULT    4 _ZN9RPCClient8send_rpcIJEEEbRKN7arduino6StringERjDpOT_.isra.0
   280: 00002dac     0 NOTYPE  LOCAL  DEFAULT    4 $d
   281: 00002dbc     0 NOTYPE  LOCAL  DEFAULT    4 $t
   282: 00002dbd   136 FUNC    LOCAL  DEFAULT    4 _ZN9RPCClient8send_rpcIJRKN7arduino6StringEEEEbS4_RjDpOT_.isra.0
   283: 00002e30     0 NOTYPE  LOCAL  DEFAULT    4 $d
   284: 00002e44     0 NOTYPE  LOCAL  DEFAULT    4 $t
   285: 00002e45   136 FUNC    LOCAL  DEFAULT    4 _ZN9RPCClient8send_rpcIJRKjEEEbRKN7arduino6StringERjDpOT_.isra.0
   286: 00002eb8     0 NOTYPE  LOCAL  DEFAULT    4 $d
   287: 00002ecc     0 NOTYPE  LOCAL  DEFAULT    4 $t
   288: 00002f44     0 NOTYPE  LOCAL  DEFAULT    4 $d
   289: 00002f5c     0 NOTYPE  LOCAL  DEFAULT    4 $t
   290: 00002f94     0 NOTYPE  LOCAL  DEFAULT    4 $d
   291: 00002fc4     0 NOTYPE  LOCAL  DEFAULT    4 $d
   292: 00002fdc     0 NOTYPE  LOCAL  DEFAULT    4 $t
   293: 00003014     0 NOTYPE  LOCAL  DEFAULT    4 $d
   294: 0000301c     0 NOTYPE  LOCAL  DEFAULT    4 $t
   295: 00003088     0 NOTYPE  LOCAL  DEFAULT    4 $d
   296: 00003094     0 NOTYPE  LOCAL  DEFAULT    4 $t
   297: 000031dc     0 NOTYPE  LOCAL  DEFAULT    4 $d
   298: 00003210     0 NOTYPE  LOCAL  DEFAULT    4 $t
   299: 0000324c     0 NOTYPE  LOCAL  DEFAULT    4 $d
   300: 00003250     0 NOTYPE  LOCAL  DEFAULT    4 $t
   301: 00003284     0 NOTYPE  LOCAL  DEFAULT    4 $d
   302: 00003290     0 NOTYPE  LOCAL  DEFAULT    4 $t
   303: 00003514     0 NOTYPE  LOCAL  DEFAULT    4 $d
   304: 00003574     0 NOTYPE  LOCAL  DEFAULT    4 $t
   305: 0000368c     0 NOTYPE  LOCAL  DEFAULT    4 $d
   306: 000036c4     0 NOTYPE  LOCAL  DEFAULT    4 $t
   307: 00003750     0 NOTYPE  LOCAL  DEFAULT    4 $d
   308: 00003770     0 NOTYPE  LOCAL  DEFAULT    4 $t
   309: 000037a4     0 NOTYPE  LOCAL  DEFAULT    4 $d
   310: 000037b0     0 NOTYPE  LOCAL  DEFAULT    4 $t
   311: 000038a4     0 NOTYPE  LOCAL  DEFAULT    4 $d
   312: 000038d4     0 NOTYPE  LOCAL  DEFAULT    4 $t
   313: 00003b14     0 NOTYPE  LOCAL  DEFAULT    4 $d
   314: 00003b88     0 NOTYPE  LOCAL  DEFAULT    4 $t
   315: 00003c3c     0 NOTYPE  LOCAL  DEFAULT    4 $d
   316: 00003c64     0 NOTYPE  LOCAL  DEFAULT    4 $t
   317: 00003c98     0 NOTYPE  LOCAL  DEFAULT    4 $d
   318: 00003ca4     0 NOTYPE  LOCAL  DEFAULT    4 $t
   319: 00003cd0     0 NOTYPE  LOCAL  DEFAULT    4 $d
   320: 00003cd8     0 NOTYPE  LOCAL  DEFAULT    4 $t
   321: 00003f18     0 NOTYPE  LOCAL  DEFAULT    4 $d
   322: 00003f84     0 NOTYPE  LOCAL  DEFAULT    4 $t
   323: 00004068     0 NOTYPE  LOCAL  DEFAULT    4 $d
   324: 0000409c     0 NOTYPE  LOCAL  DEFAULT    4 $t
   325: 00004184     0 NOTYPE  LOCAL  DEFAULT    4 $d
   326: 000041c0     0 NOTYPE  LOCAL  DEFAULT    4 $t
   327: 000041f8     0 NOTYPE  LOCAL  DEFAULT    4 $d
   328: 00004204     0 NOTYPE  LOCAL  DEFAULT    4 $t
   329: 00004205   188 FUNC    LOCAL  DEFAULT    4 _GLOBAL__sub_I_Bridge
   330: 00004294     0 NOTYPE  LOCAL  DEFAULT    4 $d
   331: 00000004     0 NOTYPE  LOCAL  DEFAULT   12 $d
   332: 000042c0     0 NOTYPE  LOCAL  DEFAULT    4 $t
   333: 000042c1    32 FUNC    LOCAL  DEFAULT    4 _GLOBAL__sub_D_Bridge
   334: 000042d4     0 NOTYPE  LOCAL  DEFAULT    4 $d
   335: 00000004     0 NOTYPE  LOCAL  DEFAULT   14 $d
   336: 0000026c     0 NOTYPE  LOCAL  DEFAULT    1 $d
   337: 0000012c     0 NOTYPE  LOCAL  DEFAULT    9 $d
   338: 00000130     0 NOTYPE  LOCAL  DEFAULT    9 $d
   339: 00000134     0 NOTYPE  LOCAL  DEFAULT    9 $d
   340: 00000370     0 NOTYPE  LOCAL  DEFAULT    9 $d
   341: 00002f97     0 NOTYPE  LOCAL  DEFAULT    4 $d
   342: 00002f98     0 NOTYPE  LOCAL  DEFAULT    4 $t
   343: 00000001    16 FUNC    LOCAL  DEFAULT    4 __tcf_0
   344: 00000181    20 FUNC    LOCAL  DEFAULT    4 __tcf_1
   345: 0000016d    20 FUNC    LOCAL  DEFAULT    4 __tcf_2
   346: 00004744     0 NOTYPE  LOCAL  DEFAULT    4 $t
   347: 00004745    10 FUNC    LOCAL  DEFAULT    4 z_impl_uart_irq_tx_enable
   348: 0000474e     0 NOTYPE  LOCAL  DEFAULT    4 $t
   349: 00004758     0 NOTYPE  LOCAL  DEFAULT    4 $t
   350: 00004770     0 NOTYPE  LOCAL  DEFAULT    4 $t
   351: 00004774     0 NOTYPE  LOCAL  DEFAULT    4 $t
   352: 00004775     8 FUNC    LOCAL  DEFAULT    4 k_sem_give
   353: 00004778     0 NOTYPE  LOCAL  DEFAULT    4 $d
   354: 0000477c     0 NOTYPE  LOCAL  DEFAULT    4 $t
   355: 0000477d     8 FUNC    LOCAL  DEFAULT    4 k_sem_take.isra.0
   356: 00004780     0 NOTYPE  LOCAL  DEFAULT    4 $d
   357: 00004784     0 NOTYPE  LOCAL  DEFAULT    4 $t
   358: 000047c0     0 NOTYPE  LOCAL  DEFAULT    4 $d
   359: 000047cc     0 NOTYPE  LOCAL  DEFAULT    4 $t
   360: 00004808     0 NOTYPE  LOCAL  DEFAULT    4 $d
   361: 00004814     0 NOTYPE  LOCAL  DEFAULT    4 $t
   362: 00004840     0 NOTYPE  LOCAL  DEFAULT    4 $d
   363: 00004848     0 NOTYPE  LOCAL  DEFAULT    4 $t
   364: 00004874     0 NOTYPE  LOCAL  DEFAULT    4 $d
   365: 0000487c     0 NOTYPE  LOCAL  DEFAULT    4 $t
   366: 00004934     0 NOTYPE  LOCAL  DEFAULT    4 $d
   367: 00004944     0 NOTYPE  LOCAL  DEFAULT    4 $t
   368: 0000494c     0 NOTYPE  LOCAL  DEFAULT    4 $d
   369: 00004950     0 NOTYPE  LOCAL  DEFAULT    4 $t
   370: 00004978     0 NOTYPE  LOCAL  DEFAULT    4 $d
   371: 0000497c     0 NOTYPE  LOCAL  DEFAULT    4 $t
   372: 000049d8     0 NOTYPE  LOCAL  DEFAULT    4 $d
   373: 000049ec     0 NOTYPE  LOCAL  DEFAULT    4 $t
   374: 00004ac0     0 NOTYPE  LOCAL  DEFAULT    4 $d
   375: 00004ad4     0 NOTYPE  LOCAL  DEFAULT    4 $t
   376: 00004adc     0 NOTYPE  LOCAL  DEFAULT    4 $d
   377: 00004ae0     0 NOTYPE  LOCAL  DEFAULT    4 $t
   378: 00004b08     0 NOTYPE  LOCAL  DEFAULT    4 $d
   379: 00004b0c     0 NOTYPE  LOCAL  DEFAULT    4 $t
   380: 00004b0d   124 FUNC    LOCAL  DEFAULT    4 _GLOBAL__sub_I__ZN7arduino12ZephyrSerial5beginEmt
   381: 00004b68     0 NOTYPE  LOCAL  DEFAULT    4 $d
   382: 00000008     0 NOTYPE  LOCAL  DEFAULT   12 $d
   383: 00000338     0 NOTYPE  LOCAL  DEFAULT    1 $d
   384: 000004d0     0 NOTYPE  LOCAL  DEFAULT    9 $d
   385: 00000d3c     0 NOTYPE  LOCAL  DEFAULT    9 $d
   386: 000015a8     0 NOTYPE  LOCAL  DEFAULT    9 $d
   387: 00000000     0 NOTYPE  LOCAL  DEFAULT    4 $t
   388: 00000001    16 FUNC    LOCAL  DEFAULT    4 __tcf_0
   389: 00000008     0 NOTYPE  LOCAL  DEFAULT    4 $d
   390: 00000010     0 NOTYPE  LOCAL  DEFAULT    4 $t
   391: 00000011    32 FUNC    LOCAL  DEFAULT    4 _ZNSt12_Vector_baseIhSaIhEE11_M_allocateEj.isra.0
   392: 00000028     0 NOTYPE  LOCAL  DEFAULT    4 $d
   393: 00000030     0 NOTYPE  LOCAL  DEFAULT    4 $t
   394: 00000031     8 FUNC    LOCAL  DEFAULT    4 k_mutex_unlock.isra.0
   395: 00000034     0 NOTYPE  LOCAL  DEFAULT    4 $d
   396: 00000038     0 NOTYPE  LOCAL  DEFAULT    4 $t
   397: 0000004e     0 NOTYPE  LOCAL  DEFAULT    4 $t
   398: 0000006c     0 NOTYPE  LOCAL  DEFAULT    4 $t
   399: 000000c4     0 NOTYPE  LOCAL  DEFAULT    4 $d
   400: 00000000    18 OBJECT  LOCAL  DEFAULT    3 _ZL6GLYPHS
   401: 000000d4     0 NOTYPE  LOCAL  DEFAULT    4 $t
   402: 000000f0     0 NOTYPE  LOCAL  DEFAULT    4 $d
   403: 00000104     0 NOTYPE  LOCAL  DEFAULT    4 $t
   404: 00000140     0 NOTYPE  LOCAL  DEFAULT    4 $d
   405: 00000154     0 NOTYPE  LOCAL  DEFAULT    4 $t
   406: 00000168     0 NOTYPE  LOCAL  DEFAULT    4 $d
   407: 0000016c     0 NOTYPE  LOCAL  DEFAULT    4 $t
   408: 0000016d    20 FUNC    LOCAL  DEFAULT    4 __tcf_2
   409: 00000178     0 NOTYPE  LOCAL  DEFAULT    4 $d
   410: 00000180     0 NOTYPE  LOCAL  DEFAULT    4 $t
   411: 00000181    20 FUNC    LOCAL  DEFAULT    4 __tcf_1
   412: 0000018c     0 NOTYPE  LOCAL  DEFAULT    4 $d
   413: 00000194     0 NOTYPE  LOCAL  DEFAULT    4 $t
   414: 000001b4     0 NOTYPE  LOCAL  DEFAULT    4 $t
   415: 00000204     0 NOTYPE  LOCAL  DEFAULT    4 $d
   416: 00000208     0 NOTYPE  LOCAL  DEFAULT    4 $t
   417: 00000214     0 NOTYPE  LOCAL  DEFAULT    4 $d
   418: 00000218     0 NOTYPE  LOCAL  DEFAULT    4 $t
   419: 0000026c     0 NOTYPE  LOCAL  DEFAULT    4 $d
   420: 00000270     0 NOTYPE  LOCAL  DEFAULT    4 $t
   421: 000002cc     0 NOTYPE  LOCAL  DEFAULT    4 $d
   422: 000002d0     0 NOTYPE  LOCAL  DEFAULT    4 $t
   423: 000002ec     0 NOTYPE  LOCAL  DEFAULT    4 $d
   424: 000002f0     0 NOTYPE  LOCAL  DEFAULT    4 $t
   425: 0000030c     0 NOTYPE  LOCAL  DEFAULT    4 $d
   426: 00000310     0 NOTYPE  LOCAL  DEFAULT    4 $t
   427: 00000360     0 NOTYPE  LOCAL  DEFAULT    4 $d
   428: 00000364     0 NOTYPE  LOCAL  DEFAULT    4 $t
   429: 000003bc     0 NOTYPE  LOCAL  DEFAULT    4 $d
   430: 000003c8     0 NOTYPE  LOCAL  DEFAULT    4 $t
   431: 00000428     0 NOTYPE  LOCAL  DEFAULT    4 $d
   432: 00000434     0 NOTYPE  LOCAL  DEFAULT    4 $t
   433: 00000478     0 NOTYPE  LOCAL  DEFAULT    4 $d
   434: 00000480     0 NOTYPE  LOCAL  DEFAULT    4 $t
   435: 000004c0     0 NOTYPE  LOCAL  DEFAULT    4 $d
   436: 000004c8     0 NOTYPE  LOCAL  DEFAULT    4 $t
   437: 00000508     0 NOTYPE  LOCAL  DEFAULT    4 $d
   438: 00000510     0 NOTYPE  LOCAL  DEFAULT    4 $t
   439: 00000540     0 NOTYPE  LOCAL  DEFAULT    4 $t
   440: 00000580     0 NOTYPE  LOCAL  DEFAULT    4 $d
   441: 00000588     0 NOTYPE  LOCAL  DEFAULT    4 $t
   442: 000005bc     0 NOTYPE  LOCAL  DEFAULT    4 $t
   443: 000005d4     0 NOTYPE  LOCAL  DEFAULT    4 $d
   444: 000006c0     0 NOTYPE  LOCAL  DEFAULT    4 $d
   445: 000006d0     0 NOTYPE  LOCAL  DEFAULT    4 $t
   446: 00000738     0 NOTYPE  LOCAL  DEFAULT    4 $d
   447: 00000748     0 NOTYPE  LOCAL  DEFAULT    4 $t
   448: 00000788     0 NOTYPE  LOCAL  DEFAULT    4 $d
   449: 00000790     0 NOTYPE  LOCAL  DEFAULT    4 $t
   450: 000007f8     0 NOTYPE  LOCAL  DEFAULT    4 $d
   451: 00000808     0 NOTYPE  LOCAL  DEFAULT    4 $t
   452: 00000844     0 NOTYPE  LOCAL  DEFAULT    4 $t
   453: 00000888     0 NOTYPE  LOCAL  DEFAULT    4 $d
   454: 00000890     0 NOTYPE  LOCAL  DEFAULT    4 $t
   455: 000008b0     0 NOTYPE  LOCAL  DEFAULT    4 $t
   456: 000008f0     0 NOTYPE  LOCAL  DEFAULT    4 $d
   457: 000008f8     0 NOTYPE  LOCAL  DEFAULT    4 $t
   458: 0000091c     0 NOTYPE  LOCAL  DEFAULT    4 $d
   459: 00000924     0 NOTYPE  LOCAL  DEFAULT    4 $t
   460: 00000948     0 NOTYPE  LOCAL  DEFAULT    4 $d
   461: 00000950     0 NOTYPE  LOCAL  DEFAULT    4 $t
   462: 00000984     0 NOTYPE  LOCAL  DEFAULT    4 $d
   463: 00000990     0 NOTYPE  LOCAL  DEFAULT    4 $t
   464: 000009b0     0 NOTYPE  LOCAL  DEFAULT    4 $t
   465: 000009e8     0 NOTYPE  LOCAL  DEFAULT    4 $d
   466: 000009f0     0 NOTYPE  LOCAL  DEFAULT    4 $t
   467: 00000b38     0 NOTYPE  LOCAL  DEFAULT    4 $d
   468: 00000b64     0 NOTYPE  LOCAL  DEFAULT    4 $t
   469: 00000c10     0 NOTYPE  LOCAL  DEFAULT    4 $d
   470: 00000c28     0 NOTYPE  LOCAL  DEFAULT    4 $t
   471: 00000c3c     0 NOTYPE  LOCAL  DEFAULT    4 $d
   472: 00000c40     0 NOTYPE  LOCAL  DEFAULT    4 $t
   473: 00000c60     0 NOTYPE  LOCAL  DEFAULT    4 $d
   474: 00000c6c     0 NOTYPE  LOCAL  DEFAULT    4 $t
   475: 00000cec     0 NOTYPE  LOCAL  DEFAULT    4 $d
   476: 00000d04     0 NOTYPE  LOCAL  DEFAULT    4 $t
   477: 00000d70     0 NOTYPE  LOCAL  DEFAULT    4 $d
   478: 00000d7c     0 NOTYPE  LOCAL  DEFAULT    4 $t
   479: 00000db0     0 NOTYPE  LOCAL  DEFAULT    4 $d
   480: 00000db4     0 NOTYPE  LOCAL  DEFAULT    4 $t
   481: 00000db5   140 FUNC    LOCAL  DEFAULT    4 _ZNSt6vectorIhSaIhEE12emplace_backIJhEEERhDpOT_.isra.0
   482: 00000e28     0 NOTYPE  LOCAL  DEFAULT    4 $d
   483: 00000e40     0 NOTYPE  LOCAL  DEFAULT    4 $t
   484: 00000e41    24 FUNC    LOCAL  DEFAULT    4 _ZN7arduino7msgpack6Packer11packRawByteERKNS0_4TypeE.isra.0
   485: 00000e54     0 NOTYPE  LOCAL  DEFAULT    4 $d
   486: 00000e58     0 NOTYPE  LOCAL  DEFAULT    4 $t
   487: 00000e59   140 FUNC    LOCAL  DEFAULT    4 _ZNSt6vectorIhSaIhEE12emplace_backIJRKhEEERhDpOT_.isra.0
   488: 00000ecc     0 NOTYPE  LOCAL  DEFAULT    4 $d
   489: 00000ee4     0 NOTYPE  LOCAL  DEFAULT    4 $t
   490: 00000f08     0 NOTYPE  LOCAL  DEFAULT    4 $d
   491: 00000f10     0 NOTYPE  LOCAL  DEFAULT    4 $t
   492: 00000f11   140 FUNC    LOCAL  DEFAULT    4 _ZNSt6vectorIhSaIhEE12emplace_backIJRhEEES3_DpOT_.isra.0
   493: 00000f84     0 NOTYPE  LOCAL  DEFAULT    4 $d
   494: 00000f9c     0 NOTYPE  LOCAL  DEFAULT    4 $t
   495: 00000fb4     0 NOTYPE  LOCAL  DEFAULT    4 $d
   496: 00000fb8     0 NOTYPE  LOCAL  DEFAULT    4 $t
   497: 00000fd8     0 NOTYPE  LOCAL  DEFAULT    4 $d
   498: 00000fe0     0 NOTYPE  LOCAL  DEFAULT    4 $t
   499: 00000ff8     0 NOTYPE  LOCAL  DEFAULT    4 $d
   500: 00000ffc     0 NOTYPE  LOCAL  DEFAULT    4 $t
   501: 00001044     0 NOTYPE  LOCAL  DEFAULT    4 $d
   502: 00001054     0 NOTYPE  LOCAL  DEFAULT    4 $t
   503: 00001078     0 NOTYPE  LOCAL  DEFAULT    4 $d
   504: 00001080     0 NOTYPE  LOCAL  DEFAULT    4 $t
   505: 00001081   196 FUNC    LOCAL  DEFAULT    4 _ZN7arduino7msgpack6Packer11packIntegerIiEENSt9enable_ifIXaaaaaasrSt13is_arithmeticIT_E5valuesrSt11is_integralIS5_E5valuentsrSt7is_sameIS5_bE5valuentsrS9_INSt9remove_cvIS5_E4typeEPcE5valueEvE4typeERKS5_.isra.0
   506: 0000112c     0 NOTYPE  LOCAL  DEFAULT    4 $d
   507: 00001144     0 NOTYPE  LOCAL  DEFAULT    4 $t
   508: 000011cc     0 NOTYPE  LOCAL  DEFAULT    4 $d
   509: 000011e4     0 NOTYPE  LOCAL  DEFAULT    4 $t
   510: 0000121c     0 NOTYPE  LOCAL  DEFAULT    4 $d
   511: 00001288     0 NOTYPE  LOCAL  DEFAULT    4 $d
   512: 000012b4     0 NOTYPE  LOCAL  DEFAULT    4 $t
   513: 000012ec     0 NOTYPE  LOCAL  DEFAULT    4 $d
   514: 000012f4     0 NOTYPE  LOCAL  DEFAULT    4 $t
   515: 0000132e     0 NOTYPE  LOCAL  DEFAULT    4 $d
   516: 000013c8     0 NOTYPE  LOCAL  DEFAULT    4 $d
   517: 00001410     0 NOTYPE  LOCAL  DEFAULT    4 $t
   518: 0000144a     0 NOTYPE  LOCAL  DEFAULT    4 $d
   519: 000014d8     0 NOTYPE  LOCAL  DEFAULT    4 $d
   520: 00001528     0 NOTYPE  LOCAL  DEFAULT    4 $t
   521: 00001564     0 NOTYPE  LOCAL  DEFAULT    4 $d
   522: 0000156c     0 NOTYPE  LOCAL  DEFAULT    4 $t
   523: 000015b0     0 NOTYPE  LOCAL  DEFAULT    4 $d
   524: 000015f0     0 NOTYPE  LOCAL  DEFAULT    4 $d
   525: 0000160c     0 NOTYPE  LOCAL  DEFAULT    4 $t
   526: 000016ac     0 NOTYPE  LOCAL  DEFAULT    4 $d
   527: 000016cc     0 NOTYPE  LOCAL  DEFAULT    4 $t
   528: 0000187c     0 NOTYPE  LOCAL  DEFAULT    4 $d
   529: 000018c0     0 NOTYPE  LOCAL  DEFAULT    4 $t
   530: 00001910     0 NOTYPE  LOCAL  DEFAULT    4 $t
   531: 00001938     0 NOTYPE  LOCAL  DEFAULT    4 $d
   532: 0000193c     0 NOTYPE  LOCAL  DEFAULT    4 $t
   533: 000019ec     0 NOTYPE  LOCAL  DEFAULT    4 $d
   534: 00001a14     0 NOTYPE  LOCAL  DEFAULT    4 $t
   535: 00001a38     0 NOTYPE  LOCAL  DEFAULT    4 $d
   536: 00001a3c     0 NOTYPE  LOCAL  DEFAULT    4 $t
   537: 00001a60     0 NOTYPE  LOCAL  DEFAULT    4 $d
   538: 00001a64     0 NOTYPE  LOCAL  DEFAULT    4 $t
   539: 00001b5c     0 NOTYPE  LOCAL  DEFAULT    4 $d
   540: 00001b84     0 NOTYPE  LOCAL  DEFAULT    4 $t
   541: 00001bbe     0 NOTYPE  LOCAL  DEFAULT    4 $d
   542: 00001bd0     0 NOTYPE  LOCAL  DEFAULT    4 $t
   543: 00001ce0     0 NOTYPE  LOCAL  DEFAULT    4 $d
   544: 00001cfc     0 NOTYPE  LOCAL  DEFAULT    4 $t
   545: 00001f60     0 NOTYPE  LOCAL  DEFAULT    4 $d
   546: 00001fc0     0 NOTYPE  LOCAL  DEFAULT    4 $t
   547: 00002170     0 NOTYPE  LOCAL  DEFAULT    4 $d
   548: 000021c8     0 NOTYPE  LOCAL  DEFAULT    4 $t
   549: 000022e8     0 NOTYPE  LOCAL  DEFAULT    4 $d
   550: 00002304     0 NOTYPE  LOCAL  DEFAULT    4 $t
   551: 000023ec     0 NOTYPE  LOCAL  DEFAULT    4 $d
   552: 00002408     0 NOTYPE  LOCAL  DEFAULT    4 $t
   553: 000024f4     0 NOTYPE  LOCAL  DEFAULT    4 $d
   554: 00002524     0 NOTYPE  LOCAL  DEFAULT    4 $t
   555: 00002550     0 NOTYPE  LOCAL  DEFAULT    4 $d
   556: 00002568     0 NOTYPE  LOCAL  DEFAULT    4 $t
   557: 00002569    56 FUNC    LOCAL  DEFAULT    4 _GLOBAL__sub_I_matrix
   558: 00002590     0 NOTYPE  LOCAL  DEFAULT    4 $d
   559: 00000000     0 NOTYPE  LOCAL  DEFAULT   12 $d
   560: 000025a0     0 NOTYPE  LOCAL  DEFAULT    4 $t
   561: 000025a1    32 FUNC    LOCAL  DEFAULT    4 _GLOBAL__sub_D_matrix
   562: 000025b4     0 NOTYPE  LOCAL  DEFAULT    4 $d
   563: 00000000     0 NOTYPE  LOCAL  DEFAULT   14 $d
   564: 00000000     0 NOTYPE  LOCAL  DEFAULT    9 $d
   565: 00000004     0 NOTYPE  LOCAL  DEFAULT    9 $d
   566: 0000006c     0 NOTYPE  LOCAL  DEFAULT    9 $d
   567: 00000070     0 NOTYPE  LOCAL  DEFAULT    9 $d
   568: 00000074     0 NOTYPE  LOCAL  DEFAULT    9 $d
   569: 00000078     0 NOTYPE  LOCAL  DEFAULT    9 $d
   570: 0000007c     0 NOTYPE  LOCAL  DEFAULT    9 $d
   571: 000000a4     0 NOTYPE  LOCAL  DEFAULT    9 $d
   572: 000000d0     0 NOTYPE  LOCAL  DEFAULT    9 $d
   573: 000000e0     0 NOTYPE  LOCAL  DEFAULT    9 $d
   574: 000000e4     0 NOTYPE  LOCAL  DEFAULT    9 $d
   575: 000000f0     0 NOTYPE  LOCAL  DEFAULT    9 $d
   576: 000000f4     0 NOTYPE  LOCAL  DEFAULT    9 $d
   577: 000000f8     0 NOTYPE  LOCAL  DEFAULT    9 $d
   578: 000000fc     0 NOTYPE  LOCAL  DEFAULT    9 $d
   579: 00000108     0 NOTYPE  LOCAL  DEFAULT    9 $d
   580: 0000010c     0 NOTYPE  LOCAL  DEFAULT    9 $d
   581: 00000118     0 NOTYPE  LOCAL  DEFAULT    9 $d
   582: 00000120     0 NOTYPE  LOCAL  DEFAULT    9 $d
   583: 00000124     0 NOTYPE  LOCAL  DEFAULT    9 $d
   584: 00000128     0 NOTYPE  LOCAL  DEFAULT    9 $d
   585: 00000129     0 NOTYPE  LOCAL  DEFAULT    9 $d
   586: 00000635     0 NOTYPE  LOCAL  DEFAULT    4 $d
   587: 00000636     0 NOTYPE  LOCAL  DEFAULT    4 $t
   588: 00001231     0 NOTYPE  LOCAL  DEFAULT    4 $d
   589: 00001232     0 NOTYPE  LOCAL  DEFAULT    4 $t
   590: 00001345     0 NOTYPE  LOCAL  DEFAULT    4 $d
   591: 00001346     0 NOTYPE  LOCAL  DEFAULT    4 $t
   592: 00001461     0 NOTYPE  LOCAL  DEFAULT    4 $d
   593: 00001462     0 NOTYPE  LOCAL  DEFAULT    4 $t
   594: 000015b3     0 NOTYPE  LOCAL  DEFAULT    4 $d
   595: 000015b4     0 NOTYPE  LOCAL  DEFAULT    4 $t
   596: 00004eb8     0 NOTYPE  LOCAL  DEFAULT    4 $t
   597: 00004eb9    76 FUNC    LOCAL  DEFAULT    4 _ZNSs12_S_constructIPKcEEPcT_S3_RKSaIcESt20forward_iterator_tag.isra.0
   598: 00004efc     0 NOTYPE  LOCAL  DEFAULT    4 $d
   599: 00004f04     0 NOTYPE  LOCAL  DEFAULT    4 $t
   600: 00004f05    36 FUNC    LOCAL  DEFAULT    4 _ZNSsC2EPKcRKSaIcE.isra.0
   601: 00004f28     0 NOTYPE  LOCAL  DEFAULT    4 $t
   602: 00004f4c     0 NOTYPE  LOCAL  DEFAULT    4 $d
   603: 00004f50     0 NOTYPE  LOCAL  DEFAULT    4 $t
   604: 00004f60     0 NOTYPE  LOCAL  DEFAULT    4 $d
   605: 00004f64     0 NOTYPE  LOCAL  DEFAULT    4 $t
   606: 00004f7c     0 NOTYPE  LOCAL  DEFAULT    4 $t
   607: 00004f94     0 NOTYPE  LOCAL  DEFAULT    4 $t
   608: 00004fa0     0 NOTYPE  LOCAL  DEFAULT    4 $t
   609: 00004fb4     0 NOTYPE  LOCAL  DEFAULT    4 $d
   610: 00004fb8     0 NOTYPE  LOCAL  DEFAULT    4 $t
   611: 00005010     0 NOTYPE  LOCAL  DEFAULT    4 $d
   612: 00005018     0 NOTYPE  LOCAL  DEFAULT    4 $t
   613: 0000501c     0 NOTYPE  LOCAL  DEFAULT    4 $t
   614: 00005034     0 NOTYPE  LOCAL  DEFAULT    4 $d
   615: 00001e14     0 NOTYPE  LOCAL  DEFAULT    9 $d
   616: 00005038     0 NOTYPE  LOCAL  DEFAULT    4 $t
   617: 00005039     8 FUNC    LOCAL  DEFAULT    4 _ZNSt11char_traitsIcE4copyEPcPKcj.isra.0
   618: 00005040     0 NOTYPE  LOCAL  DEFAULT    4 $t
   619: 00005052     0 NOTYPE  LOCAL  DEFAULT    4 $t
   620: 00005060     0 NOTYPE  LOCAL  DEFAULT    4 $t
   621: 00005098     0 NOTYPE  LOCAL  DEFAULT    4 $d
   622: 0000509c     0 NOTYPE  LOCAL  DEFAULT    4 $t
   623: 000050b2     0 NOTYPE  LOCAL  DEFAULT    4 $t
   624: 000050ca     0 NOTYPE  LOCAL  DEFAULT    4 $t
   625: 000050dc     0 NOTYPE  LOCAL  DEFAULT    4 $t
   626: 0000465c     0 NOTYPE  LOCAL  DEFAULT    4 $t
   627: 00004660     0 NOTYPE  LOCAL  DEFAULT    4 $t
   628: 00004678     0 NOTYPE  LOCAL  DEFAULT    4 $d
   629: 00000000     0 NOTYPE  LOCAL  DEFAULT   10 $d
   630: 00000000     8 OBJECT  LOCAL  DEFAULT   10 _ZL16__llext_sym_main
   631: 000042e0     0 NOTYPE  LOCAL  DEFAULT    4 $t
   632: 000042e4     0 NOTYPE  LOCAL  DEFAULT    4 $t
   633: 000042ec     0 NOTYPE  LOCAL  DEFAULT    4 $d
   634: 000042f0     0 NOTYPE  LOCAL  DEFAULT    4 $t
   635: 000042f4     0 NOTYPE  LOCAL  DEFAULT    4 $t
   636: 000042fc     0 NOTYPE  LOCAL  DEFAULT    4 $d
   637: 00004300     0 NOTYPE  LOCAL  DEFAULT    4 $t
   638: 00004308     0 NOTYPE  LOCAL  DEFAULT    4 $d
   639: 0000430c     0 NOTYPE  LOCAL  DEFAULT    4 $t
   640: 00004314     0 NOTYPE  LOCAL  DEFAULT    4 $d
   641: 00004318     0 NOTYPE  LOCAL  DEFAULT    4 $t
   642: 00004320     0 NOTYPE  LOCAL  DEFAULT    4 $d
   643: 00004324     0 NOTYPE  LOCAL  DEFAULT    4 $t
   644: 0000432c     0 NOTYPE  LOCAL  DEFAULT    4 $d
   645: 00000000     0 NOTYPE  LOCAL  DEFAULT    7 $d
   646: 00004330     0 NOTYPE  LOCAL  DEFAULT    4 $t
   647: 00004348     0 NOTYPE  LOCAL  DEFAULT    4 $t
   648: 00004358     0 NOTYPE  LOCAL  DEFAULT    4 $d
   649: 0000435c     0 NOTYPE  LOCAL  DEFAULT    4 $t
   650: 00004374     0 NOTYPE  LOCAL  DEFAULT    4 $d
   651: 00004378     0 NOTYPE  LOCAL  DEFAULT    4 $t
   652: 00004390     0 NOTYPE  LOCAL  DEFAULT    4 $d
   653: 00004394     0 NOTYPE  LOCAL  DEFAULT    4 $t
   654: 000043b8     0 NOTYPE  LOCAL  DEFAULT    4 $d
   655: 000043bc     0 NOTYPE  LOCAL  DEFAULT    4 $t
   656: 000043ec     0 NOTYPE  LOCAL  DEFAULT    4 $d
   657: 000043f8     0 NOTYPE  LOCAL  DEFAULT    4 $t
   658: 0000441c     0 NOTYPE  LOCAL  DEFAULT    4 $d
   659: 00004424     0 NOTYPE  LOCAL  DEFAULT    4 $t
   660: 0000444c     0 NOTYPE  LOCAL  DEFAULT    4 $d
   661: 00004450     0 NOTYPE  LOCAL  DEFAULT    4 $t
   662: 00004470     0 NOTYPE  LOCAL  DEFAULT    4 $d
   663: 00004478     0 NOTYPE  LOCAL  DEFAULT    4 $t
   664: 0000448c     0 NOTYPE  LOCAL  DEFAULT    4 $d
   665: 00004490     0 NOTYPE  LOCAL  DEFAULT    4 $t
   666: 0000449c     0 NOTYPE  LOCAL  DEFAULT    4 $d
   667: 000044a0     0 NOTYPE  LOCAL  DEFAULT    4 $t
   668: 000044c4     0 NOTYPE  LOCAL  DEFAULT    4 $d
   669: 000044d0     0 NOTYPE  LOCAL  DEFAULT    4 $t
   670: 00004508     0 NOTYPE  LOCAL  DEFAULT    4 $d
   671: 00004510     0 NOTYPE  LOCAL  DEFAULT    4 $t
   672: 00004528     0 NOTYPE  LOCAL  DEFAULT    4 $d
   673: 0000452c     0 NOTYPE  LOCAL  DEFAULT    4 $t
   674: 00004558     0 NOTYPE  LOCAL  DEFAULT    4 $d
   675: 0000455c     0 NOTYPE  LOCAL  DEFAULT    4 $t
   676: 00004578     0 NOTYPE  LOCAL  DEFAULT    4 $d
   677: 0000457c     0 NOTYPE  LOCAL  DEFAULT    4 $t
   678: 000045a0     0 NOTYPE  LOCAL  DEFAULT    4 $d
   679: 000045a4     0 NOTYPE  LOCAL  DEFAULT    4 $t
   680: 000045a8     0 NOTYPE  LOCAL  DEFAULT    4 $d
   681: 000045ac     0 NOTYPE  LOCAL  DEFAULT    4 $t
   682: 000045b0     0 NOTYPE  LOCAL  DEFAULT    4 $d
   683: 000045b4     0 NOTYPE  LOCAL  DEFAULT    4 $t
   684: 000045b8     0 NOTYPE  LOCAL  DEFAULT    4 $d
   685: 000045bc     0 NOTYPE  LOCAL  DEFAULT    4 $t
   686: 000045c0     0 NOTYPE  LOCAL  DEFAULT    4 $d
   687: 000045c4     0 NOTYPE  LOCAL  DEFAULT    4 $t
   688: 000045c8     0 NOTYPE  LOCAL  DEFAULT    4 $d
   689: 000045cc     0 NOTYPE  LOCAL  DEFAULT    4 $t
   690: 000045d0     0 NOTYPE  LOCAL  DEFAULT    4 $d
   691: 000045d4     0 NOTYPE  LOCAL  DEFAULT    4 $t
   692: 000045d8     0 NOTYPE  LOCAL  DEFAULT    4 $d
   693: 000045dc     0 NOTYPE  LOCAL  DEFAULT    4 $t
   694: 000045e0     0 NOTYPE  LOCAL  DEFAULT    4 $d
   695: 000045e4     0 NOTYPE  LOCAL  DEFAULT    4 $t
   696: 000045e8     0 NOTYPE  LOCAL  DEFAULT    4 $d
   697: 000045ec     0 NOTYPE  LOCAL  DEFAULT    4 $t
   698: 000045f6     0 NOTYPE  LOCAL  DEFAULT    4 $t
   699: 00004600     0 NOTYPE  LOCAL  DEFAULT    4 $t
   700: 0000460a     0 NOTYPE  LOCAL  DEFAULT    4 $t
   701: 00004614     0 NOTYPE  LOCAL  DEFAULT    4 $t
   702: 0000461e     0 NOTYPE  LOCAL  DEFAULT    4 $t
   703: 00004628     0 NOTYPE  LOCAL  DEFAULT    4 $t
   704: 00004632     0 NOTYPE  LOCAL  DEFAULT    4 $t
   705: 0000463c     0 NOTYPE  LOCAL  DEFAULT    4 $t
   706: 00004648     0 NOTYPE  LOCAL  DEFAULT    4 $t
   707: 0000464c     0 NOTYPE  LOCAL  DEFAULT    4 $d
   708: 00004650     0 NOTYPE  LOCAL  DEFAULT    4 $t
   709: 00004658     0 NOTYPE  LOCAL  DEFAULT    4 $d
   710: 0000468c     0 NOTYPE  LOCAL  DEFAULT    4 $t
   711: 0000468d    16 FUNC    LOCAL  DEFAULT    4 _ZL10new_helperj
   712: 00004698     0 NOTYPE  LOCAL  DEFAULT    4 $d
   713: 0000469c     0 NOTYPE  LOCAL  DEFAULT    4 $t
   714: 000046a0     0 NOTYPE  LOCAL  DEFAULT    4 $d
   715: 000046a4     0 NOTYPE  LOCAL  DEFAULT    4 $t
   716: 000046a8     0 NOTYPE  LOCAL  DEFAULT    4 $t
   717: 000046ac     0 NOTYPE  LOCAL  DEFAULT    4 $d
   718: 000046b0     0 NOTYPE  LOCAL  DEFAULT    4 $t
   719: 000046b4     0 NOTYPE  LOCAL  DEFAULT    4 $d
   720: 000046b8     0 NOTYPE  LOCAL  DEFAULT    4 $t
   721: 00004714     0 NOTYPE  LOCAL  DEFAULT    4 $d
   722: 00004724     0 NOTYPE  LOCAL  DEFAULT    4 $t
   723: 00004728     0 NOTYPE  LOCAL  DEFAULT    4 $d
   724: 0000472c     0 NOTYPE  LOCAL  DEFAULT    4 $t
   725: 0000473c     0 NOTYPE  LOCAL  DEFAULT    4 $d
   726: 00004c6c     0 NOTYPE  LOCAL  DEFAULT    4 $t
   727: 00004c80     0 NOTYPE  LOCAL  DEFAULT    4 $d
   728: 00004c8c     0 NOTYPE  LOCAL  DEFAULT    4 $t
   729: 00004cb4     0 NOTYPE  LOCAL  DEFAULT    4 $d
   730: 00004cbc     0 NOTYPE  LOCAL  DEFAULT    4 $t
   731: 00004ce4     0 NOTYPE  LOCAL  DEFAULT    4 $d
   732: 00005320     0 NOTYPE  LOCAL  DEFAULT    4 $t
   733: 00000648     0 NOTYPE  LOCAL  DEFAULT    3 $d
   734: 000006b8     0 NOTYPE  LOCAL  DEFAULT    3 $d
   735: 00000620     0 NOTYPE  LOCAL  DEFAULT    3 $d
   736: 00000435     0 NOTYPE  LOCAL  DEFAULT    3 $d
   737: 000003a8     0 NOTYPE  LOCAL  DEFAULT    3 $d
   738: 00000649     0 NOTYPE  LOCAL  DEFAULT    3 $d
   739: 000006d2     0 NOTYPE  LOCAL  DEFAULT    3 $d
   740: 000003ba     0 NOTYPE  LOCAL  DEFAULT    3 $d
   741: 00000451     0 NOTYPE  LOCAL  DEFAULT    3 $d
   742: 00000447     0 NOTYPE  LOCAL  DEFAULT    3 $d
   743: 0000043e     0 NOTYPE  LOCAL  DEFAULT    3 $d
   744: 000007ff     0 NOTYPE  LOCAL  DEFAULT    3 $d
   745: 00000667     0 NOTYPE  LOCAL  DEFAULT    3 $d
   746: 000007d8     0 NOTYPE  LOCAL  DEFAULT    3 $d
   747: 000007e5     0 NOTYPE  LOCAL  DEFAULT    3 $d
   748: 00000726     0 NOTYPE  LOCAL  DEFAULT    3 $d
   749: 000007f2     0 NOTYPE  LOCAL  DEFAULT    3 $d
   750: 000007b7     0 NOTYPE  LOCAL  DEFAULT    3 $d
   751: 000007c7     0 NOTYPE  LOCAL  DEFAULT    3 $d
   752: 00000676     0 NOTYPE  LOCAL  DEFAULT    3 $d
   753: 000006a0     0 NOTYPE  LOCAL  DEFAULT    3 $d
   754: 000006ec     0 NOTYPE  LOCAL  DEFAULT    3 $d
   755: 00000651     0 NOTYPE  LOCAL  DEFAULT    3 $d
   756: 0000064a     0 NOTYPE  LOCAL  DEFAULT    3 $d
   757: 00000659     0 NOTYPE  LOCAL  DEFAULT    3 $d
   758: 0000079e     0 NOTYPE  LOCAL  DEFAULT    3 $d
   759: 00000774     0 NOTYPE  LOCAL  DEFAULT    3 $d
   760: 0000074b     0 NOTYPE  LOCAL  DEFAULT    3 $d
   761: 00000704     0 NOTYPE  LOCAL  DEFAULT    3 $d
   762: 00000000     0 NOTYPE  GLOBAL DEFAULT  UND __real_cos
   763: 00000000     0 NOTYPE  GLOBAL DEFAULT  UND __real___aeabi_dcmpgt
   764: 00000000     0 NOTYPE  GLOBAL DEFAULT  UND __real_iscntrl
   765: 00000000     0 NOTYPE  GLOBAL DEFAULT  UND __real_ldexp
   766: 00000000     0 NOTYPE  GLOBAL DEFAULT  UND __real_puts
   767: 00000000     0 NOTYPE  GLOBAL DEFAULT  UND __real_isxdigit
   768: 00000000     0 NOTYPE  GLOBAL DEFAULT  UND __real_sinf
   769: 00000000     0 NOTYPE  GLOBAL DEFAULT  UND __real___aeabi_uidivmod
   770: 00000000     0 NOTYPE  GLOBAL DEFAULT  UND __real___aeabi_f2uiz
   771: 00000000     0 NOTYPE  GLOBAL DEFAULT  UND __real___aeabi_dcmpun
   772: 00000000     0 NOTYPE  GLOBAL DEFAULT  UND _sidata
   773: 00000000     0 NOTYPE  GLOBAL DEFAULT  UND __real_log10
   774: 00000000     0 NOTYPE  GLOBAL DEFAULT  UND __real___aeabi_dcmplt
   775: 00000000     0 NOTYPE  GLOBAL DEFAULT  UND __real___aeabi_idivmod
   776: 00000000     0 NOTYPE  GLOBAL DEFAULT  UND __real_isprint
   777: 00000000     0 NOTYPE  GLOBAL DEFAULT  UND __real_exp2
   778: 00000000     0 NOTYPE  GLOBAL DEFAULT  UND __real_atan2
   779: 00000000     0 NOTYPE  GLOBAL DEFAULT  UND __real_log
   780: 00000000     0 NOTYPE  GLOBAL DEFAULT  UND __real_islower
   781: 00000000     0 NOTYPE  GLOBAL DEFAULT  UND _sbss
   782: 00000000     0 NOTYPE  GLOBAL DEFAULT  UND __device_dts_ord_91
   783: 00000000     0 NOTYPE  GLOBAL DEFAULT  UND sys_clock_cycle_get_64
   784: 00000000     0 NOTYPE  GLOBAL DEFAULT  UND __device_dts_ord_65
   785: 00000000     0 NOTYPE  GLOBAL DEFAULT  UND __real___aeabi_ldivmod
   786: 00000000     0 NOTYPE  GLOBAL DEFAULT  UND __real_atoi
   787: 00000000     0 NOTYPE  GLOBAL DEFAULT  UND __real___aeabi_uidiv
   788: 00000000     0 NOTYPE  GLOBAL DEFAULT  UND __real___aeabi_idiv
   789: 00000000     0 NOTYPE  GLOBAL DEFAULT  UND __real_exit
   790: 00000000     0 NOTYPE  GLOBAL DEFAULT  UND __real_strchr
   791: 00000000     0 NOTYPE  GLOBAL DEFAULT  UND __real___aeabi_ddiv
   792: 00000000     0 NOTYPE  GLOBAL DEFAULT  UND __real___aeabi_read_tp
   793: 00000000     0 NOTYPE  GLOBAL DEFAULT  UND __real___aeabi_ui2f
   794: 00000000     0 NOTYPE  GLOBAL DEFAULT  UND __real_strstr
   795: 00000000     0 NOTYPE  GLOBAL DEFAULT  UND __device_dts_ord_93
   796: 00000000     0 NOTYPE  GLOBAL DEFAULT  UND _sdata
   797: 00000000     0 NOTYPE  GLOBAL DEFAULT  UND __real_sqrtf
   798: 00000000     0 NOTYPE  GLOBAL DEFAULT  UND __real_strncpy
   799: 00000000     0 NOTYPE  GLOBAL DEFAULT  UND __real_srand
   800: 00000000     0 NOTYPE  GLOBAL DEFAULT  UND __real___aeabi_i2f
   801: 00000000     0 NOTYPE  GLOBAL DEFAULT  UND __real___aeabi_fcmpun
   802: 00000000     0 NOTYPE  GLOBAL DEFAULT  UND __real_strdup
   803: 00000000     0 NOTYPE  GLOBAL DEFAULT  UND __real_gettimeofday
   804: 00000000     0 NOTYPE  GLOBAL DEFAULT  UND __real_fmod
   805: 00000000     0 NOTYPE  GLOBAL DEFAULT  UND __real_toupper
   806: 00000000     0 NOTYPE  GLOBAL DEFAULT  UND __real_strrchr
   807: 00000000     0 NOTYPE  GLOBAL DEFAULT  UND __real_tolower
   808: 00000000     0 NOTYPE  GLOBAL DEFAULT  UND __real_isgraph
   809: 00000000     0 NOTYPE  GLOBAL DEFAULT  UND __real_atan
   810: 00000000     0 NOTYPE  GLOBAL DEFAULT  UND _ebss
   811: 00000000     0 NOTYPE  GLOBAL DEFAULT  UND __real_pow
   812: 00000000     0 NOTYPE  GLOBAL DEFAULT  UND __real_strtok
   813: 00000000     0 NOTYPE  GLOBAL DEFAULT  UND __real_vsprintf
   814: 00000000     0 NOTYPE  GLOBAL DEFAULT  UND kheap_llext_heap
   815: 00000000     0 NOTYPE  GLOBAL DEFAULT  UND analog_reference
   816: 00000000     0 NOTYPE  GLOBAL DEFAULT  UND __real_strtod
   817: 00000000     0 NOTYPE  GLOBAL DEFAULT  UND __real_isalnum
   818: 00000000     0 NOTYPE  GLOBAL DEFAULT  UND __real___aeabi_fdiv
   819: 00000000     0 NOTYPE  GLOBAL DEFAULT  UND __real_sin
   820: 00000000     0 NOTYPE  GLOBAL DEFAULT  UND __real___aeabi_fcmple
   821: 00000000     0 NOTYPE  GLOBAL DEFAULT  UND __real___aeabi_f2iz
   822: 00000000     0 NOTYPE  GLOBAL DEFAULT  UND __real_tan
   823: 00000000     0 NOTYPE  GLOBAL DEFAULT  UND _printf_float
   824: 00000000     0 NOTYPE  GLOBAL DEFAULT  UND __real_strtoul
   825: 00000000     0 NOTYPE  GLOBAL DEFAULT  UND __real_strnlen
   826: 00000000     0 NOTYPE  GLOBAL DEFAULT  UND __real___aeabi_dsub
   827: 00000000     0 NOTYPE  GLOBAL DEFAULT  UND __real___aeabi_d2iz
   828: 00000000     0 NOTYPE  GLOBAL DEFAULT  UND __real_exp
   829: 00000000     0 NOTYPE  GLOBAL DEFAULT  UND __real_logf
   830: 00000000     0 NOTYPE  GLOBAL DEFAULT  UND __real_memmem
   831: 00000000     0 NOTYPE  GLOBAL DEFAULT  UND __real_sqrt
   832: 00000000     0 NOTYPE  GLOBAL DEFAULT  UND __real_isupper
   833: 00000000     0 NOTYPE  GLOBAL DEFAULT  UND __real___aeabi_dcmple
   834: 00000000     0 NOTYPE  GLOBAL DEFAULT  UND __real___aeabi_d2uiz
   835: 00000000     0 NOTYPE  GLOBAL DEFAULT  UND printk
   836: 00000000     0 NOTYPE  GLOBAL DEFAULT  UND __real_strncmp
   837: 00000000     0 NOTYPE  GLOBAL DEFAULT  UND __real___aeabi_dcmpge
   838: 00000000     0 NOTYPE  GLOBAL DEFAULT  UND __real_asinf
   839: 00000000     0 NOTYPE  GLOBAL DEFAULT  UND __real___aeabi_fadd
   840: 00000000     0 NOTYPE  GLOBAL DEFAULT  UND __real_isspace
   841: 00000000     0 NOTYPE  GLOBAL DEFAULT  UND __real___aeabi_dcmpeq
   842: 00000000     0 NOTYPE  GLOBAL DEFAULT  UND __real___aeabi_dmul
   843: 00000000     0 NOTYPE  GLOBAL DEFAULT  UND __heap_end
   844: 00000000     0 NOTYPE  GLOBAL DEFAULT  UND __real_strcat
   845: 00000000     0 NOTYPE  GLOBAL DEFAULT  UND __real_putchar
   846: 00000000     0 NOTYPE  GLOBAL DEFAULT  UND __real___aeabi_fcmplt
   847: 00000000     0 NOTYPE  GLOBAL DEFAULT  UND __real_vsnprintf
   848: 00000000     0 NOTYPE  GLOBAL DEFAULT  UND __real_rand
   849: 00000000     0 NOTYPE  GLOBAL DEFAULT  UND __real_acos
   850: 00000000     0 NOTYPE  GLOBAL DEFAULT  UND __heap_start
   851: 00000000     0 NOTYPE  GLOBAL DEFAULT  UND __real_asin
   852: 00000000     0 NOTYPE  GLOBAL DEFAULT  UND _edata
   853: 00000000     0 NOTYPE  GLOBAL DEFAULT  UND __real_isdigit
   854: 00000000     0 NOTYPE  GLOBAL DEFAULT  UND __device_dts_ord_66
   855: 00000000     0 NOTYPE  GLOBAL DEFAULT  UND __real___aeabi_fcmpge
   856: 00000000     0 NOTYPE  GLOBAL DEFAULT  UND __real_vprintf
   857: 00000000     0 NOTYPE  GLOBAL DEFAULT  UND __device_dts_ord_94
   858: 00000000     0 NOTYPE  GLOBAL DEFAULT  UND __real_vsscanf
   859: 00000000     0 NOTYPE  GLOBAL DEFAULT  UND __real___aeabi_fcmpeq
   860: 00000000     0 NOTYPE  GLOBAL DEFAULT  UND __real_strcasecmp
   861: 00000000     0 NOTYPE  GLOBAL DEFAULT  UND __real_tanf
   862: 00000000     0 NOTYPE  GLOBAL DEFAULT  UND __real_atof
   863: 00000000     0 NOTYPE  GLOBAL DEFAULT  UND __real___aeabi_dadd
   864: 00000000     0 NOTYPE  GLOBAL DEFAULT  UND __real_calloc
   865: 00000000     0 NOTYPE  GLOBAL DEFAULT  UND __device_dts_ord_89
   866: 00000000     0 NOTYPE  GLOBAL DEFAULT  UND __real_strtol
   867: 00000000     0 NOTYPE  GLOBAL DEFAULT  UND __real_acosf
   868: 00000000     0 NOTYPE  GLOBAL DEFAULT  UND __real_cosf
   869: 00000000     0 NOTYPE  GLOBAL DEFAULT  UND __real_log2
   870: 00000000     0 NOTYPE  GLOBAL DEFAULT  UND __real___aeabi_fmul
   871: 00000000     0 NOTYPE  GLOBAL DEFAULT  UND __real___aeabi_d2lz
   872: 00000000     0 NOTYPE  GLOBAL DEFAULT  UND __real_atan2f
   873: 00000000     0 NOTYPE  GLOBAL DEFAULT  UND kheap_llext_heap_size
   874: 00000000     0 NOTYPE  GLOBAL DEFAULT  UND __real_strcpy
   875: 00000000     0 NOTYPE  GLOBAL DEFAULT  UND __device_dts_ord_90
   876: 00000000     0 NOTYPE  GLOBAL DEFAULT  UND __real__exit
   877: 00000000     0 NOTYPE  GLOBAL DEFAULT  UND __real_memcmp
   878: 00000000     0 NOTYPE  GLOBAL DEFAULT  UND __real___aeabi_fsub
   879: 00000000     0 NOTYPE  GLOBAL DEFAULT  UND __real_memchr
   880: 00000000     0 NOTYPE  GLOBAL DEFAULT  UND __device_dts_ord_92
   881: 00000000     0 NOTYPE  GLOBAL DEFAULT  UND __real___aeabi_fcmpgt
   882: 00000000     0 NOTYPE  GLOBAL DEFAULT  UND __real_atol
   883: 00000000     0 NOTYPE  GLOBAL DEFAULT  UND __real_atanf
   884: 00000000     0 NOTYPE  GLOBAL DEFAULT  UND __device_dts_ord_95
   885: 00000000     0 NOTYPE  GLOBAL DEFAULT  UND __real_isalpha
   886: 000042f1     2 FUNC    GLOBAL DEFAULT    4 __cxa_free_exception
   887: 00000000     0 NOTYPE  GLOBAL DEFAULT  UND __device_dts_ord_70
   888: 00000118     8 OBJECT  WEAK   DEFAULT    9 _ZZN8RpcUtils6detail12unpackObjectERN7arduino7msgpack8UnpackerEE5num64
   889: 00000271    96 FUNC    WEAK   DEFAULT    4 _ZN7arduino7msgpack8Unpacker11unpackInt64Ev
   890: 00004e25     4 FUNC    GLOBAL DEFAULT    4 _ZNKSt9type_info15__is_function_pEv
   891: 00000000     0 NOTYPE  WEAK   DEFAULT  UND __device_dts_ord_40
   892: 00004331    22 FUNC    GLOBAL DEFAULT    4 _ZN7arduino6StringC1EOS0_
   893: 00004725     8 FUNC    GLOBAL DEFAULT    4 yield
   894: 00000000     0 NOTYPE  GLOBAL DEFAULT  UND z_impl_k_thread_create
   895: 0000160d   192 FUNC    WEAK   DEFAULT    4 _ZN10RPCRequestILj256EE22unpack_request_headersEv
   896: 00004f51    20 FUNC    GLOBAL DEFAULT    4 _ZNSt12length_errorC2EPKc
   897: 00002701    60 FUNC    WEAK   DEFAULT    4 _ZN7arduino7msgpack8Unpacker9unpackNilEv
   898: 000046b9   108 FUNC    GLOBAL DEFAULT    4 _Z20start_static_threadsv
   899: 00004cf5    20 FUNC    GLOBAL DEFAULT    4 _ZNSt9bad_allocD2Ev
   900: 00004301    12 FUNC    GLOBAL DEFAULT    4 __cxa_end_cleanup
   901: 00004331    22 FUNC    GLOBAL DEFAULT    4 _ZN7arduino6StringC2EOS0_
   902: 000027e5    64 FUNC    WEAK   DEFAULT    4 _ZN7RpcCallIJEE8setErrorEiN7arduino6StringE
   903: 000025c1     4 FUNC    WEAK   DEFAULT    4 _ZN7arduino5Print17availableForWriteEv
   904: 00000000     0 NOTYPE  WEAK   DEFAULT  UND __device_dts_ord_105
   905: 00000000     0 NOTYPE  GLOBAL DEFAULT  UND z_impl_device_init
   906: 00004d21    20 FUNC    GLOBAL DEFAULT    4 _ZN10__cxxabiv120__si_class_type_infoD2Ev
   907: 0000037e    37 OBJECT  GLOBAL DEFAULT    3 _ZTSN10__cxxabiv120__si_class_type_infoE
   908: 00004425    44 FUNC    GLOBAL DEFAULT    4 _ZN7arduino6String4moveERS0_
   909: 000026d5    44 FUNC    WEAK   DEFAULT    4 _ZN8RpcErrorC2Ev
   910: 00000000     4 OBJECT  WEAK   DEFAULT    9 _ZGVN12RouterBridge3HCIE
   911: 00001a65   288 FUNC    WEAK   DEFAULT    4 _ZN7arduino7msgpack6object3extC2EaPKhj
   912: 00005061    60 FUNC    WEAK   DEFAULT    4 _ZNSt7__cxx1112basic_stringIcSt11char_traitsIcESaIcEE9_M_createERjj
   913: 00000000     0 NOTYPE  GLOBAL DEFAULT  UND __real_abort
   914: 0000497d   112 FUNC    GLOBAL DEFAULT    4 _ZN7arduino12ZephyrSerial5writeEPKhj
   915: 00000000     0 NOTYPE  GLOBAL DEFAULT  UND z_impl_k_thread_name_set
   916: 000050dd    54 FUNC    WEAK   DEFAULT    4 _ZNSt7__cxx1112basic_stringIcSt11char_traitsIcESaIcEE7reserveEj
   917: 000045ad     8 FUNC    GLOBAL DEFAULT    4 memmove
   918: 00000074     4 OBJECT  GLOBAL DEFAULT    9 lastScrollMs
   919: 000036c5   172 FUNC    WEAK   DEFAULT    4 _ZN11BridgeClass6notifyIJRN7arduino6StringEEEEvS2_DpOT_
   920: 00000008     0 TLS     GLOBAL DEFAULT  ABS _TLS_MODULE_BASE_
   921: 00004d1d     2 FUNC    GLOBAL DEFAULT    4 _ZNSt9exceptionD2Ev
   922: 000003c9   108 FUNC    WEAK   DEFAULT    4 _ZN7arduino7msgpack8Unpacker13unpackFloat64Ev
   923: 00004945    12 FUNC    WEAK   DEFAULT    4 _ZN7arduino12ZephyrSerial3endEv
   924: 00004951    44 FUNC    GLOBAL DEFAULT    4 _ZN7arduino12ZephyrSerial5flushEv
   925: 00000000     0 NOTYPE  GLOBAL DEFAULT  UND __real_memmove
   926: 00004319    12 FUNC    GLOBAL DEFAULT    4 __aeabi_unwind_cpp_pr0
   927: 00003c65    64 FUNC    WEAK   DEFAULT    4 _ZN7RpcCallIJRjEE8setErrorEiN7arduino6StringE
   928: 00000fb9    40 FUNC    WEAK   DEFAULT    4 _ZN7arduino7msgpack6Packer10packUInt32Ej
   929: 00000129     1 OBJECT  WEAK   DEFAULT    9 _ZZN8RpcUtils6detail12unpackObjectERN7arduino7msgpack8UnpackerEE3nil
   930: 00000000     0 NOTYPE  GLOBAL DEFAULT  UND z_impl_k_yield
   931: 000015a8  2156 OBJECT  GLOBAL DEFAULT    9 Serial1
   932: 00000130     4 OBJECT  WEAK   DEFAULT    9 _ZZN7arduino7msgpack8Unpacker10from_arrayIJRiRNS_6StringEEEEbDpOT_E2sz
   933: 0000501d    28 FUNC    WEAK   DEFAULT    4 _ZNSs4_Rep10_M_disposeERKSaIcE
   934: 00000014     0 TLS     GLOBAL DEFAULT  ABS errno
   935: 00000000     0 NOTYPE  GLOBAL DEFAULT  UND __real_malloc
   936: 000012f5   280 FUNC    WEAK   DEFAULT    4 _ZN7arduino7msgpack8Unpacker11unpackFloatIfEENSt9enable_ifIXaasrSt13is_arithmeticIT_E5valuesrSt17is_floating_pointIS5_E5valueES5_E4typeEv
   937: 00003771    64 FUNC    WEAK   DEFAULT    4 _ZN7RpcCallIJRN7arduino6StringEEE8setErrorEiS1_
   938: 00002c6d   124 FUNC    WEAK   DEFAULT    4 _ZN7arduino7msgpack6Packer4packERKNS_6StringE
   939: 00000000     0 NOTYPE  GLOBAL DEFAULT  UND __real___aeabi_l2f
   940: 0000001c     0 TLS     GLOBAL DEFAULT  ABS _localtime_buf
   941: 00004771     4 FUNC    WEAK   DEFAULT    4 _ZN7arduino12ZephyrSerialcvbEv
   942: 000003f6    25 OBJECT  GLOBAL DEFAULT    3 _ZTSNSt3_V214error_categoryE
   943: 00000209    16 FUNC    WEAK   DEFAULT    4 _ZNK7arduino7msgpack8Unpacker7getTypeEv
   944: 00000105    80 FUNC    GLOBAL DEFAULT    4 loop
   945: 0000465d     2 FUNC    WEAK   DEFAULT    4 initVariant
   946: 00000d05   120 FUNC    WEAK   DEFAULT    4 _ZN7arduino7msgpack8Unpacker4feedEPKhj
   947: 000045cd     8 FUNC    GLOBAL DEFAULT    4 __xpg_strerror_r
   948: 00000000     0 NOTYPE  WEAK   DEFAULT  UND __device_dts_ord_120
   949: 00004e91    20 FUNC    GLOBAL DEFAULT    4 _ZNSt12length_errorD2Ev
   950: 00000511    46 FUNC    WEAK   DEFAULT    4 _ZNK7arduino7msgpack8Unpacker11getRawBytesItEET_jj
   951: 00000000     0 NOTYPE  WEAK   DEFAULT  UND __device_dts_ord_30
   952: 0000012c     4 OBJECT  WEAK   DEFAULT    9 _ZGVZN7arduino7msgpack8Unpacker10from_arrayIJRiRNS_6StringEEEEbDpOT_E2sz
   953: 00002409   284 FUNC    WEAK   DEFAULT    4 _ZN11BridgeClass11update_safeEv
   954: 00000128     1 OBJECT  WEAK   DEFAULT    9 _ZZN8RpcUtils6detail12unpackObjectERN7arduino7msgpack8UnpackerEE1b
   955: 000045a5     8 FUNC    GLOBAL DEFAULT    4 memcpy
   956: 0000535d    12 FUNC    GLOBAL DEFAULT    4 _ZNK10__cxxabiv117__class_type_info20__do_find_public_srcEiPKvPKS0_S2_
   957: 00000000     0 NOTYPE  WEAK   DEFAULT  UND __device_dts_ord_83
   958: 000000d0    16 OBJECT  WEAK   DEFAULT    9 _ZZN8RpcUtils6detail12unpackObjectERN7arduino7msgpack8UnpackerEE1t
   959: 000049ed   232 FUNC    GLOBAL DEFAULT    4 _ZN7arduino12ZephyrSerial10IrqHandlerEv
   960: 00000ee5    44 FUNC    WEAK   DEFAULT    4 _ZN7arduino7msgpack6Packer9packUInt8Eh
   961: 0000435d    28 FUNC    GLOBAL DEFAULT    4 _ZN7arduino6String10invalidateEv
   962: 00005369    20 FUNC    GLOBAL DEFAULT    4 _ZN10__cxxabiv117__class_type_infoD1Ev
   963: 0000463d    10 FUNC    GLOBAL DEFAULT    4 __aeabi_uldivmod
   964: 00000000     0 NOTYPE  WEAK   DEFAULT  UND __device_dts_ord_88
   965: 0000509d    22 FUNC    WEAK   DEFAULT    4 _ZNSt7__cxx1112basic_stringIcSt11char_traitsIcESaIcEE10_M_disposeEv
   966: 00000b65   196 FUNC    WEAK   DEFAULT    4 _ZN7arduino7msgpack8Unpacker11deserializeINS0_6object8timespecEJEEEbRT_DpOT0_
   967: 000045d5     8 FUNC    GLOBAL DEFAULT    4 malloc
   968: 000050cb    18 FUNC    WEAK   DEFAULT    4 _ZNKSt7__cxx1112basic_stringIcSt11char_traitsIcESaIcEE8capacityEv
   969: 00000000     0 NOTYPE  GLOBAL DEFAULT  UND z_impl_k_mutex_lock
   970: 00002d21    34 FUNC    WEAK   DEFAULT    4 _ZNK10RpcDecoderILj1024EE4sendEPKhj
   971: 00004479    24 FUNC    GLOBAL DEFAULT    4 _ZN7arduino6StringC1ERKS0_
   972: 00004f29    40 FUNC    GLOBAL DEFAULT    4 _ZNSt11logic_errorC2EPKc
   973: 00000120     4 OBJECT  WEAK   DEFAULT    9 _ZZN8RpcUtils6detail12unpackObjectERN7arduino7msgpack8UnpackerEE5num32
   974: 00000000     0 NOTYPE  GLOBAL DEFAULT  UND z_impl_k_sem_take
   975: 00000000     4 OBJECT  GLOBAL HIDDEN     7 __dso_handle
   976: 00000000     0 NOTYPE  GLOBAL DEFAULT  UND matrixGrayscaleWrite
   977: 000045f7    10 FUNC    GLOBAL DEFAULT    4 __aeabi_ui2d
   978: 000053e7    42 FUNC    GLOBAL DEFAULT    4 _ZNK10__cxxabiv117__class_type_info10__do_catchEPKSt9type_infoPPvj
   979: 00001cfd  1228 FUNC    WEAK   DEFAULT    4 _ZN8RpcUtils6detail12unpackObjectERN7arduino7msgpack8UnpackerE
   980: 000000f8     4 OBJECT  WEAK   DEFAULT    9 _ZGVZN8RpcUtils6detail12unpackObjectERN7arduino7msgpack8UnpackerEE5bytes
   981: 00000000     0 NOTYPE  GLOBAL DEFAULT  UND __real___aeabi_l2d
   982: 0000273d    64 FUNC    WEAK   DEFAULT    4 _ZN7arduino7msgpack8Unpacker11deserializeINS0_6object5nil_tEJEEEbRT_DpOT0_
   983: 0000004f    30 FUNC    WEAK   DEFAULT    4 _ZNK7arduino7msgpack8Unpacker13getRawBytePtrEjj
   984: 00001055    44 FUNC    WEAK   DEFAULT    4 _ZN7arduino7msgpack6Packer10packUInt16Et
   985: 00004c6d    32 FUNC    GLOBAL DEFAULT    4 _ZSt17__throw_bad_allocv
   986: 00000250    12 OBJECT  GLOBAL DEFAULT    1 _ZTISt9bad_alloc
   987: 000043f9    44 FUNC    GLOBAL DEFAULT    4 _ZN7arduino6StringC1EPKc
   988: 000000f4     4 OBJECT  WEAK   DEFAULT    9 _ZZN8RpcUtils6detail12unpackObjectERN7arduino7msgpack8UnpackerEE6arr_sz
   989: 00000338    52 OBJECT  GLOBAL DEFAULT    1 _ZTVN7arduino12ZephyrSerialE
   990: 00001145   160 FUNC    WEAK   DEFAULT    4 _ZN7arduino7msgpack6Packer12packRawBytesEPKcj
   991: 0000193d   216 FUNC    WEAK   DEFAULT    4 _ZN10RpcDecoderILj1024EE16fetch_rpc_methodEv
   992: 00004f51    20 FUNC    GLOBAL DEFAULT    4 _ZNSt12length_errorC1EPKc
   993: 00000155    24 FUNC    WEAK   DEFAULT    4 _ZNSt12_Vector_baseIhSaIhEED2Ev
   994: 000002bc    44 OBJECT  GLOBAL DEFAULT    1 _ZTVN10__cxxabiv120__si_class_type_infoE
   995: 000050b3    24 FUNC    WEAK   DEFAULT    4 _ZNSt7__cxx1112basic_stringIcSt11char_traitsIcESaIcEE7_S_copyEPcPKcj
   996: 0000036c    20 OBJECT  GLOBAL DEFAULT    1 _ZTVSt11logic_error
   997: 000053cf    24 FUNC    GLOBAL DEFAULT    4 _ZNK10__cxxabiv117__class_type_info11__do_upcastEPKS0_PKvRNS0_15__upcast_resultE
   998: 00000481    72 FUNC    WEAK   DEFAULT    4 _ZN7arduino7msgpack8Unpacker11unpackUInt7Ev
   999: 000046a9     8 FUNC    GLOBAL DEFAULT    4 _ZdlPv
  1000: 00004ea5    18 FUNC    GLOBAL DEFAULT    4 _ZNSt12length_errorD0Ev
  1001: 00004479    24 FUNC    GLOBAL DEFAULT    4 _ZN7arduino6StringC2ERKS0_
  1002: 000051a3     6 FUNC    GLOBAL DEFAULT    4 _ZNKSt3_V214error_category23default_error_conditionEi
  1003: 00004ae1    44 FUNC    WEAK   DEFAULT    4 _ZN7arduino12ZephyrSerial18ZephyrSerialBufferILi1024EEC2Ev
  1004: 000044d1    64 FUNC    GLOBAL DEFAULT    4 _ZN7arduino6String6concatEPKcj
  1005: 00004cbd    48 FUNC    GLOBAL DEFAULT    4 _ZSt20__throw_length_errorPKc
  1006: 00000000     0 NOTYPE  GLOBAL DEFAULT  UND __device_dts_ord_73
  1007: 00004651    12 FUNC    GLOBAL DEFAULT    4 abort
  1008: 0000006d   104 FUNC    GLOBAL DEFAULT    4 _Z10drawScrollv
  1009: 00000000     0 NOTYPE  GLOBAL DEFAULT  UND z_impl_k_sem_init
  1010: 00000000     0 NOTYPE  WEAK   DEFAULT  UND __device_dts_ord_17
  1011: 00000000     0 NOTYPE  GLOBAL DEFAULT  UND _device_list_end
  1012: 000026d5    44 FUNC    WEAK   DEFAULT    4 _ZN8RpcErrorC1Ev
  1013: 00004615    10 FUNC    GLOBAL DEFAULT    4 __aeabi_d2f
  1014: 00004e7d    18 FUNC    GLOBAL DEFAULT    4 _ZNSt11logic_errorD0Ev
  1015: 000004d0  2156 OBJECT  GLOBAL DEFAULT    9 Serial3
  1016: 00000365    96 FUNC    WEAK   DEFAULT    4 _ZN7arduino7msgpack8Unpacker13unpackFloat32Ev
  1017: 00002305   260 FUNC    WEAK   DEFAULT    4 _ZN9RPCServer7get_rpcILj256EEEbR10RPCRequestIXT_EEN7arduino6StringE
  1018: 0000035c    34 OBJECT  GLOBAL DEFAULT    3 _ZTSN10__cxxabiv117__class_type_infoE
  1019: 0000430d    12 FUNC    GLOBAL DEFAULT    4 __gxx_personality_v0
  1020: 0000025c     8 OBJECT  GLOBAL DEFAULT    1 _ZTISt9exception
  1021: 00000000     0 NOTYPE  WEAK   DEFAULT  UND __device_dts_ord_109
  1022: 000012b5    64 FUNC    WEAK   DEFAULT    4 _ZN7arduino7msgpack8Unpacker11deserializeIiJEEEbRT_DpOT0_
  1023: 00003095   380 FUNC    WEAK   DEFAULT    4 _ZN10RpcDecoderILj1024EE12get_responseIN7arduino7msgpack6object5nil_tEEEbjRT_R8RpcError
  1024: 000000fc    12 OBJECT  WEAK   DEFAULT    9 _ZZN8RpcUtils6detail12unpackObjectERN7arduino7msgpack8UnpackerEE5bytes
  1025: 00000000     0 NOTYPE  GLOBAL DEFAULT  UND __real___aeabi_i2d
  1026: 00004e23     2 FUNC    GLOBAL DEFAULT    4 _ZNSt9type_infoD1Ev
  1027: 000046b1     8 FUNC    GLOBAL DEFAULT    4 _ZdlPvj
  1028: 00000311    84 FUNC    WEAK   DEFAULT    4 _ZN7arduino7msgpack8Unpacker11unpackInt16Ev
  1029: 0000409d   292 FUNC    WEAK   DEFAULT    4 _ZN13BridgeMonitorILj512EE5_readEj
  1030: 00000000     0 NOTYPE  GLOBAL DEFAULT  UND __real___aeabi_ui2d
  1031: 000000e0     4 OBJECT  WEAK   DEFAULT    9 _ZGVZN8RpcUtils6detail12unpackObjectERN7arduino7msgpack8UnpackerEE1e
  1032: 000046a5     4 FUNC    GLOBAL DEFAULT    4 _ZnwjPv
  1033: 0000460b    10 FUNC    GLOBAL DEFAULT    4 __aeabi_ul2d
  1034: 00002f5d   128 FUNC    WEAK   DEFAULT    4 _ZN7arduino7msgpack8Unpacker10unpackUIntIjEENSt9enable_ifIXaaaaaaaasrSt13is_arithmeticIT_E5valuesrSt11is_integralIS5_E5valuentsrSt7is_sameIS5_bE5valuentsrS9_INSt9remove_cvIS5_E4typeEPcE5valuentsrSt9is_signedIS5_E5valueES5_E4typeEv
  1035: 00001a15    40 FUNC    WEAK   DEFAULT    4 _ZNSt11__copy_moveILb0ELb1ESt26random_access_iterator_tagE8__copy_mIKhhEEPT0_PT_S7_S5_
  1036: 00003291  1076 FUNC    WEAK   DEFAULT    4 _ZN13BridgeMonitorILj512EEcvbEv
  1037: 00004e29    44 FUNC    GLOBAL DEFAULT    4 _ZNKSt9type_info7__equalERKS_
  1038: 000009b1    64 FUNC    WEAK   DEFAULT    4 _ZN7arduino7msgpack8Unpacker11deserializeINS0_4type9ArraySizeEJEEEbRT_DpOT0_
  1039: 00001911    44 FUNC    WEAK   DEFAULT    4 _ZN10RpcDecoderILj1024EE7discardEv
  1040: 00000134   568 OBJECT  GLOBAL DEFAULT    9 Serial
  1041: 00003f85   280 FUNC    WEAK   DEFAULT    4 _ZN7RpcCallIJRjEED1Ev
  1042: 00004f65    24 FUNC    GLOBAL DEFAULT    4 _ZNSt12__cow_stringC1EPKcj
  1043: 000038d5   912 FUNC    WEAK   DEFAULT    4 _ZN13BridgeMonitorILj512EE5writeEPKhj
  1044: 00005391    62 FUNC    GLOBAL DEFAULT    4 _ZNK10__cxxabiv117__class_type_info12__do_dyncastEiNS0_10__sub_kindEPKS0_PKvS3_S5_RNS0_16__dyncast_resultE
  1045: 00001e14    16 OBJECT  WEAK   DEFAULT    9 _ZNSs4_Rep20_S_empty_rep_storageE
  1046: 00004e55     4 FUNC    GLOBAL DEFAULT    4 _ZNKSt13runtime_error4whatEv
  1047: 00000000     0 NOTYPE  GLOBAL DEFAULT  UND ring_buf_put
  1048: 0000532b    50 FUNC    GLOBAL DEFAULT    4 _ZNK10__cxxabiv117__class_type_info11__do_upcastEPKS0_PPv
  1049: 00000ffd    88 FUNC    WEAK   DEFAULT    4 _ZN7arduino7msgpack6Packer13packArraySizeEj
  1050: 000001b5    84 FUNC    WEAK   DEFAULT    4 _ZNK7arduino7msgpack8Unpacker7getTypeEj
  1051: 00000000     0 NOTYPE  GLOBAL DEFAULT  UND z_impl_k_uptime_ticks
  1052: 00000380    20 OBJECT  GLOBAL DEFAULT    1 _ZTVSt12length_error
  1053: 00002685    68 FUNC    WEAK   DEFAULT    4 _ZN13BridgeMonitorILj512EE4peekEv
  1054: 00000000     0 NOTYPE  GLOBAL DEFAULT    6 __static_thread_data_list_end
  1055: 00004379    28 FUNC    GLOBAL DEFAULT    4 _ZN7arduino6String12changeBufferEj
  1056: 00000219    88 FUNC    WEAK   DEFAULT    4 _ZN7arduino7msgpack8Unpacker11unpackInt32Ev
  1057: 00004e91    20 FUNC    GLOBAL DEFAULT    4 _ZNSt12length_errorD1Ev
  1058: 00000134   568 OBJECT  GLOBAL DEFAULT    9 Monitor
  1059: 00000238    12 OBJECT  GLOBAL DEFAULT    1 _ZTISt11logic_error
  1060: 00000000     0 NOTYPE  GLOBAL DEFAULT  UND z_impl_k_sem_give
  1061: 00000541    72 FUNC    WEAK   DEFAULT    4 _ZN7arduino7msgpack8Unpacker12unpackUInt16Ev
  1062: 00000018     0 TLS     GLOBAL DEFAULT  ABS _strtok_last
  1063: 0000044a    13 OBJECT  GLOBAL DEFAULT    3 _ZTSSt9type_info
  1064: 00001a3d    40 FUNC    WEAK   DEFAULT    4 _ZNSt11__copy_moveILb1ELb1ESt26random_access_iterator_tagE8__copy_mIhhEEPT0_PT_S6_S4_
  1065: 00004ced     8 FUNC    GLOBAL DEFAULT    4 _ZNKSt9bad_alloc4whatEv
  1066: 00000394    20 OBJECT  GLOBAL DEFAULT    1 _ZTVSt9bad_alloc
  1067: 00004785    72 FUNC    GLOBAL DEFAULT    4 _ZN7arduino12ZephyrSerial4readEv
  1068: 000008b1    72 FUNC    WEAK   DEFAULT    4 _ZN7arduino7msgpack8Unpacker10unpackInt8Ev
  1069: 00000430    13 OBJECT  GLOBAL DEFAULT    3 _ZTSSt9bad_alloc
  1070: 00000000     0 NOTYPE  GLOBAL DEFAULT  UND z_impl_k_sleep
  1071: 00000000     0 NOTYPE  GLOBAL DEFAULT  UND __real___xpg_strerror_r
  1072: 00005041    18 FUNC    WEAK   DEFAULT    4 _ZNSt7__cxx1112basic_stringIcSt11char_traitsIcESaIcEE11_S_allocateERS3_j
  1073: 00004d85   116 FUNC    GLOBAL DEFAULT    4 _ZNK10__cxxabiv120__si_class_type_info12__do_dyncastEiNS_17__class_type_info10__sub_kindEPKS1_PKvS4_S6_RNS1_16__dyncast_resultE
  1074: 0000301d   120 FUNC    WEAK   DEFAULT    4 _ZN7arduino7msgpack8Unpacker11deserializeINS0_4type9ArraySizeEJRiRjEEEbRT_DpOT0_
  1075: 000000e4    12 OBJECT  WEAK   DEFAULT    9 _ZZN8RpcUtils6detail12unpackObjectERN7arduino7msgpack8UnpackerEE1e
  1076: 00000000     0 NOTYPE  WEAK   DEFAULT  UND __device_dts_ord_61
  1077: 00000000     0 NOTYPE  GLOBAL DEFAULT  UND z_impl_device_is_ready
  1078: 00000000     0 NOTYPE  GLOBAL DEFAULT  UND ring_buf_get
  1079: 00002ecd   144 FUNC    WEAK   DEFAULT    4 _ZN7arduino7msgpack8Unpacker11deserializeI8RpcErrorJRNS0_6object5nil_tEEEEbRT_DpOT0_
  1080: 00004e23     2 FUNC    GLOBAL DEFAULT    4 _ZNSt9type_infoD2Ev
  1081: 00000791   120 FUNC    WEAK   DEFAULT    4 _ZN7arduino7msgpack8Unpacker13unpackMapSizeEv
  1082: 000008f9    44 FUNC    WEAK   DEFAULT    4 _ZNK7arduino7msgpack8Unpacker13isTimestamp32Ev
  1083: 00004df9    42 FUNC    GLOBAL DEFAULT    4 _ZNK10__cxxabiv120__si_class_type_info11__do_upcastEPKNS_17__class_type_infoEPKvRNS1_15__upcast_resultE
  1084: 000045dd     8 FUNC    GLOBAL DEFAULT    4 realloc
  1085: 000025c7    24 FUNC    WEAK   DEFAULT    4 _ZN13BridgeMonitorILj512EE5writeEh
  1086: 00000000     0 NOTYPE  GLOBAL DEFAULT  UND __real___aeabi_uldivmod
  1087: 00003211    64 FUNC    WEAK   DEFAULT    4 _ZN10RpcDecoderILj1024EE6decodeEv
  1088: 000042e1     4 FUNC    GLOBAL DEFAULT    4 __cxa_atexit
  1089: 00000000     0 NOTYPE  GLOBAL DEFAULT  UND __real_atexit
  1090: 000045ed    10 FUNC    GLOBAL DEFAULT    4 __aeabi_i2d
  1091: 0000293d   376 FUNC    WEAK   DEFAULT    4 _ZN7arduino7msgpack8Unpacker11deserializeISt6vectorIhSaIhEEJEEEbRT_DpOT0_
  1092: 00004d09    20 FUNC    GLOBAL DEFAULT    4 _ZNSt9bad_allocD0Ev
  1093: 000009f1   372 FUNC    WEAK   DEFAULT    4 _ZN7arduino7msgpack8Unpacker11deserializeINS_6StringEJEEEbRT_DpOT0_
  1094: 00004d21    20 FUNC    GLOBAL DEFAULT    4 _ZN10__cxxabiv120__si_class_type_infoD1Ev
  1095: 000000f0     4 OBJECT  WEAK   DEFAULT    9 _ZZN8RpcUtils6detail12unpackObjectERN7arduino7msgpack8UnpackerEE6map_sz
  1096: 00004c5d    16 FUNC    GLOBAL DEFAULT    4 _ZN6zephyr7arduino22init_dev_apply_pinctrlEPK6device
  1097: 000002d1    32 FUNC    WEAK   DEFAULT    4 _ZNK7arduino7msgpack8Unpacker7isArrayEv
  1098: 00004ad5    12 FUNC    GLOBAL DEFAULT    4 _ZN7arduino12ZephyrSerial11IrqDispatchEPK6devicePv
  1099: 00000749    72 FUNC    WEAK   DEFAULT    4 _ZN7arduino7msgpack8Unpacker12unpackUInt32Ev
  1100: 00000155    24 FUNC    WEAK   DEFAULT    4 _ZNSt12_Vector_baseIhSaIhEED1Ev
  1101: 00004e25     4 FUNC    GLOBAL DEFAULT    4 _ZNKSt9type_info14__is_pointer_pEv
  1102: 00000d7d    56 FUNC    WEAK   DEFAULT    4 _ZNKSt6vectorIhSaIhEE12_M_check_lenEjPKc
  1103: 00001411   280 FUNC    WEAK   DEFAULT    4 _ZN7arduino7msgpack8Unpacker11unpackFloatIdEENSt9enable_ifIXaasrSt13is_arithmeticIT_E5valuesrSt17is_floating_pointIS5_E5valueES5_E4typeEv
  1104: 00000010     0 TLS     GLOBAL DEFAULT  ABS z_tls_current
  1105: 0000455d    32 FUNC    GLOBAL DEFAULT    4 _ZNK7arduino6String6equalsERKS0_
  1106: 000011e5   208 FUNC    WEAK   DEFAULT    4 _ZN7arduino7msgpack8Unpacker9unpackIntIiEENSt9enable_ifIXaaaaaaaasrSt13is_arithmeticIT_E5valuesrSt11is_integralIS5_E5valuentsrSt7is_sameIS5_bE5valuentsrS9_INSt9remove_cvIS5_E4typeEPcE5valuesrSt9is_signedIS5_E5valueES5_E4typeEv
  1107: 00004c8d    48 FUNC    GLOBAL DEFAULT    4 _ZSt19__throw_logic_errorPKc
  1108: 0000487d   200 FUNC    GLOBAL DEFAULT    4 _ZN7arduino12ZephyrSerial5beginEmt
  1109: 00000000     0 NOTYPE  GLOBAL DEFAULT  UND __real_realloc
  1110: 00000290    44 OBJECT  GLOBAL DEFAULT    1 _ZTVN10__cxxabiv117__class_type_infoE
  1111: 00004511    28 FUNC    GLOBAL DEFAULT    4 _ZN7arduino6String6concatEc
  1112: 000042f5    12 FUNC    GLOBAL DEFAULT    4 __cxa_throw
  1113: 00000845    76 FUNC    WEAK   DEFAULT    4 _ZN7arduino7msgpack8Unpacker12unpackUInt64Ev
  1114: 00004759    24 FUNC    WEAK   DEFAULT    4 _ZN7arduino12ZephyrSerial5writeEh
  1115: 00000244    12 OBJECT  GLOBAL DEFAULT    1 _ZTISt12length_error
  1116: 000045c5     8 FUNC    GLOBAL DEFAULT    4 memset
  1117: 00004661    44 FUNC    WEAK   DEFAULT    4 main
  1118: 000018c1    80 FUNC    WEAK   DEFAULT    4 _ZN10RpcDecoderILj1024EE7consumeEjj
  1119: 00004491    16 FUNC    GLOBAL DEFAULT    4 _ZN7arduino6StringaSEOS0_
  1120: 00004629    10 FUNC    GLOBAL DEFAULT    4 __aeabi_l2f
  1121: 0000156d   160 FUNC    WEAK   DEFAULT    4 _ZN7arduino7msgpack8Unpacker11deserializeIjJRNS_6StringEEEEbRT_DpOT0_
  1122: 00000000     0 NOTYPE  WEAK   DEFAULT  UND __device_dts_ord_100
  1123: 00000891    32 FUNC    WEAK   DEFAULT    4 _ZNK7arduino7msgpack8Unpacker11getRawBytesIaEET_jj
  1124: 00000000     0 NOTYPE  WEAK   DEFAULT  UND __device_dts_ord_114
  1125: 00004f7d    24 FUNC    WEAK   DEFAULT    4 _ZNSs7_M_copyEPcPKcj
  1126: 000037b1   292 FUNC    WEAK   DEFAULT    4 _ZN7RpcCallIJRN7arduino6StringEEED2Ev
  1127: 00004601    10 FUNC    GLOBAL DEFAULT    4 __aeabi_l2d
  1128: 00000200    12 OBJECT  GLOBAL DEFAULT    1 _ZTIN10__cxxabiv117__class_type_infoE
  1129: 00003f85   280 FUNC    WEAK   DEFAULT    4 _ZN7RpcCallIJRjEED2Ev
  1130: 0000007c    40 OBJECT  GLOBAL DEFAULT    9 matrix
  1131: 00000589    52 FUNC    WEAK   DEFAULT    4 _ZNK7arduino7msgpack8Unpacker11getRawBytesIjEET_jj
  1132: 00000000     0 NOTYPE  GLOBAL DEFAULT  UND __real_free
  1133: 00001529    68 FUNC    WEAK   DEFAULT    4 _ZN7arduino7msgpack8Unpacker11deserializeINS0_4type9ArraySizeEJRiEEEbRT_DpOT0_
  1134: 00004633    10 FUNC    GLOBAL DEFAULT    4 __aeabi_ul2f
  1135: 0000277d   104 FUNC    WEAK   DEFAULT    4 _ZN7arduino7msgpack8Unpacker11deserializeIbJEEEbRT_DpOT0_
  1136: 000045bd     8 FUNC    GLOBAL DEFAULT    4 strcmp
  1137: 000021c9   316 FUNC    WEAK   DEFAULT    4 _ZN10RpcDecoderILj1024EE12parse_packetEv
  1138: 00004f95    10 FUNC    WEAK   DEFAULT    4 _ZNSs13_S_copy_charsEPcPKcS1_
  1139: 00004849    52 FUNC    GLOBAL DEFAULT    4 _ZN7arduino12ZephyrSerial9availableEv
  1140: 00004ae1    44 FUNC    WEAK   DEFAULT    4 _ZN7arduino12ZephyrSerial18ZephyrSerialBufferILi1024EEC1Ev
  1141: 000037b1   292 FUNC    WEAK   DEFAULT    4 _ZN7RpcCallIJRN7arduino6StringEEED1Ev
  1142: 000043bd    60 FUNC    GLOBAL DEFAULT    4 _ZN7arduino6String4copyEPKcj
  1143: 00000f9d    28 FUNC    WEAK   DEFAULT    4 _ZN7arduino7msgpack6Packer15packRawReversedIjEEvRKT_
  1144: 00000039    22 FUNC    WEAK   DEFAULT    4 _ZN7arduino7msgpack8Unpacker11deserializeEv
  1145: 00000000     0 NOTYPE  GLOBAL DEFAULT  UND matrixBegin
  1146: 000016cd   500 FUNC    WEAK   DEFAULT    4 _ZN9RPCServer15process_requestILj256EEEvR10RPCRequestIXT_EE
  1147: 00000000     0 NOTYPE  GLOBAL DEFAULT  UND pinctrl_lookup_state
  1148: 00000c41    44 FUNC    WEAK   DEFAULT    4 _ZN10RPCRequestILj256EED1Ev
  1149: 000051d9    48 FUNC    GLOBAL DEFAULT    4 _ZNKSt3_V214error_category10_M_messageB5cxx11Ei
  1150: 00004d35    20 FUNC    GLOBAL DEFAULT    4 _ZN10__cxxabiv120__si_class_type_infoD0Ev
  1151: 000000a4    40 OBJECT  WEAK   DEFAULT    9 _ZN12RouterBridge3HCIE
  1152: 00004e59    36 FUNC    GLOBAL DEFAULT    4 _ZNSt11logic_errorD2Ev
  1153: 00000925    44 FUNC    WEAK   DEFAULT    4 _ZNK7arduino7msgpack8Unpacker13isTimestamp64Ev
  1154: 00000370   352 OBJECT  GLOBAL DEFAULT    9 Bridge
  1155: 0000040f    16 OBJECT  GLOBAL DEFAULT    3 _ZTSSt11logic_error
  1156: 00000000     0 NOTYPE  GLOBAL DEFAULT  UND matrixSetGrayscaleBits
  1157: 00004e59    36 FUNC    GLOBAL DEFAULT    4 _ZNSt11logic_errorD1Ev
  1158: 00004649     8 FUNC    GLOBAL DEFAULT    4 atexit
  1159: 00001b85   376 FUNC    WEAK   DEFAULT    4 _ZN7arduino7msgpack8Unpacker9unpackExtEv
  1160: 00000004   104 OBJECT  GLOBAL DEFAULT    9 frame
  1161: 0000006c     1 OBJECT  GLOBAL DEFAULT    9 scrollColumn
  1162: 00000809    58 FUNC    WEAK   DEFAULT    4 _ZNK7arduino7msgpack8Unpacker11getRawBytesIyEET_jj
  1163: 00000000     0 NOTYPE  GLOBAL DEFAULT  UND _device_list_start
  1164: 0000457d    40 FUNC    GLOBAL DEFAULT    4 _ZNK7arduino6String6equalsEPKc
  1165: 000051a9    20 FUNC    GLOBAL DEFAULT    4 _ZNKSt3_V214error_category10equivalentERKSt10error_codei
  1166: 00000c41    44 FUNC    WEAK   DEFAULT    4 _ZN10RPCRequestILj256EED2Ev
  1167: 00000000     0 NOTYPE  GLOBAL DEFAULT  UND __real___aeabi_ul2f
  1168: 00004349    20 FUNC    GLOBAL DEFAULT    4 _ZN7arduino6StringD2Ev
  1169: 00001a65   288 FUNC    WEAK   DEFAULT    4 _ZN7arduino7msgpack6object3extC1EaPKhj
  1170: 000000d5    48 FUNC    GLOBAL DEFAULT    4 setup
  1171: 00003cd9   684 FUNC    WEAK   DEFAULT    4 _ZN7RpcCallIJRjEE6resultISt6vectorIhSaIhEEEEbRT_
  1172: 0000474f    10 FUNC    WEAK   DEFAULT    4 _ZN7arduino12ZephyrSerial5beginEm
  1173: 00002525    68 FUNC    WEAK   DEFAULT    4 _Z10__loopHookv
  1174: 00000c29    24 FUNC    WEAK   DEFAULT    4 _ZNSt12_Vector_baseIjSaIjEED2Ev
  1175: 00000000     0 NOTYPE  GLOBAL DEFAULT  UND __real___aeabi_ul2d
  1176: 00005369    20 FUNC    GLOBAL DEFAULT    4 _ZN10__cxxabiv117__class_type_infoD2Ev
  1177: 0000041f    17 OBJECT  GLOBAL DEFAULT    3 _ZTSSt12length_error
  1178: 000044a1    48 FUNC    GLOBAL DEFAULT    4 _ZN7arduino6StringaSEPKc
  1179: 00000008     0 TLS     GLOBAL DEFAULT  ABS _rand_next
  1180: 00000951    64 FUNC    WEAK   DEFAULT    4 _ZNK7arduino7msgpack8Unpacker13isTimestamp96Ev
  1181: 000042e5    12 FUNC    GLOBAL DEFAULT    4 __cxa_allocate_exception
  1182: 00000124     4 OBJECT  WEAK   DEFAULT    9 _ZZN8RpcUtils6detail12unpackObjectERN7arduino7msgpack8UnpackerEE7integer
  1183: 0000020c    12 OBJECT  GLOBAL DEFAULT    1 _ZTIN10__cxxabiv120__si_class_type_infoE
  1184: 00000c6d   152 FUNC    WEAK   DEFAULT    4 _ZNSt6vectorIjSaIjEE17_M_realloc_appendIJRjEEEvDpOT_
  1185: 00000c29    24 FUNC    WEAK   DEFAULT    4 _ZNSt12_Vector_baseIjSaIjEED1Ev
  1186: 00000000     0 NOTYPE  GLOBAL DEFAULT  UND __real_strlen
  1187: 000025c5     2 FUNC    WEAK   DEFAULT    4 _ZN7arduino5Print5flushEv
  1188: 000047cd    72 FUNC    GLOBAL DEFAULT    4 _ZN7arduino12ZephyrSerial4peekEv
  1189: 000004c9    72 FUNC    WEAK   DEFAULT    4 _ZN7arduino7msgpack8Unpacker11unpackUInt8Ev
  1190: 00004815    52 FUNC    GLOBAL DEFAULT    4 _ZN7arduino12ZephyrSerial17availableForWriteEv
  1191: 00000195    30 FUNC    WEAK   DEFAULT    4 _ZNK7arduino7msgpack8Unpacker11getRawBytesIhEET_jj
  1192: 00004349    20 FUNC    GLOBAL DEFAULT    4 _ZN7arduino6StringD1Ev
  1193: 00004d1d     2 FUNC    GLOBAL DEFAULT    4 _ZNSt9exceptionD1Ev
  1194: 00000000     0 NOTYPE  GLOBAL DEFAULT  UND z_impl_k_mutex_unlock
  1195: 0000469d     8 FUNC    GLOBAL DEFAULT    4 _Znwj
  1196: 00000108     4 OBJECT  WEAK   DEFAULT    9 _ZGVZN8RpcUtils6detail12unpackObjectERN7arduino7msgpack8UnpackerEE6string
  1197: 000002f1    32 FUNC    WEAK   DEFAULT    4 _ZNK7arduino7msgpack8Unpacker5isMapEv
  1198: 00000000     0 NOTYPE  GLOBAL DEFAULT  UND __real_strcmp
  1199: 00000000     0 NOTYPE  GLOBAL DEFAULT  UND pinctrl_configure_pins
  1200: 00004d49    60 FUNC    GLOBAL DEFAULT    4 _ZNK10__cxxabiv120__si_class_type_info20__do_find_public_srcEiPKvPKNS_17__class_type_infoES2_
  1201: 00000078     4 OBJECT  GLOBAL DEFAULT    9 p0Seconds
  1202: 00004cf5    20 FUNC    GLOBAL DEFAULT    4 _ZNSt9bad_allocD1Ev
  1203: 00000000     0 NOTYPE  GLOBAL DEFAULT    6 __static_thread_data_list_start
  1204: 00004f65    24 FUNC    GLOBAL DEFAULT    4 _ZNSt12__cow_stringC2EPKcj
  1205: 00000000     0 NOTYPE  GLOBAL DEFAULT  UND __real_memset
  1206: 00004451    40 FUNC    GLOBAL DEFAULT    4 _ZN7arduino6StringaSERKS0_
  1207: 00003251    64 FUNC    WEAK   DEFAULT    4 _ZN9RPCClient12get_responseIN7arduino7msgpack6object5nil_tEEEbjRT_R8RpcError
  1208: 00000000     0 NOTYPE  WEAK   DEFAULT  UND __device_dts_ord_123
  1209: 00000000     0 NOTYPE  GLOBAL DEFAULT  UND __real___aeabi_f2d
  1210: 00004fb9    96 FUNC    WEAK   DEFAULT    4 _ZNSs4_Rep9_S_createEjjRKSaIcE
  1211: 00004fa1    24 FUNC    WEAK   DEFAULT    4 _ZNSs4_Rep26_M_set_length_and_sharableEj
  1212: 000006d1   120 FUNC    WEAK   DEFAULT    4 _ZN7arduino7msgpack8Unpacker15unpackArraySizeEv
  1213: 00000000     0 NOTYPE  GLOBAL DEFAULT  UND ring_buf_peek
  1214: 000045b5     8 FUNC    GLOBAL DEFAULT    4 strlen
  1215: 00000264     8 OBJECT  GLOBAL DEFAULT    1 _ZTISt9type_info
  1216: 00004325    12 FUNC    GLOBAL DEFAULT    4 __aeabi_unwind_cpp_pr1
  1217: 0000043d    13 OBJECT  GLOBAL DEFAULT    3 _ZTSSt9exception
  1218: 00000000     0 NOTYPE  GLOBAL DEFAULT  UND __real___aeabi_d2f
  1219: 00004e55     4 FUNC    GLOBAL DEFAULT    4 _ZNKSt11logic_error4whatEv
  1220: 0000461f    10 FUNC    GLOBAL DEFAULT    4 __aeabi_f2d
  1221: 00000000     0 NOTYPE  GLOBAL DEFAULT  UND z_impl_k_mutex_init
  1222: 00002fdd    64 FUNC    WEAK   DEFAULT    4 _ZN7arduino7msgpack8Unpacker11deserializeIjJEEEbRT_DpOT0_
  1223: 00000000     0 NOTYPE  GLOBAL DEFAULT  UND z_impl_device_deinit
  1224: 00000fe1    28 FUNC    WEAK   DEFAULT    4 _ZN7arduino7msgpack6Packer15packRawReversedItEEvRKT_
  1225: 00004395    40 FUNC    GLOBAL DEFAULT    4 _ZN7arduino6String7reserveEj
  1226: 00000991    30 FUNC    WEAK   DEFAULT    4 _ZNK7arduino7msgpack8Unpacker11getRawBytesIcEET_jj
  1227: 00005019     4 FUNC    WEAK   DEFAULT    4 _ZNSs4_Rep10_M_destroyERKSaIcE
  1228: 000041c1    68 FUNC    WEAK   DEFAULT    4 _ZN13BridgeMonitorILj512EE9availableEv
  1229: 00000000     0 NOTYPE  WEAK   DEFAULT  UND __device_dts_ord_34
  1230: 00000230     8 OBJECT  GLOBAL DEFAULT    1 _ZTINSt3_V214error_categoryE
  1231: 00004f29    40 FUNC    GLOBAL DEFAULT    4 _ZNSt11logic_errorC1EPKc
  1232: 00000000     0 NOTYPE  GLOBAL DEFAULT  UND __device_dts_ord_78
  1233: 00000435    76 FUNC    WEAK   DEFAULT    4 _ZN7arduino7msgpack8Unpacker10unpackInt5Ev
  1234: 000043f9    44 FUNC    GLOBAL DEFAULT    4 _ZN7arduino6StringC2EPKc
  1235: 00005321    10 FUNC    GLOBAL DEFAULT    4 __aeabi_atexit
  1236: 00004e29    44 FUNC    GLOBAL DEFAULT    4 _ZNKSt9type_infoeqERKS_
  1237: 00005053    12 FUNC    WEAK   DEFAULT    4 _ZNKSt7__cxx1112basic_stringIcSt11char_traitsIcESaIcEE11_M_is_localEv
  1238: 0000472d    24 FUNC    GLOBAL DEFAULT    4 millis
  1239: 000005bd   276 FUNC    WEAK   DEFAULT    4 _ZNK7arduino7msgpack8Unpacker14getElementSizeEj
  1240: 0000026c    36 OBJECT  WEAK   DEFAULT    1 _ZTV13BridgeMonitorILj512EE
  1241: 00000000     0 NOTYPE  GLOBAL DEFAULT  UND __real_memcpy
  1242: 0000010c    12 OBJECT  WEAK   DEFAULT    9 _ZZN8RpcUtils6detail12unpackObjectERN7arduino7msgpack8UnpackerEE6string
  1243: 00002619   108 FUNC    WEAK   DEFAULT    4 _ZN13BridgeMonitorILj512EE4readEv
  1244: 00000070     4 OBJECT  GLOBAL DEFAULT    9 lastCounterMs
  1245: 000045e5     8 FUNC    GLOBAL DEFAULT    4 free
  1246: 0000537d    20 FUNC    GLOBAL DEFAULT    4 _ZN10__cxxabiv117__class_type_infoD0Ev
  1247: 00003ca5    52 FUNC    WEAK   DEFAULT    4 _ZN7RpcCallIJRjEE7isErrorEv
  1248: 00000d3c  2156 OBJECT  GLOBAL DEFAULT    9 Serial2
  1249: 0000452d    48 FUNC    GLOBAL DEFAULT    4 _ZNK7arduino6String9compareToERKS0_
