{
  "schema": "match-static-app-static-compile-outcome-v1",
  "profile": "match",
  "motors_allowed": 1,
  "attempt": "native_match01",
  "project": "app.ino",
  "fqbn": "arduino:zephyr:unoq:link_mode=static,wait_linux_boot=no",
  "flags": "-DMATCH=1 -DMOTORS_ALLOWED=1 -DSUMOX_B4_STAND=0 -DSUMOX_P3_DRIVE_TEST=0 -DSUMOX_P3_TURN_TRIAL=0 -DSUMOX_P3_STOP_TRIAL=0 -DSUMOX_P4_REACTIVE=0 -DSUMOX_TIMING_EVIDENCE=0 -DSUMOX_P5_ABORT_TIMING=0 -DSUMOX_MOTOR_FAULT_PROBE=0",
  "reviewed_head": "6306c88e54353e7864a86656614402631a5a3b9c",
  "source_sha256": "9337c580d3451de6f2cfe02ebcaa19abf75b147cf7e35bca34defcc562ed1c3e",
  "boot_id": "55c386b9-fe6d-4388-a7f4-1d91e0bb49d8",
  "started_utc": "2026-09-26T22:54:24.882985+00:00",
  "final_checks": [
    {
      "name": "local",
      "status": "PASS",
      "error": null
    },
    {
      "name": "identity",
      "status": "PASS",
      "error": null
    },
    {
      "name": "initialization",
      "status": "PASS",
      "error": null
    },
    {
      "name": "builtins",
      "status": "PASS",
      "error": null
    },
    {
      "name": "remote_sources",
      "status": "PASS",
      "error": null
    },
    {
      "name": "installed_pins",
      "status": "PASS",
      "error": null
    },
    {
      "name": "overrides",
      "status": "PASS",
      "error": null
    },
    {
      "name": "artifacts",
      "status": "PASS",
      "error": null
    },
    {
      "name": "artifact_sources",
      "status": "PASS",
      "error": null
    }
  ],
  "status": "COMPILE_CHECKED",
  "first_error": null,
  "compiler_calls": 1,
  "query_calls": 1,
  "transport_calls": 235,
  "artifacts": "/home/arduino/sumox26_codex_build/match-static-match-m1-1d657ca567ed/artifacts",
  "receipt": "C:\\Users\\narut\\AppData\\Local\\Temp\\sumox-match-static-native-20260927\\state\\analysis\\P7_match_static_raw\\match-static-match-m1-1d657ca567ed\\artifacts.json",
  "finished_utc": "2026-09-26T23:01:17.643770+00:00"
}
