test_data_copy_and_bss_zero_not_section_size (test_recorder_failure.AbiTests.test_data_copy_and_bss_zero_not_section_size) ... ok
test_descriptor_helpers_are_exact (test_recorder_failure.AbiTests.test_descriptor_helpers_are_exact) ... ok
test_duplicate_symbol_and_layout (test_recorder_failure.AbiTests.test_duplicate_symbol_and_layout) ... ok
test_exact_queries_file_only (test_recorder_failure.AbiTests.test_exact_queries_file_only) ... ok
test_inherited_execute_retains_failure_and_closure (test_recorder_failure.AbiTests.test_inherited_execute_retains_failure_and_closure) ... ERROR
test_initialized_data_boundary_refusals (test_recorder_failure.AbiTests.test_initialized_data_boundary_refusals) ... ok
test_marker_enum_field_refusals (test_recorder_failure.AbiTests.test_marker_enum_field_refusals) ... ok
test_prepare_composes_pinned_file_only_lifecycle (test_recorder_failure.AbiTests.test_prepare_composes_pinned_file_only_lifecycle) ... ok
test_stream_checks (test_recorder_failure.AbiTests.test_stream_checks) ... ok
test_valid_data_native_and_bss_runner (test_recorder_failure.AbiTests.test_valid_data_native_and_bss_runner) ... ok
test_window_outside_and_overlap (test_recorder_failure.AbiTests.test_window_outside_and_overlap) ... ok
test_wrong_numeric_width_enum_and_field_overlap (test_recorder_failure.AbiTests.test_wrong_numeric_width_enum_and_field_overlap) ... ok
test_first_flash_mismatch_stops_before_ram (test_recorder_failure.CaptureTests.test_first_flash_mismatch_stops_before_ram) ... ok
test_full_flash_before_ram_after_ram (test_recorder_failure.CaptureTests.test_full_flash_before_ram_after_ram) ... ok
test_raw_missing_stays_incomplete (test_recorder_failure.CaptureTests.test_raw_missing_stays_incomplete) ... ok
test_spec_hash_and_window_mutation (test_recorder_failure.CaptureTests.test_spec_hash_and_window_mutation) ... ok
test_two_snapshots_and_final_flash (test_recorder_failure.CaptureTests.test_two_snapshots_and_final_flash) ... ok
test_valid_fields_and_invalid_boolean_enum (test_recorder_failure.CaptureTests.test_valid_fields_and_invalid_boolean_enum) ... ok

======================================================================
ERROR: test_inherited_execute_retains_failure_and_closure (test_recorder_failure.AbiTests.test_inherited_execute_retains_failure_and_closure)
----------------------------------------------------------------------
Traceback (most recent call last):
  File "C:\Users\narut\AppData\Local\Temp\sumox-recorder-diagnosis-20260927\tests\test_recorder_failure.py", line 145, in test_inherited_execute_retains_failure_and_closure
    owner.execute()
    ~~~~~~~~~~~~~^^
  File "<D230-pinned-lifecycle>", line 117, in execute
  File "<D230-pinned-lifecycle>", line 80, in execute
AttributeError: 'RecorderAbi' object has no attribute 'bootstrap'

----------------------------------------------------------------------
Ran 18 tests in 2.113s

FAILED (errors=1)
