{
  "schema": "recorder-delivery-result-v1",
  "attempt": "354cf1586a9648d88cb9dad105a6c992",
  "session": 3840709944287840472,
  "reviewed_head": "1b2af246cd88e6207e846ee340f8c4e46a5bb980",
  "source_sha256": "3d9306d7b804a68d6e7c2764171077526fbe14074b4564ea2e071ffd5a8e839b",
  "boot_id": "55c386b9-fe6d-4388-a7f4-1d91e0bb49d8",
  "project": "recorder.ino",
  "fqbn": "arduino:zephyr:unoq:link_mode=static",
  "flags": "-DMATCH=0 -DMOTORS_ALLOWED=0",
  "status": "DELIVERED",
  "upload_attempts": 1,
  "first_error": null,
  "closing_errors": [],
  "capture": "C:\\Users\\narut\\AppData\\Local\\Temp\\sumox-recorder-repeat-native-20260927\\state\\analysis\\P7_recorder_delivery_raw\\recorder-354cf1586a9648d8\\run\\capture\\20260927_023111_mode1_aade46387dca4a4d801fd6ca9202f250",
  "capture_acceptance": {
    "status": "FULL_SYNTHETIC_PASS",
    "frames": 5001,
    "events": 8,
    "session": 3840709944287840472,
    "loss": "NONE_REPORTED",
    "lifecycle": "SEALED",
    "hardware_acceptance": false
  },
  "upload": {
    "attempts": 1,
    "finished_monotonic": 124930.661080544,
    "finished_utc": "2026-09-26T22:31:24.066166+00:00",
    "first_error": null,
    "postcheck_errors": [],
    "run_id": "354cf1586a9648d88cb9dad105a6c992",
    "schema": "recorder-delivery-upload-result-v1",
    "source_sha256": "3d9306d7b804a68d6e7c2764171077526fbe14074b4564ea2e071ffd5a8e839b",
    "started_monotonic": 124920.430600494,
    "started_utc": "2026-09-26T22:31:13.835788+00:00",
    "status": "UPLOADED",
    "stderr": "",
    "stdout": "Open On-Chip Debugger 0.12.0+dev-ge6a2c12f4 (2025-05-22-15:51)\nLicensed under GNU GPL v2\nFor bug reports, read\n\thttp://openocd.org/doc/doxygen/bugs.html\ndebug_level: 2\nclock_config\n/tmp/remoteocd/zephyr-arduino_uno_q_stm32u585xx.elf\n/tmp/remoteocd/zephyr-arduino_uno_q_stm32u585xx.elf\n/tmp/remoteocd/recorder.ino.bin-zsk.bin\nInfo : Linux GPIOD JTAG/SWD bitbang driver (libgpiod v2)\nInfo : Note: The adapter \"linuxgpiod\" doesn't support configurable speed\nInfo : SWD DPIDR 0x0be12477\nInfo : [stm32u5.ap0] Examination succeed\nInfo : [stm32u5.cpu] Cortex-M33 r0p4 processor detected\nInfo : [stm32u5.cpu] target has 8 breakpoints, 4 watchpoints\nInfo : [stm32u5.cpu] Examination succeed\nInfo : [stm32u5.ap0] gdb port disabled\nInfo : [stm32u5.cpu] starting gdb server on 3333\nInfo : Listening on port 3333 for gdb connections\nCPU in Non-Secure state\n[stm32u5.cpu] halted due to debug-request, current mode: Thread \nxPSR: 0x41000000 pc: 0x08017f58 psp: 0x20002820\nInfo : device idcode = 0x30076482 (STM32U57/U58xx - Rev U : 0x3007)\nInfo : TZEN = 0 : TrustZone disabled by option bytes\nInfo : RDP level 0 (0xAA)\nInfo : flash size = 2048 KiB\nInfo : flash mode : dual-bank\nWarn : Adding extra erase range, 0x0810d850 .. 0x0810dfff\nshutdown command invoked\nNew upload port:  (default)\n",
    "subprocess": {
      "reaped": true,
      "returncode": 0,
      "timed_out": false
    }
  },
  "connection": {
    "schema_version": 1,
    "ticket": "354cf1586a9648d88cb9dad105a6c992",
    "state": "CONNECTED",
    "error": null,
    "router_registration": "UNKNOWN",
    "hardware_permission": false,
    "mcu_permission": false,
    "query_start_utc": "2026-09-26T22:31:11.782698Z",
    "query_end_utc": "2026-09-26T22:31:12.127161Z",
    "observed_utc": "2026-09-26T22:31:12.153873Z",
    "observed_monotonic_ns": 124918748703914,
    "claim": {
      "schema_version": 1,
      "ticket": "354cf1586a9648d88cb9dad105a6c992",
      "transport": "adb",
      "target": "2629958581",
      "boot_id": "55c386b9-fe6d-4388-a7f4-1d91e0bb49d8",
      "uid": 1000,
      "directory_device": 34,
      "directory_inode": 7366,
      "receiver_pid": 21810,
      "receiver_start_ticks": 12491797,
      "started_monotonic_ns": 124918163795573,
      "claimed_utc": "2026-09-26T22:31:11.572588Z",
      "claimed_monotonic_ns": 124918167577461,
      "deadline_monotonic_ns": 125818163795573
    },
    "connection": {
      "schema_version": 1,
      "claim": {
        "schema_version": 1,
        "ticket": "354cf1586a9648d88cb9dad105a6c992",
        "transport": "adb",
        "target": "2629958581",
        "boot_id": "55c386b9-fe6d-4388-a7f4-1d91e0bb49d8",
        "uid": 1000,
        "directory_device": 34,
        "directory_inode": 7366,
        "receiver_pid": 21810,
        "receiver_start_ticks": 12491797,
        "started_monotonic_ns": 124918163795573,
        "claimed_utc": "2026-09-26T22:31:11.572588Z",
        "claimed_monotonic_ns": 124918167577461,
        "deadline_monotonic_ns": 125818163795573
      },
      "event": "TCP_CONNECTED",
      "local_address": "127.0.0.1",
      "local_port": 44728,
      "peer_address": "127.0.0.1",
      "peer_port": 7500,
      "socket_fd": 6,
      "socket_inode": 155655,
      "connected_utc": "2026-09-26T22:31:11.606118Z",
      "connected_monotonic_ns": 124918200796698
    },
    "terminal": null,
    "command_outcome": {
      "target": "2629958581",
      "remote_argv": [
        "python3",
        "-u",
        "-c",
        "\nimport json, re\nfrom datetime import datetime, timezone\n\n_U64 = (1 << 64) - 1\n_CLAIM_KEYS = set(\"schema_version ticket transport target boot_id uid directory_device directory_inode receiver_pid receiver_start_ticks started_monotonic_ns claimed_utc claimed_monotonic_ns deadline_monotonic_ns\".split())\n_CONNECTION_KEYS = set(\"schema_version claim event local_address local_port peer_address peer_port socket_fd socket_inode connected_utc connected_monotonic_ns\".split())\n_TERMINAL_KEYS = set(\"schema_version claim closed_utc closed_monotonic_ns observed_byte_count reason\".split())\n\ndef _check(condition, message):\n    if not condition:\n        raise ValueError(message)\n\ndef _number(value, low=0, high=_U64):\n    _check(type(value) is int and low <= value <= high, \"Invalid bounded JSON integer\")\n\ndef _keys(value, expected):\n    _check(type(value) is dict and set(value) == expected, \"Unexpected record schema\")\n\ndef _utc_valid(value):\n    _check(type(value) is str and re.fullmatch(r\"\\d{4}-\\d{2}-\\d{2}T\\d{2}:\\d{2}:\\d{2}\\.\\d{6}Z\", value), \"Invalid UTC syntax\")\n    datetime.strptime(value, \"%Y-%m-%dT%H:%M:%S.%fZ\")\n\ndef _ticket_valid(ticket):\n    _check(type(ticket) is str and re.fullmatch(r\"[0-9a-f]{32}\", ticket), \"Ticket must be 32 lowercase hexadecimal characters\")\n\ndef _request_valid(target, mode):\n    pattern = r\"[A-Za-z0-9][A-Za-z0-9_.:-]*\" if mode == \"adb\" else r\"[A-Za-z0-9_][A-Za-z0-9_.@-]*\"\n    _check(mode in (\"adb\", \"ssh\") and type(target) is str and len(target) <= 128 and re.fullmatch(pattern, target), \"Invalid connection target/transport\")\n\ndef _pairs(items):\n    result = {}\n    for key, value in items:\n        _check(key not in result, \"Duplicate JSON key\")\n        result[key] = value\n    return result\n\ndef _json_read(raw, limit):\n    if type(raw) is str:\n        raw = raw.encode(\"utf-8\", errors=\"strict\")\n    _check(type(raw) is bytes and len(raw) <= limit, \"Oversized or invalid JSON input\")\n    def invalid_constant(value):\n        raise ValueError(\"Invalid JSON constant\")\n    return json.loads(raw.decode(\"utf-8\", errors=\"strict\"), object_pairs_hook=_pairs,\n                      parse_constant=invalid_constant)\n\ndef _claim_valid(value, ticket, mode, target, observed, timeout=None):\n    _keys(value, _CLAIM_KEYS)\n    _number(value[\"schema_version\"], 1, 1)\n    _ticket_valid(value[\"ticket\"])\n    _request_valid(value[\"target\"], value[\"transport\"])\n    _check((value[\"ticket\"], value[\"transport\"], value[\"target\"]) == (ticket, mode, target), \"Claim request identity differs\")\n    _check(type(value[\"boot_id\"]) is str and re.fullmatch(r\"[0-9a-f]{8}-(?:[0-9a-f]{4}-){3}[0-9a-f]{12}\", value[\"boot_id\"]), \"Invalid boot identity\")\n    _number(value[\"uid\"], 0, (1 << 32) - 1)\n    _number(value[\"directory_device\"])\n    _number(value[\"directory_inode\"], 1)\n    _number(value[\"receiver_pid\"], 1, (1 << 31) - 1)\n    _number(value[\"receiver_start_ticks\"])\n    for key in (\"started_monotonic_ns\", \"claimed_monotonic_ns\", \"deadline_monotonic_ns\"):\n        _number(value[key])\n    _utc_valid(value[\"claimed_utc\"])\n    start, claimed, deadline = (value[key] for key in (\"started_monotonic_ns\", \"claimed_monotonic_ns\", \"deadline_monotonic_ns\"))\n    duration = deadline - start\n    _check(start <= claimed < deadline and claimed <= observed, \"Invalid claim chronology\")\n    _check(1000000000 <= duration <= 3600000000000 and duration % 1000000000 == 0, \"Invalid claim deadline\")\n    _check(timeout is None or duration == timeout * 1000000000, \"Claim timeout differs\")\n\ndef _connection_valid(value, claim, observed):\n    _keys(value, _CONNECTION_KEYS)\n    _number(value[\"schema_version\"], 1, 1)\n    _claim_valid(value[\"claim\"], claim[\"ticket\"], claim[\"transport\"], claim[\"target\"], observed)\n    _check(value[\"claim\"] == claim and value[\"event\"] == \"TCP_CONNECTED\", \"Connection identity/event differs\")\n    _check(value[\"local_address\"] == value[\"peer_address\"] == \"127.0.0.1\", \"Unexpected connection address\")\n    _number(value[\"local_port\"], 1, 65535)\n    _number(value[\"peer_port\"], 7500, 7500)\n    _number(value[\"socket_fd\"], 0, (1 << 31) - 1)\n    _number(value[\"socket_inode\"], 1)\n    _number(value[\"connected_monotonic_ns\"])\n    _utc_valid(value[\"connected_utc\"])\n    moment = value[\"connected_monotonic_ns\"]\n    _check(claim[\"claimed_monotonic_ns\"] <= moment < claim[\"deadline_monotonic_ns\"] and moment <= observed, \"Invalid connection chronology\")\n\ndef _terminal_valid(value, claim, connection, observed):\n    _keys(value, _TERMINAL_KEYS)\n    _number(value[\"schema_version\"], 1, 1)\n    _claim_valid(value[\"claim\"], claim[\"ticket\"], claim[\"transport\"], claim[\"target\"], observed)\n    _check(value[\"claim\"] == claim, \"Terminal identity differs\")\n    _utc_valid(value[\"closed_utc\"])\n    _number(value[\"closed_monotonic_ns\"])\n    _number(value[\"observed_byte_count\"])\n    _check(value[\"reason\"] in (\"END_OBSERVED\", \"EOF\", \"TIMEOUT\", \"ERROR\"), \"Unknown terminal reason\")\n    earliest = connection[\"connected_monotonic_ns\"] if connection else claim[\"claimed_monotonic_ns\"]\n    _check(earliest <= value[\"closed_monotonic_ns\"] <= observed, \"Invalid terminal chronology\")\n\ndef _records_valid(values, retained, ticket, mode, target, observed, timeout=None, environment=None):\n    claim, connection, terminal = (values[key] for key in (\"claim\", \"connection\", \"terminal\"))\n    if claim is None:\n        _check(connection is None and terminal is None, \"Receipt exists without claim\")\n        return\n    _claim_valid(claim, ticket, mode, target, observed, timeout)\n    if environment is not None:\n        actual = (claim[\"boot_id\"], claim[\"uid\"], claim[\"directory_device\"], claim[\"directory_inode\"])\n        _check(actual == environment, \"Claim environment identity differs\")\n    retained[\"claim\"] = claim\n    if connection is not None:\n        _connection_valid(connection, claim, observed)\n        retained[\"connection\"] = connection\n    if terminal is not None:\n        _terminal_valid(terminal, claim, connection, observed)\n        retained[\"terminal\"] = terminal\n\nimport ctypes, os, socket, stat, sys, time\n\ndef _utc():\n    return datetime.now(timezone.utc).strftime(\"%Y-%m-%dT%H:%M:%S.%fZ\")\n\ndef _bounded_file(path, limit):\n    fd = os.open(path, os.O_RDONLY | os.O_NOFOLLOW | os.O_NONBLOCK)\n    try:\n        parts, total = [], 0\n        while total < limit:\n            raw = os.read(fd, min(65536, limit - total))\n            if not raw:\n                return b\"\".join(parts)\n            parts.append(raw)\n            total += len(raw)\n        raise ValueError(\"Metadata read bound exhausted\")\n    finally:\n        os.close(fd)\n\ndef _boot():\n    value = _bounded_file(\"/proc/sys/kernel/random/boot_id\", 64).decode(\"ascii\").strip()\n    _check(re.fullmatch(r\"[0-9a-f]{8}-(?:[0-9a-f]{4}-){3}[0-9a-f]{12}\", value), \"Invalid current boot identity\")\n    return value\n\ndef _process(pid):\n    raw = _bounded_file(\"/proc/%d/stat\" % pid, 65536).decode(\"utf-8\", errors=\"replace\")\n    match = re.fullmatch(r\"([0-9]+) \\((.*)\\) ([A-Za-z]) (.*)\\n?\", raw, re.DOTALL)\n    _check(match is not None and int(match[1]) == pid, \"Invalid process identity\")\n    fields = match[4].split()\n    _check(len(fields) >= 19 and re.fullmatch(r\"[0-9]+\", fields[18]), \"Invalid process start time\")\n    start = int(fields[18])\n    _number(start)\n    _check(match[3] not in (\"Z\", \"X\", \"x\"), \"Receiver is not live\")\n    return start\n\ndef _file_identity(value):\n    return (value.st_dev, value.st_ino, value.st_size, value.st_mtime_ns, value.st_ctime_ns)\n\nclass _Directory:\n    def __init__(self, ticket, create=False):\n        self.root = self.tmp = self.fd = None\n        self.name = \"sumox26-dump-connection-\" + ticket\n        self.identity = None\n        try:\n            self.root = os.open(\"/\", os.O_RDONLY | os.O_DIRECTORY | os.O_NOFOLLOW)\n            self.tmp = os.open(\"tmp\", os.O_RDONLY | os.O_DIRECTORY | os.O_NOFOLLOW, dir_fd=self.root)\n            self.tmp_identity = os.fstat(self.tmp)\n            self.check_tmp(self.tmp_identity)\n            if create:\n                os.mkdir(self.name, 0o700, dir_fd=self.tmp)\n            try:\n                self.fd = os.open(self.name, os.O_RDONLY | os.O_DIRECTORY | os.O_NOFOLLOW, dir_fd=self.tmp)\n            except FileNotFoundError:\n                _check(not create, \"New ticket directory disappeared\")\n                return\n            self.identity = os.fstat(self.fd)\n            self.check_dir(self.identity)\n            _check(self.stable(), \"Ticket directory changed during admission\")\n        except BaseException:\n            self.close()\n            raise\n\n    def check_tmp(self, value):\n        _check(stat.S_ISDIR(value.st_mode) and value.st_uid == 0 and value.st_mode & stat.S_ISVTX, \"Unsafe /tmp ancestry\")\n\n    def check_dir(self, value):\n        _check(stat.S_ISDIR(value.st_mode) and value.st_uid == os.getuid() and stat.S_IMODE(value.st_mode) == 0o700, \"Unsafe ticket directory\")\n\n    def stable(self):\n        try:\n            tmp = os.stat(\"tmp\", dir_fd=self.root, follow_symlinks=False)\n            self.check_tmp(tmp)\n            _check((tmp.st_dev, tmp.st_ino) == (self.tmp_identity.st_dev, self.tmp_identity.st_ino), \"Changed /tmp\")\n            current = os.stat(self.name, dir_fd=self.tmp, follow_symlinks=False)\n            self.check_dir(current)\n            return (current.st_dev, current.st_ino) == (self.identity.st_dev, self.identity.st_ino)\n        except (OSError, ValueError):\n            return False\n\n    def check_file(self, value):\n        _check(stat.S_ISREG(value.st_mode) and value.st_uid == os.getuid() and stat.S_IMODE(value.st_mode) == 0o600 and value.st_nlink == 1 and value.st_size <= 4096, \"Unsafe receipt file\")\n\n    def read(self, name):\n        try:\n            fd = os.open(name, os.O_RDONLY | os.O_NOFOLLOW | os.O_NONBLOCK, dir_fd=self.fd)\n        except FileNotFoundError:\n            return None\n        try:\n            before = os.fstat(fd)\n            self.check_file(before)\n            with os.fdopen(fd, \"rb\", closefd=False) as stream:\n                raw = stream.read(4097)\n            after = os.fstat(fd)\n            named = os.stat(name, dir_fd=self.fd, follow_symlinks=False)\n            self.check_file(after)\n            self.check_file(named)\n            _check(_file_identity(before) == _file_identity(after) == _file_identity(named) and len(raw) == before.st_size, \"Receipt changed during read\")\n            return _json_read(raw, 4096)\n        finally:\n            os.close(fd)\n\n    def publish(self, name, value):\n        _check(self.stable(), \"Ticket directory changed before publication\")\n        raw = json.dumps(value, separators=(\",\", \":\"), allow_nan=False).encode(\"utf-8\")\n        _check(len(raw) <= 4096, \"Receipt exceeds bound\")\n        temporary = \".\" + name + \".tmp\"\n        fd = os.open(temporary, os.O_WRONLY | os.O_CREAT | os.O_EXCL | os.O_NOFOLLOW, 0o600, dir_fd=self.fd)\n        try:\n            self.check_file(os.fstat(fd))\n            offset = 0\n            while offset < len(raw):\n                count = os.write(fd, raw[offset:])\n                _check(count > 0, \"Receipt write made no progress\")\n                offset += count\n            written = os.fstat(fd)\n            self.check_file(written)\n        finally:\n            os.close(fd)\n        _check(self.stable(), \"Ticket directory changed during publication\")\n        named = os.stat(temporary, dir_fd=self.fd, follow_symlinks=False)\n        self.check_file(named)\n        _check(_file_identity(named) == _file_identity(written), \"Temporary receipt changed\")\n        library = ctypes.CDLL(None, use_errno=True)\n        rename = library.renameat2\n        rename.argtypes = [ctypes.c_int, ctypes.c_char_p, ctypes.c_int, ctypes.c_char_p, ctypes.c_uint]\n        rename.restype = ctypes.c_int\n        if rename(self.fd, os.fsencode(temporary), self.fd, os.fsencode(name), 1) != 0:\n            error = ctypes.get_errno()\n            raise OSError(error, os.strerror(error))\n        published = os.stat(name, dir_fd=self.fd, follow_symlinks=False)\n        self.check_file(published)\n        _check((published.st_dev, published.st_ino, published.st_size, published.st_mtime_ns) ==\n               (written.st_dev, written.st_ino, written.st_size, written.st_mtime_ns), \"Published receipt changed\")\n        _check(self.stable(), \"Ticket directory changed after publication\")\n\n    def close(self):\n        for key in (\"fd\", \"tmp\", \"root\"):\n            fd = getattr(self, key)\n            if fd is not None:\n                setattr(self, key, None)\n                os.close(fd)\n\ndef _socket_identity(pid, connection):\n    link = os.readlink(\"/proc/%d/fd/%d\" % (pid, connection[\"socket_fd\"]))\n    return link == \"socket:[%d]\" % connection[\"socket_inode\"]\n\ndef _tcp_match(pid, connection):\n    raw = _bounded_file(\"/proc/%d/net/tcp\" % pid, 1024 * 1024)\n    rows = raw.decode(\"ascii\").splitlines()\n    _check(raw.endswith(b\"\\n\") and rows and \"local_address\" in rows[0] and len(rows) <= 4097, \"Invalid or excessive TCP snapshot\")\n    found = []\n    for row in rows[1:]:\n        fields = row.split()\n        _check(len(fields) >= 10 and re.fullmatch(r\"[0-9]+\", fields[9]) and re.fullmatch(r\"[0-9A-F]{2}\", fields[3]), \"Malformed TCP row\")\n        _check(all(re.fullmatch(r\"[0-9A-F]{8}:[0-9A-F]{4}\", fields[i]) for i in (1, 2)), \"Malformed TCP endpoint\")\n        if int(fields[9]) == connection[\"socket_inode\"]:\n            found.append((fields[1], fields[2], fields[3]))\n    expected = (\"0100007F:%04X\" % connection[\"local_port\"], \"0100007F:1D4C\", \"01\")\n    return found == [expected]\n\ndef _live_state(claim, connection):\n    try:\n        pid, start = claim[\"receiver_pid\"], claim[\"receiver_start_ticks\"]\n        _check(_process(pid) == start, \"Receiver identity changed\")\n        if connection is not None:\n            _check(_socket_identity(pid, connection), \"Socket identity changed\")\n            _check(_tcp_match(pid, connection), \"Socket is not established\")\n            _check(_socket_identity(pid, connection), \"Socket identity changed\")\n        _check(_process(pid) == start, \"Receiver identity changed\")\n        return \"CONNECTED\" if connection is not None else \"PENDING\"\n    except (OSError, ValueError, UnicodeError):\n        return \"UNKNOWN\"\n\ndef _observe(ticket, mode, target):\n    retained = dict(claim=None, connection=None, terminal=None)\n    directory = None\n    error = None\n    state = \"PENDING\"\n    identity_lost = False\n    try:\n        _ticket_valid(ticket)\n        _request_valid(target, mode)\n        boot, uid = _boot(), os.getuid()\n        directory = _Directory(ticket)\n        if directory.fd is not None:\n            values = {key: directory.read(name) for key, name in ((\"claim\", \"claim.json\"), (\"connection\", \"connected.json\"), (\"terminal\", \"terminal.json\"))}\n            environment = (boot, uid, directory.identity.st_dev, directory.identity.st_ino)\n            _records_valid(values, retained, ticket, mode, target, time.monotonic_ns(), environment=environment)\n            claim = retained[\"claim\"]\n            if claim is not None:\n                state = \"UNKNOWN\"\n                if retained[\"terminal\"] is None and time.monotonic_ns() < claim[\"deadline_monotonic_ns\"]:\n                    state = _live_state(claim, retained[\"connection\"])\n        observed, observed_utc = time.monotonic_ns(), _utc()\n        _records_valid(retained, {}, ticket, mode, target, observed)\n        claim = retained[\"claim\"]\n        if retained[\"terminal\"] is not None:\n            state = \"TERMINAL\"\n        elif claim is not None and observed >= claim[\"deadline_monotonic_ns\"]:\n            state = \"EXPIRED\"\n        if directory.fd is not None and not directory.stable():\n            identity_lost = True\n            state = \"UNKNOWN\"\n    except Exception as failure:\n        error = dict(code=\"CONNECTION_METADATA\", message=str(failure)[:512])\n    finally:\n        if directory is not None:\n            directory.close()\n    # Observation time follows all query work, including directory identity checks.\n    observed, observed_utc = time.monotonic_ns(), _utc()\n    if error is None:\n        try:\n            _records_valid(retained, {}, ticket, mode, target, observed)\n            if identity_lost:\n                state = \"UNKNOWN\"\n            elif retained[\"terminal\"] is not None:\n                state = \"TERMINAL\"\n            elif retained[\"claim\"] is not None and observed >= retained[\"claim\"][\"deadline_monotonic_ns\"]:\n                state = \"EXPIRED\"\n        except ValueError as failure:\n            error = dict(code=\"CONNECTION_METADATA\", message=str(failure)[:512])\n    result = dict(observed_utc=observed_utc, observed_monotonic_ns=observed, **retained)\n    result.update(error=error) if error is not None else result.update(state=state)\n    encoded = json.dumps(result, separators=(\",\", \":\"), allow_nan=False)\n    _check(len(encoded.encode(\"utf-8\")) <= 16384, \"Observation exceeds bound\")\n    print(encoded)\n\n_observe(sys.argv[1], sys.argv[2], sys.argv[3])\n",
        "354cf1586a9648d88cb9dad105a6c992",
        "adb",
        "2629958581"
      ],
      "returncode": 0,
      "start_utc": "2026-09-26T22:31:11.782698Z",
      "end_utc": "2026-09-26T22:31:12.127161Z",
      "timeout_seconds": 5,
      "timed_out": false,
      "stderr": "",
      "stderr_truncated": false
    }
  },
  "framing_clean": "UNKNOWN",
  "receiver_cleanup_errors": []
}
