{
  "schema": "recorder-delivery-compile-outcome-v1",
  "attempt": "771c04943d4c4a759055d794fa4b706e",
  "session": 8582740024591403637,
  "reviewed_head": "1b2af246cd88e6207e846ee340f8c4e46a5bb980",
  "source_sha256": "289300a4be9547cd294dc1f753bbe17a429d16776c46467fec5417b1290f4ffc",
  "boot_id": "55c386b9-fe6d-4388-a7f4-1d91e0bb49d8",
  "project": "recorder.ino",
  "fqbn": "arduino:zephyr:unoq:link_mode=static",
  "flags": "-DMATCH=0 -DMOTORS_ALLOWED=0",
  "started_utc": "2026-09-26T21:54:36.779420+00:00",
  "final_checks": [
    {
      "name": "local",
      "status": "PASS",
      "error": null
    },
    {
      "name": "identity",
      "status": "PASS",
      "error": null
    },
    {
      "name": "initialization",
      "status": "PASS",
      "error": null
    },
    {
      "name": "builtins",
      "status": "PASS",
      "error": null
    },
    {
      "name": "remote_sources",
      "status": "PASS",
      "error": null
    },
    {
      "name": "installed_pins",
      "status": "PASS",
      "error": null
    },
    {
      "name": "overrides",
      "status": "PASS",
      "error": null
    },
    {
      "name": "artifacts",
      "status": "PASS",
      "error": null
    },
    {
      "name": "artifact_sources",
      "status": "PASS",
      "error": null
    }
  ],
  "artifact_sources_identity": {
    "identity": [
      66341,
      283506,
      33152,
      1,
      1000,
      1000,
      28759,
      1790459938442450696,
      1790459938442450696
    ],
    "sha256": "7da87b3544a793091a637197c30f77185ab99b416697f453e46897277de7af1e"
  },
  "status": "COMPILE_CHECKED",
  "first_error": null,
  "compiler_calls": 1,
  "query_calls": 1,
  "transport_calls": 28,
  "artifacts": "/home/arduino/sumox26_codex_build/recorder-771c04943d4c4a75/artifacts",
  "receipt": "C:\\Users\\narut\\AppData\\Local\\Temp\\sumox-recorder-six-native-20260927\\state\\analysis\\P7_recorder_delivery_raw\\recorder-771c04943d4c4a75\\artifacts.json",
  "finished_utc": "2026-09-26T21:59:08.092404+00:00"
}
