{
  "schema": "recorder-delivery-compile-outcome-v1",
  "attempt": "377911abefabd094971ee6d089326604",
  "session": 3997245574426120340,
  "reviewed_head": "004dc7cff534896a851901f9d7d0ba6066cae060",
  "source_sha256": "702ad99ee4f888c58de1715cb91512cb0a174a646d914db6ce9155489ffa63e8",
  "boot_id": "55c386b9-fe6d-4388-a7f4-1d91e0bb49d8",
  "project": "recorder.ino",
  "fqbn": "arduino:zephyr:unoq:link_mode=static",
  "flags": "-DMATCH=0 -DMOTORS_ALLOWED=0",
  "started_utc": "2026-09-26T20:07:39.250296+00:00",
  "final_checks": [
    {
      "name": "local",
      "status": "PASS",
      "error": null
    },
    {
      "name": "identity",
      "status": "PASS",
      "error": null
    },
    {
      "name": "initialization",
      "status": "PASS",
      "error": null
    },
    {
      "name": "builtins",
      "status": "PASS",
      "error": null
    },
    {
      "name": "remote_sources",
      "status": "PASS",
      "error": null
    },
    {
      "name": "installed_pins",
      "status": "PASS",
      "error": null
    },
    {
      "name": "overrides",
      "status": "PASS",
      "error": null
    },
    {
      "name": "artifacts",
      "status": "PASS",
      "error": null
    },
    {
      "name": "artifact_sources",
      "status": "PASS",
      "error": null
    }
  ],
  "artifact_sources_identity": {
    "identity": [
      66341,
      281587,
      33152,
      1,
      1000,
      1000,
      28759,
      1790453523373041945,
      1790453523373041945
    ],
    "sha256": "7da87b3544a793091a637197c30f77185ab99b416697f453e46897277de7af1e"
  },
  "status": "COMPILE_CHECKED",
  "first_error": null,
  "compiler_calls": 1,
  "query_calls": 1,
  "transport_calls": 28,
  "artifacts": "/home/arduino/sumox26_codex_build/recorder-377911abefabd094/artifacts",
  "receipt": "C:\\Users\\narut\\OneDrive\\Desktop\\Project\\techbots_Sumo_Robots\\state\\analysis\\P7_recorder_delivery_raw\\recorder-377911abefabd094\\artifacts.json",
  "finished_utc": "2026-09-26T20:12:16.271528+00:00"
}
