ELF Header:
  Magic:   7f 45 4c 46 01 01 01 00 00 00 00 00 00 00 00 00 
  Class:                             ELF32
  Data:                              2's complement, little endian
  Version:                           1 (current)
  OS/ABI:                            UNIX - System V
  ABI Version:                       0
  Type:                              REL (Relocatable file)
  Machine:                           ARM
  Version:                           0x1
  Entry point address:               0x10165
  Start of program headers:          0 (bytes into file)
  Start of section headers:          124396 (bytes into file)
  Flags:                             0x5000000, Version5 EABI
  Size of this header:               52 (bytes)
  Size of program headers:           0 (bytes)
  Number of program headers:         0
  Size of section headers:           40 (bytes)
  Number of section headers:         15
  Section header string table index: 14

Section Headers:
  [Nr] Name              Type            Addr     Off    Size   ES Flg Lk Inf Al
  [ 0]                   NULL            00000000 000000 000000 00      0   0  0
  [ 1] .rodata           PROGBITS        00000000 000034 000018 00   A  0   0  4
  [ 2] .rel.rodata       REL             00000000 01c3fc 000030 08   I 12   1  4
  [ 3] .llext.rodata.noreloc PROGBITS        00000018 000050 000659 00   A  0   0  8
  [ 4] .text             PROGBITS        00000000 0006b0 0102b4 00  AX  0   0  8
  [ 5] .rel.text         REL             00000000 01c42c 002120 08   I 12   4  4
  [ 6] .static_thread_data_area PROGBITS        000102b4 010964 000000 00   W  0   0  1
  [ 7] .bss              NOBITS          000102b8 010968 028bc8 00  WA  0   0  8
  [ 8] .exported_sym     PROGBITS        00038e80 010968 000008 00   A  0   0  4
  [ 9] .rel.exported_sym REL             00000000 01e54c 000010 08   I 12   8  4
  [10] .init_array       INIT_ARRAY      00038e88 010970 000004 04  WA  0   0  4
  [11] .rel.init_array   REL             00000000 01e55c 000008 08   I 12  10  4
  [12] .symtab           SYMTAB          00000000 010974 0062d0 10     13 962  4
  [13] .strtab           STRTAB          00000000 016c44 0057b6 00      0   0  1
  [14] .shstrtab         STRTAB          00000000 01e564 000087 00      0   0  1
Key to Flags:
  W (write), A (alloc), X (execute), M (merge), S (strings), I (info),
  L (link order), O (extra OS processing required), G (group), T (TLS),
  C (compressed), x (unknown), o (OS specific), E (exclude),
  D (mbind), y (purecode), p (processor specific)
