test_complete_compiler_policy_remote_bundle_and_exact_upload_tuple (__main__.Admission.test_complete_compiler_policy_remote_bundle_and_exact_upload_tuple) ... ERROR
test_one_production_upload_closes_and_consumes_the_paired_owner (__main__.Admission.test_one_production_upload_closes_and_consumes_the_paired_owner) ... ok
test_paired_production_identity_receiver_and_session_consumption (__main__.Admission.test_paired_production_identity_receiver_and_session_consumption) ... ok
test_real_qualification_authority_and_compiler_metadata_refusals (__main__.Admission.test_real_qualification_authority_and_compiler_metadata_refusals) ... ok
test_compiler_request_refuses_other_tuples_and_legacy_policy_is_unchanged (__main__.Policy.test_compiler_request_refuses_other_tuples_and_legacy_policy_is_unchanged) ... ok
test_only_closed_tuple_and_immediate_header_with_full_body_checks (__main__.Policy.test_only_closed_tuple_and_immediate_header_with_full_body_checks) ... ok

======================================================================
ERROR: test_complete_compiler_policy_remote_bundle_and_exact_upload_tuple (__main__.Admission.test_complete_compiler_policy_remote_bundle_and_exact_upload_tuple)
----------------------------------------------------------------------
Traceback (most recent call last):
  File "C:\Users\narut\OneDrive\Desktop\Project\techbots_Sumo_Robots\tests\test_match_static.py", line 151, in test_complete_compiler_policy_remote_bundle_and_exact_upload_tuple
    primitive, sources = remote.load_bundle(bundle, profile='match', motors_allowed=1,
                         ~~~~~~~~~~~~~~~~~~^^^^^^^^^^^^^^^^^^^^^^^^^^^^^^^^^^^^^^^^^^^
        attempt='fixture01', source_digest=self.owner.source_sha256)
        ^^^^^^^^^^^^^^^^^^^^^^^^^^^^^^^^^^^^^^^^^^^^^^^^^^^^^^^^^^^^
  File "C:\Users\narut\OneDrive\Desktop\Project\techbots_Sumo_Robots\tools\match_static_compile_remote.py", line 52, in load_bundle
    primitive.load_bundle(sources)
    ~~~~~~~~~~~~~~~~~~~~~^^^^^^^^^
  File "<checked-d214-artifacts>", line 51, in load_bundle
  File "<checked-static-reader>", line 11, in <module>
ModuleNotFoundError: No module named 'pwd'

----------------------------------------------------------------------
Ran 6 tests in 22.538s

FAILED (errors=1)
