[doctest] doctest version is "2.4.12"
[doctest] run with "--help" for options
D229 host sizes: Data=3236 Distribution=3236 Summary=44 bins=3200
===============================================================================
/mnt/c/Users/narut/AppData/Local/Temp/sumox-timing-p99-20260927/tests/test_runtime_epoch_timing.cpp:80:
TEST CASE:  B14 P2.2 D229 failed service or decision never produces a duration

/mnt/c/Users/narut/AppData/Local/Temp/sumox-timing-p99-20260927/tests/test_runtime_epoch_timing.cpp:90: ERROR: CHECK_FALSE( rig.next() ) is NOT correct!
  values: CHECK_FALSE( true )

/mnt/c/Users/narut/AppData/Local/Temp/sumox-timing-p99-20260927/tests/test_runtime_epoch_timing.cpp:91: ERROR: CHECK( rig.owner.report().phase == app::RuntimePhase::FAULT ) is NOT correct!
  values: CHECK( 1 == 3 )

/mnt/c/Users/narut/AppData/Local/Temp/sumox-timing-p99-20260927/tests/test_runtime_epoch_timing.cpp:92: ERROR: CHECK( rig.owner.epochTiming().summary().samples == 1U ) is NOT correct!
  values: CHECK( 2 == 1 )

/mnt/c/Users/narut/AppData/Local/Temp/sumox-timing-p99-20260927/tests/test_runtime_epoch_timing.cpp:94: ERROR: CHECK( rig.owner.epochTiming().summary().last_completed_us == previous.last_completed_us ) is NOT correct!
  values: CHECK( 11005 == 10426 )

/mnt/c/Users/narut/AppData/Local/Temp/sumox-timing-p99-20260927/tests/test_runtime_epoch_timing.cpp:96: ERROR: CHECK( rig.owner.epochTiming().summary().samples == 1U ) is NOT correct!
  values: CHECK( 2 == 1 )

D229 host Runtime size=169888 MATCH=0 MOTORS_ALLOWED=0
===============================================================================
[doctest] test cases:  16 |  15 passed | 1 failed | 0 skipped
[doctest] assertions: 316 | 311 passed | 5 failed |
[doctest] Status: FAILURE!
