0000000000003dc8 d _DYNAMIC
0000000000003fb8 d _GLOBAL_OFFSET_TABLE_
0000000000001079 0000000000000035 t _GLOBAL__sub_I_outer_loop_timing
                 w _ITM_deregisterTMCloneTable
                 w _ITM_registerTMCloneTable
0000000000001284 0000000000000369 t loop()
0000000000004048 000000000000000c b (anonymous namespace)::runtime
0000000000004030 0000000000000010 b (anonymous namespace)::timing_port
00000000000011fa 0000000000000076 t app::epoch_timing::Distribution::observe(unsigned int, unsigned int, unsigned int)
0000000000001270 0000000000000014 t app::outer_loop_timing::Observer::count(app::outer_loop_timing::Count&, unsigned int)
0000000000004024 0000000000000004 b fixture::constructors
0000000000001199 0000000000000061 t fixture::clock(void*)
0000000000004040 0000000000000004 b fixture::steps
0000000000004028 0000000000000004 b fixture::begins
0000000000005a80 0000000000000004 b fixture::clocks
0000000000002188 r __FRAME_END__
0000000000002000 r __GNU_EH_FRAME_HDR
0000000000004008 D __TMC_END__
000000000000038c 0000000000000020 r __abi_tag
0000000000004020 B __bss_start
                 w __cxa_finalize@GLIBC_2.2.5
0000000000001150 t __do_global_dtors_aux
0000000000003dc0 d __do_global_dtors_aux_fini_array_entry
0000000000004000 D __dso_handle
0000000000003db0 d __frame_dummy_init_array_entry
                 w __gmon_start__
                 U __libc_start_main@GLIBC_2.34
                 U __stack_chk_fail@GLIBC_2.4
0000000000004008 D _edata
0000000000005a88 B _end
00000000000015f0 T _fini
0000000000001000 T _init
00000000000010b0 0000000000000026 T _start
0000000000004020 0000000000000001 b completed.0
00000000000010e0 t deregister_tm_clones
0000000000001190 t frame_dummy
0000000000001060 0000000000000019 T main
0000000000004060 0000000000001a20 B outer_loop_timing
0000000000001110 t register_tm_clones
