0000000000003e00 d _DYNAMIC
0000000000003fc0 d _GLOBAL_OFFSET_TABLE_
000000000000107e 000000000000001e t _GLOBAL__sub_I__Z5setupv
                 w _ITM_deregisterTMCloneTable
                 w _ITM_registerTMCloneTable
0000000000004010 000000000000000c b (anonymous namespace)::runtime
0000000000004024 0000000000000004 b fixture::constructors
000000000000401c 0000000000000004 b fixture::steps
0000000000004020 0000000000000004 b fixture::begins
00000000000020d0 r __FRAME_END__
0000000000002000 r __GNU_EH_FRAME_HDR
0000000000004008 D __TMC_END__
000000000000038c 0000000000000020 r __abi_tag
0000000000004008 B __bss_start
                 w __cxa_finalize@GLIBC_2.2.5
0000000000001140 t __do_global_dtors_aux
0000000000003df8 d __do_global_dtors_aux_fini_array_entry
0000000000004000 D __dso_handle
0000000000003de8 d __frame_dummy_init_array_entry
                 w __gmon_start__
                 U __libc_start_main@GLIBC_2.34
0000000000004008 D _edata
0000000000004028 B _end
000000000000118c T _fini
0000000000001000 T _init
00000000000010a0 0000000000000026 T _start
0000000000004008 0000000000000001 b completed.0
00000000000010d0 t deregister_tm_clones
0000000000001180 t frame_dummy
0000000000001040 000000000000003e T main
0000000000001100 t register_tm_clones
