ELF Header:
  Magic:   7f 45 4c 46 01 01 01 00 00 00 00 00 00 00 00 00 
  Class:                             ELF32
  Data:                              2's complement, little endian
  Version:                           1 (current)
  OS/ABI:                            UNIX - System V
  ABI Version:                       0
  Type:                              REL (Relocatable file)
  Machine:                           ARM
  Version:                           0x1
  Entry point address:               0xe2d5
  Start of program headers:          0 (bytes into file)
  Start of section headers:          145312 (bytes into file)
  Flags:                             0x5000000, Version5 EABI
  Size of this header:               52 (bytes)
  Size of program headers:           0 (bytes)
  Number of program headers:         0
  Size of section headers:           40 (bytes)
  Number of section headers:         19
  Section header string table index: 18

Section Headers:
  [Nr] Name              Type            Addr     Off    Size   ES Flg Lk Inf Al
  [ 0]                   NULL            00000000 000000 000000 00      0   0  0
  [ 1] .rodata           PROGBITS        00000000 000034 0003a8 00   A  0   0  4
  [ 2] .rel.rodata       REL             00000000 020294 000570 08   I 16   1  4
  [ 3] .llext.rodata.noreloc PROGBITS        000003a8 0003e0 0005bd 00   A  0   0  8
  [ 4] .text             PROGBITS        00000000 0009a0 00f124 00  AX  0   0  8
  [ 5] .rel.text         REL             00000000 020804 002e30 08   I 16   4  4
  [ 6] .static_thread_data_area PROGBITS        0000f124 00fac4 000000 00   W  0   0  1
  [ 7] .data             PROGBITS        0000f124 00fac4 00000c 00  WA  0   0  4
  [ 8] .rel.data         REL             00000000 023634 000018 08   I 16   7  4
  [ 9] .bss              NOBITS          0000f130 00fad0 02a744 00  WA  0   0  8
  [10] .exported_sym     PROGBITS        00039874 00fad0 000008 00   A  0   0  4
  [11] .rel.exported_sym REL             00000000 02364c 000010 08   I 16  10  4
  [12] .init_array       INIT_ARRAY      0003987c 00fad8 00002c 04  WA  0   0  4
  [13] .rel.init_array   REL             00000000 02365c 000058 08   I 16  12  4
  [14] .fini_array       FINI_ARRAY      000398a8 00fb04 000024 04  WA  0   0  4
  [15] .rel.fini_array   REL             00000000 0236b4 000048 08   I 16  14  4
  [16] .symtab           SYMTAB          00000000 00fb28 008500 10     17 1368  4
  [17] .strtab           STRTAB          00000000 018028 00826c 00      0   0  1
  [18] .shstrtab         STRTAB          00000000 0236fc 0000a1 00      0   0  1
Key to Flags:
  W (write), A (alloc), X (execute), M (merge), S (strings), I (info),
  L (link order), O (extra OS processing required), G (group), T (TLS),
  C (compressed), x (unknown), o (OS specific), E (exclude),
  D (mbind), y (purecode), p (processor specific)
