
Symbol table '.symtab' contains 368 entries:
   Num:    Value  Size Type    Bind   Vis      Ndx Name
     0: 00000000     0 NOTYPE  LOCAL  DEFAULT  UND 
     1: 00000000     0 SECTION LOCAL  DEFAULT    1 .rodata
     2: 00000000     0 SECTION LOCAL  DEFAULT    3 .llext.rodata.noreloc
     3: 00000000     0 SECTION LOCAL  DEFAULT    7 .data
     4: 00000000     0 SECTION LOCAL  DEFAULT    8 .bss
     5: 0000003c     0 NOTYPE  LOCAL  DEFAULT    3 $d
     6: 00000000     0 NOTYPE  LOCAL  DEFAULT    1 $d
     7: 00000004   560 OBJECT  LOCAL  DEFAULT    1 _ZN6zephyr7arduinoL12arduino_pinsE
     8: 00000004     0 NOTYPE  LOCAL  DEFAULT    1 $d
     9: 0000005a     0 NOTYPE  LOCAL  DEFAULT    4 $t
    10: 0000005b    34 FUNC    LOCAL  DEFAULT    4 _ZN5power12_GLOBAL__N_18validPadERK12gpio_dt_spec
    11: 0000007c     0 NOTYPE  LOCAL  DEFAULT    4 $t
    12: 0000007d   196 FUNC    LOCAL  DEFAULT    4 _ZN5power12_GLOBAL__N_110fixedModesEhbj
    13: 0000013c     0 NOTYPE  LOCAL  DEFAULT    4 $d
    14: 00000140     0 NOTYPE  LOCAL  DEFAULT    4 $t
    15: 00000141   100 FUNC    LOCAL  DEFAULT    4 _ZN5power12_GLOBAL__N_111separatePinEjRK12gpio_dt_specb
    16: 0000018c     0 NOTYPE  LOCAL  DEFAULT    4 $d
    17: 000001a4     0 NOTYPE  LOCAL  DEFAULT    4 $t
    18: 000001a5    40 FUNC    LOCAL  DEFAULT    4 LL_GPIO_GetPinPull.constprop.0
    19: 000001c8     0 NOTYPE  LOCAL  DEFAULT    4 $d
    20: 000001cc     0 NOTYPE  LOCAL  DEFAULT    4 $t
    21: 000001cd    40 FUNC    LOCAL  DEFAULT    4 LL_GPIO_GetPinMode.constprop.0
    22: 000001f0     0 NOTYPE  LOCAL  DEFAULT    4 $d
    23: 000001f4     0 NOTYPE  LOCAL  DEFAULT    4 $t
    24: 000001f5   552 FUNC    LOCAL  DEFAULT    4 _ZN5power12_GLOBAL__N_116environmentOwnedEb
    25: 000003d8     0 NOTYPE  LOCAL  DEFAULT    4 $d
    26: 0000041c     0 NOTYPE  LOCAL  DEFAULT    4 $t
    27: 000004b8     0 NOTYPE  LOCAL  DEFAULT    4 $d
    28: 000004c8     0 NOTYPE  LOCAL  DEFAULT    4 $t
    29: 00000540     0 NOTYPE  LOCAL  DEFAULT    4 $d
    30: 0000054c     0 NOTYPE  LOCAL  DEFAULT    4 $t
    31: 0000058c     0 NOTYPE  LOCAL  DEFAULT    4 $d
    32: 00000594     0 NOTYPE  LOCAL  DEFAULT    4 $t
    33: 0000059e     0 NOTYPE  LOCAL  DEFAULT    4 $d
    34: 000005f4     0 NOTYPE  LOCAL  DEFAULT    4 $d
    35: 000005f8     0 NOTYPE  LOCAL  DEFAULT    4 $t
    36: 0000064c     0 NOTYPE  LOCAL  DEFAULT    4 $d
    37: 00000658     0 NOTYPE  LOCAL  DEFAULT    4 $t
    38: 0000080c     0 NOTYPE  LOCAL  DEFAULT    4 $d
    39: 0000082c     0 NOTYPE  LOCAL  DEFAULT    4 $t
    40: 00000900     0 NOTYPE  LOCAL  DEFAULT    4 $d
    41: 00000918     0 NOTYPE  LOCAL  DEFAULT    4 $t
    42: 0000093c     0 NOTYPE  LOCAL  DEFAULT    4 $d
    43: 00000940     0 NOTYPE  LOCAL  DEFAULT    4 $t
    44: 00000ba8     0 NOTYPE  LOCAL  DEFAULT    4 $d
    45: 000026a4     1 OBJECT  LOCAL  DEFAULT    8 _ZN5power12_GLOBAL__N_111adc_claimedE
    46: 00000bf0     0 NOTYPE  LOCAL  DEFAULT    4 $t
    47: 00000bfc     0 NOTYPE  LOCAL  DEFAULT    4 $d
    48: 00000c00     0 NOTYPE  LOCAL  DEFAULT    4 $t
    49: 00000c34     0 NOTYPE  LOCAL  DEFAULT    4 $d
    50: 00000c40     0 NOTYPE  LOCAL  DEFAULT    4 $t
    51: 00000cd0     0 NOTYPE  LOCAL  DEFAULT    4 $d
    52: 00000ce0     0 NOTYPE  LOCAL  DEFAULT    4 $t
    53: 00000da4     0 NOTYPE  LOCAL  DEFAULT    4 $d
    54: 00000dc8     0 NOTYPE  LOCAL  DEFAULT    4 $t
    55: 00000ea8     0 NOTYPE  LOCAL  DEFAULT    4 $d
    56: 00000ec0     0 NOTYPE  LOCAL  DEFAULT    4 $t
    57: 00000f20     0 NOTYPE  LOCAL  DEFAULT    4 $d
    58: 000026a4     0 NOTYPE  LOCAL  DEFAULT    8 $d
    59: 00000000     0 NOTYPE  LOCAL  DEFAULT    3 $d
    60: 000005a3     0 NOTYPE  LOCAL  DEFAULT    4 $d
    61: 000005a4     0 NOTYPE  LOCAL  DEFAULT    4 $t
    62: 00000f24     0 NOTYPE  LOCAL  DEFAULT    4 $t
    63: 00000fb0     0 NOTYPE  LOCAL  DEFAULT    4 $d
    64: 00000020     0 NOTYPE  LOCAL  DEFAULT    3 $d
    65: 00000040     0 NOTYPE  LOCAL  DEFAULT    3 $d
    66: 0000007c     0 NOTYPE  LOCAL  DEFAULT    3 $d
    67: 00000050     0 NOTYPE  LOCAL  DEFAULT    3 $d
    68: 00000060     0 NOTYPE  LOCAL  DEFAULT    3 $d
    69: 000015b8     0 NOTYPE  LOCAL  DEFAULT    4 $t
    70: 000015bc     0 NOTYPE  LOCAL  DEFAULT    4 $t
    71: 000015d4     0 NOTYPE  LOCAL  DEFAULT    4 $d
    72: 00000000     0 NOTYPE  LOCAL  DEFAULT    9 $d
    73: 00000000     8 OBJECT  LOCAL  DEFAULT    9 _ZL16__llext_sym_main
    74: 00000000     0 NOTYPE  LOCAL  DEFAULT    4 $t
    75: 00000018     0 NOTYPE  LOCAL  DEFAULT    4 $d
    76: 00000000  9892 OBJECT  LOCAL  DEFAULT    8 _ZN12_GLOBAL__N_16runnerE
    77: 00000020     0 NOTYPE  LOCAL  DEFAULT    4 $t
    78: 00000028     0 NOTYPE  LOCAL  DEFAULT    4 $d
    79: 00000030     0 NOTYPE  LOCAL  DEFAULT    4 $t
    80: 00000031    40 FUNC    LOCAL  DEFAULT    4 _GLOBAL__sub_I_setup
    81: 00000048     0 NOTYPE  LOCAL  DEFAULT    4 $d
    82: 00000000    32 OBJECT  LOCAL  DEFAULT    7 _ZN12_GLOBAL__N_16nativeE
    83: 00000000     0 NOTYPE  LOCAL  DEFAULT   11 $d
    84: 00000000     0 NOTYPE  LOCAL  DEFAULT    8 $d
    85: 00000000     0 NOTYPE  LOCAL  DEFAULT    7 $d
    86: 00000058     0 NOTYPE  LOCAL  DEFAULT    4 $t
    87: 00000fb4     0 NOTYPE  LOCAL  DEFAULT    4 $t
    88: 00001054     0 NOTYPE  LOCAL  DEFAULT    4 $d
    89: 0000105c     0 NOTYPE  LOCAL  DEFAULT    4 $t
    90: 00001070     0 NOTYPE  LOCAL  DEFAULT    4 $t
    91: 00001080     0 NOTYPE  LOCAL  DEFAULT    4 $t
    92: 00001098     0 NOTYPE  LOCAL  DEFAULT    4 $t
    93: 000010a4     0 NOTYPE  LOCAL  DEFAULT    4 $d
    94: 000010a8     0 NOTYPE  LOCAL  DEFAULT    4 $t
    95: 000010c8     0 NOTYPE  LOCAL  DEFAULT    4 $d
    96: 000010cc     0 NOTYPE  LOCAL  DEFAULT    4 $t
    97: 0000113c     0 NOTYPE  LOCAL  DEFAULT    4 $d
    98: 00001140     0 NOTYPE  LOCAL  DEFAULT    4 $t
    99: 00001164     0 NOTYPE  LOCAL  DEFAULT    4 $d
   100: 00001168     0 NOTYPE  LOCAL  DEFAULT    4 $t
   101: 0000119c     0 NOTYPE  LOCAL  DEFAULT    4 $d
   102: 000011a4     0 NOTYPE  LOCAL  DEFAULT    4 $t
   103: 000011cc     0 NOTYPE  LOCAL  DEFAULT    4 $d
   104: 000011d0     0 NOTYPE  LOCAL  DEFAULT    4 $t
   105: 00001218     0 NOTYPE  LOCAL  DEFAULT    4 $d
   106: 0000121c     0 NOTYPE  LOCAL  DEFAULT    4 $t
   107: 0000126c     0 NOTYPE  LOCAL  DEFAULT    4 $d
   108: 00001270     0 NOTYPE  LOCAL  DEFAULT    4 $t
   109: 00001308     0 NOTYPE  LOCAL  DEFAULT    4 $d
   110: 00001324     0 NOTYPE  LOCAL  DEFAULT    4 $t
   111: 00001384     0 NOTYPE  LOCAL  DEFAULT    4 $t
   112: 000013c4     0 NOTYPE  LOCAL  DEFAULT    4 $t
   113: 000014b4     0 NOTYPE  LOCAL  DEFAULT    4 $d
   114: 000014dc     0 NOTYPE  LOCAL  DEFAULT    4 $t
   115: 0000153c     0 NOTYPE  LOCAL  DEFAULT    4 $d
   116: 0000154c     0 NOTYPE  LOCAL  DEFAULT    4 $t
   117: 00001550     0 NOTYPE  LOCAL  DEFAULT    4 $d
   118: 00001554     0 NOTYPE  LOCAL  DEFAULT    4 $t
   119: 0000155c     0 NOTYPE  LOCAL  DEFAULT    4 $d
   120: 00001560     0 NOTYPE  LOCAL  DEFAULT    4 $t
   121: 0000156c     0 NOTYPE  LOCAL  DEFAULT    4 $d
   122: 00001570     0 NOTYPE  LOCAL  DEFAULT    4 $t
   123: 00001580     0 NOTYPE  LOCAL  DEFAULT    4 $d
   124: 0000158c     0 NOTYPE  LOCAL  DEFAULT    4 $t
   125: 00001594     0 NOTYPE  LOCAL  DEFAULT    4 $d
   126: 00001598     0 NOTYPE  LOCAL  DEFAULT    4 $t
   127: 0000159c     0 NOTYPE  LOCAL  DEFAULT    4 $d
   128: 000015a0     0 NOTYPE  LOCAL  DEFAULT    4 $t
   129: 000015ac     0 NOTYPE  LOCAL  DEFAULT    4 $t
   130: 000015b4     0 NOTYPE  LOCAL  DEFAULT    4 $d
   131: 000015e8     0 NOTYPE  LOCAL  DEFAULT    4 $t
   132: 00001644     0 NOTYPE  LOCAL  DEFAULT    4 $d
   133: 00001654     0 NOTYPE  LOCAL  DEFAULT    4 $t
   134: 00001668     0 NOTYPE  LOCAL  DEFAULT    4 $d
   135: 000002c0     0 NOTYPE  LOCAL  DEFAULT    3 $d
   136: 00000000     0 NOTYPE  GLOBAL DEFAULT  UND __real_cos
   137: 00000000     0 NOTYPE  GLOBAL DEFAULT  UND __real___aeabi_dcmpgt
   138: 00000000     0 NOTYPE  GLOBAL DEFAULT  UND __device_dts_ord_40
   139: 00000000     0 NOTYPE  GLOBAL DEFAULT  UND __real_iscntrl
   140: 00000000     0 NOTYPE  GLOBAL DEFAULT  UND __real_ldexp
   141: 00000000     0 NOTYPE  GLOBAL DEFAULT  UND __real_puts
   142: 00000000     0 NOTYPE  GLOBAL DEFAULT  UND __real_isxdigit
   143: 00000000     0 NOTYPE  GLOBAL DEFAULT  UND __real_sinf
   144: 00000000     0 NOTYPE  GLOBAL DEFAULT  UND __device_dts_ord_105
   145: 00000000     0 NOTYPE  GLOBAL DEFAULT  UND z_impl_device_init
   146: 00000000     0 NOTYPE  GLOBAL DEFAULT  UND __real___aeabi_uidivmod
   147: 00000000     0 NOTYPE  GLOBAL DEFAULT  UND __real___aeabi_f2uiz
   148: 00000000     0 NOTYPE  GLOBAL DEFAULT  UND __real___aeabi_dcmpun
   149: 00000000     0 NOTYPE  GLOBAL DEFAULT  UND _sidata
   150: 00000000     0 NOTYPE  GLOBAL DEFAULT  UND __real_log10
   151: 00000000     0 NOTYPE  GLOBAL DEFAULT  UND __real___aeabi_dcmplt
   152: 00000000     0 NOTYPE  GLOBAL DEFAULT  UND __real___aeabi_idivmod
   153: 00000000     0 NOTYPE  GLOBAL DEFAULT  UND __real_isprint
   154: 00000000     0 NOTYPE  GLOBAL DEFAULT  UND __real_memmove
   155: 00000000     0 NOTYPE  GLOBAL DEFAULT  UND __real_exp2
   156: 00000000     0 NOTYPE  GLOBAL DEFAULT  UND __real_atan2
   157: 00000000     0 NOTYPE  GLOBAL DEFAULT  UND z_impl_k_yield
   158: 00000000     0 NOTYPE  GLOBAL DEFAULT  UND __real_log
   159: 00000000     0 NOTYPE  GLOBAL DEFAULT  UND __real_malloc
   160: 00000000     0 NOTYPE  GLOBAL DEFAULT  UND __real_islower
   161: 00000000     0 NOTYPE  GLOBAL DEFAULT  UND _sbss
   162: 00000000     0 NOTYPE  GLOBAL DEFAULT  UND __real___aeabi_l2f
   163: 00000000     0 NOTYPE  GLOBAL DEFAULT  UND __device_dts_ord_233
   164: 00000000     0 NOTYPE  GLOBAL DEFAULT  UND __device_dts_ord_120
   165: 00000000     0 NOTYPE  GLOBAL DEFAULT  UND __real___aeabi_ldivmod
   166: 00000000     0 NOTYPE  GLOBAL DEFAULT  UND __real_atoi
   167: 00000000     0 NOTYPE  GLOBAL DEFAULT  UND __real___aeabi_uidiv
   168: 00000000     0 NOTYPE  GLOBAL DEFAULT  UND __real___aeabi_idiv
   169: 00000000     0 NOTYPE  GLOBAL DEFAULT  UND __real_exit
   170: 00000000     0 NOTYPE  GLOBAL DEFAULT  UND __real_strchr
   171: 00000000     0 NOTYPE  GLOBAL DEFAULT  UND __real___aeabi_ddiv
   172: 00000000     0 NOTYPE  GLOBAL DEFAULT  UND __real___aeabi_read_tp
   173: 00000000     0 NOTYPE  GLOBAL DEFAULT  UND __real___aeabi_ui2f
   174: 00000000     0 NOTYPE  GLOBAL DEFAULT  UND __real_strstr
   175: 00000000     0 NOTYPE  GLOBAL DEFAULT  UND matrixGrayscaleWrite
   176: 00000000     0 NOTYPE  GLOBAL DEFAULT  UND _sdata
   177: 00000000     0 NOTYPE  GLOBAL DEFAULT  UND __real___aeabi_l2d
   178: 00000000     0 NOTYPE  GLOBAL DEFAULT  UND __real_sqrtf
   179: 00000000     0 NOTYPE  GLOBAL DEFAULT  UND __real_strncpy
   180: 00000000     0 NOTYPE  GLOBAL DEFAULT  UND __real_srand
   181: 00000000     0 NOTYPE  GLOBAL DEFAULT  UND __real___aeabi_i2f
   182: 00000000     0 NOTYPE  GLOBAL DEFAULT  UND __real___aeabi_fcmpun
   183: 00000000     0 NOTYPE  GLOBAL DEFAULT  UND __real_strdup
   184: 00000000     0 NOTYPE  GLOBAL DEFAULT  UND __real_gettimeofday
   185: 00000000     0 NOTYPE  GLOBAL DEFAULT  UND __real_fmod
   186: 00000000     0 NOTYPE  GLOBAL DEFAULT  UND __real_toupper
   187: 00000000     0 NOTYPE  GLOBAL DEFAULT  UND __real_strrchr
   188: 00000000     0 NOTYPE  GLOBAL DEFAULT  UND _device_list_end
   189: 00000000     0 NOTYPE  GLOBAL DEFAULT  UND __real_tolower
   190: 00000000     0 NOTYPE  GLOBAL DEFAULT  UND __real_isgraph
   191: 00000000     0 NOTYPE  GLOBAL DEFAULT  UND __real_atan
   192: 00000000     0 NOTYPE  GLOBAL DEFAULT  UND _ebss
   193: 00000000     0 NOTYPE  GLOBAL DEFAULT  UND __real_pow
   194: 00000000     0 NOTYPE  GLOBAL DEFAULT  UND __device_dts_ord_109
   195: 00000000     0 NOTYPE  GLOBAL DEFAULT  UND __real_strtok
   196: 00000000     0 NOTYPE  GLOBAL DEFAULT  UND __real___aeabi_i2d
   197: 00000000     0 NOTYPE  GLOBAL DEFAULT  UND __real_vsprintf
   198: 00000000     0 NOTYPE  GLOBAL DEFAULT  UND kheap_llext_heap
   199: 00000000     0 NOTYPE  GLOBAL DEFAULT  UND __real___aeabi_ui2d
   200: 00000000     0 NOTYPE  GLOBAL DEFAULT  UND analog_reference
   201: 00000000     0 NOTYPE  GLOBAL DEFAULT  UND __real_strtod
   202: 00000000     0 NOTYPE  GLOBAL DEFAULT  UND __real_isalnum
   203: 00000000     0 NOTYPE  GLOBAL DEFAULT  UND __real___aeabi_fdiv
   204: 00000000     0 NOTYPE  GLOBAL DEFAULT  UND __real_sin
   205: 00000000     0 NOTYPE  GLOBAL DEFAULT  UND __real___aeabi_fcmple
   206: 00000000     0 NOTYPE  GLOBAL DEFAULT  UND __real___aeabi_f2iz
   207: 00000000     0 NOTYPE  GLOBAL DEFAULT  UND z_impl_k_uptime_ticks
   208: 00000000     0 NOTYPE  GLOBAL DEFAULT  UND __real_tan
   209: 00000000     0 NOTYPE  GLOBAL DEFAULT  UND __real_strtoul
   210: 00000000     0 NOTYPE  GLOBAL DEFAULT  UND __real_strnlen
   211: 00000000     0 NOTYPE  GLOBAL DEFAULT  UND __real___aeabi_dsub
   212: 00000000     0 NOTYPE  GLOBAL DEFAULT  UND __real___xpg_strerror_r
   213: 00000000     0 NOTYPE  GLOBAL DEFAULT  UND __real___aeabi_d2iz
   214: 00000000     0 NOTYPE  GLOBAL DEFAULT  UND __real_exp
   215: 00000000     0 NOTYPE  GLOBAL DEFAULT  UND __real_logf
   216: 00000000     0 NOTYPE  GLOBAL DEFAULT  UND __real_atexit
   217: 00000000     0 NOTYPE  GLOBAL DEFAULT  UND __real_memmem
   218: 00000000     0 NOTYPE  GLOBAL DEFAULT  UND __real_sqrt
   219: 00000000     0 NOTYPE  GLOBAL DEFAULT  UND __real_isupper
   220: 00000000     0 NOTYPE  GLOBAL DEFAULT  UND __real___aeabi_dcmple
   221: 00000000     0 NOTYPE  GLOBAL DEFAULT  UND __real___aeabi_d2uiz
   222: 00000000     0 NOTYPE  GLOBAL DEFAULT  UND printk
   223: 00000000     0 NOTYPE  GLOBAL DEFAULT  UND __real_strncmp
   224: 00000000     0 NOTYPE  GLOBAL DEFAULT  UND __real___aeabi_dcmpge
   225: 00000000     0 NOTYPE  GLOBAL DEFAULT  UND __real_realloc
   226: 00000000     0 NOTYPE  GLOBAL DEFAULT  UND __real_asinf
   227: 00000000     0 NOTYPE  GLOBAL DEFAULT  UND __real___aeabi_fadd
   228: 00000000     0 NOTYPE  GLOBAL DEFAULT  UND __real_isspace
   229: 00000000     0 NOTYPE  GLOBAL DEFAULT  UND __device_dts_ord_100
   230: 00000000     0 NOTYPE  GLOBAL DEFAULT  UND __device_dts_ord_114
   231: 00000000     0 NOTYPE  GLOBAL DEFAULT  UND __real___aeabi_dcmpeq
   232: 00000000     0 NOTYPE  GLOBAL DEFAULT  UND __real_free
   233: 00000000     0 NOTYPE  GLOBAL DEFAULT  UND __real___aeabi_dmul
   234: 00000000     0 NOTYPE  GLOBAL DEFAULT  UND __heap_end
   235: 00000000     0 NOTYPE  GLOBAL DEFAULT  UND __real_strcat
   236: 00000000     0 NOTYPE  GLOBAL DEFAULT  UND __real_putchar
   237: 00000000     0 NOTYPE  GLOBAL DEFAULT  UND matrixBegin
   238: 00000000     0 NOTYPE  GLOBAL DEFAULT  UND pinctrl_lookup_state
   239: 00000000     0 NOTYPE  GLOBAL DEFAULT  UND matrixSetGrayscaleBits
   240: 00000000     0 NOTYPE  GLOBAL DEFAULT  UND __real___aeabi_fcmplt
   241: 00000000     0 NOTYPE  GLOBAL DEFAULT  UND __real_vsnprintf
   242: 00000000     0 NOTYPE  GLOBAL DEFAULT  UND __real_rand
   243: 00000000     0 NOTYPE  GLOBAL DEFAULT  UND _device_list_start
   244: 00000000     0 NOTYPE  GLOBAL DEFAULT  UND __real___aeabi_ul2f
   245: 00000000     0 NOTYPE  GLOBAL DEFAULT  UND __real_acos
   246: 00000000     0 NOTYPE  GLOBAL DEFAULT  UND __heap_start
   247: 00000000     0 NOTYPE  GLOBAL DEFAULT  UND __real___aeabi_ul2d
   248: 00000000     0 NOTYPE  GLOBAL DEFAULT  UND __real_asin
   249: 00000000     0 NOTYPE  GLOBAL DEFAULT  UND _edata
   250: 00000000     0 NOTYPE  GLOBAL DEFAULT  UND __real_isdigit
   251: 00000000     0 NOTYPE  GLOBAL DEFAULT  UND __real_strlen
   252: 00000000     0 NOTYPE  GLOBAL DEFAULT  UND __real___aeabi_fcmpge
   253: 00000000     0 NOTYPE  GLOBAL DEFAULT  UND __real_vprintf
   254: 00000000     0 NOTYPE  GLOBAL DEFAULT  UND __real_vsscanf
   255: 00000000     0 NOTYPE  GLOBAL DEFAULT  UND __real___aeabi_fcmpeq
   256: 00000000     0 NOTYPE  GLOBAL DEFAULT  UND __real_strcasecmp
   257: 00000000     0 NOTYPE  GLOBAL DEFAULT  UND __real_tanf
   258: 00000000     0 NOTYPE  GLOBAL DEFAULT  UND __real_strcmp
   259: 00000000     0 NOTYPE  GLOBAL DEFAULT  UND __real_atof
   260: 00000000     0 NOTYPE  GLOBAL DEFAULT  UND pinctrl_configure_pins
   261: 00000000     0 NOTYPE  GLOBAL DEFAULT  UND __real___aeabi_dadd
   262: 00000000     0 NOTYPE  GLOBAL DEFAULT  UND __real_calloc
   263: 00000000     0 NOTYPE  GLOBAL DEFAULT  UND __real_strtol
   264: 00000000     0 NOTYPE  GLOBAL DEFAULT  UND __real_acosf
   265: 00000000     0 NOTYPE  GLOBAL DEFAULT  UND __real_cosf
   266: 00000000     0 NOTYPE  GLOBAL DEFAULT  UND __real_log2
   267: 00000000     0 NOTYPE  GLOBAL DEFAULT  UND __real___aeabi_fmul
   268: 00000000     0 NOTYPE  GLOBAL DEFAULT  UND __device_dts_ord_123
   269: 00000000     0 NOTYPE  GLOBAL DEFAULT  UND __real___aeabi_d2lz
   270: 00000000     0 NOTYPE  GLOBAL DEFAULT  UND __real___aeabi_f2d
   271: 00000000     0 NOTYPE  GLOBAL DEFAULT  UND __real_atan2f
   272: 00000000     0 NOTYPE  GLOBAL DEFAULT  UND kheap_llext_heap_size
   273: 00000000     0 NOTYPE  GLOBAL DEFAULT  UND __real_strcpy
   274: 00000000     0 NOTYPE  GLOBAL DEFAULT  UND __real___aeabi_d2f
   275: 00000000     0 NOTYPE  GLOBAL DEFAULT  UND __real__exit
   276: 00000000     0 NOTYPE  GLOBAL DEFAULT  UND __real_memcmp
   277: 00000000     0 NOTYPE  GLOBAL DEFAULT  UND __real___aeabi_fsub
   278: 00000000     0 NOTYPE  GLOBAL DEFAULT  UND __real_memchr
   279: 00000000     0 NOTYPE  GLOBAL DEFAULT  UND __real___aeabi_fcmpgt
   280: 00000000     0 NOTYPE  GLOBAL DEFAULT  UND __device_dts_ord_78
   281: 00000000     0 NOTYPE  GLOBAL DEFAULT  UND __real_atol
   282: 00000000     0 NOTYPE  GLOBAL DEFAULT  UND __real_atanf
   283: 00000000     0 NOTYPE  GLOBAL DEFAULT  UND __real_memcpy
   284: 00000000     0 NOTYPE  GLOBAL DEFAULT  UND __real_isalpha
   285: 00001325    96 FUNC    GLOBAL DEFAULT    4 _ZN8ui_bench6Runner5stageEjjj
   286: 00000050    16 OBJECT  WEAK   DEFAULT    3 _ZN6config14MOTOR_PWM_PINSE
   287: 0000041d   172 FUNC    GLOBAL DEFAULT    4 _ZNK5power6Reader13controlsOwnedEv
   288: 00000000     0 NOTYPE  GLOBAL DEFAULT  UND z_impl_k_thread_create
   289: 000015e9   108 FUNC    GLOBAL DEFAULT    4 _Z20start_static_threadsv
   290: 000010a9    36 FUNC    GLOBAL DEFAULT    4 _ZN8ui_bench6Runner7measureERNS_6TimingEj
   291: 00000000     0 NOTYPE  GLOBAL DEFAULT  UND __real_abort
   292: 00001271   180 FUNC    GLOBAL DEFAULT    4 _ZN8ui_bench6Runner5beginERKNS_6GrantsE
   293: 00000000     0 NOTYPE  GLOBAL DEFAULT  UND z_impl_k_thread_name_set
   294: 00000008     0 TLS     GLOBAL DEFAULT  ABS _TLS_MODULE_BASE_
   295: 00000ec1   100 FUNC    GLOBAL DEFAULT    4 _ZN5power6Reader11readButtonsEv
   296: 00000014     0 TLS     GLOBAL DEFAULT  ABS errno
   297: 00000000     0 NOTYPE  GLOBAL DEFAULT  UND __device_dts_ord_91
   298: 000010cd   116 FUNC    GLOBAL DEFAULT    4 _ZN8ui_bench6Runner10admitClockEj
   299: 0000001c     0 TLS     GLOBAL DEFAULT  ABS _localtime_buf
   300: 000005f9    96 FUNC    GLOBAL DEFAULT    4 _ZN5power6Reader14configureModesEv
   301: 00000021    16 FUNC    GLOBAL DEFAULT    4 loop
   302: 00000000     0 NOTYPE  GLOBAL DEFAULT  UND sys_clock_cycle_get_64
   303: 000015b9     2 FUNC    WEAK   DEFAULT    4 initVariant
   304: 00000000     0 NOTYPE  GLOBAL DEFAULT  UND __device_dts_ord_65
   305: 00001071    16 FUNC    GLOBAL DEFAULT    4 _ZN8ui_bench6Runner4failENS_5FaultE
   306: 000015a1    10 FUNC    GLOBAL DEFAULT    4 __aeabi_uldivmod
   307: 00000c01    64 FUNC    GLOBAL DEFAULT    4 _ZNK5power6Reader12sampleStatusEj
   308: 00000919    40 FUNC    GLOBAL DEFAULT    4 _ZN5power6Reader4failENS_6StatusE
   309: 00000000     0 NOTYPE  GLOBAL DEFAULT  UND __device_dts_ord_93
   310: 00000fb5   168 FUNC    GLOBAL DEFAULT    4 _ZN8ui_bench6RunnerC1ERKNS_4PortE
   311: 00000941   688 FUNC    GLOBAL DEFAULT    4 _ZN5power6Reader12beginProfileEb
   312: 00001385    64 FUNC    GLOBAL DEFAULT    4 _ZN8ui_bench6Runner7publishEj
   313: 000015ad    12 FUNC    GLOBAL DEFAULT    4 abort
   314: 00000000     0 NOTYPE  GLOBAL DEFAULT  UND __device_dts_ord_9
   315: 000013c5   280 FUNC    GLOBAL DEFAULT    4 _ZN8ui_bench6Runner4readEjj
   316: 00000000     0 NOTYPE  GLOBAL DEFAULT  UND __device_dts_ord_17
   317: 00001099    16 FUNC    GLOBAL DEFAULT    4 _ZN8ui_bench6Runner7attemptERNS_6TimingE
   318: 000011a5    44 FUNC    GLOBAL DEFAULT    4 _ZN8ui_bench6Runner12examineSetupEv
   319: 00001169    60 FUNC    GLOBAL DEFAULT    4 _ZN8ui_bench6Runner5closeEjRNS_6TimingERj
   320: 00000595   100 FUNC    GLOBAL DEFAULT    4 _ZN5power6Reader14writeSetupModeEv
   321: 0000003c     4 OBJECT  GLOBAL DEFAULT    3 _ZN11native_pins5COUNTE
   322: 00000000     0 NOTYPE  GLOBAL DEFAULT    6 __static_thread_data_list_end
   323: 00000018     0 TLS     GLOBAL DEFAULT  ABS _strtok_last
   324: 00000060    28 OBJECT  WEAK   DEFAULT    3 _ZN6config14OPP_INPUT_PINSE
   325: 00001555    12 FUNC    GLOBAL DEFAULT    4 _ZN8ui_bench6Native12beginButtonsEPv
   326: 00000000     0 NOTYPE  GLOBAL DEFAULT  UND z_impl_device_is_ready
   327: 00000c41   160 FUNC    GLOBAL DEFAULT    4 _ZN5power6Reader10selectRankEjj
   328: 00000000     0 NOTYPE  GLOBAL DEFAULT  UND __real___aeabi_uldivmod
   329: 00000010     0 TLS     GLOBAL DEFAULT  ABS z_tls_current
   330: 0000154d     8 FUNC    GLOBAL DEFAULT    4 _ZN8ui_bench6Native7clockUsEPv
   331: 00000fb5   168 FUNC    GLOBAL DEFAULT    4 _ZN8ui_bench6RunnerC2ERKNS_4PortE
   332: 00001599     8 FUNC    GLOBAL DEFAULT    4 memset
   333: 000015bd    44 FUNC    WEAK   DEFAULT    4 main
   334: 00001655    28 FUNC    GLOBAL DEFAULT    4 micros
   335: 00000000     0 NOTYPE  GLOBAL DEFAULT  UND __device_dts_ord_64
   336: 00001081    22 FUNC    GLOBAL DEFAULT    4 _ZN8ui_bench6Runner3addERjj
   337: 00001141    40 FUNC    GLOBAL DEFAULT    4 _ZN8ui_bench6Runner5clockERj
   338: 0000082d   236 FUNC    GLOBAL DEFAULT    4 _ZN5power6Reader9stopOwnedEv
   339: 0000105d    20 FUNC    GLOBAL DEFAULT    4 _ZNK8ui_bench6Runner10portsValidEv
   340: 00000001    32 FUNC    GLOBAL DEFAULT    4 setup
   341: 00000059     2 FUNC    GLOBAL DEFAULT    4 _Z10__loopHookv
   342: 00000000     0 NOTYPE  GLOBAL DEFAULT  UND __device_dts_ord_54
   343: 00001561    16 FUNC    GLOBAL DEFAULT    4 _ZN8ui_bench6Native11readButtonsEPv
   344: 00000008     0 TLS     GLOBAL DEFAULT  ABS _rand_next
   345: 0000158d    12 FUNC    GLOBAL DEFAULT    4 __cxa_allocate_exception
   346: 00000bf1    16 FUNC    GLOBAL DEFAULT    4 _ZN5power6Reader16beginWithButtonsEv
   347: 00000000     0 NOTYPE  GLOBAL DEFAULT  UND __device_dts_ord_66
   348: 00000000     0 NOTYPE  GLOBAL DEFAULT  UND __device_dts_ord_94
   349: 000014dd   112 FUNC    GLOBAL DEFAULT    4 _ZN8ui_bench6Runner4pollEv
   350: 00000ce1   232 FUNC    GLOBAL DEFAULT    4 _ZN5power6Reader12finishSampleERNS_6SampleEb
   351: 0000054d    72 FUNC    GLOBAL DEFAULT    4 _ZN5power6Reader18waitCalibrationGapEv
   352: 00000f25   144 FUNC    GLOBAL DEFAULT    4 _ZN2ui13decodeButtonsERKN5power12ButtonSampleE
   353: 00000000     0 NOTYPE  GLOBAL DEFAULT    6 __static_thread_data_list_start
   354: 0000007c    16 OBJECT  WEAK   DEFAULT    3 _ZN6config14QTR_INPUT_PINSE
   355: 00000000     0 NOTYPE  GLOBAL DEFAULT  UND __device_dts_ord_89
   356: 00000000     0 NOTYPE  GLOBAL DEFAULT  UND __real_memset
   357: 000004c9   132 FUNC    GLOBAL DEFAULT    4 _ZN5power6Reader8waitFlagEbjbjjNS_6StatusE
   358: 00001571    28 FUNC    GLOBAL DEFAULT    4 _ZN8ui_bench6Native4portEv
   359: 00000000     4 OBJECT  GLOBAL DEFAULT    1 _ZN11native_pins5TABLEE
   360: 00000dc9   248 FUNC    GLOBAL DEFAULT    4 _ZN5power6Reader7acquireEjb
   361: 00000659   468 FUNC    GLOBAL DEFAULT    4 _ZN5power6Reader10initializeEv
   362: 00000000     0 NOTYPE  GLOBAL DEFAULT  UND __device_dts_ord_90
   363: 00000000     0 NOTYPE  GLOBAL DEFAULT  UND __device_dts_ord_92
   364: 0000121d    84 FUNC    GLOBAL DEFAULT    4 _ZN8ui_bench6Runner13examineSourceEjj
   365: 000011d1    76 FUNC    GLOBAL DEFAULT    4 _ZN8ui_bench6Runner13examineSampleEv
   366: 00000040    16 OBJECT  WEAK   DEFAULT    3 _ZN6config11P0_QTR_PINSE
   367: 00000000     0 NOTYPE  GLOBAL DEFAULT  UND __device_dts_ord_95
