[  1%] Building CXX object CMakeFiles/private_m1.dir/fixture/src/core/countdown.cpp.o
[  2%] Building CXX object CMakeFiles/private_m0.dir/fixture/src/core/countdown.cpp.o
[  3%] Building CXX object CMakeFiles/private_m0.dir/fixture/src/core/edge.cpp.o
[  4%] Building CXX object CMakeFiles/private_m1.dir/fixture/src/core/edge.cpp.o
[  5%] Building CXX object CMakeFiles/private_m1.dir/fixture/src/core/fsm.cpp.o
[  6%] Building CXX object CMakeFiles/private_m0.dir/fixture/src/core/fsm.cpp.o
[  7%] Building CXX object CMakeFiles/private_m0.dir/fixture/src/core/fsm_buttons.cpp.o
[  8%] Building CXX object CMakeFiles/private_m1.dir/fixture/src/core/fsm_buttons.cpp.o
[  9%] Building CXX object CMakeFiles/private_m1.dir/fixture/src/core/fsm_drive_test.cpp.o
[ 10%] Building CXX object CMakeFiles/private_m0.dir/fixture/src/core/fsm_drive_test.cpp.o
[ 11%] Building CXX object CMakeFiles/private_m1.dir/fixture/src/core/fsm_imu.cpp.o
[ 13%] Building CXX object CMakeFiles/private_m0.dir/fixture/src/core/fsm_imu.cpp.o
[ 14%] Building CXX object CMakeFiles/private_m0.dir/fixture/src/core/fsm_line.cpp.o
[ 15%] Building CXX object CMakeFiles/private_m1.dir/fixture/src/core/fsm_line.cpp.o
[ 16%] Building CXX object CMakeFiles/private_m1.dir/fixture/src/core/fsm_qtr_cal.cpp.o
[ 17%] Building CXX object CMakeFiles/private_m0.dir/fixture/src/core/fsm_qtr_cal.cpp.o
[ 18%] Building CXX object CMakeFiles/private_m1.dir/fixture/src/core/fsm_robot.cpp.o
[ 19%] Building CXX object CMakeFiles/private_m0.dir/fixture/src/core/fsm_robot.cpp.o
[ 20%] Building CXX object CMakeFiles/private_m1.dir/fixture/src/core/fsm_stand.cpp.o
[ 21%] Building CXX object CMakeFiles/private_m0.dir/fixture/src/core/fsm_stand.cpp.o
[ 22%] Building CXX object CMakeFiles/private_m1.dir/fixture/src/core/fsm_stop_trial.cpp.o
[ 23%] Building CXX object CMakeFiles/private_m0.dir/fixture/src/core/fsm_stop_trial.cpp.o
[ 25%] Building CXX object CMakeFiles/private_m1.dir/fixture/src/core/fsm_timing.cpp.o
[ 26%] Building CXX object CMakeFiles/private_m0.dir/fixture/src/core/fsm_timing.cpp.o
[ 27%] Building CXX object CMakeFiles/private_m1.dir/fixture/src/core/fsm_turn_trial.cpp.o
[ 28%] Building CXX object CMakeFiles/private_m0.dir/fixture/src/core/fsm_turn_trial.cpp.o
[ 29%] Building CXX object CMakeFiles/private_m1.dir/fixture/src/core/governor.cpp.o
[ 30%] Building CXX object CMakeFiles/private_m0.dir/fixture/src/core/governor.cpp.o
[ 31%] Building CXX object CMakeFiles/private_m1.dir/fixture/src/core/logframe.cpp.o
[ 32%] Building CXX object CMakeFiles/private_m0.dir/fixture/src/core/logframe.cpp.o
[ 33%] Building CXX object CMakeFiles/private_m1.dir/fixture/src/core/motion.cpp.o
[ 34%] Building CXX object CMakeFiles/private_m0.dir/fixture/src/core/motion.cpp.o
[ 35%] Building CXX object CMakeFiles/private_m1.dir/fixture/src/core/openers.cpp.o
[ 36%] Building CXX object CMakeFiles/private_m0.dir/fixture/src/core/openers.cpp.o
[ 38%] Building CXX object CMakeFiles/private_m1.dir/fixture/src/core/opp_fusion.cpp.o
[ 39%] Building CXX object CMakeFiles/private_m0.dir/fixture/src/core/opp_fusion.cpp.o
[ 40%] Building CXX object CMakeFiles/private_m1.dir/fixture/src/core/stall.cpp.o
[ 41%] Building CXX object CMakeFiles/private_m0.dir/fixture/src/core/stall.cpp.o
[ 42%] Building CXX object CMakeFiles/private_m1.dir/fixture/src/core/stand_sequence.cpp.o
[ 43%] Building CXX object CMakeFiles/private_m0.dir/fixture/src/core/stand_sequence.cpp.o
[ 44%] Building CXX object CMakeFiles/private_m1.dir/fixture/src/core/turn_trial.cpp.o
[ 45%] Building CXX object CMakeFiles/private_m0.dir/fixture/src/core/turn_trial.cpp.o
[ 46%] Building CXX object CMakeFiles/private_m1.dir/fixture/src/app/dump_port_unoq.cpp.o
[ 47%] Building CXX object CMakeFiles/private_m0.dir/fixture/src/app/dump_port_unoq.cpp.o
[ 48%] Building CXX object CMakeFiles/private_m1.dir/fixture/src/app/native_sources_unoq.cpp.o
[ 50%] Building CXX object CMakeFiles/private_m0.dir/fixture/src/app/native_sources_unoq.cpp.o
[ 51%] Building CXX object CMakeFiles/private_m1.dir/fixture/src/app/runtime.cpp.o
[ 52%] Building CXX object CMakeFiles/private_m0.dir/fixture/src/app/runtime.cpp.o
[ 53%] Building CXX object CMakeFiles/private_m1.dir/fixture/src/app/runtime_calibration.cpp.o
[ 54%] Building CXX object CMakeFiles/private_m0.dir/fixture/src/app/runtime_calibration.cpp.o
[ 55%] Building CXX object CMakeFiles/private_m1.dir/fixture/src/app/runtime_dump.cpp.o
[ 56%] Building CXX object CMakeFiles/private_m0.dir/fixture/src/app/runtime_dump.cpp.o
[ 57%] Building CXX object CMakeFiles/private_m1.dir/fixture/src/app/runtime_inputs.cpp.o
[ 58%] Building CXX object CMakeFiles/private_m0.dir/fixture/src/app/runtime_inputs.cpp.o
[ 59%] Building CXX object CMakeFiles/private_m1.dir/fixture/src/app/runtime_service.cpp.o
[ 60%] Building CXX object CMakeFiles/private_m0.dir/fixture/src/app/runtime_service.cpp.o
[ 61%] Building CXX object CMakeFiles/private_m1.dir/fixture/src/app/transaction.cpp.o
[ 63%] Building CXX object CMakeFiles/private_m0.dir/fixture/src/app/transaction.cpp.o
[ 64%] Building CXX object CMakeFiles/private_m1.dir/fixture/src/app/transaction_service.cpp.o
[ 65%] Building CXX object CMakeFiles/private_m0.dir/fixture/src/app/transaction_service.cpp.o
[ 66%] Building CXX object CMakeFiles/private_m1.dir/fixture/src/hal/ui.cpp.o
[ 67%] Building CXX object CMakeFiles/private_m0.dir/fixture/src/hal/ui.cpp.o
[ 68%] Building CXX object CMakeFiles/private_m0.dir/fixture/src/hal/power_inputs.cpp.o
[ 69%] Building CXX object CMakeFiles/private_m1.dir/fixture/src/hal/power_inputs.cpp.o
[ 70%] Building CXX object CMakeFiles/private_m1.dir/fixture/src/hal/imu_heading.cpp.o
[ 71%] Building CXX object CMakeFiles/private_m0.dir/fixture/src/hal/imu_heading.cpp.o
[ 72%] Building CXX object CMakeFiles/private_m1.dir/fixture/src/hal/imu_adapter.cpp.o
[ 73%] Building CXX object CMakeFiles/private_m0.dir/fixture/src/hal/imu_adapter.cpp.o
[ 75%] Building CXX object CMakeFiles/private_m1.dir/fixture/src/hal/ui_display.cpp.o
[ 76%] Building CXX object CMakeFiles/private_m0.dir/fixture/src/hal/ui_display.cpp.o
[ 77%] Building CXX object CMakeFiles/private_m1.dir/fixture/src/hal/motors.cpp.o
[ 78%] Building CXX object CMakeFiles/private_m0.dir/fixture/src/hal/motors.cpp.o
[ 79%] Building CXX object CMakeFiles/private_m1.dir/fixture/src/hal/recorder_frames.cpp.o
[ 80%] Building CXX object CMakeFiles/private_m1.dir/fixture/src/hal/recorder.cpp.o
[ 81%] Building CXX object CMakeFiles/private_m0.dir/fixture/src/hal/recorder_frames.cpp.o
[ 82%] Building CXX object CMakeFiles/private_m1.dir/fixture/src/hal/recorder_csv.cpp.o
[ 83%] Building CXX object CMakeFiles/private_m0.dir/fixture/src/hal/recorder.cpp.o
[ 84%] Building CXX object CMakeFiles/private_m1.dir/fixture/src/hal/recorder_dump.cpp.o
[ 85%] Building CXX object CMakeFiles/private_m0.dir/fixture/src/hal/recorder_csv.cpp.o
[ 86%] Building CXX object CMakeFiles/private_m1.dir/fixture/src/hal/line_qtr_adapter.cpp.o
[ 88%] Building CXX object CMakeFiles/private_m0.dir/fixture/src/hal/recorder_dump.cpp.o
[ 89%] Building CXX object CMakeFiles/private_m1.dir/fixture/src/hal/qtr_cal.cpp.o
[ 90%] Building CXX object CMakeFiles/private_m0.dir/fixture/src/hal/line_qtr_adapter.cpp.o
[ 91%] Building CXX object CMakeFiles/private_m1.dir/fixture/src/hal/qtr_cal_format.cpp.o
[ 92%] Building CXX object CMakeFiles/private_m0.dir/fixture/src/hal/qtr_cal.cpp.o
[ 93%] Building CXX object CMakeFiles/private_m1.dir/fixture/host/motor_gate_main.cpp.o
[ 94%] Building CXX object CMakeFiles/private_m0.dir/fixture/src/hal/qtr_cal_format.cpp.o
[ 95%] Building CXX object CMakeFiles/private_m0.dir/fixture/host/motor_gate_main.cpp.o
[ 96%] Building CXX object CMakeFiles/private_m0.dir/private_boundaries.cc.o
[ 97%] Building CXX object CMakeFiles/private_m1.dir/private_boundaries.cc.o
[ 98%] Linking CXX executable private_m0
[100%] Linking CXX executable private_m1
[100%] Built target private_m0
[100%] Built target private_m1
