[  2%] Building CXX object CMakeFiles/repro.dir/fixture/src/core/edge.cpp.o
[  4%] Building CXX object CMakeFiles/repro.dir/fixture/src/core/countdown.cpp.o
[  6%] Building CXX object CMakeFiles/repro.dir/fixture/src/core/fsm.cpp.o
[  8%] Building CXX object CMakeFiles/repro.dir/fixture/src/core/fsm_buttons.cpp.o
[ 10%] Building CXX object CMakeFiles/repro.dir/fixture/src/core/fsm_drive_test.cpp.o
[ 13%] Building CXX object CMakeFiles/repro.dir/fixture/src/core/fsm_imu.cpp.o
[ 15%] Building CXX object CMakeFiles/repro.dir/fixture/src/core/fsm_line.cpp.o
[ 17%] Building CXX object CMakeFiles/repro.dir/fixture/src/core/fsm_qtr_cal.cpp.o
[ 19%] Building CXX object CMakeFiles/repro.dir/fixture/src/core/fsm_robot.cpp.o
[ 21%] Building CXX object CMakeFiles/repro.dir/fixture/src/core/fsm_stand.cpp.o
[ 23%] Building CXX object CMakeFiles/repro.dir/fixture/src/core/fsm_stop_trial.cpp.o
[ 26%] Building CXX object CMakeFiles/repro.dir/fixture/src/core/fsm_timing.cpp.o
[ 28%] Building CXX object CMakeFiles/repro.dir/fixture/src/core/fsm_turn_trial.cpp.o
[ 30%] Building CXX object CMakeFiles/repro.dir/fixture/src/core/governor.cpp.o
[ 32%] Building CXX object CMakeFiles/repro.dir/fixture/src/core/logframe.cpp.o
[ 34%] Building CXX object CMakeFiles/repro.dir/fixture/src/core/motion.cpp.o
[ 36%] Building CXX object CMakeFiles/repro.dir/fixture/src/core/openers.cpp.o
[ 39%] Building CXX object CMakeFiles/repro.dir/fixture/src/core/opp_fusion.cpp.o
[ 41%] Building CXX object CMakeFiles/repro.dir/fixture/src/core/stall.cpp.o
[ 43%] Building CXX object CMakeFiles/repro.dir/fixture/src/core/stand_sequence.cpp.o
[ 45%] Building CXX object CMakeFiles/repro.dir/fixture/src/core/turn_trial.cpp.o
[ 47%] Building CXX object CMakeFiles/repro.dir/fixture/src/app/dump_port_unoq.cpp.o
[ 50%] Building CXX object CMakeFiles/repro.dir/fixture/src/app/native_sources_unoq.cpp.o
[ 52%] Building CXX object CMakeFiles/repro.dir/fixture/src/app/runtime.cpp.o
[ 54%] Building CXX object CMakeFiles/repro.dir/fixture/src/app/runtime_calibration.cpp.o
[ 56%] Building CXX object CMakeFiles/repro.dir/fixture/src/app/runtime_dump.cpp.o
[ 58%] Building CXX object CMakeFiles/repro.dir/fixture/src/app/runtime_inputs.cpp.o
[ 60%] Building CXX object CMakeFiles/repro.dir/fixture/src/app/runtime_service.cpp.o
[ 63%] Building CXX object CMakeFiles/repro.dir/fixture/src/app/transaction.cpp.o
[ 65%] Building CXX object CMakeFiles/repro.dir/fixture/src/app/transaction_service.cpp.o
[ 67%] Building CXX object CMakeFiles/repro.dir/fixture/src/hal/ui.cpp.o
[ 69%] Building CXX object CMakeFiles/repro.dir/fixture/src/hal/power_inputs.cpp.o
[ 71%] Building CXX object CMakeFiles/repro.dir/fixture/src/hal/imu_heading.cpp.o
[ 73%] Building CXX object CMakeFiles/repro.dir/fixture/src/hal/imu_adapter.cpp.o
[ 76%] Building CXX object CMakeFiles/repro.dir/fixture/src/hal/ui_display.cpp.o
[ 78%] Building CXX object CMakeFiles/repro.dir/fixture/src/hal/motors.cpp.o
[ 80%] Building CXX object CMakeFiles/repro.dir/fixture/src/hal/recorder_frames.cpp.o
[ 82%] Building CXX object CMakeFiles/repro.dir/fixture/src/hal/recorder.cpp.o
[ 84%] Building CXX object CMakeFiles/repro.dir/fixture/src/hal/recorder_csv.cpp.o
[ 86%] Building CXX object CMakeFiles/repro.dir/fixture/src/hal/recorder_dump.cpp.o
[ 89%] Building CXX object CMakeFiles/repro.dir/fixture/src/hal/line_qtr_adapter.cpp.o
[ 91%] Building CXX object CMakeFiles/repro.dir/fixture/src/hal/qtr_cal.cpp.o
[ 93%] Building CXX object CMakeFiles/repro.dir/fixture/src/hal/qtr_cal_format.cpp.o
[ 95%] Building CXX object CMakeFiles/repro.dir/fixture/host/motor_gate_main.cpp.o
[ 97%] Building CXX object CMakeFiles/repro.dir/mnt/c/Users/narut/OneDrive/Desktop/Project/techbots_Sumo_Robots/state/reviews/P4_timing_evidence_review_raw/repro_original.cc.o
[100%] Linking CXX executable repro
[100%] Built target repro
