test_all_ident_fields_and_padding_are_exact (__main__.StaticArtifactsContract.test_all_ident_fields_and_padding_are_exact) ... ok
test_allocated_vma_overlap_and_upper_bounds (__main__.StaticArtifactsContract.test_allocated_vma_overlap_and_upper_bounds) ... ok
test_bin_exact_extent_contents_zero_gaps_and_no_elf_magic (__main__.StaticArtifactsContract.test_bin_exact_extent_contents_zero_gaps_and_no_elf_magic) ... ok
test_complete_positive_gap_lma_padding_debug_and_receipts (__main__.StaticArtifactsContract.test_complete_positive_gap_lma_padding_debug_and_receipts) ... ok
test_diagnostic_package_only_patches_bytes_seven_through_fifteen (__main__.StaticArtifactsContract.test_diagnostic_package_only_patches_bytes_seven_through_fifteen) ... ok
test_each_elf_allocation_and_essential_symbol_mismatch_fails (__main__.StaticArtifactsContract.test_each_elf_allocation_and_essential_symbol_mismatch_fails) ... ok
test_each_value_is_nonempty_bytes (__main__.StaticArtifactsContract.test_each_value_is_nonempty_bytes) ... ok
test_empty_optional_section_still_requires_named_type_flags_alignment (__main__.StaticArtifactsContract.test_empty_optional_section_still_requires_named_type_flags_alignment) ... ok
test_entry_function_thumb_address_size_and_section (__main__.StaticArtifactsContract.test_entry_function_thumb_address_size_and_section) ... ok
test_essential_symbol_names_are_unique_defined_and_exact (__main__.StaticArtifactsContract.test_essential_symbol_names_are_unique_defined_and_exact) ... ok
test_every_unexplained_allocated_orphan_even_empty_is_rejected (__main__.StaticArtifactsContract.test_every_unexplained_allocated_orphan_even_empty_is_rejected) ... ok
test_executable_data_requires_executable_ram_segment (__main__.StaticArtifactsContract.test_executable_data_requires_executable_ram_segment) ... ok
test_flat_header_every_fixed_byte_field_and_length (__main__.StaticArtifactsContract.test_flat_header_every_fixed_byte_field_and_length) ... ok
test_flat_package_payload_length_and_independent_pair_failures (__main__.StaticArtifactsContract.test_flat_package_payload_length_and_independent_pair_failures) ... ok
test_forbidden_names_reject_even_when_nonallocated (__main__.StaticArtifactsContract.test_forbidden_names_reject_even_when_nonallocated) ... ok
test_forbidden_nonallocated_types_and_tls_flags (__main__.StaticArtifactsContract.test_forbidden_nonallocated_types_and_tls_flags) ... ok
test_header_counts_indices_and_table_extents (__main__.StaticArtifactsContract.test_header_counts_indices_and_table_extents) ... ok
test_header_identity_entry_flags_and_exact_sizes (__main__.StaticArtifactsContract.test_header_identity_entry_flags_and_exact_sizes) ... ok
test_input_mapping_and_exact_seven_keys (__main__.StaticArtifactsContract.test_input_mapping_and_exact_seven_keys) ... ok
test_local_section_file_and_permitted_visibility_forms (__main__.StaticArtifactsContract.test_local_section_file_and_permitted_visibility_forms) ... ok
test_map_is_opaque_hash_bound_without_layout_or_origin_claim (__main__.StaticArtifactsContract.test_map_is_opaque_hash_bound_without_layout_or_origin_claim) ... ok
test_nonallocated_file_section_must_obey_bounds_and_alignment (__main__.StaticArtifactsContract.test_nonallocated_file_section_must_obey_bounds_and_alignment) ... ok
test_nonallocated_metadata_and_empty_relocations_are_permitted (__main__.StaticArtifactsContract.test_nonallocated_metadata_and_empty_relocations_are_permitted) ... ok
test_null_section_and_section_string_table_rules (__main__.StaticArtifactsContract.test_null_section_and_section_string_table_rules) ... ok
test_one_symtab_exact_entry_shape_and_link (__main__.StaticArtifactsContract.test_one_symtab_exact_entry_shape_and_link) ... ok
test_one_transient_oversize_buffer_rejected_for_every_input (__main__.StaticArtifactsContract.test_one_transient_oversize_buffer_rejected_for_every_input) ... ok
test_optional_flash_output_names_types_and_flags (__main__.StaticArtifactsContract.test_optional_flash_output_names_types_and_flags) ... ok
test_overlapping_physical_segment_padding_is_not_hidden_by_disjoint_sections (__main__.StaticArtifactsContract.test_overlapping_physical_segment_padding_is_not_hidden_by_disjoint_sections) ... ok
test_program_alignment_size_bounds_and_load_permissions (__main__.StaticArtifactsContract.test_program_alignment_size_bounds_and_load_permissions) ... ok
test_program_types_nulls_and_executable_stack (__main__.StaticArtifactsContract.test_program_types_nulls_and_executable_stack) ... ok
test_required_sections_type_flags_nonempty_and_regions (__main__.StaticArtifactsContract.test_required_sections_type_flags_nonempty_and_regions) ... ok
test_section_alignment_and_file_extents (__main__.StaticArtifactsContract.test_section_alignment_and_file_extents) ... ok
test_section_mapping_requires_segment_coverage_and_matching_offsets (__main__.StaticArtifactsContract.test_section_mapping_requires_segment_coverage_and_matching_offsets) ... ok
test_section_names_have_bounded_decode_work (__main__.StaticArtifactsContract.test_section_names_have_bounded_decode_work) ... ok
test_segment_vma_lma_bounds_overlaps_and_empty_ownership (__main__.StaticArtifactsContract.test_segment_vma_lma_bounds_overlaps_and_empty_ownership) ... ok
test_symbol_indices_common_extended_and_named_strong_undefined (__main__.StaticArtifactsContract.test_symbol_indices_common_extended_and_named_strong_undefined) ... ok
test_symbol_names_bounds_termination_ascii_and_work_limit (__main__.StaticArtifactsContract.test_symbol_names_bounds_termination_ascii_and_work_limit) ... ok
test_symbol_null_local_boundary_bindings_types_and_visibility (__main__.StaticArtifactsContract.test_symbol_null_local_boundary_bindings_types_and_visibility) ... ok
test_undefined_weak_result_is_sorted_union_across_three_forms (__main__.StaticArtifactsContract.test_undefined_weak_result_is_sorted_union_across_three_forms) ... ok

----------------------------------------------------------------------
Ran 39 tests in 1.809s

OK
