test_additional_tls_name_and_anonymous_tls_are_rejected_in_each_image (test_static_native_artifacts.StaticNativeArtifactsContract.test_additional_tls_name_and_anonymous_tls_are_rejected_in_each_image) ... ok
test_alias_order_and_diagnostic_differences_are_permitted (test_static_native_artifacts.StaticNativeArtifactsContract.test_alias_order_and_diagnostic_differences_are_permitted) ... ok
test_all_aliases_are_required_in_every_elf_and_legacy_packet_fails (test_static_native_artifacts.StaticNativeArtifactsContract.test_all_aliases_are_required_in_every_elf_and_legacy_packet_fails) ... ok
test_complete_report_original_receipts_and_repeatability (test_static_native_artifacts.StaticNativeArtifactsContract.test_complete_report_original_receipts_and_repeatability) ... ok
test_each_original_artifact_byte_limit_retained (test_static_native_artifacts.StaticNativeArtifactsContract.test_each_original_artifact_byte_limit_retained) ... ok
test_every_alias_tuple_field_in_every_image (test_static_native_artifacts.StaticNativeArtifactsContract.test_every_alias_tuple_field_in_every_image) ... ok
test_exact_argument_count (test_static_native_artifacts.StaticNativeArtifactsContract.test_exact_argument_count) ... ok
test_exact_artifact_mapping_and_nonempty_bytes_retained (test_static_native_artifacts.StaticNativeArtifactsContract.test_exact_artifact_mapping_and_nonempty_bytes_retained) ... ok
test_flat_bin_gap_extent_and_both_package_pairs_retained (test_static_native_artifacts.StaticNativeArtifactsContract.test_flat_bin_gap_extent_and_both_package_pairs_retained) ... ok
test_local_alias_cannot_evade_tuple_check_by_moving_before_partition (test_static_native_artifacts.StaticNativeArtifactsContract.test_local_alias_cannot_evade_tuple_check_by_moving_before_partition) ... ok
test_no_tls_storage_program_section_or_relocations_admitted (test_static_native_artifacts.StaticNativeArtifactsContract.test_no_tls_storage_program_section_or_relocations_admitted) ... ok
test_normalized_three_image_equality_including_empty_and_entry_metadata (test_static_native_artifacts.StaticNativeArtifactsContract.test_normalized_three_image_equality_including_empty_and_entry_metadata) ... ok
test_original_elf_table_section_symbol_bounds_retained (test_static_native_artifacts.StaticNativeArtifactsContract.test_original_elf_table_section_symbol_bounds_retained) ... ok
test_original_validator_still_rejects_tls_without_module_mutation (test_static_native_artifacts.StaticNativeArtifactsContract.test_original_validator_still_rejects_tls_without_module_mutation) ... ok
test_rejection_preserves_caller_mapping (test_static_native_artifacts.StaticNativeArtifactsContract.test_rejection_preserves_caller_mapping) ... ok
test_renamed_anonymous_duplicate_and_shadow_aliases_in_every_image (test_static_native_artifacts.StaticNativeArtifactsContract.test_renamed_anonymous_duplicate_and_shadow_aliases_in_every_image) ... ok
test_result_mutation_does_not_poison_subsequent_calls (test_static_native_artifacts.StaticNativeArtifactsContract.test_result_mutation_does_not_poison_subsequent_calls) ... ok
test_retained_identity_regions_alignment_copy_zero_and_symbols (test_static_native_artifacts.StaticNativeArtifactsContract.test_retained_identity_regions_alignment_copy_zero_and_symbols) ... ok
test_source_types_bounds_and_hashes_fail_before_execution (test_static_native_artifacts.StaticNativeArtifactsContract.test_source_types_bounds_and_hashes_fail_before_execution) ... ok

----------------------------------------------------------------------
Ran 19 tests in 7.421s

OK
