{
  "compiler_out": "",
  "compiler_err": "In file included from \u003ccommand-line\u003e:\n/home/arduino/.arduino15/packages/arduino/hardware/zephyr/1.0.0/variants/arduino_uno_q_stm32u585xx/llext-edk/include/zephyr/include/generated/zephyr/autoconf.h:402:20: error: expected identifier before numeric constant\n  402 | #define CONFIG_PWM 1\n      |                    ^\n/home/arduino/sumox26_codex_build/motor-fault-compile01/motor_fault/src/motor_fault.h:15:54: note: in expansion of macro 'CONFIG_PWM'\n   15 | enum class Operation : std::uint8_t { CONFIG_ENABLE, CONFIG_PWM, ENABLE, PWM, SETTLE };\n      |                                                      ^~~~~~~~~~\n/home/arduino/.arduino15/packages/arduino/hardware/zephyr/1.0.0/variants/arduino_uno_q_stm32u585xx/llext-edk/include/zephyr/include/generated/zephyr/autoconf.h:402:20: error: expected '}' before numeric constant\n  402 | #define CONFIG_PWM 1\n      |                    ^\n/home/arduino/sumox26_codex_build/motor-fault-compile01/motor_fault/src/motor_fault.h:15:54: note: in expansion of macro 'CONFIG_PWM'\n   15 | enum class Operation : std::uint8_t { CONFIG_ENABLE, CONFIG_PWM, ENABLE, PWM, SETTLE };\n      |                                                      ^~~~~~~~~~\nIn file included from /home/arduino/sumox26_codex_build/motor-fault-compile01/motor_fault/motor_fault.ino:5:\n/home/arduino/sumox26_codex_build/motor-fault-compile01/motor_fault/src/motor_fault.h:15:37: note: to match this '{'\n   15 | enum class Operation : std::uint8_t { CONFIG_ENABLE, CONFIG_PWM, ENABLE, PWM, SETTLE };\n      |                                     ^\n/home/arduino/.arduino15/packages/arduino/hardware/zephyr/1.0.0/variants/arduino_uno_q_stm32u585xx/llext-edk/include/zephyr/include/generated/zephyr/autoconf.h:402:20: error: expected unqualified-id before numeric constant\n  402 | #define CONFIG_PWM 1\n      |                    ^\n/home/arduino/sumox26_codex_build/motor-fault-compile01/motor_fault/src/motor_fault.h:15:54: note: in expansion of macro 'CONFIG_PWM'\n   15 | enum class Operation : std::uint8_t { CONFIG_ENABLE, CONFIG_PWM, ENABLE, PWM, SETTLE };\n      |                                                      ^~~~~~~~~~\n/home/arduino/sumox26_codex_build/motor-fault-compile01/motor_fault/src/motor_fault.h:19:5: error: 'Stage' does not name a type\n   19 |     Stage stage = Stage::SETUP;\n      |     ^~~~~\n/home/arduino/sumox26_codex_build/motor-fault-compile01/motor_fault/src/motor_fault.h:20:5: error: 'Operation' does not name a type\n   20 |     Operation operation = Operation::CONFIG_ENABLE;\n      |     ^~~~~~~~~\n/home/arduino/sumox26_codex_build/motor-fault-compile01/motor_fault/src/motor_fault.h:29:16: error: 'TRACE_CAPACITY' was not declared in this scope; did you mean 'motor_fault::TRACE_CAPACITY'?\n   29 |     Call calls[TRACE_CAPACITY];\n      |                ^~~~~~~~~~~~~~\n      |                motor_fault::TRACE_CAPACITY\n/home/arduino/sumox26_codex_build/motor-fault-compile01/motor_fault/src/motor_fault.h:12:32: note: 'motor_fault::TRACE_CAPACITY' declared here\n   12 | inline constexpr std::uint32_t TRACE_CAPACITY = 64U; // Fixed evidence ABI extent.\n      |                                ^~~~~~~~~~~~~~\n/home/arduino/sumox26_codex_build/motor-fault-compile01/motor_fault/src/motor_fault.h:40:18: error: 'Stage' has not been declared\n   40 |     void context(Stage stage, std::uint32_t application = 0U);\n      |                  ^~~~~\n/home/arduino/sumox26_codex_build/motor-fault-compile01/motor_fault/src/motor_fault.h:50:16: error: 'Operation' has not been declared\n   50 |     void start(Operation operation, motors::Channel channel = motors::Channel::LEFT_FORWARD,\n      |                ^~~~~~~~~\n/home/arduino/sumox26_codex_build/motor-fault-compile01/motor_fault/src/motor_fault.h:55:5: error: 'Stage' does not name a type\n   55 |     Stage stage_ = Stage::SETUP;\n      |     ^~~~~\n/home/arduino/sumox26_codex_build/motor-fault-compile01/motor_fault/src/motor_fault.h:65:28: error: 'APPLY_SAMPLES' was not declared in this scope; did you mean 'motor_fault::APPLY_SAMPLES'?\n   65 |     motors::Result applied[APPLY_SAMPLES];\n      |                            ^~~~~~~~~~~~~\n      |                            motor_fault::APPLY_SAMPLES\n/home/arduino/sumox26_codex_build/motor-fault-compile01/motor_fault/src/motor_fault.h:13:32: note: 'motor_fault::APPLY_SAMPLES' declared here\n   13 | inline constexpr std::uint32_t APPLY_SAMPLES = 4U; // Fixed receipt ABI extent.\n      |                                ^~~~~~~~~~~~~\n/home/arduino/sumox26_codex_build/motor-fault-compile01/motor_fault/src/motor_fault.h:88:1: error: expected declaration before '}' token\n   88 | } // namespace motor_fault\n      | ^\n/home/arduino/sumox26_codex_build/motor-fault-compile01/motor_fault/motor_fault.ino:10:14: error: 'Runner' in namespace 'motor_fault' does not name a type\n   10 | motor_fault::Runner diagnostic(native.port());\n      |              ^~~~~~\n/home/arduino/sumox26_codex_build/motor-fault-compile01/motor_fault/motor_fault.ino: In function 'void setup()':\n/home/arduino/sumox26_codex_build/motor-fault-compile01/motor_fault/motor_fault.ino:12:16: error: 'diagnostic' was not declared in this scope\n   12 | void setup() { diagnostic.begin(motor_fault::Grants{}); }\n      |                ^~~~~~~~~~\n/home/arduino/sumox26_codex_build/motor-fault-compile01/motor_fault/motor_fault.ino:12:46: error: 'Grants' is not a member of 'motor_fault'; did you mean 'Grants'?\n   12 | void setup() { diagnostic.begin(motor_fault::Grants{}); }\n      |                                              ^~~~~~\n/home/arduino/sumox26_codex_build/motor-fault-compile01/motor_fault/src/motor_fault.h:58:8: note: 'Grants' declared here\n   58 | struct Grants { bool exclusive_motor_outputs = false; };\n      |        ^~~~~~\n/home/arduino/sumox26_codex_build/motor-fault-compile01/motor_fault/motor_fault.ino: In function 'void loop()':\n/home/arduino/sumox26_codex_build/motor-fault-compile01/motor_fault/motor_fault.ino:13:19: error: 'diagnostic' was not declared in this scope\n   13 | void loop() { if (diagnostic.active()) diagnostic.poll(static_cast\u003cstd::uint32_t\u003e(micros())); }\n      |                   ^~~~~~~~~~\n",
  "builder_result": {
    "build_path": "/home/arduino/sumox26_codex_build/motor-fault-compile01/_app_builds/native-app-v1/4ec345c0699866733ccc747f858cb3b30ba7b7f9a3e5687a4433fd6571402284/bench-default/9a3d963521ce419083aa0cc000656dfb/build",
    "board_platform": {
      "id": "arduino:zephyr",
      "version": "1.0.0",
      "install_dir": "/home/arduino/.arduino15/packages/arduino/hardware/zephyr/1.0.0"
    },
    "build_platform": {
      "id": "arduino:zephyr",
      "version": "1.0.0",
      "install_dir": "/home/arduino/.arduino15/packages/arduino/hardware/zephyr/1.0.0"
    },
    "build_properties": [
      "_id=unoq",
      "bootloader.dfuse=--dfuse-address={bootloader.address}",
      "bootloader.file=zephyr-arduino_uno_q_stm32u585xx.elf",
      "bootloader.pid=0x0078",
      "bootloader.target=stm32u585zitxq",
      "bootloader.tool=remoteocd",
      "bootloader.tool.default=remoteocd",
      "bootloader.vid=0x2341",
      "build.arch=ZEPHYR",
      "build.architecture=cortex-m33",
      "build.artifact=zephyr_unoq",
      "build.board=UNO_Q",
      "build.board.platform.path=/home/arduino/.arduino15/packages/arduino/hardware/zephyr/1.0.0",
      "build.boot_mode=wait",
      "build.check_command-dynamic=\"/home/arduino/.arduino15/packages/zephyr/tools/arm-zephyr-eabi/1.0.1/bin/arm-zephyr-eabi-g++\" \"-L/home/arduino/sumox26_codex_build/motor-fault-compile01/_app_builds/native-app-v1/4ec345c0699866733ccc747f858cb3b30ba7b7f9a3e5687a4433fd6571402284/bench-default/9a3d963521ce419083aa0cc000656dfb/build\" \"-L/home/arduino/.arduino15/packages/arduino/hardware/zephyr/1.0.0/variants/arduino_uno_q_stm32u585xx\" -Wl,--gc-sections -Wl,-z,noexecstack \"@/home/arduino/.arduino15/packages/arduino/hardware/zephyr/1.0.0/variants/arduino_uno_q_stm32u585xx/machine_flags.txt\" -std=gnu++17    -fno-exceptions -fno-rtti -fno-threadsafe-statics -fno-unwind-tables -fno-use-cxa-atexit -lnosys -nostdlib -Wl,-u,__cxa_allocate_exception  {object_files} -Wl,--start-group \"/home/arduino/sumox26_codex_build/motor-fault-compile01/_app_builds/native-app-v1/4ec345c0699866733ccc747f858cb3b30ba7b7f9a3e5687a4433fd6571402284/bench-default/9a3d963521ce419083aa0cc000656dfb/build/{archive_file}\" -lstdc++ -lsupc++ -lm -lgcc -lc  -Wl,--end-group -e main \"-T/home/arduino/.arduino15/packages/arduino/hardware/zephyr/1.0.0/variants/arduino_uno_q_stm32u585xx/syms-dynamic.ld\" \"-T/home/arduino/.arduino15/packages/arduino/hardware/zephyr/1.0.0/variants/_ldscripts/memory-check.ld\" \"-T/home/arduino/.arduino15/packages/arduino/hardware/zephyr/1.0.0/variants/_ldscripts/build-static.ld\" -o \"/home/arduino/sumox26_codex_build/motor-fault-compile01/_app_builds/native-app-v1/4ec345c0699866733ccc747f858cb3b30ba7b7f9a3e5687a4433fd6571402284/bench-default/9a3d963521ce419083aa0cc000656dfb/build/motor_fault.ino_check.tmp\"",
      "build.check_command-static=true",
      "build.check_command-static.windows=cmd /C cd .",
      "build.compiler_path=/home/arduino/.arduino15/packages/zephyr/tools/arm-zephyr-eabi/1.0.1/bin/",
      "build.core=arduino",
      "build.core.path=/home/arduino/.arduino15/packages/arduino/hardware/zephyr/1.0.0/cores/arduino",
      "build.core.platform.path=/home/arduino/.arduino15/packages/arduino/hardware/zephyr/1.0.0",
      "build.crossprefix=arm-zephyr-eabi-",
      "build.extra_flags=",
      "build.extra_ldflags=",
      "build.float-abi=hard",
      "build.fpu=fpv5-sp-d16",
      "build.fqbn=arduino:zephyr:unoq",
      "build.ldscript.path=/home/arduino/.arduino15/packages/arduino/hardware/zephyr/1.0.0/variants/_ldscripts",
      "build.library_discovery_phase=0",
      "build.library_discovery_phase_flag=-DARDUINO_LIBRARY_DISCOVERY_PHASE=0",
      "build.link_args.build-common=\"-Wl,-Map,/home/arduino/sumox26_codex_build/motor-fault-compile01/_app_builds/native-app-v1/4ec345c0699866733ccc747f858cb3b30ba7b7f9a3e5687a4433fd6571402284/bench-default/9a3d963521ce419083aa0cc000656dfb/build/motor_fault.ino.map\" -o \"/home/arduino/sumox26_codex_build/motor-fault-compile01/_app_builds/native-app-v1/4ec345c0699866733ccc747f858cb3b30ba7b7f9a3e5687a4433fd6571402284/bench-default/9a3d963521ce419083aa0cc000656dfb/build/motor_fault.ino_debug.elf\"",
      "build.link_args.build-dynamic=\"-T/home/arduino/.arduino15/packages/arduino/hardware/zephyr/1.0.0/variants/_ldscripts/build-dynamic.ld\" -r",
      "build.link_args.build-static=\"-T/home/arduino/.arduino15/packages/arduino/hardware/zephyr/1.0.0/variants/arduino_uno_q_stm32u585xx/syms-static.ld\" \"-T/home/arduino/.arduino15/packages/arduino/hardware/zephyr/1.0.0/variants/_ldscripts/memory-static.ld\" \"-T/home/arduino/.arduino15/packages/arduino/hardware/zephyr/1.0.0/variants/_ldscripts/build-static.ld\"",
      "build.link_args.check-dynamic=\"-T/home/arduino/.arduino15/packages/arduino/hardware/zephyr/1.0.0/variants/arduino_uno_q_stm32u585xx/syms-dynamic.ld\" \"-T/home/arduino/.arduino15/packages/arduino/hardware/zephyr/1.0.0/variants/_ldscripts/memory-check.ld\" \"-T/home/arduino/.arduino15/packages/arduino/hardware/zephyr/1.0.0/variants/_ldscripts/build-static.ld\"",
      "build.link_args.dynamic=-e main",
      "build.link_args.static=-Wl,--wrap=random -Wl,--wrap=calloc -Wl,--wrap=free -Wl,--wrap=malloc -Wl,--wrap=realloc",
      "build.link_command=\"/home/arduino/.arduino15/packages/zephyr/tools/arm-zephyr-eabi/1.0.1/bin/arm-zephyr-eabi-g++\" \"-L/home/arduino/sumox26_codex_build/motor-fault-compile01/_app_builds/native-app-v1/4ec345c0699866733ccc747f858cb3b30ba7b7f9a3e5687a4433fd6571402284/bench-default/9a3d963521ce419083aa0cc000656dfb/build\" \"-L/home/arduino/.arduino15/packages/arduino/hardware/zephyr/1.0.0/variants/arduino_uno_q_stm32u585xx\" -Wl,--gc-sections -Wl,-z,noexecstack \"@/home/arduino/.arduino15/packages/arduino/hardware/zephyr/1.0.0/variants/arduino_uno_q_stm32u585xx/machine_flags.txt\" -std=gnu++17    -fno-exceptions -fno-rtti -fno-threadsafe-statics -fno-unwind-tables -fno-use-cxa-atexit -lnosys -nostdlib -Wl,-u,__cxa_allocate_exception  {object_files} -Wl,--start-group \"/home/arduino/sumox26_codex_build/motor-fault-compile01/_app_builds/native-app-v1/4ec345c0699866733ccc747f858cb3b30ba7b7f9a3e5687a4433fd6571402284/bench-default/9a3d963521ce419083aa0cc000656dfb/build/{archive_file}\" -lstdc++ -lsupc++ -lm -lgcc -lc  -Wl,--end-group -e main",
      "build.link_mode=dynamic",
      "build.mcu=cortex-m33",
      "build.path=/home/arduino/sumox26_codex_build/motor-fault-compile01/_app_builds/native-app-v1/4ec345c0699866733ccc747f858cb3b30ba7b7f9a3e5687a4433fd6571402284/bench-default/9a3d963521ce419083aa0cc000656dfb/build",
      "build.postbuild.cmd=\"{runtime.tools.imgtool.path}/imgtool\" exit",
      "build.project_name=motor_fault.ino",
      "build.source.path=/home/arduino/sumox26_codex_build/motor-fault-compile01/motor_fault",
      "build.subarch=zephyr",
      "build.system.path=/home/arduino/.arduino15/packages/arduino/hardware/zephyr/1.0.0/system",
      "build.usb_flags=",
      "build.variant=arduino_uno_q_stm32u585xx",
      "build.variant.path=/home/arduino/.arduino15/packages/arduino/hardware/zephyr/1.0.0/variants/arduino_uno_q_stm32u585xx",
      "build.zephyr_args=",
      "build.zephyr_hals=hal_stm32",
      "build.zephyr_target=arduino_uno_q",
      "build.zephyr_toolchain=arm-zephyr-eabi",
      "build.zip.pattern=\"/home/arduino/.arduino15/packages/arduino/tools/zephyr-check-size/0.1.0/zephyr-check-size\" dynamic \"/home/arduino/.arduino15/packages/arduino/hardware/zephyr/1.0.0/firmwares/zephyr-arduino_uno_q_stm32u585xx.config\" \"/home/arduino/sumox26_codex_build/motor-fault-compile01/_app_builds/native-app-v1/4ec345c0699866733ccc747f858cb3b30ba7b7f9a3e5687a4433fd6571402284/bench-default/9a3d963521ce419083aa0cc000656dfb/build/motor_fault.ino.elf-zsk.bin\" \"/home/arduino/sumox26_codex_build/motor-fault-compile01/_app_builds/native-app-v1/4ec345c0699866733ccc747f858cb3b30ba7b7f9a3e5687a4433fd6571402284/bench-default/9a3d963521ce419083aa0cc000656dfb/build/motor_fault.ino.elf\"",
      "build.zsk_args.debug=",
      "build.zsk_args.mode-dynamic=",
      "build.zsk_args.mode-static=-prelinked",
      "build.zsk_args.startup-mode-app=-wait_for_app",
      "build.zsk_args.startup-mode-immediate=-immediate",
      "build.zsk_args.startup-mode-wait=",
      "compiler.S.cmd=arm-zephyr-eabi-g++",
      "compiler.S.extra_flags=",
      "compiler.S.flags=-c -x assembler-with-cpp \"@/home/arduino/.arduino15/packages/arduino/hardware/zephyr/1.0.0/variants/arduino_uno_q_stm32u585xx/machine_flags.txt\"",
      "compiler.ar.cmd=arm-zephyr-eabi-ar",
      "compiler.ar.extra_flags=",
      "compiler.ar.flags=rcs",
      "compiler.c.cmd=arm-zephyr-eabi-gcc",
      "compiler.c.elf.cmd=arm-zephyr-eabi-g++",
      "compiler.c.elf.extra_flags=",
      "compiler.c.elf.flags=-Wl,--gc-sections -Wl,-z,noexecstack \"@/home/arduino/.arduino15/packages/arduino/hardware/zephyr/1.0.0/variants/arduino_uno_q_stm32u585xx/machine_flags.txt\" -std=gnu++17",
      "compiler.c.extra_flags=-DMATCH=0 -DMOTORS_ALLOWED=0",
      "compiler.c.flags=-g -Os -c -D_PICOLIBC_CTYPE_SMALL=1 -w \"-imacros/home/arduino/.arduino15/packages/arduino/hardware/zephyr/1.0.0/variants/arduino_uno_q_stm32u585xx/llext-edk/include/zephyr/include/generated/zephyr/autoconf.h\" \"-imacros/home/arduino/.arduino15/packages/arduino/hardware/zephyr/1.0.0/variants/arduino_uno_q_stm32u585xx/llext-edk/include/zephyr/include/zephyr/toolchain/zephyr_stdint.h\" \"@/home/arduino/.arduino15/packages/arduino/hardware/zephyr/1.0.0/variants/arduino_uno_q_stm32u585xx/machine_flags.txt\" \"@/home/arduino/.arduino15/packages/arduino/hardware/zephyr/1.0.0/variants/arduino_uno_q_stm32u585xx/cflags.txt\" -fdata-sections -ffunction-sections -MMD",
      "compiler.cpp.cmd=arm-zephyr-eabi-g++",
      "compiler.cpp.extra_flags=-DMATCH=0 -DMOTORS_ALLOWED=0",
      "compiler.cpp.flags=-g -Os -std=gnu++17 -c -D_PICOLIBC_CTYPE_SMALL=1 -w \"-imacros/home/arduino/.arduino15/packages/arduino/hardware/zephyr/1.0.0/variants/arduino_uno_q_stm32u585xx/llext-edk/include/zephyr/include/generated/zephyr/autoconf.h\" \"-imacros/home/arduino/.arduino15/packages/arduino/hardware/zephyr/1.0.0/variants/arduino_uno_q_stm32u585xx/llext-edk/include/zephyr/include/zephyr/toolchain/zephyr_stdint.h\" \"@/home/arduino/.arduino15/packages/arduino/hardware/zephyr/1.0.0/variants/arduino_uno_q_stm32u585xx/machine_flags.txt\" \"@/home/arduino/.arduino15/packages/arduino/hardware/zephyr/1.0.0/variants/arduino_uno_q_stm32u585xx/cxxflags.txt\" -fno-exceptions -fno-rtti -fno-threadsafe-statics -fno-unwind-tables -fno-use-cxa-atexit -lnosys -nostdlib -Wl,-u,__cxa_allocate_exception -lstdc++ -lsupc++ -lm -lgcc -lc -fno-exceptions -fno-rtti -fdata-sections -ffunction-sections -fno-unwind-tables -fno-extern-tls-init  -MMD",
      "compiler.define=-D_PICOLIBC_CTYPE_SMALL=1",
      "compiler.elf2hex.bin.flags=-O binary",
      "compiler.elf2hex.cmd=arm-zephyr-eabi-objcopy",
      "compiler.elf2hex.extra_flags=",
      "compiler.elf2hex.hex.flags=-O ihex -R .eeprom",
      "compiler.ldflags=",
      "compiler.libraries.ldflags=",
      "compiler.objcopy.cmd=",
      "compiler.objcopy.eep.extra_flags=",
      "compiler.objcopy.eep.flags=",
      "compiler.path=/home/arduino/.arduino15/packages/zephyr/tools/arm-zephyr-eabi/1.0.1/bin/",
      "compiler.size.cmd=arm-zephyr-eabi-size",
      "compiler.warning_flags=-w",
      "compiler.warning_flags.all=-Wall -Wextra",
      "compiler.warning_flags.default=-Wno-type-limits -Wno-missing-field-initializers",
      "compiler.warning_flags.more=-Wall -Wno-type-limits -Wno-missing-field-initializers",
      "compiler.warning_flags.none=-w",
      "compiler.zephyr.cflags_file=/home/arduino/.arduino15/packages/arduino/hardware/zephyr/1.0.0/variants/arduino_uno_q_stm32u585xx/cflags.txt",
      "compiler.zephyr.common_cxxflags=-fno-exceptions -fno-rtti -fdata-sections -ffunction-sections -fno-unwind-tables -fno-extern-tls-init",
      "compiler.zephyr.common_ldflags=-fno-exceptions -fno-rtti -fno-threadsafe-statics -fno-unwind-tables -fno-use-cxa-atexit -lnosys -nostdlib -Wl,-u,__cxa_allocate_exception",
      "compiler.zephyr.cxxflags_file=/home/arduino/.arduino15/packages/arduino/hardware/zephyr/1.0.0/variants/arduino_uno_q_stm32u585xx/cxxflags.txt",
      "compiler.zephyr.extra_cxxflags=",
      "compiler.zephyr.extra_ldflags=-lstdc++ -lsupc++ -lm -lgcc -lc",
      "compiler.zephyr.includes_file=/home/arduino/.arduino15/packages/arduino/hardware/zephyr/1.0.0/variants/arduino_uno_q_stm32u585xx/includes.txt",
      "compiler.zephyr.machine_flags_file=/home/arduino/.arduino15/packages/arduino/hardware/zephyr/1.0.0/variants/arduino_uno_q_stm32u585xx/machine_flags.txt",
      "compiler.zephyr.macros=\"-imacros/home/arduino/.arduino15/packages/arduino/hardware/zephyr/1.0.0/variants/arduino_uno_q_stm32u585xx/llext-edk/include/zephyr/include/generated/zephyr/autoconf.h\" \"-imacros/home/arduino/.arduino15/packages/arduino/hardware/zephyr/1.0.0/variants/arduino_uno_q_stm32u585xx/llext-edk/include/zephyr/include/zephyr/toolchain/zephyr_stdint.h\"",
      "debug.cortex-debug.custom.overrideRestartCommands.0=monitor reset halt",
      "debug.cortex-debug.custom.overrideRestartCommands.1=monitor gdb_sync",
      "debug.cortex-debug.custom.overrideRestartCommands.2=c",
      "debug.cortex-debug.custom.postAttachCommands.0=set remote hardware-watchpoint-limit 2",
      "debug.cortex-debug.custom.postAttachCommands.1=monitor reset halt",
      "debug.cortex-debug.custom.postAttachCommands.2=monitor gdb_sync",
      "debug.cortex-debug.custom.postAttachCommands.3=c",
      "debug.executable=/home/arduino/sumox26_codex_build/motor-fault-compile01/_app_builds/native-app-v1/4ec345c0699866733ccc747f858cb3b30ba7b7f9a3e5687a4433fd6571402284/bench-default/9a3d963521ce419083aa0cc000656dfb/build/motor_fault.ino_debug.elf",
      "debug.server=openocd",
      "debug.server.openocd.path=/home/arduino/.arduino15/packages/SiliconLabs/tools/openocd/0.12.0-arduino1-static/bin/openocd",
      "debug.server.openocd.scripts_dir=/home/arduino/.arduino15/packages/SiliconLabs/tools/openocd/0.12.0-arduino1-static/share/openocd/scripts/",
      "debug.toolchain=gcc",
      "debug.toolchain.path={runtime.tools.arm-none-eabi-gcc-7-2017q4.path}/bin/",
      "debug.toolchain.prefix=arm-none-eabi",
      "empty=",
      "erase.pattern=",
      "extra.time.dst=0",
      "extra.time.local=1790300687",
      "extra.time.utc=1790300687",
      "extra.time.zone=0",
      "flash-loader-and-sketch.1=if not eq \"v{upload.port.properties.configuration}\" \"v1.0.0\" {loader.cmd}",
      "flash-loader-and-sketch.2=if not eq \"v{upload.port.properties.configuration}\" \"v1.0.0\" {sketch.cmd}",
      "flash-loader-and-sketch.3=if not not eq \"v{upload.port.properties.configuration}\" \"v1.0.0\" {sketch.cmd}",
      "flash-loader-condition=not eq \"v{upload.port.properties.configuration}\" \"v1.0.0\"",
      "ide_version=10607",
      "leave.dfuse=:leave",
      "loader.args.with_sketch=",
      "loader.args.without_sketch=",
      "menu.link_mode.dynamic=Dynamic",
      "menu.link_mode.static=Static",
      "menu.link_mode.static.build.link_mode=static",
      "menu.link_mode.static.upload.extension=bin-zsk.bin",
      "menu.wait_linux_boot.app=Wait for App",
      "menu.wait_linux_boot.app.build.boot_mode=app",
      "menu.wait_linux_boot.no=Immediate",
      "menu.wait_linux_boot.no.build.boot_mode=immediate",
      "menu.wait_linux_boot.yes=Wait for Linux",
      "name=Arduino UNO Q",
      "openocd_cfg=flash_sketch.cfg",
      "pluggable_discovery.required.0=builtin:serial-discovery",
      "pluggable_discovery.required.1=builtin:mdns-discovery",
      "pluggable_monitor.required.serial=builtin:serial-monitor",
      "recipe.S.o.pattern=\"/home/arduino/.arduino15/packages/zephyr/tools/arm-zephyr-eabi/1.0.1/bin/arm-zephyr-eabi-g++\" -c -x assembler-with-cpp \"@/home/arduino/.arduino15/packages/arduino/hardware/zephyr/1.0.0/variants/arduino_uno_q_stm32u585xx/machine_flags.txt\" -DARDUINO=10607 -DARDUINO_UNO_Q -DARDUINO_ARCH_ZEPHYR -DARDUINO_ARCH_ZEPHYR {includes}   -DMATCH=0 -DMOTORS_ALLOWED=0 \"-I/home/arduino/.arduino15/packages/arduino/hardware/zephyr/1.0.0/cores/arduino/api/deprecated\" \"-I/home/arduino/.arduino15/packages/arduino/hardware/zephyr/1.0.0/cores/arduino/api/deprecated-avr-comp\" \"-iprefix/home/arduino/.arduino15/packages/arduino/hardware/zephyr/1.0.0/variants/arduino_uno_q_stm32u585xx\" \"@/home/arduino/.arduino15/packages/arduino/hardware/zephyr/1.0.0/variants/arduino_uno_q_stm32u585xx/includes.txt\" \"{source_file}\" -o \"{object_file}\"",
      "recipe.ar.pattern=\"/home/arduino/.arduino15/packages/zephyr/tools/arm-zephyr-eabi/1.0.1/bin/arm-zephyr-eabi-ar\" rcs  \"{archive_file_path}\" \"{object_file}\"",
      "recipe.c.combine.1.pattern=\"/home/arduino/.arduino15/packages/zephyr/tools/arm-zephyr-eabi/1.0.1/bin/arm-zephyr-eabi-g++\" \"-L/home/arduino/sumox26_codex_build/motor-fault-compile01/_app_builds/native-app-v1/4ec345c0699866733ccc747f858cb3b30ba7b7f9a3e5687a4433fd6571402284/bench-default/9a3d963521ce419083aa0cc000656dfb/build\" \"-L/home/arduino/.arduino15/packages/arduino/hardware/zephyr/1.0.0/variants/arduino_uno_q_stm32u585xx\" -Wl,--gc-sections -Wl,-z,noexecstack \"@/home/arduino/.arduino15/packages/arduino/hardware/zephyr/1.0.0/variants/arduino_uno_q_stm32u585xx/machine_flags.txt\" -std=gnu++17    -fno-exceptions -fno-rtti -fno-threadsafe-statics -fno-unwind-tables -fno-use-cxa-atexit -lnosys -nostdlib -Wl,-u,__cxa_allocate_exception  {object_files} -Wl,--start-group \"/home/arduino/sumox26_codex_build/motor-fault-compile01/_app_builds/native-app-v1/4ec345c0699866733ccc747f858cb3b30ba7b7f9a3e5687a4433fd6571402284/bench-default/9a3d963521ce419083aa0cc000656dfb/build/{archive_file}\" -lstdc++ -lsupc++ -lm -lgcc -lc  -Wl,--end-group -e main \"-T/home/arduino/.arduino15/packages/arduino/hardware/zephyr/1.0.0/variants/arduino_uno_q_stm32u585xx/syms-dynamic.ld\" \"-T/home/arduino/.arduino15/packages/arduino/hardware/zephyr/1.0.0/variants/_ldscripts/memory-check.ld\" \"-T/home/arduino/.arduino15/packages/arduino/hardware/zephyr/1.0.0/variants/_ldscripts/build-static.ld\" -o \"/home/arduino/sumox26_codex_build/motor-fault-compile01/_app_builds/native-app-v1/4ec345c0699866733ccc747f858cb3b30ba7b7f9a3e5687a4433fd6571402284/bench-default/9a3d963521ce419083aa0cc000656dfb/build/motor_fault.ino_check.tmp\"",
      "recipe.c.combine.2.pattern=\"/home/arduino/.arduino15/packages/zephyr/tools/arm-zephyr-eabi/1.0.1/bin/arm-zephyr-eabi-g++\" \"-L/home/arduino/sumox26_codex_build/motor-fault-compile01/_app_builds/native-app-v1/4ec345c0699866733ccc747f858cb3b30ba7b7f9a3e5687a4433fd6571402284/bench-default/9a3d963521ce419083aa0cc000656dfb/build\" \"-L/home/arduino/.arduino15/packages/arduino/hardware/zephyr/1.0.0/variants/arduino_uno_q_stm32u585xx\" -Wl,--gc-sections -Wl,-z,noexecstack \"@/home/arduino/.arduino15/packages/arduino/hardware/zephyr/1.0.0/variants/arduino_uno_q_stm32u585xx/machine_flags.txt\" -std=gnu++17    -fno-exceptions -fno-rtti -fno-threadsafe-statics -fno-unwind-tables -fno-use-cxa-atexit -lnosys -nostdlib -Wl,-u,__cxa_allocate_exception  {object_files} -Wl,--start-group \"/home/arduino/sumox26_codex_build/motor-fault-compile01/_app_builds/native-app-v1/4ec345c0699866733ccc747f858cb3b30ba7b7f9a3e5687a4433fd6571402284/bench-default/9a3d963521ce419083aa0cc000656dfb/build/{archive_file}\" -lstdc++ -lsupc++ -lm -lgcc -lc  -Wl,--end-group -e main \"-T/home/arduino/.arduino15/packages/arduino/hardware/zephyr/1.0.0/variants/_ldscripts/build-dynamic.ld\" -r \"-Wl,-Map,/home/arduino/sumox26_codex_build/motor-fault-compile01/_app_builds/native-app-v1/4ec345c0699866733ccc747f858cb3b30ba7b7f9a3e5687a4433fd6571402284/bench-default/9a3d963521ce419083aa0cc000656dfb/build/motor_fault.ino_temp.map\" -o \"/home/arduino/sumox26_codex_build/motor-fault-compile01/_app_builds/native-app-v1/4ec345c0699866733ccc747f858cb3b30ba7b7f9a3e5687a4433fd6571402284/bench-default/9a3d963521ce419083aa0cc000656dfb/build/motor_fault.ino_temp.elf\"",
      "recipe.c.combine.3.pattern=\"/home/arduino/.arduino15/packages/arduino/tools/gen-rodata-ld/0.1.1/gen-rodata-ld\" \"/home/arduino/sumox26_codex_build/motor-fault-compile01/_app_builds/native-app-v1/4ec345c0699866733ccc747f858cb3b30ba7b7f9a3e5687a4433fd6571402284/bench-default/9a3d963521ce419083aa0cc000656dfb/build/motor_fault.ino_temp.elf\" \"/home/arduino/sumox26_codex_build/motor-fault-compile01/_app_builds/native-app-v1/4ec345c0699866733ccc747f858cb3b30ba7b7f9a3e5687a4433fd6571402284/bench-default/9a3d963521ce419083aa0cc000656dfb/build/rodata_split.ld\" \"dynamic\"",
      "recipe.c.combine.4.pattern=\"/home/arduino/.arduino15/packages/zephyr/tools/arm-zephyr-eabi/1.0.1/bin/arm-zephyr-eabi-g++\" \"-L/home/arduino/sumox26_codex_build/motor-fault-compile01/_app_builds/native-app-v1/4ec345c0699866733ccc747f858cb3b30ba7b7f9a3e5687a4433fd6571402284/bench-default/9a3d963521ce419083aa0cc000656dfb/build\" \"-L/home/arduino/.arduino15/packages/arduino/hardware/zephyr/1.0.0/variants/arduino_uno_q_stm32u585xx\" -Wl,--gc-sections -Wl,-z,noexecstack \"@/home/arduino/.arduino15/packages/arduino/hardware/zephyr/1.0.0/variants/arduino_uno_q_stm32u585xx/machine_flags.txt\" -std=gnu++17    -fno-exceptions -fno-rtti -fno-threadsafe-statics -fno-unwind-tables -fno-use-cxa-atexit -lnosys -nostdlib -Wl,-u,__cxa_allocate_exception  {object_files} -Wl,--start-group \"/home/arduino/sumox26_codex_build/motor-fault-compile01/_app_builds/native-app-v1/4ec345c0699866733ccc747f858cb3b30ba7b7f9a3e5687a4433fd6571402284/bench-default/9a3d963521ce419083aa0cc000656dfb/build/{archive_file}\" -lstdc++ -lsupc++ -lm -lgcc -lc  -Wl,--end-group -e main \"-T/home/arduino/sumox26_codex_build/motor-fault-compile01/_app_builds/native-app-v1/4ec345c0699866733ccc747f858cb3b30ba7b7f9a3e5687a4433fd6571402284/bench-default/9a3d963521ce419083aa0cc000656dfb/build/rodata_split.ld\" \"-T/home/arduino/.arduino15/packages/arduino/hardware/zephyr/1.0.0/variants/_ldscripts/build-dynamic.ld\" -r \"-Wl,-Map,/home/arduino/sumox26_codex_build/motor-fault-compile01/_app_builds/native-app-v1/4ec345c0699866733ccc747f858cb3b30ba7b7f9a3e5687a4433fd6571402284/bench-default/9a3d963521ce419083aa0cc000656dfb/build/motor_fault.ino.map\" -o \"/home/arduino/sumox26_codex_build/motor-fault-compile01/_app_builds/native-app-v1/4ec345c0699866733ccc747f858cb3b30ba7b7f9a3e5687a4433fd6571402284/bench-default/9a3d963521ce419083aa0cc000656dfb/build/motor_fault.ino_debug.elf\"",
      "recipe.c.combine.pattern=\"/home/arduino/.arduino15/packages/zephyr/tools/arm-zephyr-eabi/1.0.1/bin/arm-zephyr-eabi-g++\" \"-L/home/arduino/sumox26_codex_build/motor-fault-compile01/_app_builds/native-app-v1/4ec345c0699866733ccc747f858cb3b30ba7b7f9a3e5687a4433fd6571402284/bench-default/9a3d963521ce419083aa0cc000656dfb/build\" \"-L/home/arduino/.arduino15/packages/arduino/hardware/zephyr/1.0.0/variants/arduino_uno_q_stm32u585xx\" -Wl,--gc-sections -Wl,-z,noexecstack \"@/home/arduino/.arduino15/packages/arduino/hardware/zephyr/1.0.0/variants/arduino_uno_q_stm32u585xx/machine_flags.txt\" -std=gnu++17    -fno-exceptions -fno-rtti -fno-threadsafe-statics -fno-unwind-tables -fno-use-cxa-atexit -lnosys -nostdlib -Wl,-u,__cxa_allocate_exception  {object_files} -Wl,--start-group \"/home/arduino/sumox26_codex_build/motor-fault-compile01/_app_builds/native-app-v1/4ec345c0699866733ccc747f858cb3b30ba7b7f9a3e5687a4433fd6571402284/bench-default/9a3d963521ce419083aa0cc000656dfb/build/{archive_file}\" -lstdc++ -lsupc++ -lm -lgcc -lc  -Wl,--end-group -e main \"-T/home/arduino/.arduino15/packages/arduino/hardware/zephyr/1.0.0/variants/_ldscripts/build-dynamic.ld\" -r -T/home/arduino/.arduino15/packages/arduino/hardware/zephyr/1.0.0/variants/_ldscripts/build-rodata.ld \"-Wl,-Map,/home/arduino/sumox26_codex_build/motor-fault-compile01/_app_builds/native-app-v1/4ec345c0699866733ccc747f858cb3b30ba7b7f9a3e5687a4433fd6571402284/bench-default/9a3d963521ce419083aa0cc000656dfb/build/motor_fault.ino.map\" -o \"/home/arduino/sumox26_codex_build/motor-fault-compile01/_app_builds/native-app-v1/4ec345c0699866733ccc747f858cb3b30ba7b7f9a3e5687a4433fd6571402284/bench-default/9a3d963521ce419083aa0cc000656dfb/build/motor_fault.ino_debug.elf\"",
      "recipe.c.o.pattern=\"/home/arduino/.arduino15/packages/zephyr/tools/arm-zephyr-eabi/1.0.1/bin/arm-zephyr-eabi-gcc\" -g -Os -c -D_PICOLIBC_CTYPE_SMALL=1 -w \"-imacros/home/arduino/.arduino15/packages/arduino/hardware/zephyr/1.0.0/variants/arduino_uno_q_stm32u585xx/llext-edk/include/zephyr/include/generated/zephyr/autoconf.h\" \"-imacros/home/arduino/.arduino15/packages/arduino/hardware/zephyr/1.0.0/variants/arduino_uno_q_stm32u585xx/llext-edk/include/zephyr/include/zephyr/toolchain/zephyr_stdint.h\" \"@/home/arduino/.arduino15/packages/arduino/hardware/zephyr/1.0.0/variants/arduino_uno_q_stm32u585xx/machine_flags.txt\" \"@/home/arduino/.arduino15/packages/arduino/hardware/zephyr/1.0.0/variants/arduino_uno_q_stm32u585xx/cflags.txt\" -fdata-sections -ffunction-sections -MMD -DARDUINO=10607 -DARDUINO_UNO_Q -DARDUINO_ARCH_ZEPHYR -DARDUINO_ARCH_ZEPHYR -DARDUINO_LIBRARY_DISCOVERY_PHASE=0   -DMATCH=0 -DMOTORS_ALLOWED=0 \"-I/home/arduino/.arduino15/packages/arduino/hardware/zephyr/1.0.0/cores/arduino/api/deprecated\" \"-I/home/arduino/.arduino15/packages/arduino/hardware/zephyr/1.0.0/cores/arduino/api/deprecated-avr-comp\" {includes} \"-iprefix/home/arduino/.arduino15/packages/arduino/hardware/zephyr/1.0.0/variants/arduino_uno_q_stm32u585xx\" \"@/home/arduino/.arduino15/packages/arduino/hardware/zephyr/1.0.0/variants/arduino_uno_q_stm32u585xx/includes.txt\" -o \"{object_file}\" \"{source_file}\"",
      "recipe.cpp.o.pattern=\"/home/arduino/.arduino15/packages/zephyr/tools/arm-zephyr-eabi/1.0.1/bin/arm-zephyr-eabi-g++\" -g -Os -std=gnu++17 -c -D_PICOLIBC_CTYPE_SMALL=1 -w \"-imacros/home/arduino/.arduino15/packages/arduino/hardware/zephyr/1.0.0/variants/arduino_uno_q_stm32u585xx/llext-edk/include/zephyr/include/generated/zephyr/autoconf.h\" \"-imacros/home/arduino/.arduino15/packages/arduino/hardware/zephyr/1.0.0/variants/arduino_uno_q_stm32u585xx/llext-edk/include/zephyr/include/zephyr/toolchain/zephyr_stdint.h\" \"@/home/arduino/.arduino15/packages/arduino/hardware/zephyr/1.0.0/variants/arduino_uno_q_stm32u585xx/machine_flags.txt\" \"@/home/arduino/.arduino15/packages/arduino/hardware/zephyr/1.0.0/variants/arduino_uno_q_stm32u585xx/cxxflags.txt\" -fno-exceptions -fno-rtti -fno-threadsafe-statics -fno-unwind-tables -fno-use-cxa-atexit -lnosys -nostdlib -Wl,-u,__cxa_allocate_exception -lstdc++ -lsupc++ -lm -lgcc -lc -fno-exceptions -fno-rtti -fdata-sections -ffunction-sections -fno-unwind-tables -fno-extern-tls-init  -MMD -DARDUINO=10607 -DARDUINO_UNO_Q -DARDUINO_ARCH_ZEPHYR -DARDUINO_ARCH_ZEPHYR -DARDUINO_LIBRARY_DISCOVERY_PHASE=0 {includes}   -DMATCH=0 -DMOTORS_ALLOWED=0 \"-I/home/arduino/.arduino15/packages/arduino/hardware/zephyr/1.0.0/cores/arduino/api/deprecated\" \"-I/home/arduino/.arduino15/packages/arduino/hardware/zephyr/1.0.0/cores/arduino/api/deprecated-avr-comp\" \"-iprefix/home/arduino/.arduino15/packages/arduino/hardware/zephyr/1.0.0/variants/arduino_uno_q_stm32u585xx\" \"@/home/arduino/.arduino15/packages/arduino/hardware/zephyr/1.0.0/variants/arduino_uno_q_stm32u585xx/includes.txt\" \"{source_file}\" -o \"{object_file}\"",
      "recipe.hooks.linking.postlink.1.pattern=\"/home/arduino/.arduino15/packages/zephyr/tools/arm-zephyr-eabi/1.0.1/bin/arm-zephyr-eabi-strip\" --strip-debug \"/home/arduino/sumox26_codex_build/motor-fault-compile01/_app_builds/native-app-v1/4ec345c0699866733ccc747f858cb3b30ba7b7f9a3e5687a4433fd6571402284/bench-default/9a3d963521ce419083aa0cc000656dfb/build/motor_fault.ino_debug.elf\" -o \"/home/arduino/sumox26_codex_build/motor-fault-compile01/_app_builds/native-app-v1/4ec345c0699866733ccc747f858cb3b30ba7b7f9a3e5687a4433fd6571402284/bench-default/9a3d963521ce419083aa0cc000656dfb/build/motor_fault.ino.elf\"",
      "recipe.hooks.objcopy.postobjcopy.1.pattern=\"/home/arduino/.arduino15/packages/arduino/tools/zephyr-sketch-tool/0.4.1/zephyr-sketch-tool\"    \"/home/arduino/sumox26_codex_build/motor-fault-compile01/_app_builds/native-app-v1/4ec345c0699866733ccc747f858cb3b30ba7b7f9a3e5687a4433fd6571402284/bench-default/9a3d963521ce419083aa0cc000656dfb/build/motor_fault.ino.elf\"",
      "recipe.hooks.objcopy.postobjcopy.2.pattern=\"/home/arduino/.arduino15/packages/arduino/tools/zephyr-sketch-tool/0.4.1/zephyr-sketch-tool\"    \"/home/arduino/sumox26_codex_build/motor-fault-compile01/_app_builds/native-app-v1/4ec345c0699866733ccc747f858cb3b30ba7b7f9a3e5687a4433fd6571402284/bench-default/9a3d963521ce419083aa0cc000656dfb/build/motor_fault.ino.bin\"",
      "recipe.hooks.prebuild.1.pattern=sh -c 'if [ ! -f \"/home/arduino/.arduino15/packages/arduino/hardware/zephyr/1.0.0/variants/arduino_uno_q_stm32u585xx/includes.txt\" ]; then echo \"Error: No binaries found for unoq. See README.md to compile or download them first.\" \u0026\u0026 exit 1; fi'",
      "recipe.hooks.prebuild.1.pattern.windows=cmd /c if not exist \"/home/arduino/.arduino15/packages/arduino/hardware/zephyr/1.0.0/variants/arduino_uno_q_stm32u585xx/includes.txt\" (echo Error: No binaries found for unoq. See README.md to compile or download them first. \u0026\u0026 exit 1)",
      "recipe.objcopy.bin.pattern=\"/home/arduino/.arduino15/packages/zephyr/tools/arm-zephyr-eabi/1.0.1/bin/arm-zephyr-eabi-objcopy\" -O binary  \"/home/arduino/sumox26_codex_build/motor-fault-compile01/_app_builds/native-app-v1/4ec345c0699866733ccc747f858cb3b30ba7b7f9a3e5687a4433fd6571402284/bench-default/9a3d963521ce419083aa0cc000656dfb/build/motor_fault.ino.elf\" \"/home/arduino/sumox26_codex_build/motor-fault-compile01/_app_builds/native-app-v1/4ec345c0699866733ccc747f858cb3b30ba7b7f9a3e5687a4433fd6571402284/bench-default/9a3d963521ce419083aa0cc000656dfb/build/motor_fault.ino.bin\"",
      "recipe.objcopy.eep.pattern=",
      "recipe.objcopy.hex.pattern=\"/home/arduino/.arduino15/packages/zephyr/tools/arm-zephyr-eabi/1.0.1/bin/arm-zephyr-eabi-objcopy\" -O ihex -R .eeprom  \"/home/arduino/sumox26_codex_build/motor-fault-compile01/_app_builds/native-app-v1/4ec345c0699866733ccc747f858cb3b30ba7b7f9a3e5687a4433fd6571402284/bench-default/9a3d963521ce419083aa0cc000656dfb/build/motor_fault.ino.elf\" \"/home/arduino/sumox26_codex_build/motor-fault-compile01/_app_builds/native-app-v1/4ec345c0699866733ccc747f858cb3b30ba7b7f9a3e5687a4433fd6571402284/bench-default/9a3d963521ce419083aa0cc000656dfb/build/motor_fault.ino.hex\"",
      "recipe.output.save_file=motor_fault.ino.arduino_uno_q_stm32u585xx.elf-zsk.bin",
      "recipe.output.tmp_file=motor_fault.ino.elf-zsk.bin",
      "recipe.size.pattern=\"/home/arduino/.arduino15/packages/arduino/tools/zephyr-check-size/0.1.0/zephyr-check-size\" dynamic \"/home/arduino/.arduino15/packages/arduino/hardware/zephyr/1.0.0/firmwares/zephyr-arduino_uno_q_stm32u585xx.config\" \"/home/arduino/sumox26_codex_build/motor-fault-compile01/_app_builds/native-app-v1/4ec345c0699866733ccc747f858cb3b30ba7b7f9a3e5687a4433fd6571402284/bench-default/9a3d963521ce419083aa0cc000656dfb/build/motor_fault.ino.elf-zsk.bin\" \"/home/arduino/sumox26_codex_build/motor-fault-compile01/_app_builds/native-app-v1/4ec345c0699866733ccc747f858cb3b30ba7b7f9a3e5687a4433fd6571402284/bench-default/9a3d963521ce419083aa0cc000656dfb/build/motor_fault.ino.elf\"",
      "recipe.size.regex=^\\.text\\s+([0-9]+).*",
      "recipe.size.regex.data=^\\.data\\s+([0-9]+).*",
      "runtime.hardware.path=/home/arduino/.arduino15/packages/arduino/hardware/zephyr",
      "runtime.ide.path=/usr/bin",
      "runtime.ide.version=10607",
      "runtime.os=linux",
      "runtime.platform.path=/home/arduino/.arduino15/packages/arduino/hardware/zephyr/1.0.0",
      "runtime.tools.adb-32.0.0.path=/home/arduino/.arduino15/packages/arduino/tools/adb/32.0.0",
      "runtime.tools.adb.path=/home/arduino/.arduino15/packages/arduino/tools/adb/32.0.0",
      "runtime.tools.arm-zephyr-eabi-1.0.1.path=/home/arduino/.arduino15/packages/zephyr/tools/arm-zephyr-eabi/1.0.1",
      "runtime.tools.arm-zephyr-eabi.path=/home/arduino/.arduino15/packages/zephyr/tools/arm-zephyr-eabi/1.0.1",
      "runtime.tools.bin2uf2-0.1.0.path=/home/arduino/.arduino15/packages/arduino/tools/bin2uf2/0.1.0",
      "runtime.tools.bin2uf2.path=/home/arduino/.arduino15/packages/arduino/tools/bin2uf2/0.1.0",
      "runtime.tools.bossac-1.9.1-arduino2.path=/home/arduino/.arduino15/packages/arduino/tools/bossac/1.9.1-arduino2",
      "runtime.tools.bossac.path=/home/arduino/.arduino15/packages/arduino/tools/bossac/1.9.1-arduino2",
      "runtime.tools.ctags-5.8-arduino11.path=/home/arduino/.arduino15/packages/builtin/tools/ctags/5.8-arduino11",
      "runtime.tools.ctags.path=/home/arduino/.arduino15/packages/builtin/tools/ctags/5.8-arduino11",
      "runtime.tools.dfu-discovery-0.1.2.path=/home/arduino/.arduino15/packages/builtin/tools/dfu-discovery/0.1.2",
      "runtime.tools.dfu-discovery.path=/home/arduino/.arduino15/packages/builtin/tools/dfu-discovery/0.1.2",
      "runtime.tools.dfu-util-0.11.0-arduino5.path=/home/arduino/.arduino15/packages/arduino/tools/dfu-util/0.11.0-arduino5",
      "runtime.tools.dfu-util.path=/home/arduino/.arduino15/packages/arduino/tools/dfu-util/0.11.0-arduino5",
      "runtime.tools.gen-rodata-ld-0.1.1.path=/home/arduino/.arduino15/packages/arduino/tools/gen-rodata-ld/0.1.1",
      "runtime.tools.gen-rodata-ld.path=/home/arduino/.arduino15/packages/arduino/tools/gen-rodata-ld/0.1.1",
      "runtime.tools.mdns-discovery-1.0.12.path=/home/arduino/.arduino15/packages/builtin/tools/mdns-discovery/1.0.12",
      "runtime.tools.mdns-discovery-1.1.0.path=/home/arduino/.arduino15/packages/builtin/tools/mdns-discovery/1.1.0",
      "runtime.tools.mdns-discovery.path=/home/arduino/.arduino15/packages/builtin/tools/mdns-discovery/1.1.0",
      "runtime.tools.openocd-0.12.0-arduino1-static.path=/home/arduino/.arduino15/packages/SiliconLabs/tools/openocd/0.12.0-arduino1-static",
      "runtime.tools.openocd.path=/home/arduino/.arduino15/packages/SiliconLabs/tools/openocd/0.12.0-arduino1-static",
      "runtime.tools.remoteocd-0.1.1.path=/home/arduino/.arduino15/packages/arduino/tools/remoteocd/0.1.1",
      "runtime.tools.remoteocd.path=/home/arduino/.arduino15/packages/arduino/tools/remoteocd/0.1.1",
      "runtime.tools.rp2040tools-1.1.0-rc1.path=/home/arduino/.arduino15/packages/arduino/tools/rp2040tools/1.1.0-rc1",
      "runtime.tools.rp2040tools.path=/home/arduino/.arduino15/packages/arduino/tools/rp2040tools/1.1.0-rc1",
      "runtime.tools.scripting-tools-0.0.7.path=/home/arduino/.arduino15/packages/arduino/tools/scripting-tools/0.0.7",
      "runtime.tools.scripting-tools.path=/home/arduino/.arduino15/packages/arduino/tools/scripting-tools/0.0.7",
      "runtime.tools.serial-discovery-1.4.3.path=/home/arduino/.arduino15/packages/builtin/tools/serial-discovery/1.4.3",
      "runtime.tools.serial-discovery-1.5.2.path=/home/arduino/.arduino15/packages/builtin/tools/serial-discovery/1.5.2",
      "runtime.tools.serial-discovery.path=/home/arduino/.arduino15/packages/builtin/tools/serial-discovery/1.5.2",
      "runtime.tools.serial-monitor-0.15.0.path=/home/arduino/.arduino15/packages/builtin/tools/serial-monitor/0.15.0",
      "runtime.tools.serial-monitor.path=/home/arduino/.arduino15/packages/builtin/tools/serial-monitor/0.15.0",
      "runtime.tools.sync-zephyr-artifacts-0.2.2.path=/home/arduino/.arduino15/packages/arduino/tools/sync-zephyr-artifacts/0.2.2",
      "runtime.tools.sync-zephyr-artifacts.path=/home/arduino/.arduino15/packages/arduino/tools/sync-zephyr-artifacts/0.2.2",
      "runtime.tools.zephyr-check-size-0.1.0.path=/home/arduino/.arduino15/packages/arduino/tools/zephyr-check-size/0.1.0",
      "runtime.tools.zephyr-check-size.path=/home/arduino/.arduino15/packages/arduino/tools/zephyr-check-size/0.1.0",
      "runtime.tools.zephyr-sketch-tool-0.4.1.path=/home/arduino/.arduino15/packages/arduino/tools/zephyr-sketch-tool/0.4.1",
      "runtime.tools.zephyr-sketch-tool.path=/home/arduino/.arduino15/packages/arduino/tools/zephyr-sketch-tool/0.4.1",
      "sketch.args.with_loader=",
      "sketch.args.without_loader=",
      "sketch_path=/home/arduino/sumox26_codex_build/motor-fault-compile01/motor_fault",
      "software=ARDUINO",
      "tools.avrdude.path={runtime.tools.avrdude.path}",
      "tools.bossac.bootloader.params.quiet=",
      "tools.bossac.bootloader.params.verbose=-d",
      "tools.bossac.bootloader.pattern={loader.cmd}",
      "tools.bossac.cmd=bossac",
      "tools.bossac.cmd.windows=bossac.exe",
      "tools.bossac.loader.args.without_sketch= -R",
      "tools.bossac.loader.cmd=\"{path}/{cmd}\" {upload.verbose} --port={serial.port.file} -U -i -e -w \"/home/arduino/.arduino15/packages/arduino/hardware/zephyr/1.0.0/firmwares/zephyr-arduino_uno_q_stm32u585xx.elf\" --offset {bootloader.address}",
      "tools.bossac.path=/home/arduino/.arduino15/packages/arduino/tools/bossac/1.9.1-arduino2",
      "tools.bossac.sketch.cmd=\"{path}/{cmd}\" {upload.verbose} --port={serial.port.file} -U -i -e -w \"/home/arduino/sumox26_codex_build/motor-fault-compile01/_app_builds/native-app-v1/4ec345c0699866733ccc747f858cb3b30ba7b7f9a3e5687a4433fd6571402284/bench-default/9a3d963521ce419083aa0cc000656dfb/build/motor_fault.ino.elf-zsk.bin\" --offset 0x08100000 -R",
      "tools.bossac.upload.params.quiet=",
      "tools.bossac.upload.params.verbose=-d",
      "tools.bossac.upload.pattern=\"/home/arduino/.arduino15/packages/arduino/tools/scripting-tools/0.0.7/scripting-tools\" if not eq \"v{upload.port.properties.configuration}\" \"v1.0.0\" {loader.cmd} :: if not eq \"v{upload.port.properties.configuration}\" \"v1.0.0\" {sketch.cmd} :: if not not eq \"v{upload.port.properties.configuration}\" \"v1.0.0\" {sketch.cmd}",
      "tools.dfu-util.bootloader.params.quiet=",
      "tools.dfu-util.bootloader.params.verbose=-d",
      "tools.dfu-util.bootloader.pattern={loader.cmd}",
      "tools.dfu-util.cmd=dfu-util",
      "tools.dfu-util.loader.args.without_sketch=:leave",
      "tools.dfu-util.loader.cmd=\"{path}/{cmd}\" --device ,0x2341:0x0078 -D \"/home/arduino/.arduino15/packages/arduino/hardware/zephyr/1.0.0/firmwares/zephyr-arduino_uno_q_stm32u585xx.elf\" -a{bootloader.interface} --dfuse-address={bootloader.address}",
      "tools.dfu-util.path=/home/arduino/.arduino15/packages/arduino/tools/dfu-util/0.11.0-arduino5",
      "tools.dfu-util.sketch.cmd=\"{path}/{cmd}\" --device ,0x2341:0x0078 -D \"/home/arduino/sumox26_codex_build/motor-fault-compile01/_app_builds/native-app-v1/4ec345c0699866733ccc747f858cb3b30ba7b7f9a3e5687a4433fd6571402284/bench-default/9a3d963521ce419083aa0cc000656dfb/build/motor_fault.ino.elf-zsk.bin\" -a{upload.interface} --dfuse-address=0x08100000:leave",
      "tools.dfu-util.upload.params.quiet=",
      "tools.dfu-util.upload.params.verbose=-d",
      "tools.dfu-util.upload.pattern=\"/home/arduino/.arduino15/packages/arduino/tools/scripting-tools/0.0.7/scripting-tools\" if not eq \"v{upload.port.properties.configuration}\" \"v1.0.0\" {loader.cmd} :: if not eq \"v{upload.port.properties.configuration}\" \"v1.0.0\" {sketch.cmd} :: if not not eq \"v{upload.port.properties.configuration}\" \"v1.0.0\" {sketch.cmd}",
      "tools.gdb.cmd=arm-none-eabi-gdb",
      "tools.gdb.cmd.windows=arm-none-eabi-gdb.exe",
      "tools.gdb.path={runtime.tools.arm-none-eabi-gcc-7-2017q4.path}/bin/",
      "tools.imgtool.cmd=imgtool",
      "tools.imgtool.flags=sign --key \"{build.keys.keychain}/{build.keys.sign_key}\" --encrypt \"{build.keys.keychain}/{build.keys.encrypt_key}\" \"/home/arduino/sumox26_codex_build/motor-fault-compile01/_app_builds/native-app-v1/4ec345c0699866733ccc747f858cb3b30ba7b7f9a3e5687a4433fd6571402284/bench-default/9a3d963521ce419083aa0cc000656dfb/build/motor_fault.ino.bin\" \"/home/arduino/sumox26_codex_build/motor-fault-compile01/_app_builds/native-app-v1/4ec345c0699866733ccc747f858cb3b30ba7b7f9a3e5687a4433fd6571402284/bench-default/9a3d963521ce419083aa0cc000656dfb/build/motor_fault.ino.bin\" --align {build.alignment} --max-align {build.alignment} --version {build.version} --header-size {build.header_size} --pad-header --slot-size {build.slot_size}",
      "tools.imgtool.path={runtime.tools.imgtool.path}",
      "tools.jlink.cmd=JLinkExe",
      "tools.jlink.cmd.darwin=JLinkExe",
      "tools.jlink.cmd.windows=JLink.exe",
      "tools.jlink.path={runtime.tools.jlink.path}",
      "tools.jlink.upload.params.quiet=",
      "tools.jlink.upload.params.verbose=-v",
      "tools.jlink.upload.pattern=\"{path}/{cmd}\" -CommanderScript \"/home/arduino/sumox26_codex_build/motor-fault-compile01/_app_builds/native-app-v1/4ec345c0699866733ccc747f858cb3b30ba7b7f9a3e5687a4433fd6571402284/bench-default/9a3d963521ce419083aa0cc000656dfb/build/flasher.jlink\"",
      "tools.openocd.bootloader.params.quiet=-d0",
      "tools.openocd.bootloader.params.verbose=-d2",
      "tools.openocd.bootloader.pattern=\"{path}/{cmd}\" -s \"{path}/share/openocd/scripts/\" {upload.programmer} {upload.config} -c \"set filename0 \"/home/arduino/.arduino15/packages/arduino/hardware/zephyr/1.0.0/firmwares/zephyr-arduino_uno_q_stm32u585xx.elf\"\" -f \"/home/arduino/.arduino15/packages/arduino/hardware/zephyr/1.0.0/variants/arduino_uno_q_stm32u585xx/flash_bootloader.cfg\" \"{upload.verbose}\"",
      "tools.openocd.cmd=bin/openocd",
      "tools.openocd.cmd.windows=bin/openocd.exe",
      "tools.openocd.path=/home/arduino/.arduino15/packages/SiliconLabs/tools/openocd/0.12.0-arduino1-static",
      "tools.openocd.program.params.quiet=-d0",
      "tools.openocd.program.params.verbose=-d2",
      "tools.openocd.program.pattern=\"{path}/{cmd}\" -s \"{path}/share/openocd/scripts/\" {upload.programmer} {upload.config} -c \"set filename0 \"/home/arduino/.arduino15/packages/arduino/hardware/zephyr/1.0.0/firmwares/zephyr-arduino_uno_q_stm32u585xx.elf\"\" -c \"set filename1 \"/home/arduino/sumox26_codex_build/motor-fault-compile01/_app_builds/native-app-v1/4ec345c0699866733ccc747f858cb3b30ba7b7f9a3e5687a4433fd6571402284/bench-default/9a3d963521ce419083aa0cc000656dfb/build/motor_fault.ino.elf-zsk.bin\"\" -c \"set offset 0x08100000\" -f \"/home/arduino/.arduino15/packages/arduino/hardware/zephyr/1.0.0/variants/arduino_uno_q_stm32u585xx/flash_sketch.cfg\" \"{upload.verbose}\"",
      "tools.openocd.upload.params.quiet=-d0",
      "tools.openocd.upload.params.verbose=-d2",
      "tools.openocd.upload.pattern=\"{path}/{cmd}\" -s \"{path}/share/openocd/scripts/\" {upload.programmer} {upload.config} -c \"set filename0 \"/home/arduino/.arduino15/packages/arduino/hardware/zephyr/1.0.0/firmwares/zephyr-arduino_uno_q_stm32u585xx.elf\"\" -c \"set filename1 \"/home/arduino/sumox26_codex_build/motor-fault-compile01/_app_builds/native-app-v1/4ec345c0699866733ccc747f858cb3b30ba7b7f9a3e5687a4433fd6571402284/bench-default/9a3d963521ce419083aa0cc000656dfb/build/motor_fault.ino.elf-zsk.bin\"\" -c \"set offset 0x08100000\" -f \"/home/arduino/.arduino15/packages/arduino/hardware/zephyr/1.0.0/variants/arduino_uno_q_stm32u585xx/flash_sketch.cfg\" \"{upload.verbose}\"",
      "tools.patterns.flash-loader-and-sketch=\"/home/arduino/.arduino15/packages/arduino/tools/scripting-tools/0.0.7/scripting-tools\" if not eq \"v{upload.port.properties.configuration}\" \"v1.0.0\" {loader.cmd} :: if not eq \"v{upload.port.properties.configuration}\" \"v1.0.0\" {sketch.cmd} :: if not not eq \"v{upload.port.properties.configuration}\" \"v1.0.0\" {sketch.cmd}",
      "tools.patterns.flash-loader-only={loader.cmd}",
      "tools.picotool.bootloader.params.quiet=",
      "tools.picotool.bootloader.params.verbose=-v",
      "tools.picotool.bootloader.pattern={loader.cmd}",
      "tools.picotool.cmd=rp2040load",
      "tools.picotool.loader.args.with_sketch= -R",
      "tools.picotool.loader.cmd=\"{path}/{cmd}\" {upload.verbose} -n -D \"/home/arduino/.arduino15/packages/arduino/hardware/zephyr/1.0.0/firmwares/zephyr-arduino_uno_q_stm32u585xx.elf\"",
      "tools.picotool.path=/home/arduino/.arduino15/packages/arduino/tools/rp2040tools/1.1.0-rc1",
      "tools.picotool.sketch.cmd=\"{path}/{cmd}\" {upload.verbose} -n -D \"/home/arduino/sumox26_codex_build/motor-fault-compile01/_app_builds/native-app-v1/4ec345c0699866733ccc747f858cb3b30ba7b7f9a3e5687a4433fd6571402284/bench-default/9a3d963521ce419083aa0cc000656dfb/build/motor_fault.ino.elf-zsk.bin\"",
      "tools.picotool.upload.params.quiet=",
      "tools.picotool.upload.params.verbose=-v",
      "tools.picotool.upload.pattern=\"/home/arduino/.arduino15/packages/arduino/tools/scripting-tools/0.0.7/scripting-tools\" if not eq \"v{upload.port.properties.configuration}\" \"v1.0.0\" {loader.cmd} :: if not eq \"v{upload.port.properties.configuration}\" \"v1.0.0\" {sketch.cmd} :: if not not eq \"v{upload.port.properties.configuration}\" \"v1.0.0\" {sketch.cmd}",
      "tools.pyocd.bootloader.params.quiet=",
      "tools.pyocd.bootloader.params.verbose=",
      "tools.pyocd.bootloader.pattern=\"{cmd}\" load --target stm32u585zitxq \"/home/arduino/.arduino15/packages/arduino/hardware/zephyr/1.0.0/firmwares/zephyr-arduino_uno_q_stm32u585xx.elf\"",
      "tools.pyocd.cmd=pyocd",
      "tools.pyocd.path=",
      "tools.pyocd.upload.params.quiet=",
      "tools.pyocd.upload.params.verbose=",
      "tools.pyocd.upload.pattern=\"{cmd}\" load --target stm32u585zitxq /home/arduino/sumox26_codex_build/motor-fault-compile01/_app_builds/native-app-v1/4ec345c0699866733ccc747f858cb3b30ba7b7f9a3e5687a4433fd6571402284/bench-default/9a3d963521ce419083aa0cc000656dfb/build/motor_fault.ino.elf-zsk.bin@0x08100000",
      "tools.remoteocd.bootloader.params.quiet=",
      "tools.remoteocd.bootloader.params.verbose=--verbose",
      "tools.remoteocd.bootloader.pattern=\"{path}/{cmd}\" upload --adb-path \"/home/arduino/.arduino15/packages/arduino/tools/adb/32.0.0/adb\" -s \"{upload.port.properties.serialNumber}\" -f \"/home/arduino/.arduino15/packages/arduino/hardware/zephyr/1.0.0/variants/arduino_uno_q_stm32u585xx/flash_bootloader.cfg\" \"{upload.verbose}\" \"/home/arduino/.arduino15/packages/arduino/hardware/zephyr/1.0.0/firmwares/zephyr-arduino_uno_q_stm32u585xx.elf\"",
      "tools.remoteocd.cmd=remoteocd",
      "tools.remoteocd.path=/home/arduino/.arduino15/packages/arduino/tools/remoteocd/0.1.1",
      "tools.remoteocd.upload.params.quiet=",
      "tools.remoteocd.upload.params.verbose=--verbose",
      "tools.remoteocd.upload.pattern=\"{path}/{cmd}\" upload --adb-path \"/home/arduino/.arduino15/packages/arduino/tools/adb/32.0.0/adb\" -s \"{upload.port.properties.serialNumber}\" -f \"/home/arduino/.arduino15/packages/arduino/hardware/zephyr/1.0.0/variants/arduino_uno_q_stm32u585xx/flash_sketch.cfg\" \"{upload.verbose}\" \"/home/arduino/.arduino15/packages/arduino/hardware/zephyr/1.0.0/firmwares/zephyr-arduino_uno_q_stm32u585xx.elf\" \"/home/arduino/sumox26_codex_build/motor-fault-compile01/_app_builds/native-app-v1/4ec345c0699866733ccc747f858cb3b30ba7b7f9a3e5687a4433fd6571402284/bench-default/9a3d963521ce419083aa0cc000656dfb/build/motor_fault.ino.elf-zsk.bin\"",
      "tools.remoteocd_network.cmd=remoteocd",
      "tools.remoteocd_network.path=/home/arduino/.arduino15/packages/arduino/tools/remoteocd/0.1.1",
      "tools.remoteocd_network.upload.field.password=Password",
      "tools.remoteocd_network.upload.field.password.secret=true",
      "tools.remoteocd_network.upload.params.quiet=",
      "tools.remoteocd_network.upload.params.verbose=--verbose",
      "tools.remoteocd_network.upload.pattern=\"{path}/{cmd}\" upload -a \"{upload.port.address}\" --password \"{upload.field.password}\" -f \"/home/arduino/.arduino15/packages/arduino/hardware/zephyr/1.0.0/variants/arduino_uno_q_stm32u585xx/flash_sketch.cfg\" \"{upload.verbose}\" \"/home/arduino/.arduino15/packages/arduino/hardware/zephyr/1.0.0/firmwares/zephyr-arduino_uno_q_stm32u585xx.elf\" \"/home/arduino/sumox26_codex_build/motor-fault-compile01/_app_builds/native-app-v1/4ec345c0699866733ccc747f858cb3b30ba7b7f9a3e5687a4433fd6571402284/bench-default/9a3d963521ce419083aa0cc000656dfb/build/motor_fault.ino.elf-zsk.bin\"",
      "tools.remoteocd_network.upload.protocol=network",
      "upload.address=0x08100000",
      "upload.artifacts.loader=/home/arduino/.arduino15/packages/arduino/hardware/zephyr/1.0.0/firmwares/zephyr-arduino_uno_q_stm32u585xx.elf",
      "upload.artifacts.sketch=/home/arduino/sumox26_codex_build/motor-fault-compile01/_app_builds/native-app-v1/4ec345c0699866733ccc747f858cb3b30ba7b7f9a3e5687a4433fd6571402284/bench-default/9a3d963521ce419083aa0cc000656dfb/build/motor_fault.ino.elf-zsk.bin",
      "upload.dfuse=--dfuse-address=0x08100000",
      "upload.extension=elf-zsk.bin",
      "upload.maximum_data_size=262144",
      "upload.maximum_size=786432",
      "upload.native_usb=true",
      "upload.pid=0x0078",
      "upload.protocol=",
      "upload.target=stm32u585zitxq",
      "upload.tool=remoteocd",
      "upload.tool.default=remoteocd",
      "upload.tool.network=remoteocd_network",
      "upload.transport=",
      "upload.use_1200bps_touch=false",
      "upload.vid=0x2341",
      "upload.wait_for_upload_port=false",
      "upload_port.0.pid=0x0078",
      "upload_port.0.vid=0x2341",
      "version=1.0.0"
    ],
    "diagnostics": [
      {
        "severity": "ERROR",
        "message": "expected identifier before numeric constant\n  402 | #define CONFIG_PWM 1\n      |                    ^",
        "file": "/home/arduino/.arduino15/packages/arduino/hardware/zephyr/1.0.0/variants/arduino_uno_q_stm32u585xx/llext-edk/include/zephyr/include/generated/zephyr/autoconf.h",
        "line": 402,
        "column": 20,
        "context": [
          {
            "message": "included from here",
            "file": "\u003ccommand-line\u003e"
          }
        ],
        "notes": [
          {
            "message": "in expansion of macro 'CONFIG_PWM'",
            "file": "/home/arduino/sumox26_codex_build/motor-fault-compile01/motor_fault/src/motor_fault.h",
            "line": 15,
            "column": 54
          }
        ]
      },
      {
        "severity": "ERROR",
        "message": "expected '}' before numeric constant\n  402 | #define CONFIG_PWM 1\n      |                    ^",
        "file": "/home/arduino/.arduino15/packages/arduino/hardware/zephyr/1.0.0/variants/arduino_uno_q_stm32u585xx/llext-edk/include/zephyr/include/generated/zephyr/autoconf.h",
        "line": 402,
        "column": 20,
        "context": [
          {
            "message": "included from here",
            "file": "\u003ccommand-line\u003e"
          }
        ],
        "notes": [
          {
            "message": "in expansion of macro 'CONFIG_PWM'",
            "file": "/home/arduino/sumox26_codex_build/motor-fault-compile01/motor_fault/src/motor_fault.h",
            "line": 15,
            "column": 54
          },
          {
            "message": "to match this '{'",
            "file": "/home/arduino/sumox26_codex_build/motor-fault-compile01/motor_fault/src/motor_fault.h",
            "line": 15,
            "column": 37
          }
        ]
      },
      {
        "severity": "ERROR",
        "message": "expected unqualified-id before numeric constant\n  402 | #define CONFIG_PWM 1\n      |                    ^",
        "file": "/home/arduino/.arduino15/packages/arduino/hardware/zephyr/1.0.0/variants/arduino_uno_q_stm32u585xx/llext-edk/include/zephyr/include/generated/zephyr/autoconf.h",
        "line": 402,
        "column": 20,
        "context": [
          {
            "message": "included from here",
            "file": "/home/arduino/sumox26_codex_build/motor-fault-compile01/motor_fault/motor_fault.ino",
            "line": 5
          }
        ],
        "notes": [
          {
            "message": "in expansion of macro 'CONFIG_PWM'",
            "file": "/home/arduino/sumox26_codex_build/motor-fault-compile01/motor_fault/src/motor_fault.h",
            "line": 15,
            "column": 54
          }
        ]
      },
      {
        "severity": "ERROR",
        "message": "'Stage' does not name a type\n   19 |     Stage stage = Stage::SETUP;\n      |     ^~~~~",
        "file": "/home/arduino/sumox26_codex_build/motor-fault-compile01/motor_fault/src/motor_fault.h",
        "line": 19,
        "column": 5
      },
      {
        "severity": "ERROR",
        "message": "'Operation' does not name a type\n   20 |     Operation operation = Operation::CONFIG_ENABLE;\n      |     ^~~~~~~~~",
        "file": "/home/arduino/sumox26_codex_build/motor-fault-compile01/motor_fault/src/motor_fault.h",
        "line": 20,
        "column": 5
      },
      {
        "severity": "ERROR",
        "message": "'TRACE_CAPACITY' was not declared in this scope; did you mean 'motor_fault::TRACE_CAPACITY'?\n   29 |     Call calls[TRACE_CAPACITY];\n      |                ^~~~~~~~~~~~~~\n      |                motor_fault::TRACE_CAPACITY",
        "file": "/home/arduino/sumox26_codex_build/motor-fault-compile01/motor_fault/src/motor_fault.h",
        "line": 29,
        "column": 16,
        "notes": [
          {
            "message": "'motor_fault::TRACE_CAPACITY' declared here\n   12 | inline constexpr std::uint32_t TRACE_CAPACITY = 64U; // Fixed evidence ABI extent.\n      |                                ^~~~~~~~~~~~~~",
            "file": "/home/arduino/sumox26_codex_build/motor-fault-compile01/motor_fault/src/motor_fault.h",
            "line": 12,
            "column": 32
          }
        ]
      },
      {
        "severity": "ERROR",
        "message": "'Stage' has not been declared\n   40 |     void context(Stage stage, std::uint32_t application = 0U);\n      |                  ^~~~~",
        "file": "/home/arduino/sumox26_codex_build/motor-fault-compile01/motor_fault/src/motor_fault.h",
        "line": 40,
        "column": 18
      },
      {
        "severity": "ERROR",
        "message": "'Operation' has not been declared\n   50 |     void start(Operation operation, motors::Channel channel = motors::Channel::LEFT_FORWARD,\n      |                ^~~~~~~~~",
        "file": "/home/arduino/sumox26_codex_build/motor-fault-compile01/motor_fault/src/motor_fault.h",
        "line": 50,
        "column": 16
      },
      {
        "severity": "ERROR",
        "message": "'Stage' does not name a type\n   55 |     Stage stage_ = Stage::SETUP;\n      |     ^~~~~",
        "file": "/home/arduino/sumox26_codex_build/motor-fault-compile01/motor_fault/src/motor_fault.h",
        "line": 55,
        "column": 5
      },
      {
        "severity": "ERROR",
        "message": "'APPLY_SAMPLES' was not declared in this scope; did you mean 'motor_fault::APPLY_SAMPLES'?\n   65 |     motors::Result applied[APPLY_SAMPLES];\n      |                            ^~~~~~~~~~~~~\n      |                            motor_fault::APPLY_SAMPLES",
        "file": "/home/arduino/sumox26_codex_build/motor-fault-compile01/motor_fault/src/motor_fault.h",
        "line": 65,
        "column": 28,
        "notes": [
          {
            "message": "'motor_fault::APPLY_SAMPLES' declared here\n   13 | inline constexpr std::uint32_t APPLY_SAMPLES = 4U; // Fixed receipt ABI extent.\n      |                                ^~~~~~~~~~~~~",
            "file": "/home/arduino/sumox26_codex_build/motor-fault-compile01/motor_fault/src/motor_fault.h",
            "line": 13,
            "column": 32
          }
        ]
      },
      {
        "severity": "ERROR",
        "message": "expected declaration before '}' token\n   88 | } // namespace motor_fault\n      | ^",
        "file": "/home/arduino/sumox26_codex_build/motor-fault-compile01/motor_fault/src/motor_fault.h",
        "line": 88,
        "column": 1
      },
      {
        "severity": "ERROR",
        "message": "'Runner' in namespace 'motor_fault' does not name a type\n   10 | motor_fault::Runner diagnostic(native.port());\n      |              ^~~~~~",
        "file": "/home/arduino/sumox26_codex_build/motor-fault-compile01/motor_fault/motor_fault.ino",
        "line": 10,
        "column": 14
      },
      {
        "severity": "ERROR",
        "message": "'diagnostic' was not declared in this scope\n   12 | void setup() { diagnostic.begin(motor_fault::Grants{}); }\n      |                ^~~~~~~~~~",
        "file": "/home/arduino/sumox26_codex_build/motor-fault-compile01/motor_fault/motor_fault.ino",
        "line": 12,
        "column": 16,
        "context": [
          {
            "message": "In function 'void setup()':",
            "file": "/home/arduino/sumox26_codex_build/motor-fault-compile01/motor_fault/motor_fault.ino"
          }
        ]
      },
      {
        "severity": "ERROR",
        "message": "'Grants' is not a member of 'motor_fault'; did you mean 'Grants'?\n   12 | void setup() { diagnostic.begin(motor_fault::Grants{}); }\n      |                                              ^~~~~~",
        "file": "/home/arduino/sumox26_codex_build/motor-fault-compile01/motor_fault/motor_fault.ino",
        "line": 12,
        "column": 46,
        "context": [
          {
            "message": "In function 'void setup()':",
            "file": "/home/arduino/sumox26_codex_build/motor-fault-compile01/motor_fault/motor_fault.ino"
          }
        ],
        "notes": [
          {
            "message": "'Grants' declared here\n   58 | struct Grants { bool exclusive_motor_outputs = false; };\n      |        ^~~~~~",
            "file": "/home/arduino/sumox26_codex_build/motor-fault-compile01/motor_fault/src/motor_fault.h",
            "line": 58,
            "column": 8
          }
        ]
      },
      {
        "severity": "ERROR",
        "message": "'diagnostic' was not declared in this scope\n   13 | void loop() { if (diagnostic.active()) diagnostic.poll(static_cast\u003cstd::uint32_t\u003e(micros())); }\n      |                   ^~~~~~~~~~",
        "file": "/home/arduino/sumox26_codex_build/motor-fault-compile01/motor_fault/motor_fault.ino",
        "line": 13,
        "column": 19,
        "context": [
          {
            "message": "In function 'void loop()':",
            "file": "/home/arduino/sumox26_codex_build/motor-fault-compile01/motor_fault/motor_fault.ino"
          }
        ]
      }
    ]
  },
  "upload_result": {},
  "success": false,
  "error": "Error during build: exit status 1"
}
