{
  "schema": "recorder-delivery-compile-outcome-v1",
  "attempt": "36370b3b911165b926583f33448b0b09",
  "session": 3906603552232007097,
  "reviewed_head": "183e329e37a74d4bdf91bab55a20728946b5ef67",
  "source_sha256": "829f0a33fc7c673bcac916b18a7c88b23a2a539cfb6d003bcfe583d09a36fd2d",
  "boot_id": "55c386b9-fe6d-4388-a7f4-1d91e0bb49d8",
  "project": "recorder.ino",
  "fqbn": "arduino:zephyr:unoq:link_mode=static",
  "flags": "-DMATCH=0 -DMOTORS_ALLOWED=0",
  "started_utc": "2026-09-26T19:51:28.969306+00:00",
  "final_checks": [
    {
      "name": "local",
      "status": "PASS",
      "error": null
    },
    {
      "name": "identity",
      "status": "PASS",
      "error": null
    },
    {
      "name": "initialization",
      "status": "PASS",
      "error": null
    },
    {
      "name": "builtins",
      "status": "PASS",
      "error": null
    },
    {
      "name": "remote_sources",
      "status": "PASS",
      "error": null
    },
    {
      "name": "installed_pins",
      "status": "PASS",
      "error": null
    },
    {
      "name": "overrides",
      "status": "PASS",
      "error": null
    },
    {
      "name": "artifacts",
      "status": "PASS",
      "error": null
    },
    {
      "name": "artifact_sources",
      "status": "PASS",
      "error": null
    }
  ],
  "artifact_sources_identity": {
    "identity": [
      66341,
      281030,
      33152,
      1,
      1000,
      1000,
      28759,
      1790452565726428683,
      1790452565726428683
    ],
    "sha256": "7da87b3544a793091a637197c30f77185ab99b416697f453e46897277de7af1e"
  },
  "status": "COMPILE_CHECKED",
  "first_error": null,
  "compiler_calls": 1,
  "query_calls": 1,
  "transport_calls": 28,
  "artifacts": "/home/arduino/sumox26_codex_build/recorder-36370b3b911165b9/artifacts",
  "receipt": "C:\\Users\\narut\\OneDrive\\Desktop\\Project\\techbots_Sumo_Robots\\state\\analysis\\P7_recorder_delivery_raw\\recorder-36370b3b911165b9\\artifacts.json",
  "finished_utc": "2026-09-26T19:56:23.414547+00:00"
}
