-- GLOB mismatch!
-- Configuring done (1.1s)
-- Generating done (1.0s)
-- Build files have been written to: /mnt/c/Users/narut/OneDrive/Desktop/Project/techbots_Sumo_Robots/build/host
[  0%] Building CXX object CMakeFiles/motor_gate_enabled_tests.dir/mnt/c/Users/narut/OneDrive/Desktop/Project/techbots_Sumo_Robots/src/app/runtime_service.cpp.o
[  1%] Building CXX object CMakeFiles/motor_gate_enabled_tests.dir/mnt/c/Users/narut/OneDrive/Desktop/Project/techbots_Sumo_Robots/src/app/transaction.cpp.o
[  1%] Building CXX object CMakeFiles/motor_gate_enabled_tests.dir/mnt/c/Users/narut/OneDrive/Desktop/Project/techbots_Sumo_Robots/src/app/transaction_service.cpp.o
[  2%] Building CXX object CMakeFiles/motor_gate_enabled_tests.dir/mnt/c/Users/narut/OneDrive/Desktop/Project/techbots_Sumo_Robots/tests/test_app_projection.cpp.o
[  2%] Building CXX object CMakeFiles/sumox26_tests.dir/mnt/c/Users/narut/OneDrive/Desktop/Project/techbots_Sumo_Robots/src/app/runtime_service.cpp.o
[  3%] Building CXX object CMakeFiles/motor_gate_enabled_tests.dir/mnt/c/Users/narut/OneDrive/Desktop/Project/techbots_Sumo_Robots/tests/test_app_runtime.cpp.o
[  4%] Building CXX object CMakeFiles/sumox26_tests.dir/mnt/c/Users/narut/OneDrive/Desktop/Project/techbots_Sumo_Robots/src/app/transaction.cpp.o
[  4%] Building CXX object CMakeFiles/sumox26_tests.dir/mnt/c/Users/narut/OneDrive/Desktop/Project/techbots_Sumo_Robots/src/app/transaction_service.cpp.o
[  4%] Building CXX object CMakeFiles/sumox26_tests.dir/mnt/c/Users/narut/OneDrive/Desktop/Project/techbots_Sumo_Robots/tests/locked/test_motor_halt.cpp.o
[  5%] Building CXX object CMakeFiles/sumox26_tests.dir/mnt/c/Users/narut/OneDrive/Desktop/Project/techbots_Sumo_Robots/tests/test_app_dump.cpp.o
[  5%] Building CXX object CMakeFiles/motor_gate_enabled_tests.dir/mnt/c/Users/narut/OneDrive/Desktop/Project/techbots_Sumo_Robots/tests/test_app_dump.cpp.o
[  5%] Building CXX object CMakeFiles/sumox26_tests.dir/mnt/c/Users/narut/OneDrive/Desktop/Project/techbots_Sumo_Robots/tests/test_app_projection.cpp.o
[  6%] Building CXX object CMakeFiles/motor_gate_enabled_tests.dir/mnt/c/Users/narut/OneDrive/Desktop/Project/techbots_Sumo_Robots/tests/locked/test_motor_halt.cpp.o
[  7%] Building CXX object CMakeFiles/sumox26_tests.dir/mnt/c/Users/narut/OneDrive/Desktop/Project/techbots_Sumo_Robots/tests/test_app_runtime.cpp.o
[  7%] Building CXX object CMakeFiles/motor_gate_enabled_tests.dir/mnt/c/Users/narut/OneDrive/Desktop/Project/techbots_Sumo_Robots/tests/test_app_transaction.cpp.o
[  7%] Building CXX object CMakeFiles/motor_gate_enabled_tests.dir/mnt/c/Users/narut/OneDrive/Desktop/Project/techbots_Sumo_Robots/src/hal/ui_display.cpp.o
[  7%] Building CXX object CMakeFiles/sumox26_tests.dir/mnt/c/Users/narut/OneDrive/Desktop/Project/techbots_Sumo_Robots/tests/test_app_service_reset.cpp.o
[  8%] Linking CXX executable motor_gate_enabled_tests
/mnt/c/Users/narut/OneDrive/Desktop/Project/techbots_Sumo_Robots/tests/test_app_service_reset.cpp:14:6: error: ‘void {anonymous}::inhibited(const service_reset_test::Rig&)’ defined but not used [-Werror=unused-function]
   14 | void inhibited(const Rig& rig) {
      |      ^~~~~~~~~
cc1plus: all warnings being treated as errors
gmake[2]: *** [CMakeFiles/sumox26_tests.dir/build.make:678: CMakeFiles/sumox26_tests.dir/mnt/c/Users/narut/OneDrive/Desktop/Project/techbots_Sumo_Robots/tests/test_app_service_reset.cpp.o] Error 1
gmake[1]: *** [CMakeFiles/Makefile2:85: CMakeFiles/sumox26_tests.dir/all] Error 2
gmake[1]: *** Waiting for unfinished jobs....
[ 31%] Built target motor_gate_enabled_tests
gmake: *** [Makefile:101: all] Error 2
