LyoKICogQ29weXJpZ2h0IChjKSBBcmR1aW5vIHMuci5sLiBhbmQvb3IgaXRzIGFmZmlsaWF0ZWQg
Y29tcGFuaWVzCiAqCiAqIFNQRFgtTGljZW5zZS1JZGVudGlmaWVyOiBBcGFjaGUtMi4wCiAqLwoK
RU5UUlkoZW50cnlfcG9pbnQpClNFQ1RJT05TIHsKICAgIC9ESVNDQVJELyA6IHsKICAgICAgICAq
KC5BUk0uYXR0cmlidXRlcykKICAgICAgICAqKC5BUk0uYXR0cmlidXRlcy4qKQogICAgICAgICoo
LkFSTS5leHRpZHgpCiAgICAgICAgKiguQVJNLmV4dGlkeC4qKQogICAgICAgICooLmNvbW1lbnQp
CiAgICAgICAgKiguY29tbWVudC4qKQogICAgICAgICooLmxsdm1iYykKICAgICAgICAqKC5sbHZt
Y21kKQogICAgfQoKICAgIC50ZXh0IDogQUxJR04oNCkgewogICAgICAgIEtFRVAgKCooLmVudHJ5
X3BvaW50KSkKICAgICAgICAqKC50ZXh0KQogICAgICAgICooLnN0dWIpCiAgICAgICAgKigudGV4
dCopCiAgICAgICAgKigudGV4dC4qKQogICAgICAgICooLnRleHQuXyopCgogICAgICAgIEtFRVAg
KCooLmluaXQpKQogICAgICAgIEtFRVAgKCooLmN0b3JzKSkKICAgICAgICBLRUVQICgqKC5kdG9y
cykpCiAgICAgICAgS0VFUCAoKiguZmluaSkpCiAgICB9ID5GTEFTSAoKICAgIC5zdGF0aWNfdGhy
ZWFkX2RhdGFfYXJlYSA6IHsKICAgICAgICBfX3N0YXRpY190aHJlYWRfZGF0YV9saXN0X3N0YXJ0
ID0gLjsKICAgICAgICBLRUVQKCooLnN0YXRpY190aHJlYWRfZGF0YV9hcmVhIFNPUlRfQllfTkFN
RSguX19zdGF0aWNfdGhyZWFkX2RhdGEuKikpKTsKICAgICAgICBfX3N0YXRpY190aHJlYWRfZGF0
YV9saXN0X2VuZCA9IC47CiAgICB9ID5GTEFTSAoKICAgIC5wcmVpbml0X2FycmF5IDogewogICAg
ICAgIFBST1ZJREVfSElEREVOIChfX3ByZWluaXRfYXJyYXlfc3RhcnQgPSAuKTsKICAgICAgICBL
RUVQICgqKC5wcmVpbml0X2FycmF5KikpCiAgICAgICAgUFJPVklERV9ISURERU4gKF9fcHJlaW5p
dF9hcnJheV9lbmQgPSAuKTsKICAgIH0gPkZMQVNICgogICAgLmluaXRfYXJyYXkgOiB7CiAgICAg
ICAgUFJPVklERV9ISURERU4gKF9faW5pdF9hcnJheV9zdGFydCA9IC4pOwogICAgICAgIEtFRVAg
KCooU09SVCguaW5pdF9hcnJheS4qKSkpCiAgICAgICAgS0VFUCAoKiguaW5pdF9hcnJheSopKQog
ICAgICAgIFBST1ZJREVfSElEREVOIChfX2luaXRfYXJyYXlfZW5kID0gLik7CiAgICB9ID5GTEFT
SAoKICAgIC5maW5pX2FycmF5IDogewogICAgICAgIFBST1ZJREVfSElEREVOIChfX2ZpbmlfYXJy
YXlfc3RhcnQgPSAuKTsKICAgICAgICBLRUVQICgqKFNPUlQoLmZpbmlfYXJyYXkuKikpKQogICAg
ICAgIEtFRVAgKCooLmZpbmlfYXJyYXkqKSkKICAgICAgICBQUk9WSURFX0hJRERFTiAoX19maW5p
X2FycmF5X2VuZCA9IC4pOwogICAgfSA+RkxBU0gKCiAgICAucm9kYXRhIDogewogICAgICAgICoo
LnJvZGF0YSkKICAgICAgICAqKC5yb2RhdGExKQogICAgICAgICooLnJvZGF0YS4qKQogICAgfSA+
RkxBU0gKCiAgICAuQVJNLmV4dGFiICAgOiB7ICooLkFSTS5leHRhYiogLmdudS5saW5rb25jZS5h
cm1leHRhYi4qKSB9ID5GTEFTSAogICAgLkFSTSA6IHsKICAgICAgICBfX2V4aWR4X3N0YXJ0ID0g
LjsKICAgICAgICAqKC5BUk0uZXhpZHgqKQogICAgICAgIF9fZXhpZHhfZW5kID0gLjsKICAgIH0g
PkZMQVNICgogICAgX3NpZGF0YSA9IExPQURBRERSKC5kYXRhKTsKCiAgICAuZGF0YSA6IHsKICAg
ICAgICAuID0gQUxJR04oNCk7CiAgICAgICAgX3NkYXRhID0gLjsKICAgICAgICAqKC5kYXRhIC5k
YXRhLiogLnRkYXRhKikKICAgICAgICAqKC5fdXNiZF9jb250ZXh0LnN0YXRpYy51c2JkXykKICAg
ICAgICAqKC5yYW1mdW5jKQogICAgICAgIC4gPSBBTElHTig0KTsKICAgICAgICBfZWRhdGEgPSAu
OwogICAgfSA+UkFNIEFUPiBGTEFTSAoKICAgIC5ic3MgOiB7CiAgICAgICAgLiA9IEFMSUdOKDQp
OwogICAgICAgIF9zYnNzID0gLjsKICAgICAgICAqKC5ic3MgLmJzcy4qIC50YnNzKiBDT01NT04p
CiAgICAgICAgKigubm9pbml0IC5ub2luaXQuKikKICAgICAgICAuID0gQUxJR04oNCk7CiAgICAg
ICAgX2Vic3MgPSAuOwogICAgICAgIC4gPSBBTElHTigxMDI0KTsKICAgIH0gPlJBTQoKICAgIC5z
eW10YWIgOiB7CiAgICAgICAgS0VFUCgqKC5zeW10YWIpKQogICAgfQoKICAgIC5zdHJ0YWIgOiB7
CiAgICAgICAgS0VFUCgqKC5zdHJ0YWIpKQogICAgfQoKICAgIC5zaHN0cnRhYiA6IHsKICAgICAg
ICBLRUVQKCooLnNoc3RydGFiKSkKICAgIH0KCiAgICAucmVsIDogewogICAgICAgIEtFRVAoKigu
cmVsIC5yZWwuKikpCiAgICB9CgogICAgLmdvdCA6IHsKICAgICAgICBLRUVQKCooLmdvdCAuZ290
LiogLmdvdC5wbHQgLmdvdC5wbHQqKSkKICAgIH0KfQo=
