Symbol "loader" is a function at address 0x800571c.
Dump of assembler code for function loader:
   0x0800571c <+0>:	e92d 4ff0	stmdbls	sp!, {r4, r5, r6, r7, r8, r9, r10, r11, lr}
   0x08005720 <+4>:	f5ad 7d1b	sub.w	sp, sp, #620	@ 0x26c
   0x08005724 <+8>:	ad01    	add	r5, sp, #4
   0x08005726 <+10>:	4629    	mov	r1, r5
   0x08005728 <+12>:	2003    	movs	r0, #3
   0x0800572a <+14>:	f001 fb4d	bl	0x8006dc8 <flash_area_open>
   0x0800572e <+18>:	4601    	mov	r1, r0
   0x08005730 <+20>:	b130    	cbz	r0, 0x8005740 <loader+36>
   0x08005732 <+22>:	486d    	ldr	r0, [pc, #436]	@ (0x80058e8 <loader+460>)
   0x08005734 <+24>:	f011 fe4e	bl	0x80173d4 <printk>
   0x08005738 <+28>:	f50d 7d1b	add.w	sp, sp, #620	@ 0x26c
   0x0800573c <+32>:	e8bd 8ff0	ldmia.w	sp!, {r4, r5, r6, r7, r8, r9, r10, r11, pc}
   0x08005740 <+36>:	ac07    	add	r4, sp, #28
   0x08005742 <+38>:	2310    	movs	r3, #16
   0x08005744 <+40>:	4622    	mov	r2, r4
   0x08005746 <+42>:	6828    	ldr	r0, [r5, #0]
   0x08005748 <+44>:	f012 faad	bl	0x8017ca6 <flash_area_read>
   0x0800574c <+48>:	4601    	mov	r1, r0
   0x0800574e <+50>:	b108    	cbz	r0, 0x8005754 <loader+56>
   0x08005750 <+52>:	4866    	ldr	r0, [pc, #408]	@ (0x80058ec <loader+464>)
   0x08005752 <+54>:	e7ef    	b.n	0x8005734 <loader+24>
   0x08005754 <+56>:	79e3    	ldrb	r3, [r4, #7]
   0x08005756 <+58>:	2b01    	cmp	r3, #1
   0x08005758 <+60>:	d104    	bne.n	0x8005764 <loader+72>
   0x0800575a <+62>:	f242 3241	movw	r2, #9025	@ 0x2341
   0x0800575e <+66>:	89a1    	ldrh	r1, [r4, #12]
   0x08005760 <+68>:	4291    	cmp	r1, r2
   0x08005762 <+70>:	d003    	beq.n	0x800576c <loader+80>
   0x08005764 <+72>:	4862    	ldr	r0, [pc, #392]	@ (0x80058f0 <loader+468>)
   0x08005766 <+74>:	f011 fe35	bl	0x80173d4 <printk>
   0x0800576a <+78>:	2300    	movs	r3, #0
   0x0800576c <+80>:	2200    	movs	r2, #0
   0x0800576e <+82>:	4f61    	ldr	r7, [pc, #388]	@ (0x80058f4 <loader+472>)
   0x08005770 <+84>:	603a    	str	r2, [r7, #0]
   0x08005772 <+86>:	4a61    	ldr	r2, [pc, #388]	@ (0x80058f8 <loader+476>)
   0x08005774 <+88>:	6811    	ldr	r1, [r2, #0]
   0x08005776 <+90>:	29ba    	cmp	r1, #186	@ 0xba
   0x08005778 <+92>:	bf07    	ittee	eq
   0x0800577a <+94>:	4d60    	ldreq	r5, [pc, #384]	@ (0x80058fc <loader+480>)
   0x0800577c <+96>:	e9d2 6901	ldrdeq	r6, r9, [r2, #4]
   0x08005780 <+100>:	f24a 3950	movwne	r9, #41808	@ 0xa350
   0x08005784 <+104>:	f648 6698	movwne	r6, #36504	@ 0x8e98
   0x08005788 <+108>:	bf1a    	itte	ne
   0x0800578a <+110>:	f8df 81a8	ldrne.w	r8, [pc, #424]	@ 0x8005934 <loader+536>
   0x0800578e <+114>:	4d5c    	ldrne	r5, [pc, #368]	@ (0x8005900 <loader+484>)
   0x08005790 <+116>:	eb06 0805	addeq.w	r8, r6, r5
   0x08005794 <+120>:	b113    	cbz	r3, 0x800579c <loader+128>
   0x08005796 <+122>:	7ba3    	ldrb	r3, [r4, #14]
   0x08005798 <+124>:	075a    	lsls	r2, r3, #29
   0x0800579a <+126>:	d453    	bmi.n	0x8005844 <loader+296>
   0x0800579c <+128>:	230d    	movs	r3, #13
   0x0800579e <+130>:	f04f 0a00	mov.w	r10, #0
   0x080057a2 <+134>:	f8df b194	ldr.w	r11, [pc, #404]	@ 0x8005938 <loader+540>
   0x080057a6 <+138>:	4957    	ldr	r1, [pc, #348]	@ (0x8005904 <loader+488>)
   0x080057a8 <+140>:	a802    	add	r0, sp, #8
   0x080057aa <+142>:	f88d 300c	strb.w	r3, [sp, #12]
   0x080057ae <+146>:	f8cd b008	str.w	r11, [sp, #8]
   0x080057b2 <+150>:	f8ad a00e	strh.w	r10, [sp, #14]
   0x080057b6 <+154>:	f7ff ff9f	bl	0x80056f8 <gpio_pin_configure_dt>
   0x080057ba <+158>:	230f    	movs	r3, #15
   0x080057bc <+160>:	4952    	ldr	r1, [pc, #328]	@ (0x8005908 <loader+492>)
   0x080057be <+162>:	a804    	add	r0, sp, #16
   0x080057c0 <+164>:	f88d 3014	strb.w	r3, [sp, #20]
   0x080057c4 <+168>:	f8cd b010	str.w	r11, [sp, #16]
   0x080057c8 <+172>:	f8ad a016	strh.w	r10, [sp, #22]
   0x080057cc <+176>:	f7ff ff94	bl	0x80056f8 <gpio_pin_configure_dt>
   0x080057d0 <+180>:	f44f 607a	mov.w	r0, #4000	@ 0xfa0
   0x080057d4 <+184>:	2100    	movs	r1, #0
   0x080057d6 <+186>:	f011 fa7e	bl	0x8016cd6 <k_sleep>
   0x080057da <+190>:	a804    	add	r0, sp, #16
   0x080057dc <+192>:	f7ff ff76	bl	0x80056cc <gpio_pin_get_dt>
   0x080057e0 <+196>:	b970    	cbnz	r0, 0x8005800 <loader+228>
   0x080057e2 <+198>:	f7ff ff21	bl	0x8005628 <matrixBegin>
   0x080057e6 <+202>:	2008    	movs	r0, #8
   0x080057e8 <+204>:	f7ff ff18	bl	0x800561c <matrixSetGrayscaleBits>
   0x080057ec <+208>:	f247 2190	movw	r1, #29328	@ 0x7290
   0x080057f0 <+212>:	4846    	ldr	r0, [pc, #280]	@ (0x800590c <loader+496>)
   0x080057f2 <+214>:	f011 fa53	bl	0x8016c9c <matrixPlay>
   0x080057f6 <+218>:	2064    	movs	r0, #100	@ 0x64
   0x080057f8 <+220>:	2100    	movs	r1, #0
   0x080057fa <+222>:	f011 fa6c	bl	0x8016cd6 <k_sleep>
   0x080057fe <+226>:	e7f5    	b.n	0x80057ec <loader+208>
   0x08005800 <+228>:	a802    	add	r0, sp, #8
   0x08005802 <+230>:	f7ff ff63	bl	0x80056cc <gpio_pin_get_dt>
   0x08005806 <+234>:	b9d0    	cbnz	r0, 0x800583e <loader+290>
   0x08005808 <+236>:	f7ff ff0e	bl	0x8005628 <matrixBegin>
   0x0800580c <+240>:	2008    	movs	r0, #8
   0x0800580e <+242>:	f7ff ff05	bl	0x800561c <matrixSetGrayscaleBits>
   0x08005812 <+246>:	a802    	add	r0, sp, #8
   0x08005814 <+248>:	f7ff ff5a	bl	0x80056cc <gpio_pin_get_dt>
   0x08005818 <+252>:	b318    	cbz	r0, 0x8005862 <loader+326>
   0x0800581a <+254>:	4649    	mov	r1, r9
   0x0800581c <+256>:	4640    	mov	r0, r8
   0x0800581e <+258>:	f011 fa3d	bl	0x8016c9c <matrixPlay>
   0x08005822 <+262>:	2268    	movs	r2, #104	@ 0x68
   0x08005824 <+264>:	2100    	movs	r1, #0
   0x08005826 <+266>:	a80b    	add	r0, sp, #44	@ 0x2c
   0x08005828 <+268>:	f015 fd79	bl	0x801b31e <memset>
   0x0800582c <+272>:	a80b    	add	r0, sp, #44	@ 0x2c
   0x0800582e <+274>:	f7ff fee7	bl	0x8005600 <matrixGrayscaleWrite>
   0x08005832 <+278>:	2064    	movs	r0, #100	@ 0x64
   0x08005834 <+280>:	2100    	movs	r1, #0
   0x08005836 <+282>:	f011 fa4e	bl	0x8016cd6 <k_sleep>
   0x0800583a <+286>:	f7ff ff2b	bl	0x8005694 <matrixEnd>
   0x0800583e <+290>:	7ba3    	ldrb	r3, [r4, #14]
   0x08005840 <+292>:	071b    	lsls	r3, r3, #28
   0x08005842 <+294>:	d418    	bmi.n	0x8005876 <loader+346>
   0x08005844 <+296>:	7ba5    	ldrb	r5, [r4, #14]
   0x08005846 <+298>:	f015 0502	ands.w	r5, r5, #2
   0x0800584a <+302>:	d018    	beq.n	0x800587e <loader+354>
   0x0800584c <+304>:	4830    	ldr	r0, [pc, #192]	@ (0x8005910 <loader+500>)
   0x0800584e <+306>:	4b31    	ldr	r3, [pc, #196]	@ (0x8005914 <loader+504>)
   0x08005850 <+308>:	6881    	ldr	r1, [r0, #8]
   0x08005852 <+310>:	4798    	blx	r3
   0x08005854 <+312>:	f04f 30ff	mov.w	r0, #4294967295	@ 0xffffffff
   0x08005858 <+316>:	f04f 31ff	mov.w	r1, #4294967295	@ 0xffffffff
   0x0800585c <+320>:	f011 fa3b	bl	0x8016cd6 <k_sleep>
   0x08005860 <+324>:	e7f8    	b.n	0x8005854 <loader+312>
   0x08005862 <+326>:	4631    	mov	r1, r6
   0x08005864 <+328>:	4628    	mov	r0, r5
   0x08005866 <+330>:	f011 fa19	bl	0x8016c9c <matrixPlay>
   0x0800586a <+334>:	e7d2    	b.n	0x8005812 <loader+246>
   0x0800586c <+336>:	f44f 707a	mov.w	r0, #1000	@ 0x3e8
   0x08005870 <+340>:	2100    	movs	r1, #0
   0x08005872 <+342>:	f011 fa30	bl	0x8016cd6 <k_sleep>
   0x08005876 <+346>:	683b    	ldr	r3, [r7, #0]
   0x08005878 <+348>:	2b00    	cmp	r3, #0
   0x0800587a <+350>:	d0f7    	beq.n	0x800586c <loader+336>
   0x0800587c <+352>:	e7e2    	b.n	0x8005844 <loader+296>
   0x0800587e <+354>:	68a6    	ldr	r6, [r4, #8]
   0x08005880 <+356>:	ac0b    	add	r4, sp, #44	@ 0x2c
   0x08005882 <+358>:	4629    	mov	r1, r5
   0x08005884 <+360>:	f44f 720f	mov.w	r2, #572	@ 0x23c
   0x08005888 <+364>:	4620    	mov	r0, r4
   0x0800588a <+366>:	f015 fd48	bl	0x801b31e <memset>
   0x0800588e <+370>:	4b22    	ldr	r3, [pc, #136]	@ (0x8005918 <loader+508>)
   0x08005890 <+372>:	2201    	movs	r2, #1
   0x08005892 <+374>:	930c    	str	r3, [sp, #48]	@ 0x30
   0x08005894 <+376>:	4b21    	ldr	r3, [pc, #132]	@ (0x800591c <loader+512>)
   0x08005896 <+378>:	4620    	mov	r0, r4
   0x08005898 <+380>:	930d    	str	r3, [sp, #52]	@ 0x34
   0x0800589a <+382>:	4b21    	ldr	r3, [pc, #132]	@ (0x8005920 <loader+516>)
   0x0800589c <+384>:	f88d 2040	strb.w	r2, [sp, #64]	@ 0x40
   0x080058a0 <+388>:	930e    	str	r3, [sp, #56]	@ 0x38
   0x080058a2 <+390>:	f04f 6301	mov.w	r3, #135266304	@ 0x8100000
   0x080058a6 <+394>:	e9cd 3697	strd	r3, r6, [sp, #604]	@ 0x25c
   0x080058aa <+398>:	ab04    	add	r3, sp, #16
   0x080058ac <+400>:	e9c3 5500	strd	r5, r5, [r3]
   0x080058b0 <+404>:	609d    	str	r5, [r3, #8]
   0x080058b2 <+406>:	ad02    	add	r5, sp, #8
   0x080058b4 <+408>:	701a    	strb	r2, [r3, #0]
   0x080058b6 <+410>:	491b    	ldr	r1, [pc, #108]	@ (0x8005924 <loader+520>)
   0x080058b8 <+412>:	462a    	mov	r2, r5
   0x080058ba <+414>:	f002 fceb	bl	0x8008294 <llext_load>
   0x080058be <+418>:	4604    	mov	r4, r0
   0x080058c0 <+420>:	b110    	cbz	r0, 0x80058c8 <loader+428>
   0x080058c2 <+422>:	4601    	mov	r1, r0
   0x080058c4 <+424>:	4818    	ldr	r0, [pc, #96]	@ (0x8005928 <loader+524>)
   0x080058c6 <+426>:	e735    	b.n	0x8005734 <loader+24>
   0x080058c8 <+428>:	6828    	ldr	r0, [r5, #0]
   0x080058ca <+430>:	4918    	ldr	r1, [pc, #96]	@ (0x800592c <loader+528>)
   0x080058cc <+432>:	308c    	adds	r0, #140	@ 0x8c
   0x080058ce <+434>:	f002 fcb3	bl	0x8008238 <llext_find_sym>
   0x080058d2 <+438>:	4601    	mov	r1, r0
   0x080058d4 <+440>:	b918    	cbnz	r0, 0x80058de <loader+450>
   0x080058d6 <+442>:	4816    	ldr	r0, [pc, #88]	@ (0x8005930 <loader+532>)
   0x080058d8 <+444>:	f011 fd7c	bl	0x80173d4 <printk>
   0x080058dc <+448>:	e72c    	b.n	0x8005738 <loader+28>
   0x080058de <+450>:	4622    	mov	r2, r4
   0x080058e0 <+452>:	6828    	ldr	r0, [r5, #0]
   0x080058e2 <+454>:	f002 fd39	bl	0x8008358 <llext_bootstrap>
   0x080058e6 <+458>:	e727    	b.n	0x8005738 <loader+28>
   0x080058e8 <+460>:	fd07 0801	stc2	8, cr0, [r7, #-4]
   0x080058ec <+464>:	fd29 0801	stc2	8, cr0, [r9, #-4]!
   0x080058f0 <+468>:	fd47 0801	stc2l	8, cr0, [r7, #-4]
   0x080058f4 <+472>:	6400    	str	r0, [r0, #64]	@ 0x40
   0x080058f6 <+474>:	4003    	ands	r3, r0
   0x080058f8 <+476>:	0000    	movs	r0, r0
   0x080058fa <+478>:	080d    	lsrs	r5, r1, #32
   0x080058fc <+480>:	0010    	movs	r0, r2
   0x080058fe <+482>:	080d    	lsrs	r5, r1, #32
   0x08005900 <+484>:	6528    	str	r0, [r5, #80]	@ 0x50
   0x08005902 <+486>:	0803    	lsrs	r3, r0, #32
   0x08005904 <+488>:	0020    	movs	r0, r4
   0x08005906 <+490>:	0001    	movs	r1, r0
   0x08005908 <+492>:	0010    	movs	r0, r2
   0x0800590a <+494>:	0001    	movs	r1, r0
   0x0800590c <+496>:	4f48    	ldr	r7, [pc, #288]	@ (0x8005a30 <inplace_realloc+244>)
   0x0800590e <+498>:	0802    	lsrs	r2, r0, #32
   0x08005910 <+500>:	112c    	asrs	r4, r5, #4
   0x08005912 <+502>:	2000    	movs	r0, #0
   0x08005914 <+504>:	0011    	movs	r1, r2
   0x08005916 <+506>:	0810    	lsrs	r0, r2, #32
   0x08005918 <+508>:	813f    	strh	r7, [r7, #8]
   0x0800591a <+510>:	0801    	lsrs	r1, r0, #32
   0x0800591c <+512>:	8169    	strh	r1, [r5, #10]
   0x0800591e <+514>:	0801    	lsrs	r1, r0, #32
   0x08005920 <+516>:	817d    	strh	r5, [r7, #10]
   0x08005922 <+518>:	0801    	lsrs	r1, r0, #32
   0x08005924 <+520>:	f84e 0801	str.w	r0, [lr, <undefined>]
   0x08005928 <+524>:	fd5e 0801	ldc2l	8, cr0, [lr, #-4]
   0x0800592c <+528>:	00e7    	lsls	r7, r4, #3
   0x0800592e <+530>:	0802    	lsrs	r2, r0, #32
   0x08005930 <+532>:	fd7c 0801	ldc2l	8, cr0, [r12, #-4]!
   0x08005934 <+536>:	c1d8    	stmia	r1!, {r3, r4, r6, r7}
   0x08005936 <+538>:	0802    	lsrs	r2, r0, #32
   0x08005938 <+540>:	bf8c    	ite	hi
   0x0800593a <+542>:	0801    	lsrhi	r1, r0, #32
End of assembler dump.
$1 = 0x8100000
$2 = 0xc0000
$3 = 0x2000112c
$4 = 0x40000
