LyoKICogQ29weXJpZ2h0IChjKSAyMDIyIERocnV2YSBHb2xlCiAqCiAqIFNQRFgtTGljZW5zZS1J
ZGVudGlmaWVyOiBBcGFjaGUtMi4wCiAqLwoKI2luY2x1ZGUgIkFyZHVpbm8uaCIKI2luY2x1ZGUg
InplcGh5ci9rZXJuZWwuaCIKI2luY2x1ZGUgPGNzdGRpbnQ+CiNpZmRlZiBDT05GSUdfTExFWFQK
I2luY2x1ZGUgPHplcGh5ci9sbGV4dC9zeW1ib2wuaD4KI2VuZGlmCgojaWZkZWYgQ09ORklHX01V
TFRJVEhSRUFESU5HCnZvaWQgc3RhcnRfc3RhdGljX3RocmVhZHMoKTsKI2VuZGlmCgovLyBUaGlz
IGZ1bmN0aW9uIHdpbGwgYmUgb3ZlcndyaXR0ZW4gYnkgbW9zdCB2YXJpYW50cy4Kdm9pZCBfX2F0
dHJpYnV0ZV9fKCh3ZWFrKSkgaW5pdFZhcmlhbnQodm9pZCkgewp9CgovLyBUaGlzIGZ1bmN0aW9u
IGNhbiBiZSBvdmVyd3JpdHRlbiBieSBvbmUgbGlicmFyeS4Kdm9pZCBfX2F0dHJpYnV0ZV9fKCh3
ZWFrKSkgX19sb29wSG9vayh2b2lkKSB7Cn0KCmludCBtYWluKHZvaWQpIHsKI2lmIFpBUkRfQk9B
UkRfSEFTX1NFUklBTFVTQgoJU2VyaWFsVVNCLmJlZ2luKDExNTIwMCk7CiNlbmRpZgoKCWluaXRW
YXJpYW50KCk7CgojaWZkZWYgQ09ORklHX01VTFRJVEhSRUFESU5HCglzdGFydF9zdGF0aWNfdGhy
ZWFkcygpOwojZW5kaWYKCglzZXR1cCgpOwoKCWZvciAoOzspIHsKCQlsb29wKCk7CiNpZiAwIC8v
KERUX05PREVfSEFTX1BST1AoRFRfUEFUSCh6ZXBoeXJfdXNlciksIGNkY19hY20pICYmIENPTkZJ
R19VU0JfQ0RDX0FDTSkgfHwKCSAgLy8gRFRfTk9ERV9IQVNfUFJPUChEVF9QQVRIKHplcGh5cl91
c2VyKSwgc2VyaWFscykKICAgIGlmIChhcmR1aW5vOjpzZXJpYWxFdmVudFJ1bikgYXJkdWlubzo6
c2VyaWFsRXZlbnRSdW4oKTsKI2VuZGlmCgkJX19sb29wSG9vaygpOwoJfQoKCXJldHVybiAwOwp9
CgojaWZkZWYgQ09ORklHX0xMRVhUCkxMX0VYVEVOU0lPTl9TWU1CT0wobWFpbik7CiNlbmRpZgoK
LyogVGhlc2UgbWFnaWMgc3ltYm9scyBhcmUgcHJvdmlkZWQgYnkgdGhlIGxpbmtlci4gICovCmV4
dGVybiB2b2lkICgqX19wcmVpbml0X2FycmF5X3N0YXJ0W10pKHZvaWQpIF9fYXR0cmlidXRlX18o
KHdlYWspKTsKZXh0ZXJuIHZvaWQgKCpfX3ByZWluaXRfYXJyYXlfZW5kW10pKHZvaWQpIF9fYXR0
cmlidXRlX18oKHdlYWspKTsKZXh0ZXJuIHZvaWQgKCpfX2luaXRfYXJyYXlfc3RhcnRbXSkodm9p
ZCkgX19hdHRyaWJ1dGVfXygod2VhaykpOwpleHRlcm4gdm9pZCAoKl9faW5pdF9hcnJheV9lbmRb
XSkodm9pZCkgX19hdHRyaWJ1dGVfXygod2VhaykpOwoKc3RhdGljIHZvaWQgX19saWJjX2luaXRf
YXJyYXkodm9pZCkgewoJc2l6ZV90IGNvdW50OwoJc2l6ZV90IGk7CgoJY291bnQgPSBfX3ByZWlu
aXRfYXJyYXlfZW5kIC0gX19wcmVpbml0X2FycmF5X3N0YXJ0OwoJZm9yIChpID0gMDsgaSA8IGNv
dW50OyBpKyspIHsKCQlfX3ByZWluaXRfYXJyYXlfc3RhcnRbaV0oKTsKCX0KCgljb3VudCA9IF9f
aW5pdF9hcnJheV9lbmQgLSBfX2luaXRfYXJyYXlfc3RhcnQ7Cglmb3IgKGkgPSAwOyBpIDwgY291
bnQ7IGkrKykgewoJCV9faW5pdF9hcnJheV9zdGFydFtpXSgpOwoJfQp9CgpleHRlcm4gIkMiIF9f
YXR0cmlidXRlX18oKHNlY3Rpb24oIi5lbnRyeV9wb2ludCIpLCB1c2VkKSkgdm9pZCBlbnRyeV9w
b2ludChzdHJ1Y3Qga19oZWFwICpzdGFjaywKCQkJCQkJCQkJCQkJCQkJCQkJICAgc2l6ZV90IHN0
YWNrX3NpemUpIHsKCSh2b2lkKXN0YWNrOwoJKHZvaWQpc3RhY2tfc2l6ZTsgLy8gdW51c2VkCgoJ
Ly8gY29weSAuZGF0YSBpbiB0aGUgcmlnaHQgcGxhY2UKCS8vIC5ic3Mgc2hvdWxkIGFscmVhZHkg
YmUgaW4gdGhlIHJpZ2h0IHBsYWNlCgkvLyBjYWxsIGNvbnN0cnVjdG9ycwoJZXh0ZXJuIHVpbnRw
dHJfdCBfc2lkYXRhOwoJZXh0ZXJuIHVpbnRwdHJfdCBfc2RhdGE7CglleHRlcm4gdWludHB0cl90
IF9lZGF0YTsKCWV4dGVybiB1aW50cHRyX3QgX3Nic3M7CglleHRlcm4gdWludHB0cl90IF9lYnNz
OwoJZXh0ZXJuIHVpbnRwdHJfdCBfX2hlYXBfc3RhcnQ7CglleHRlcm4gdWludHB0cl90IF9faGVh
cF9lbmQ7CglleHRlcm4gdWludHB0cl90IGtoZWFwX2xsZXh0X2hlYXA7CglleHRlcm4gdWludHB0
cl90IGtoZWFwX2xsZXh0X2hlYXBfc2l6ZTsKCgkvL19fYXNtIHZvbGF0aWxlICgiY3BzaWUgaSIp
OwoKCXByaW50aygiU3lzdGVtIEhlYXAgZW5kOiAlcFxuIiwgJl9faGVhcF9lbmQpOwoJcHJpbnRr
KCJTeXN0ZW0gSGVhcCBzdGFydDogJXBcbiIsICZfX2hlYXBfc3RhcnQpOwoJcHJpbnRrKCJTa2V0
Y2ggSGVhcCBzdGFydDogJXAsIHNpemUgJXBcbiIsICZraGVhcF9sbGV4dF9oZWFwLCAma2hlYXBf
bGxleHRfaGVhcF9zaXplKTsKCgltZW1jcHkoJl9zZGF0YSwgJl9zaWRhdGEsICgmX2VkYXRhIC0g
Jl9zZGF0YSkgKiBzaXplb2YodWludDMyX3QpKTsKCW1lbXNldCgmX3Nic3MsIDAsICgmX2Vic3Mg
LSAmX3Nic3MpICogc2l6ZW9mKHVpbnQzMl90KSk7CglfX2xpYmNfaW5pdF9hcnJheSgpOwoJbWFp
bigpOwp9Cg==
