Ci8qCiAqIEF1dG9tYXRpY2FsbHkgZ2VuZXJhdGVkIGJ5IGdlbl9wcm92aWRlcy5weSwgZG8gbm90
IGVkaXQhCiAqCiAqIFNvdXJjZTogYnVpbGQvYXJkdWlub191bm9fcV9zdG0zMnU1ODV4eC96ZXBo
eXIvemVwaHlyLmVsZgogKiBTSEEyNTY6IDM5ZDRhNGZkNDcyNDE2NjMzMjNmNmUwNGY5NGRkOGY1
YTlmOWFkNjU4MmNmMWRmMzdmOTcwOWI3NDAyNmFkY2QKICovCgpQUk9WSURFKEhBTF9HZXRUaWNr
ID0gMHgwODAxNzg4ZCk7ClBST1ZJREUoSEFMX1NZU0NGR19EaXNhYmxlVlJFRkJVRiA9IDB4MDgw
MTA0NWQpOwpQUk9WSURFKEhBTF9TWVNDRkdfRW5hYmxlVlJFRkJVRiA9IDB4MDgwMTA0MmQpOwpQ
Uk9WSURFKEhBTF9TWVNDRkdfVlJFRkJVRl9IaWdoSW1wZWRhbmNlQ29uZmlnID0gMHgwODAxMDQx
OSk7ClBST1ZJREUoSEFMX1NZU0NGR19WUkVGQlVGX1ZvbHRhZ2VTY2FsaW5nQ29uZmlnID0gMHgw
ODAxMDQwNSk7ClBST1ZJREUoTExfU2V0Rmxhc2hMYXRlbmN5ID0gMHgwODAxMDQ2ZCk7ClBST1ZJ
REUoU3lzdGVtQ29yZUNsb2NrID0gMHgyMDAwMDQwNCk7ClBST1ZJREUoX0NvbmZpZ0Fic1N5bXMg
PSAweDA4MDE3ODhiKTsKUFJPVklERShfT2Zmc2V0QWJzU3ltcyA9IDB4MDgwMTZjNmQpOwpQUk9W
SURFKF9fYWRkZGYzID0gMHgwODAwMDI2OSk7ClBST1ZJREUoX19hZGRzZjMgPSAweDA4MDAwYzcx
KTsKUFJPVklERShfX2FlYWJpX2NkY21wZXEgPSAweDA4MDAwYTk1KTsKUFJPVklERShfX2FlYWJp
X2NkY21wbGUgPSAweDA4MDAwYTk1KTsKUFJPVklERShfX2FlYWJpX2NkcmNtcGxlID0gMHgwODAw
MGE4NSk7ClBST1ZJREUoX19hZWFiaV9jZmNtcGVxID0gMHgwODAwMTE5OSk7ClBST1ZJREUoX19h
ZWFiaV9jZmNtcGxlID0gMHgwODAwMTE5OSk7ClBST1ZJREUoX19hZWFiaV9jZnJjbXBsZSA9IDB4
MDgwMDExOTEpOwpQUk9WSURFKF9fYWVhYmlfZDJmID0gMHgwODAwMGJjNSk7ClBST1ZJREUoX19h
ZWFiaV9kMml6ID0gMHgwODAwMGIzNSk7ClBST1ZJREUoX19hZWFiaV9kMmx6ID0gMHgwODAwMTQy
Yik7ClBST1ZJREUoX19hZWFiaV9kMnVpeiA9IDB4MDgwMDBiODUpOwpQUk9WSURFKF9fYWVhYmlf
ZDJ1bHogPSAweDA4MDAxMzk1KTsKUFJPVklERShfX2FlYWJpX2RhZGQgPSAweDA4MDAwMjY5KTsK
UFJPVklERShfX2FlYWJpX2RjbXBlcSA9IDB4MDgwMDBhYTUpOwpQUk9WSURFKF9fYWVhYmlfZGNt
cGdlID0gMHgwODAwMGFlMSk7ClBST1ZJREUoX19hZWFiaV9kY21wZ3QgPSAweDA4MDAwYWY1KTsK
UFJPVklERShfX2FlYWJpX2RjbXBsZSA9IDB4MDgwMDBhY2QpOwpQUk9WSURFKF9fYWVhYmlfZGNt
cGx0ID0gMHgwODAwMGFiOSk7ClBST1ZJREUoX19hZWFiaV9kY21wdW4gPSAweDA4MDAwYjA5KTsK
UFJPVklERShfX2FlYWJpX2RkaXYgPSAweDA4MDAwODI5KTsKUFJPVklERShfX2FlYWJpX2RtdWwg
PSAweDA4MDAwNWQ1KTsKUFJPVklERShfX2FlYWJpX2Ryc3ViID0gMHgwODAwMDI1ZCk7ClBST1ZJ
REUoX19hZWFiaV9kc3ViID0gMHgwODAwMDI2NSk7ClBST1ZJREUoX19hZWFiaV9mMmQgPSAweDA4
MDAwNTI1KTsKUFJPVklERShfX2FlYWJpX2YyaXogPSAweDA4MDAxMjM5KTsKUFJPVklERShfX2Fl
YWJpX2YydWl6ID0gMHgwODAwMTI4NSk7ClBST1ZJREUoX19hZWFiaV9mYWRkID0gMHgwODAwMGM3
MSk7ClBST1ZJREUoX19hZWFiaV9mY21wZXEgPSAweDA4MDAxMWE5KTsKUFJPVklERShfX2FlYWJp
X2ZjbXBnZSA9IDB4MDgwMDExZTUpOwpQUk9WSURFKF9fYWVhYmlfZmNtcGd0ID0gMHgwODAwMTFm
OSk7ClBST1ZJREUoX19hZWFiaV9mY21wbGUgPSAweDA4MDAxMWQxKTsKUFJPVklERShfX2FlYWJp
X2ZjbXBsdCA9IDB4MDgwMDExYmQpOwpQUk9WSURFKF9fYWVhYmlfZmNtcHVuID0gMHgwODAwMTIw
ZCk7ClBST1ZJREUoX19hZWFiaV9mZGl2ID0gMHgwODAwMGZlOSk7ClBST1ZJREUoX19hZWFiaV9m
bXVsID0gMHgwODAwMGU4MSk7ClBST1ZJREUoX19hZWFiaV9mcnN1YiA9IDB4MDgwMDBjNjUpOwpQ
Uk9WSURFKF9fYWVhYmlfZnN1YiA9IDB4MDgwMDBjNmQpOwpQUk9WSURFKF9fYWVhYmlfaTJkID0g
MHgwODAwMDUwMSk7ClBST1ZJREUoX19hZWFiaV9pMmYgPSAweDA4MDAwZGQ5KTsKUFJPVklERShf
X2FlYWJpX2lkaXYgPSAweDA4MDAwMjJkKTsKUFJPVklERShfX2FlYWJpX2lkaXZtb2QgPSAweDA4
MDAwMjQ5KTsKUFJPVklERShfX2FlYWJpX2wyZCA9IDB4MDgwMDA1NzkpOwpQUk9WSURFKF9fYWVh
YmlfbDJmID0gMHgwODAwMGUwNSk7ClBST1ZJREUoX19hZWFiaV9sZGl2bW9kID0gMHgwODAwMTJj
NSk7ClBST1ZJREUoX19hZWFiaV9yZWFkX3RwID0gMHgwODAwN2YzMSk7ClBST1ZJREUoX19hZWFi
aV91aTJkID0gMHgwODAwMDRlMSk7ClBST1ZJREUoX19hZWFiaV91aTJmID0gMHgwODAwMGRkMSk7
ClBST1ZJREUoX19hZWFiaV91aWRpdiA9IDB4MDgwMDAyMDkpOwpQUk9WSURFKF9fYWVhYmlfdWlk
aXZtb2QgPSAweDA4MDAwMjFkKTsKUFJPVklERShfX2FlYWJpX3VsMmQgPSAweDA4MDAwNTY5KTsK
UFJPVklERShfX2FlYWJpX3VsMmYgPSAweDA4MDAwZGY1KTsKUFJPVklERShfX2FlYWJpX3VsZGl2
bW9kID0gMHgwODAwMTM2NSk7ClBST1ZJREUoX19hc3NlcnRfbm9fYXJncyA9IDB4MDgwMTdmNjEp
OwpQUk9WSURFKF9fYXRvZF9lbmdpbmUgPSAweDA4MDAxY2ExKTsKUFJPVklERShfX2F0b2ZfZW5n
aW5lID0gMHgwODAxYjdiOSk7ClBST1ZJREUoX19jZWlsX2xvZzJwb3c1ID0gMHgwODAxNGNhNSk7
ClBST1ZJREUoX19jbXBkZjIgPSAweDA4MDAwYTA5KTsKUFJPVklERShfX2NtcHNmMiA9IDB4MDgw
MDExMzEpOwpQUk9WSURFKF9fY3hhX3B1cmVfdmlydHVhbCA9IDB4MDgwMTZjZTUpOwpQUk9WSURF
KF9fZF92ZnByaW50ZiA9IDB4MDgwMTM1NzkpOwpQUk9WSURFKF9fZF92ZnNjYW5mID0gMHgwODAx
M2VjMSk7ClBST1ZJREUoX19kZXZpY2VfZHRzX29yZF8xMDAgPSAweDA4MDFjM2EwKTsKUFJPVklE
RShfX2RldmljZV9kdHNfb3JkXzEwNSA9IDB4MDgwMWMzN2MpOwpQUk9WSURFKF9fZGV2aWNlX2R0
c19vcmRfMTA5ID0gMHgwODAxYzM1OCk7ClBST1ZJREUoX19kZXZpY2VfZHRzX29yZF8xMTQgPSAw
eDA4MDFjMzM0KTsKUFJPVklERShfX2RldmljZV9kdHNfb3JkXzEyMCA9IDB4MDgwMWMzYzQpOwpQ
Uk9WSURFKF9fZGV2aWNlX2R0c19vcmRfMTIzID0gMHgwODAxYzMxMCk7ClBST1ZJREUoX19kZXZp
Y2VfZHRzX29yZF8xNDkgPSAweDA4MDFjMGQwKTsKUFJPVklERShfX2RldmljZV9kdHNfb3JkXzE1
NCA9IDB4MDgwMWMwODgpOwpQUk9WSURFKF9fZGV2aWNlX2R0c19vcmRfMTU1ID0gMHgwODAxYzFm
MCk7ClBST1ZJREUoX19kZXZpY2VfZHRzX29yZF8xNjAgPSAweDA4MDFjMGY0KTsKUFJPVklERShf
X2RldmljZV9kdHNfb3JkXzE2MSA9IDB4MDgwMWMxMTgpOwpQUk9WSURFKF9fZGV2aWNlX2R0c19v
cmRfMTYyID0gMHgwODAxYzBhYyk7ClBST1ZJREUoX19kZXZpY2VfZHRzX29yZF8xNyA9IDB4MDgw
MWMyMzgpOwpQUk9WSURFKF9fZGV2aWNlX2R0c19vcmRfMTggPSAweDA4MDFjMjgwKTsKUFJPVklE
RShfX2RldmljZV9kdHNfb3JkXzIzMCA9IDB4MDgwMWMxY2MpOwpQUk9WSURFKF9fZGV2aWNlX2R0
c19vcmRfMjMzID0gMHgwODAxYzFhOCk7ClBST1ZJREUoX19kZXZpY2VfZHRzX29yZF8zMCA9IDB4
MDgwMWMyZWMpOwpQUk9WSURFKF9fZGV2aWNlX2R0c19vcmRfMzQgPSAweDA4MDFjMmM4KTsKUFJP
VklERShfX2RldmljZV9kdHNfb3JkXzQwID0gMHgwODAxYzJhNCk7ClBST1ZJREUoX19kZXZpY2Vf
ZHRzX29yZF81NCA9IDB4MDgwMWMyMTQpOwpQUk9WSURFKF9fZGV2aWNlX2R0c19vcmRfNjEgPSAw
eDA4MDFjNDMwKTsKUFJPVklERShfX2RldmljZV9kdHNfb3JkXzY0ID0gMHgwODAxYzI1Yyk7ClBS
T1ZJREUoX19kZXZpY2VfZHRzX29yZF82NSA9IDB4MDgwMWJmYjApOwpQUk9WSURFKF9fZGV2aWNl
X2R0c19vcmRfNjYgPSAweDA4MDFiZjQ0KTsKUFJPVklERShfX2RldmljZV9kdHNfb3JkXzY5ID0g
MHgwODAxYmYyMCk7ClBST1ZJREUoX19kZXZpY2VfZHRzX29yZF83MCA9IDB4MDgwMWMxNjApOwpQ
Uk9WSURFKF9fZGV2aWNlX2R0c19vcmRfNzMgPSAweDA4MDFjMTg0KTsKUFJPVklERShfX2Rldmlj
ZV9kdHNfb3JkXzc4ID0gMHgwODAxYzEzYyk7ClBST1ZJREUoX19kZXZpY2VfZHRzX29yZF84MyA9
IDB4MDgwMWM0MGMpOwpQUk9WSURFKF9fZGV2aWNlX2R0c19vcmRfODggPSAweDA4MDFjM2U4KTsK
UFJPVklERShfX2RldmljZV9kdHNfb3JkXzg5ID0gMHgwODAxYzA2NCk7ClBST1ZJREUoX19kZXZp
Y2VfZHRzX29yZF85ID0gMHgwODAxYmVmYyk7ClBST1ZJREUoX19kZXZpY2VfZHRzX29yZF85MCA9
IDB4MDgwMWMwNDApOwpQUk9WSURFKF9fZGV2aWNlX2R0c19vcmRfOTEgPSAweDA4MDFjMDFjKTsK
UFJPVklERShfX2RldmljZV9kdHNfb3JkXzkyID0gMHgwODAxYmZmOCk7ClBST1ZJREUoX19kZXZp
Y2VfZHRzX29yZF85MyA9IDB4MDgwMWJmZDQpOwpQUk9WSURFKF9fZGV2aWNlX2R0c19vcmRfOTQg
PSAweDA4MDFiZjhjKTsKUFJPVklERShfX2RldmljZV9kdHNfb3JkXzk1ID0gMHgwODAxYmY2OCk7
ClBST1ZJREUoX19kaXZkZjMgPSAweDA4MDAwODI5KTsKUFJPVklERShfX2RpdnNmMyA9IDB4MDgw
MDBmZTkpOwpQUk9WSURFKF9fZGl2c2kzID0gMHgwODAwMDIyZCk7ClBST1ZJREUoX19kb3VibGVf
Y29tcHV0ZUludlBvdzUgPSAweDA4MDE0ZGQ5KTsKUFJPVklERShfX2RvdWJsZV9jb21wdXRlUG93
NSA9IDB4MDgwMTRjZjUpOwpQUk9WSURFKF9fZHRvYV9lbmdpbmUgPSAweDA4MDE0ODAxKTsKUFJP
VklERShfX2R0b3hfZW5naW5lID0gMHgwODAxYmI4Nyk7ClBST1ZJREUoX19lcWRmMiA9IDB4MDgw
MDBhMDkpOwpQUk9WSURFKF9fZXFzZjIgPSAweDA4MDAxMTMxKTsKUFJPVklERShfX2V4dGVuZHNm
ZGYyID0gMHgwODAwMDUyNSk7ClBST1ZJREUoX19maWxlX3N0cl9nZXQgPSAweDA4MDFiY2RiKTsK
UFJPVklERShfX2ZpbGVfc3RyX3B1dCA9IDB4MDgwMWJjZWYpOwpQUk9WSURFKF9fZml4ZGZkaSA9
IDB4MDgwMDE0MmIpOwpQUk9WSURFKF9fZml4ZGZzaSA9IDB4MDgwMDBiMzUpOwpQUk9WSURFKF9f
Zml4c2ZzaSA9IDB4MDgwMDEyMzkpOwpQUk9WSURFKF9fZml4dW5zZGZkaSA9IDB4MDgwMDEzOTUp
OwpQUk9WSURFKF9fZml4dW5zZGZzaSA9IDB4MDgwMDBiODUpOwpQUk9WSURFKF9fZml4dW5zc2Zz
aSA9IDB4MDgwMDEyODUpOwpQUk9WSURFKF9fZmxvYXRkaWRmID0gMHgwODAwMDU3OSk7ClBST1ZJ
REUoX19mbG9hdGRpc2YgPSAweDA4MDAwZTA1KTsKUFJPVklERShfX2Zsb2F0c2lkZiA9IDB4MDgw
MDA1MDEpOwpQUk9WSURFKF9fZmxvYXRzaXNmID0gMHgwODAwMGRkOSk7ClBST1ZJREUoX19mbG9h
dHVuZGlkZiA9IDB4MDgwMDA1NjkpOwpQUk9WSURFKF9fZmxvYXR1bmRpc2YgPSAweDA4MDAwZGY1
KTsKUFJPVklERShfX2Zsb2F0dW5zaWRmID0gMHgwODAwMDRlMSk7ClBST1ZJREUoX19mbG9hdHVu
c2lzZiA9IDB4MDgwMDBkZDEpOwpQUk9WSURFKF9fZnBjbGFzc2lmeWQgPSAweDA4MDE1ZDkxKTsK
UFJPVklERShfX2ZwY2xhc3NpZnlsID0gMHgwODAxNWQ5MSk7ClBST1ZJREUoX19nZWRmMiA9IDB4
MDgwMDA5ZjkpOwpQUk9WSURFKF9fZ2VzZjIgPSAweDA4MDAxMTIxKTsKUFJPVklERShfX2dldHR6
aW5mbyA9IDB4MDgwMTYzMWQpOwpQUk9WSURFKF9fZ3RkZjIgPSAweDA4MDAwOWY5KTsKUFJPVklE
RShfX2d0c2YyID0gMHgwODAwMTEyMSk7ClBST1ZJREUoX19pc2luZmQgPSAweDA4MDFiYjIxKTsK
UFJPVklERShfX2lzaW5mbCA9IDB4MDgwMWJiMjEpOwpQUk9WSURFKF9faXNuYW5kID0gMHgwODAx
YmI0Yik7ClBST1ZJREUoX19pc25hbmYgPSAweDA4MDFiZDU5KTsKUFJPVklERShfX2lzbmFubCA9
IDB4MDgwMWJiNGIpOwpQUk9WSURFKF9fa2VybmVsX2NvcyA9IDB4MDgwMDQ2NzkpOwpQUk9WSURF
KF9fa2VybmVsX2Nvc2YgPSAweDA4MDE2MzI1KTsKUFJPVklERShfX2tlcm5lbF9yZW1fcGlvMiA9
IDB4MDgwMDQ3ZjkpOwpQUk9WSURFKF9fa2VybmVsX3JlbV9waW8yZiA9IDB4MDgwMTYzZDUpOwpQ
Uk9WSURFKF9fa2VybmVsX3NpbiA9IDB4MDgwMDRlOTkpOwpQUk9WSURFKF9fa2VybmVsX3NpbmYg
PSAweDA4MDE2OGE1KTsKUFJPVklERShfX2tlcm5lbF90YW4gPSAweDA4MDA1MDA5KTsKUFJPVklE
RShfX2tlcm5lbF90YW5mID0gMHgwODAxNjkzNSk7ClBST1ZJREUoX19sZWRmMiA9IDB4MDgwMDBh
MDEpOwpQUk9WSURFKF9fbGVzZjIgPSAweDA4MDAxMTI5KTsKUFJPVklERShfX2xpYmNfZmluaV9h
cnJheSA9IDB4MDgwMTVlMzUpOwpQUk9WSURFKF9fbG9nMTBQb3cyID0gMHgwODAxNGM4MSk7ClBS
T1ZJREUoX19sb2cxMFBvdzUgPSAweDA4MDE0YzhkKTsKUFJPVklERShfX2xvZzJwb3c1ID0gMHgw
ODAxNGM5OSk7ClBST1ZJREUoX19sdGRmMiA9IDB4MDgwMDBhMDEpOwpQUk9WSURFKF9fbHRzZjIg
PSAweDA4MDAxMTI5KTsKUFJPVklERShfX21hdGhfZGl2emVybyA9IDB4MDgwMDQ2NDEpOwpQUk9W
SURFKF9fbWF0aF9kaXZ6ZXJvZiA9IDB4MDgwMTVkZjEpOwpQUk9WSURFKF9fbWF0aF9pbmV4YWN0
ZiA9IDB4MDgwMTVkZDUpOwpQUk9WSURFKF9fbWF0aF9pbnZhbGlkID0gMHgwODAwNDY2MSk7ClBS
T1ZJREUoX19tYXRoX2ludmFsaWRmID0gMHgwODAxNWUwZCk7ClBST1ZJREUoX19tYXRoX29mbG93
ID0gMHgwODAwNDYyMSk7ClBST1ZJREUoX19tYXRoX29mbG93ZiA9IDB4MDgwMTZiOTUpOwpQUk9W
SURFKF9fbWF0aF91ZmxvdyA9IDB4MDgwMDQ2MDEpOwpQUk9WSURFKF9fbWF0aF91Zmxvd2YgPSAw
eDA4MDE2Yjc5KTsKUFJPVklERShfX211bFBvdzVJbnZEaXZQb3cyID0gMHgwODAxYmE2OSk7ClBS
T1ZJREUoX19tdWxQb3c1ZGl2UG93MiA9IDB4MDgwMWJhOGYpOwpQUk9WSURFKF9fbXVsZGYzID0g
MHgwODAwMDVkNSk7ClBST1ZJREUoX19tdWxzZjMgPSAweDA4MDAwZTgxKTsKUFJPVklERShfX25l
ZGYyID0gMHgwODAwMGEwOSk7ClBST1ZJREUoX19uZXNmMiA9IDB4MDgwMDExMzEpOwpQUk9WSURF
KF9fcG9wY291bnRzaTIgPSAweDA4MDAxNDA1KTsKUFJPVklERShfX3BvdzVGYWN0b3IgPSAweDA4
MDE0Y2M1KTsKUFJPVklERShfX3BvdzViaXRzID0gMHgwODAxNGNiNSk7ClBST1ZJREUoX19wcmlu
dGtfaG9va19pbnN0YWxsID0gMHgwODAwNjNkMSk7ClBST1ZJREUoX19yZWFsX19fYWVhYmlfZDJm
ID0gMHgwODAwMGJjNSk7ClBST1ZJREUoX19yZWFsX19fYWVhYmlfZDJpeiA9IDB4MDgwMDBiMzUp
OwpQUk9WSURFKF9fcmVhbF9fX2FlYWJpX2QybHogPSAweDA4MDAxNDJiKTsKUFJPVklERShfX3Jl
YWxfX19hZWFiaV9kMnVpeiA9IDB4MDgwMDBiODUpOwpQUk9WSURFKF9fcmVhbF9fX2FlYWJpX2Rh
ZGQgPSAweDA4MDAwMjY5KTsKUFJPVklERShfX3JlYWxfX19hZWFiaV9kY21wZXEgPSAweDA4MDAw
YWE1KTsKUFJPVklERShfX3JlYWxfX19hZWFiaV9kY21wZ2UgPSAweDA4MDAwYWUxKTsKUFJPVklE
RShfX3JlYWxfX19hZWFiaV9kY21wZ3QgPSAweDA4MDAwYWY1KTsKUFJPVklERShfX3JlYWxfX19h
ZWFiaV9kY21wbGUgPSAweDA4MDAwYWNkKTsKUFJPVklERShfX3JlYWxfX19hZWFiaV9kY21wbHQg
PSAweDA4MDAwYWI5KTsKUFJPVklERShfX3JlYWxfX19hZWFiaV9kY21wdW4gPSAweDA4MDAwYjA5
KTsKUFJPVklERShfX3JlYWxfX19hZWFiaV9kZGl2ID0gMHgwODAwMDgyOSk7ClBST1ZJREUoX19y
ZWFsX19fYWVhYmlfZG11bCA9IDB4MDgwMDA1ZDUpOwpQUk9WSURFKF9fcmVhbF9fX2FlYWJpX2Rz
dWIgPSAweDA4MDAwMjY1KTsKUFJPVklERShfX3JlYWxfX19hZWFiaV9mMmQgPSAweDA4MDAwNTI1
KTsKUFJPVklERShfX3JlYWxfX19hZWFiaV9mMml6ID0gMHgwODAwMTIzOSk7ClBST1ZJREUoX19y
ZWFsX19fYWVhYmlfZjJ1aXogPSAweDA4MDAxMjg1KTsKUFJPVklERShfX3JlYWxfX19hZWFiaV9m
YWRkID0gMHgwODAwMGM3MSk7ClBST1ZJREUoX19yZWFsX19fYWVhYmlfZmNtcGVxID0gMHgwODAw
MTFhOSk7ClBST1ZJREUoX19yZWFsX19fYWVhYmlfZmNtcGdlID0gMHgwODAwMTFlNSk7ClBST1ZJ
REUoX19yZWFsX19fYWVhYmlfZmNtcGd0ID0gMHgwODAwMTFmOSk7ClBST1ZJREUoX19yZWFsX19f
YWVhYmlfZmNtcGxlID0gMHgwODAwMTFkMSk7ClBST1ZJREUoX19yZWFsX19fYWVhYmlfZmNtcGx0
ID0gMHgwODAwMTFiZCk7ClBST1ZJREUoX19yZWFsX19fYWVhYmlfZmNtcHVuID0gMHgwODAwMTIw
ZCk7ClBST1ZJREUoX19yZWFsX19fYWVhYmlfZmRpdiA9IDB4MDgwMDBmZTkpOwpQUk9WSURFKF9f
cmVhbF9fX2FlYWJpX2ZtdWwgPSAweDA4MDAwZTgxKTsKUFJPVklERShfX3JlYWxfX19hZWFiaV9m
c3ViID0gMHgwODAwMGM2ZCk7ClBST1ZJREUoX19yZWFsX19fYWVhYmlfaTJkID0gMHgwODAwMDUw
MSk7ClBST1ZJREUoX19yZWFsX19fYWVhYmlfaTJmID0gMHgwODAwMGRkOSk7ClBST1ZJREUoX19y
ZWFsX19fYWVhYmlfaWRpdiA9IDB4MDgwMDAyMmQpOwpQUk9WSURFKF9fcmVhbF9fX2FlYWJpX2lk
aXZtb2QgPSAweDA4MDAwMjQ5KTsKUFJPVklERShfX3JlYWxfX19hZWFiaV9sMmQgPSAweDA4MDAw
NTc5KTsKUFJPVklERShfX3JlYWxfX19hZWFiaV9sMmYgPSAweDA4MDAwZTA1KTsKUFJPVklERShf
X3JlYWxfX19hZWFiaV9sZGl2bW9kID0gMHgwODAwMTJjNSk7ClBST1ZJREUoX19yZWFsX19fYWVh
YmlfcmVhZF90cCA9IDB4MDgwMDdmMzEpOwpQUk9WSURFKF9fcmVhbF9fX2FlYWJpX3VpMmQgPSAw
eDA4MDAwNGUxKTsKUFJPVklERShfX3JlYWxfX19hZWFiaV91aTJmID0gMHgwODAwMGRkMSk7ClBS
T1ZJREUoX19yZWFsX19fYWVhYmlfdWlkaXYgPSAweDA4MDAwMjA5KTsKUFJPVklERShfX3JlYWxf
X19hZWFiaV91aWRpdm1vZCA9IDB4MDgwMDAyMWQpOwpQUk9WSURFKF9fcmVhbF9fX2FlYWJpX3Vs
MmQgPSAweDA4MDAwNTY5KTsKUFJPVklERShfX3JlYWxfX19hZWFiaV91bDJmID0gMHgwODAwMGRm
NSk7ClBST1ZJREUoX19yZWFsX19fYWVhYmlfdWxkaXZtb2QgPSAweDA4MDAxMzY1KTsKUFJPVklE
RShfX3JlYWxfX194cGdfc3RyZXJyb3JfciA9IDB4MDgwMWI2MWQpOwpQUk9WSURFKF9fcmVhbF9f
ZXhpdCA9IDB4MDgwMDdmNzUpOwpQUk9WSURFKF9fcmVhbF9hYm9ydCA9IDB4MDgwMDdmYWQpOwpQ
Uk9WSURFKF9fcmVhbF9hY29zID0gMHgwODAwMWU2OSk7ClBST1ZJREUoX19yZWFsX2Fjb3NmID0g
MHgwODAxNTI5MSk7ClBST1ZJREUoX19yZWFsX2FzaW4gPSAweDA4MDAyMzE5KTsKUFJPVklERShf
X3JlYWxfYXNpbmYgPSAweDA4MDE1NDY5KTsKUFJPVklERShfX3JlYWxfYXRhbiA9IDB4MDgwMDI3
MDEpOwpQUk9WSURFKF9fcmVhbF9hdGFuMiA9IDB4MDgwMDJhMTkpOwpQUk9WSURFKF9fcmVhbF9h
dGFuMmYgPSAweDA4MDE1N2MxKTsKUFJPVklERShfX3JlYWxfYXRhbmYgPSAweDA4MDE1NjI5KTsK
UFJPVklERShfX3JlYWxfYXRleGl0ID0gMHgwODAxYjQxNSk7ClBST1ZJREUoX19yZWFsX2F0b2Yg
PSAweDA4MDFiM2VmKTsKUFJPVklERShfX3JlYWxfYXRvaSA9IDB4MDgwMWIzZjUpOwpQUk9WSURF
KF9fcmVhbF9hdG9sID0gMHgwODAxYjNmZCk7ClBST1ZJREUoX19yZWFsX2NhbGxvYyA9IDB4MDgw
MDgwOTUpOwpQUk9WSURFKF9fcmVhbF9jb3MgPSAweDA4MDAyYzA5KTsKUFJPVklERShfX3JlYWxf
Y29zZiA9IDB4MDgwMTU5M2QpOwpQUk9WSURFKF9fcmVhbF9leGl0ID0gMHgwODAxYjQxZik7ClBS
T1ZJREUoX19yZWFsX2V4cCA9IDB4MDgwMDJjOTkpOwpQUk9WSURFKF9fcmVhbF9leHAyID0gMHgw
ODAwMmZhOSk7ClBST1ZJREUoX19yZWFsX2Ztb2QgPSAweDA4MDE1MDRkKTsKUFJPVklERShfX3Jl
YWxfZnJlZSA9IDB4MDgwMDgwNzkpOwpQUk9WSURFKF9fcmVhbF9pc2FsbnVtID0gMHgwODAxYjMy
Zik7ClBST1ZJREUoX19yZWFsX2lzYWxwaGEgPSAweDA4MDFiMzQ5KTsKUFJPVklERShfX3JlYWxf
aXNjbnRybCA9IDB4MDgwMWIzNTkpOwpQUk9WSURFKF9fcmVhbF9pc2RpZ2l0ID0gMHgwODAxYjM2
Yik7ClBST1ZJREUoX19yZWFsX2lzZ3JhcGggPSAweDA4MDFiMzc3KTsKUFJPVklERShfX3JlYWxf
aXNsb3dlciA9IDB4MDgwMWIzODMpOwpQUk9WSURFKF9fcmVhbF9pc3ByaW50ID0gMHgwODAxYjM4
Zik7ClBST1ZJREUoX19yZWFsX2lzc3BhY2UgPSAweDA4MDFiMzliKTsKUFJPVklERShfX3JlYWxf
aXN1cHBlciA9IDB4MDgwMWIzYWYpOwpQUk9WSURFKF9fcmVhbF9pc3hkaWdpdCA9IDB4MDgwMWIz
YmIpOwpQUk9WSURFKF9fcmVhbF9sZGV4cCA9IDB4MDgwMTVjZDkpOwpQUk9WSURFKF9fcmVhbF9s
b2cgPSAweDA4MDAyZmMxKTsKUFJPVklERShfX3JlYWxfbG9nMTAgPSAweDA4MDAzMzIxKTsKUFJP
VklERShfX3JlYWxfbG9nMiA9IDB4MDgwMDQ1ZDkpOwpQUk9WSURFKF9fcmVhbF9sb2dmID0gMHgw
ODAwNDNkOSk7ClBST1ZJREUoX19yZWFsX21hbGxvYyA9IDB4MDgwMDgwMGQpOwpQUk9WSURFKF9f
cmVhbF9tZW1jaHIgPSAweDA4MDFiMmI3KTsKUFJPVklERShfX3JlYWxfbWVtY21wID0gMHgwODAx
YjQyZCk7ClBST1ZJREUoX19yZWFsX21lbWNweSA9IDB4MDgwMWIyZDMpOwpQUk9WSURFKF9fcmVh
bF9tZW1tZW0gPSAweDA4MDFiNDRkKTsKUFJPVklERShfX3JlYWxfbWVtbW92ZSA9IDB4MDgwMWIy
ZWQpOwpQUk9WSURFKF9fcmVhbF9tZW1zZXQgPSAweDA4MDFiMzFmKTsKUFJPVklERShfX3JlYWxf
cG93ID0gMHgwODAwMzQyMSk7ClBST1ZJREUoX19yZWFsX3B1dGNoYXIgPSAweDA4MDEzMWQ1KTsK
UFJPVklERShfX3JlYWxfcHV0cyA9IDB4MDgwMTMxZTEpOwpQUk9WSURFKF9fcmVhbF9yYW5kID0g
MHgwODAxYjQwNSk7ClBST1ZJREUoX19yZWFsX3JlYWxsb2MgPSAweDA4MDA4MDQxKTsKUFJPVklE
RShfX3JlYWxfc2luID0gMHgwODAwNDJlMSk7ClBST1ZJREUoX19yZWFsX3NpbmYgPSAweDA4MDE1
YzA1KTsKUFJPVklERShfX3JlYWxfc3FydCA9IDB4MDgwMTRlZDEpOwpQUk9WSURFKF9fcmVhbF9z
cXJ0ZiA9IDB4MDgwMWJiMWIpOwpQUk9WSURFKF9fcmVhbF9zcmFuZCA9IDB4MDgwMWI0MTEpOwpQ
Uk9WSURFKF9fcmVhbF9zdHJjYXNlY21wID0gMHgwODAxYjQ4ZCk7ClBST1ZJREUoX19yZWFsX3N0
cmNhdCA9IDB4MDgwMWI0YmIpOwpQUk9WSURFKF9fcmVhbF9zdHJjaHIgPSAweDA4MDFiNGQ5KTsK
UFJPVklERShfX3JlYWxfc3RyY21wID0gMHgwODAwMTNkMSk7ClBST1ZJREUoX19yZWFsX3N0cmNw
eSA9IDB4MDgwMDEzZTUpOwpQUk9WSURFKF9fcmVhbF9zdHJkdXAgPSAweDA4MDFiNGYzKTsKUFJP
VklERShfX3JlYWxfc3RybGVuID0gMHgwODAwMTNmNSk7ClBST1ZJREUoX19yZWFsX3N0cm5jbXAg
PSAweDA4MDFiNTEzKTsKUFJPVklERShfX3JlYWxfc3RybmNweSA9IDB4MDgwMWI1MzcpOwpQUk9W
SURFKF9fcmVhbF9zdHJubGVuID0gMHgwODAxYjU1ZCk7ClBST1ZJREUoX19yZWFsX3N0cnJjaHIg
PSAweDA4MDFiNTc1KTsKUFJPVklERShfX3JlYWxfc3Ryc3RyID0gMHgwODAxYjVhMSk7ClBST1ZJ
REUoX19yZWFsX3N0cnRvZCA9IDB4MDgwMDE5MTEpOwpQUk9WSURFKF9fcmVhbF9zdHJ0b2sgPSAw
eDA4MDEyNzQ5KTsKUFJPVklERShfX3JlYWxfc3RydG9sID0gMHgwODAxMzJhOSk7ClBST1ZJREUo
X19yZWFsX3N0cnRvdWwgPSAweDA4MDEzMzkxKTsKUFJPVklERShfX3JlYWxfdGFuID0gMHgwODAw
NDM3MSk7ClBST1ZJREUoX19yZWFsX3RhbmYgPSAweDA4MDE1YzdkKTsKUFJPVklERShfX3JlYWxf
dG9sb3dlciA9IDB4MDgwMWIzZDcpOwpQUk9WSURFKF9fcmVhbF90b3VwcGVyID0gMHgwODAxYjNl
Myk7ClBST1ZJREUoX19yZWFsX3ZwcmludGYgPSAweDA4MDE0NzBkKTsKUFJPVklERShfX3JlYWxf
dnNucHJpbnRmID0gMHgwODAxNDcxZCk7ClBST1ZJREUoX19yZWFsX3ZzcHJpbnRmID0gMHgwODAx
NDc2OSk7ClBST1ZJREUoX19yZWFsX3Zzc2NhbmYgPSAweDA4MDE0N2E1KTsKUFJPVklERShfX3Jl
bV9waW8yID0gMHgwODAwM2VlOSk7ClBST1ZJREUoX19yZW1fcGlvMmYgPSAweDA4MDE1OWIxKTsK
UFJPVklERShfX3JldGFyZ2V0X2xvY2tfYWNxdWlyZV9yZWN1cnNpdmUgPSAweDA4MDE3ZjczKTsK
UFJPVklERShfX3JldGFyZ2V0X2xvY2tfcmVsZWFzZV9yZWN1cnNpdmUgPSAweDA4MDE3ZjdmKTsK
UFJPVklERShfX3NoaWZ0cmlnaHQxMjggPSAweDA4MDFiYWRkKTsKUFJPVklERShfX3N0YXJ0ID0g
MHgwODAwN2JkZCk7ClBST1ZJREUoX19zdGRvdXRfaG9va19pbnN0YWxsID0gMHgwODAwN2Y5NSk7
ClBST1ZJREUoX19zdHJ0b2tfciA9IDB4MDgwMWI1Y2QpOwpQUk9WSURFKF9fc3ViZGYzID0gMHgw
ODAwMDI2NSk7ClBST1ZJREUoX19zdWJzZjMgPSAweDA4MDAwYzZkKTsKUFJPVklERShfX3RydW5j
ZGZzZjIgPSAweDA4MDAwYmM1KTsKUFJPVklERShfX3R6Y2FsY19saW1pdHMgPSAweDA4MDEyYzY1
KTsKUFJPVklERShfX3VkaXZtb2RkaTQgPSAweDA4MDAxNDU5KTsKUFJPVklERShfX3VkaXZzaTMg
PSAweDA4MDAwMjA5KTsKUFJPVklERShfX3VtdWwxMjggPSAweDA4MDFiYWFmKTsKUFJPVklERShf
X3Vub3JkZGYyID0gMHgwODAwMGIwOSk7ClBST1ZJREUoX191bm9yZHNmMiA9IDB4MDgwMDEyMGQp
OwpQUk9WSURFKF9fd3JhcF9jYWxsb2MgPSAweDA4MDA4MDk1KTsKUFJPVklERShfX3dyYXBfZnJl
ZSA9IDB4MDgwMDgwNzkpOwpQUk9WSURFKF9fd3JhcF9tYWxsb2MgPSAweDA4MDA4MDBkKTsKUFJP
VklERShfX3dyYXBfcmFuZG9tID0gMHgwODAxMjZhOSk7ClBST1ZJREUoX193cmFwX3JlYWxsb2Mg
PSAweDA4MDA4MDQxKTsKUFJPVklERShfX3hwZ19zdHJlcnJvcl9yID0gMHgwODAxYjYxZCk7ClBS
T1ZJREUoX2NvcyA9IDB4MDgwMDJjMDkpOwpQUk9WSURFKF9jb3NmID0gMHgwODAxNTkzZCk7ClBS
T1ZJREUoX2RldmljZV9saXN0X2VuZCA9IDB4MDgwMWM0NTQpOwpQUk9WSURFKF9kZXZpY2VfbGlz
dF9zdGFydCA9IDB4MDgwMWJlZmMpOwpQUk9WSURFKF9maW5kZW52ID0gMHgwODAxNWU1MSk7ClBS
T1ZJREUoX2lzcl93cmFwcGVyID0gMHgwODAwN2YwZCk7ClBST1ZJREUoX2xvYWRlcl9tYXhfc2l6
ZSA9IDB4MDAwYzAwMDApOwpQUk9WSURFKF9vbl9leGl0ID0gMHgwODAxMjZmZCk7ClBST1ZJREUo
X3BvdyA9IDB4MDgwMDM0MjEpOwpQUk9WSURFKF9zaW4gPSAweDA4MDA0MmUxKTsKUFJPVklERShf
c2luZiA9IDB4MDgwMTVjMDUpOwpQUk9WSURFKF9za2V0Y2hfbWF4X3NpemUgPSAweDAwMGMwMDAw
KTsKUFJPVklERShfc2tldGNoX3N0YXJ0ID0gMHgwODEwMDAwMCk7ClBST1ZJREUoX3N0cmVycm9y
X3IgPSAweDA4MDE1ZWNkKTsKUFJPVklERShfdHpzZXRfdW5sb2NrZWQgPSAweDA4MDEyZGQ1KTsK
UFJPVklERShhYm9ydCA9IDB4MDgwMDdmYWQpOwpQUk9WSURFKGFjb3MgPSAweDA4MDAxZTY5KTsK
UFJPVklERShhY29zZiA9IDB4MDgwMTUyOTEpOwpQUk9WSURFKGFjb3NsID0gMHgwODAwMWU2OSk7
ClBST1ZJREUoYW5hbG9nX3JlZmVyZW5jZSA9IDB4MDgwMDU1MmQpOwpQUk9WSURFKGFyY2hfYnNz
X3plcm8gPSAweDA4MDA2ZWU1KTsKUFJPVklERShhcmNoX2NvcHJvY2Vzc29yc19kaXNhYmxlID0g
MHgwODAxN2YzNSk7ClBST1ZJREUoYXJjaF9jcHVfaWRsZSA9IDB4MDgwMTdmNDcpOwpQUk9WSURF
KGFyY2hfZGF0YV9jb3B5ID0gMHgwODAwNmVmZCk7ClBST1ZJREUoYXJjaF9lbGZfcmVsb2NhdGUg
PSAweDA4MDA3MjMxKTsKUFJPVklERShhcmNoX2Zsb2F0X2Rpc2FibGUgPSAweDA4MDA3ZDZkKTsK
UFJPVklERShhcmNoX2Zsb2F0X2VuYWJsZSA9IDB4MDgwMTdmMmYpOwpQUk9WSURFKGFyY2hfaXJx
X2Nvbm5lY3RfZHluYW1pYyA9IDB4MDgwMTdmMTUpOwpQUk9WSURFKGFyY2hfaXJxX2Rpc2Nvbm5l
Y3RfZHluYW1pYyA9IDB4MDgwMTdlODcpOwpQUk9WSURFKGFyY2hfaXJxX3VubG9ja19vdXRsaW5l
ZCA9IDB4MDgwMTdmMzkpOwpQUk9WSURFKGFyY2hfbmV3X3RocmVhZCA9IDB4MDgwMDdkMzEpOwpQ
Uk9WSURFKGFyY2hfc3Bpbl9yZWxheCA9IDB4MDgwMWEwOTUpOwpQUk9WSURFKGFyY2hfc3dpdGNo
X3RvX21haW5fdGhyZWFkID0gMHgwODAwN2RiNSk7ClBST1ZJREUoYXJjaF90bHNfc3RhY2tfc2V0
dXAgPSAweDA4MDA3MWYxKTsKUFJPVklERShhcm1faXJxX2Rpc2FibGUgPSAweDA4MDA3Yzg1KTsK
UFJPVklERShhcm1faXJxX2VuYWJsZSA9IDB4MDgwMDdjNjkpOwpQUk9WSURFKGFybV9pcnFfaXNf
ZW5hYmxlZCA9IDB4MDgwMDdjYWQpOwpQUk9WSURFKGFybV9pcnFfcHJpb3JpdHlfc2V0ID0gMHgw
ODAxN2YwNSk7ClBST1ZJREUoYXNpbiA9IDB4MDgwMDIzMTkpOwpQUk9WSURFKGFzaW5mID0gMHgw
ODAxNTQ2OSk7ClBST1ZJREUoYXNpbmwgPSAweDA4MDAyMzE5KTsKUFJPVklERShhc3NlcnRfcG9z
dF9hY3Rpb24gPSAweDA4MDE3M2VmKTsKUFJPVklERShhc3NlcnRfcHJpbnQgPSAweDA4MDE3NDAx
KTsKUFJPVklERShhdGFuID0gMHgwODAwMjcwMSk7ClBST1ZJREUoYXRhbjIgPSAweDA4MDAyYTE5
KTsKUFJPVklERShhdGFuMmYgPSAweDA4MDE1N2MxKTsKUFJPVklERShhdGFuMmwgPSAweDA4MDAy
YTE5KTsKUFJPVklERShhdGFuZiA9IDB4MDgwMTU2MjkpOwpQUk9WSURFKGF0YW5sID0gMHgwODAw
MjcwMSk7ClBST1ZJREUoYXRleGl0ID0gMHgwODAxYjQxNSk7ClBST1ZJREUoYXRvZiA9IDB4MDgw
MWIzZWYpOwpQUk9WSURFKGF0b2kgPSAweDA4MDFiM2Y1KTsKUFJPVklERShhdG9sID0gMHgwODAx
YjNmZCk7ClBST1ZJREUoYml0bWFza19maW5kX2dhcCA9IDB4MDgwMTc2YjEpOwpQUk9WSURFKGJv
b3RfYmFubmVyID0gMHgwODAxMDU3MSk7ClBST1ZJREUoY2FjaGVfZGF0YV9mbHVzaF9yYW5nZSA9
IDB4MDgwMTg0MTcpOwpQUk9WSURFKGNhY2hlX2RhdGFfaW52ZF9yYW5nZSA9IDB4MDgwMTg0MWYp
OwpQUk9WSURFKGNhY2hlX2luc3RyX2Rpc2FibGUgPSAweDA4MDBhMmRkKTsKUFJPVklERShjYWNo
ZV9pbnN0cl9lbmFibGUgPSAweDA4MDBhMmI5KTsKUFJPVklERShjYWNoZV9pbnN0cl9pbnZkX3Jh
bmdlID0gMHgwODAxODQyNyk7ClBST1ZJREUoY2FuX2FkZF9yeF9maWx0ZXIgPSAweDA4MDBhNWMx
KTsKUFJPVklERShjYW5fbWNhbl9hZGRfcnhfZmlsdGVyID0gMHgwODAwYjI3NSk7ClBST1ZJREUo
Y2FuX21jYW5fYWRkX3J4X2ZpbHRlcl9zdGQgPSAweDA4MDBiMTgxKTsKUFJPVklERShjYW5fbWNh
bl9lbmFibGVfY29uZmlndXJhdGlvbl9jaGFuZ2UgPSAweDA4MDE4NzA5KTsKUFJPVklERShjYW5f
bWNhbl9nZXRfY2FwYWJpbGl0aWVzID0gMHgwODAxODY5MSk7ClBST1ZJREUoY2FuX21jYW5fZ2V0
X21heF9maWx0ZXJzID0gMHgwODAxODZmMyk7ClBST1ZJREUoY2FuX21jYW5fZ2V0X3N0YXRlID0g
MHgwODAxODY5OSk7ClBST1ZJREUoY2FuX21jYW5faW5pdCA9IDB4MDgwMGI1NjEpOwpQUk9WSURF
KGNhbl9tY2FuX2xpbmVfMF9pc3IgPSAweDA4MDBhZDA5KTsKUFJPVklERShjYW5fbWNhbl9saW5l
XzFfaXNyID0gMHgwODAwYWM2OSk7ClBST1ZJREUoY2FuX21jYW5fcmVhZF9yZWcgPSAweDA4MDBh
Nzg1KTsKUFJPVklERShjYW5fbWNhbl9yZW1vdmVfcnhfZmlsdGVyID0gMHgwODAwYjNiMSk7ClBS
T1ZJREUoY2FuX21jYW5fc2VuZCA9IDB4MDgwMGFlZjUpOwpQUk9WSURFKGNhbl9tY2FuX3NldF9t
b2RlID0gMHgwODAwYWI5ZCk7ClBST1ZJREUoY2FuX21jYW5fc2V0X3N0YXRlX2NoYW5nZV9jYWxs
YmFjayA9IDB4MDgwMTg3MDEpOwpQUk9WSURFKGNhbl9tY2FuX3NldF90aW1pbmcgPSAweDA4MDBh
YTI5KTsKUFJPVklERShjYW5fbWNhbl9zZXRfdGltaW5nX2RhdGEgPSAweDA4MDE4NjAzKTsKUFJP
VklERShjYW5fbWNhbl9zdGFydCA9IDB4MDgwMGFhOGQpOwpQUk9WSURFKGNhbl9tY2FuX3N0b3Ag
PSAweDA4MDBiNDg5KTsKUFJPVklERShjYW5fbWNhbl93cml0ZV9yZWcgPSAweDA4MDBhN2JkKTsK
UFJPVklERShjYnBwcmludGZfZXh0ZXJuYWwgPSAweDA4MDE3Mjg3KTsKUFJPVklERShjYnByaW50
Zl9wYWNrYWdlX2NvbnZlcnQgPSAweDA4MDA1ZjU5KTsKUFJPVklERShjYnZwcmludGYgPSAweDA4
MDA3ZjNkKTsKUFJPVklERShjYnZwcmludGZfcGFja2FnZSA9IDB4MDgwMDViZjUpOwpQUk9WSURF
KGNvcyA9IDB4MDgwMDJjMDkpOwpQUk9WSURFKGNvc2YgPSAweDA4MDE1OTNkKTsKUFJPVklERShj
b3NsID0gMHgwODAwMmMwOSk7ClBST1ZJREUoZGV2aWNlX2Zyb21faGFuZGxlID0gMHgwODAwNTZh
MSk7ClBST1ZJREUoZGlzYWJsZV92cmVmYnVmID0gMHgwODAxNmM5Nyk7ClBST1ZJREUoZGl2ID0g
MHgwODAxYmI2OSk7ClBST1ZJREUoZG1hX3N0bTMyX2NsZWFyX2h0ID0gMHgwODAwYzVlMSk7ClBS
T1ZJREUoZG1hX3N0bTMyX2NsZWFyX3RjID0gMHgwODAwYzU2OSk7ClBST1ZJREUoZG1hX3N0bTMy
X2NsZWFyX3RlID0gMHgwODAwYzU4ZCk7ClBST1ZJREUoZG1hX3N0bTMyX2lzX2h0X2FjdGl2ZSA9
IDB4MDgwMGM1YmQpOwpQUk9WSURFKGRtYV9zdG0zMl9pc190Y19hY3RpdmUgPSAweDA4MDBjNTQ1
KTsKUFJPVklERShkb19kZXZpY2VfaW5pdCA9IDB4MDgwMTllMmQpOwpQUk9WSURFKGRvX2xsZXh0
X2xvYWQgPSAweDA4MDA4NWIxKTsKUFJPVklERShlbmFibGVkX2Nsb2NrID0gMHgwODAwYmQ5NSk7
ClBST1ZJREUoZXhpdCA9IDB4MDgwMWI0MWYpOwpQUk9WSURFKGV4cCA9IDB4MDgwMDJjOTkpOwpQ
Uk9WSURFKGV4cDIgPSAweDA4MDAyZmE5KTsKUFJPVklERShleHAybCA9IDB4MDgwMDJmYTkpOwpQ
Uk9WSURFKGV4cGwgPSAweDA4MDAyYzk5KTsKUFJPVklERShmZ2V0YyA9IDB4MDgwMWJjOTUpOwpQ
Uk9WSURFKGZsYXNoX2FyZWFfY2xvc2UgPSAweDA4MDE3Y2E1KTsKUFJPVklERShmbGFzaF9hcmVh
X2VyYXNlID0gMHgwODAxN2NmYik7ClBST1ZJREUoZmxhc2hfYXJlYV9vcGVuID0gMHgwODAwNmRj
OSk7ClBST1ZJREUoZmxhc2hfYXJlYV9yZWFkID0gMHgwODAxN2NhNyk7ClBST1ZJREUoZmxhc2hf
YXJlYV93cml0ZSA9IDB4MDgwMTdjZDEpOwpQUk9WSURFKGZsYXNoX3N0bTMyX2Jsb2NrX2VyYXNl
X2xvb3AgPSAweDA4MDBkNDg1KTsKUFJPVklERShmbGFzaF9zdG0zMl9jcl9sb2NrID0gMHgwODAw
ZDM0NSk7ClBST1ZJREUoZmxhc2hfc3RtMzJfcGFnZV9sYXlvdXQgPSAweDA4MDBkNmRkKTsKUFJP
VklERShmbGFzaF9zdG0zMl92YWxpZF9yYW5nZSA9IDB4MDgwMTkwN2YpOwpQUk9WSURFKGZsYXNo
X3N0bTMyX3dhaXRfZmxhc2hfaWRsZSA9IDB4MDgwMGQyY2QpOwpQUk9WSURFKGZsYXNoX3N0bTMy
X3dyaXRlX3JhbmdlID0gMHgwODAwZDVlMSk7ClBST1ZJREUoZmxvb3IgPSAweDA4MDE2YmIxKTsK
UFJPVklERShmbG9vcmwgPSAweDA4MDE2YmIxKTsKUFJPVklERShmbW9kID0gMHgwODAxNTA0ZCk7
ClBST1ZJREUoZm1vZGwgPSAweDA4MDE1MDRkKTsKUFJPVklERShmcHV0YyA9IDB4MDgwMWJjZmYp
OwpQUk9WSURFKGdldGMgPSAweDA4MDFiYzk1KTsKUFJPVklERShnZXRjX3VubG9ja2VkID0gMHgw
ODAxYmM5NSk7ClBST1ZJREUoZ2V0ZW52ID0gMHgwODAxYmI3OSk7ClBST1ZJREUoZ210aW1lID0g
MHgwODAxMjc2NSk7ClBST1ZJREUoZ210aW1lX3IgPSAweDA4MDEyNzgxKTsKUFJPVklERShpMmNf
c3RtMzJfYWN0aXZhdGUgPSAweDA4MDBkOWE1KTsKUFJPVklERShpMmNfc3RtMzJfY29uZmlndXJl
X3RpbWluZyA9IDB4MDgwMGRkNGQpOwpQUk9WSURFKGkyY19zdG0zMl9lcnJvciA9IDB4MDgwMTk0
N2YpOwpQUk9WSURFKGkyY19zdG0zMl9lcnJvcl9pc3IgPSAweDA4MDE5MzkzKTsKUFJPVklERShp
MmNfc3RtMzJfZXZlbnQgPSAweDA4MDBkYjQ5KTsKUFJPVklERShpMmNfc3RtMzJfZXZlbnRfaXNy
ID0gMHgwODAxOTM4Zik7ClBST1ZJREUoaTJjX3N0bTMyX2dldF9jb25maWcgPSAweDA4MDBkN2Q5
KTsKUFJPVklERShpMmNfc3RtMzJfcnVudGltZV9jb25maWd1cmUgPSAweDA4MDBkODUxKTsKUFJP
VklERShpMmNfc3RtMzJfc2V0X3NtYnVzX21vZGUgPSAweDA4MDBkODExKTsKUFJPVklERShpMmNf
c3RtMzJfdGFyZ2V0X3JlZ2lzdGVyID0gMHgwODAwZGE3NSk7ClBST1ZJREUoaTJjX3N0bTMyX3Rh
cmdldF91bnJlZ2lzdGVyID0gMHgwODAxOTNmNSk7ClBST1ZJREUoaTJjX3N0bTMyX3RyYW5zYWN0
aW9uID0gMHgwODAxOTRmNyk7ClBST1ZJREUoaWRsZSA9IDB4MDgwMWEwOTkpOwpQUk9WSURFKGlz
X3B0ciA9IDB4MDgwMTcyZTkpOwpQUk9WSURFKGlzYWxudW0gPSAweDA4MDFiMzJmKTsKUFJPVklE
RShpc2FscGhhID0gMHgwODAxYjM0OSk7ClBST1ZJREUoaXNjbnRybCA9IDB4MDgwMWIzNTkpOwpQ
Uk9WSURFKGlzZGlnaXQgPSAweDA4MDFiMzZiKTsKUFJPVklERShpc2dyYXBoID0gMHgwODAxYjM3
Nyk7ClBST1ZJREUoaXNpbmYgPSAweDA4MDFiYjIxKTsKUFJPVklERShpc2luZmwgPSAweDA4MDFi
YjIxKTsKUFJPVklERShpc2xvd2VyID0gMHgwODAxYjM4Myk7ClBST1ZJREUoaXNuYW4gPSAweDA4
MDFiYjRiKTsKUFJPVklERShpc25hbmYgPSAweDA4MDFiZDU5KTsKUFJPVklERShpc25hbmwgPSAw
eDA4MDFiYjRiKTsKUFJPVklERShpc3ByaW50ID0gMHgwODAxYjM4Zik7ClBST1ZJREUoaXNzcGFj
ZSA9IDB4MDgwMWIzOWIpOwpQUk9WSURFKGlzdXBwZXIgPSAweDA4MDFiM2FmKTsKUFJPVklERShp
c3hkaWdpdCA9IDB4MDgwMWIzYmIpOwpQUk9WSURFKGtfZmF0YWxfaGFsdCA9IDB4MDgwMTllZTUp
OwpQUk9WSURFKGtfZnJlZSA9IDB4MDgwMWIyN2IpOwpQUk9WSURFKGtfaGVhcF9hbGlnbmVkX2Fs
bG9jID0gMHgwODAxMDkzNSk7ClBST1ZJREUoa19oZWFwX2FsbG9jID0gMHgwODAxMDkxOSk7ClBS
T1ZJREUoa19oZWFwX2ZyZWUgPSAweDA4MDE5Zjg1KTsKUFJPVklERShrX2hlYXBfaW5pdCA9IDB4
MDgwMTlmNmYpOwpQUk9WSURFKGtfaXNfaW5faXNyID0gMHgwODAxYTZlZik7ClBST1ZJREUoa19p
c19wcmVlbXB0X3RocmVhZCA9IDB4MDgwMTZjZDMpOwpQUk9WSURFKGtfbWFsbG9jID0gMHgwODAx
MjU4NSk7ClBST1ZJREUoa19tZW1fc2xhYl9mcmVlID0gMHgwODAxYTAxZCk7ClBST1ZJREUoa19t
ZW1fc2xhYl9pbml0ID0gMHgwODAxYTAwMSk7ClBST1ZJREUoa19tc2dxX2dldCA9IDB4MDgwMTZj
Y2IpOwpQUk9WSURFKGtfbXNncV9pbml0ID0gMHgwODAxYTBjOSk7ClBST1ZJREUoa19tc2dxX251
bV91c2VkX2dldCA9IDB4MDgwMTZjYzMpOwpQUk9WSURFKGtfbXNncV9wdXQgPSAweDA4MDE2Y2M3
KTsKUFJPVklERShrX3NjaGVkX2xvY2sgPSAweDA4MDExOGRkKTsKUFJPVklERShrX3NjaGVkX3Vu
bG9jayA9IDB4MDgwMTE5MDUpOwpQUk9WSURFKGtfc3RhY2tfaW5pdCA9IDB4MDgwMWE0NmIpOwpQ
Uk9WSURFKGtfc3lzX3dvcmtfcSA9IDB4MjAwMDE0MjApOwpQUk9WSURFKGtfdGhyZWFkX2ZvcmVh
Y2ggPSAweDA4MDExZTdkKTsKUFJPVklERShrX3RocmVhZF9uYW1lX2dldCA9IDB4MDgwMWE3MDEp
OwpQUk9WSURFKGtfdGhyZWFkX3N5c3RlbV9wb29sX2Fzc2lnbiA9IDB4MDgwMTI1OTkpOwpQUk9W
SURFKGtfdGltZXJfaW5pdCA9IDB4MDgwMWFlYzMpOwpQUk9WSURFKGtfd29ya19jYW5jZWwgPSAw
eDA4MDFhNjcxKTsKUFJPVklERShrX3dvcmtfY2FuY2VsX2RlbGF5YWJsZSA9IDB4MDgwMWE2YTcp
OwpQUk9WSURFKGtfd29ya19pbml0ID0gMHgwODAxYTYxOSk7ClBST1ZJREUoa193b3JrX2luaXRf
ZGVsYXlhYmxlID0gMHgwODAxYTY4Zik7ClBST1ZJREUoa193b3JrX3F1ZXVlX3N0YXJ0ID0gMHgw
ODAxMTExNSk7ClBST1ZJREUoa193b3JrX3Jlc2NoZWR1bGVfZm9yX3F1ZXVlID0gMHgwODAxMTFm
NSk7ClBST1ZJREUoa193b3JrX3NjaGVkdWxlID0gMHgwODAxMTFlOSk7ClBST1ZJREUoa193b3Jr
X3NjaGVkdWxlX2Zvcl9xdWV1ZSA9IDB4MDgwMTExOTUpOwpQUk9WSURFKGtfd29ya19zdWJtaXQg
PSAweDA4MDExMTA5KTsKUFJPVklERShrX3dvcmtfc3VibWl0X3RvX3F1ZXVlID0gMHgwODAxYTY1
MSk7ClBST1ZJREUoa2hlYXBfX3N5c3RlbV9oZWFwID0gMHgyMDAwYWY5MCk7ClBST1ZJREUoa2hl
YXBfX3N5c3RlbV9oZWFwX3NpemUgPSAweDAwMDA4MDU0KTsKUFJPVklERShraGVhcF9sbGV4dF9o
ZWFwID0gMHgyMDAxMzg5MCk7ClBST1ZJREUoa2hlYXBfbGxleHRfaGVhcF9zaXplID0gMHgwMDA0
MDAwMCk7ClBST1ZJREUobGRleHAgPSAweDA4MDE1Y2Q5KTsKUFJPVklERShsZGV4cGYgPSAweDA4
MDE2YWVkKTsKUFJPVklERShsZGV4cGwgPSAweDA4MDE1Y2Q5KTsKUFJPVklERShsbGV4dF9hZGp1
c3RfbW11X3Blcm1pc3Npb25zID0gMHgwODAxODA1Myk7ClBST1ZJREUobGxleHRfYm9vdHN0cmFw
ID0gMHgwODAwODM1OSk7ClBST1ZJREUobGxleHRfYnJpbmd1cCA9IDB4MDgwMTdmZWQpOwpQUk9W
SURFKGxsZXh0X2J1Zl9wZWVrID0gMHgwODAxODE3ZCk7ClBST1ZJREUobGxleHRfYnVmX3JlYWQg
PSAweDA4MDE4MTNmKTsKUFJPVklERShsbGV4dF9idWZfc2VlayA9IDB4MDgwMTgxNjkpOwpQUk9W
SURFKGxsZXh0X2J5X25hbWUgPSAweDA4MDA4MWMxKTsKUFJPVklERShsbGV4dF9jb3B5X3JlZ2lv
bnMgPSAweDA4MDE4MDFkKTsKUFJPVklERShsbGV4dF9jb3B5X3N0cmluZ3MgPSAweDA4MDE3ZmY5
KTsKUFJPVklERShsbGV4dF9maWxlX29mZnNldCA9IDB4MDgwMTgwZTUpOwpQUk9WSURFKGxsZXh0
X2ZpbmRfc3ltID0gMHgwODAwODIzOSk7ClBST1ZJREUobGxleHRfZnJlZV9pbnNwZWN0aW9uX2Rh
dGEgPSAweDA4MDA4NTdkKTsKUFJPVklERShsbGV4dF9mcmVlX3JlZ2lvbnMgPSAweDA4MDA4NTJk
KTsKUFJPVklERShsbGV4dF9pdGVyYXRlID0gMHgwODAwODFmZCk7ClBST1ZJREUobGxleHRfbGlu
ayA9IDB4MDgwMDkyOTEpOwpQUk9WSURFKGxsZXh0X2xvYWQgPSAweDA4MDA4Mjk1KTsKUFJPVklE
RShsbGV4dF9sb2FkZWRfc2VjdF9wdHIgPSAweDA4MDE4MDhiKTsKUFJPVklERShsbGV4dF9sb29r
dXBfc3ltYm9sID0gMHgwODAwOTFhMSk7ClBST1ZJREUobGxleHRfcmVhZF9zeW1ib2wgPSAweDA4
MDE4MTE3KTsKUFJPVklERShsbGV4dF90ZWFyZG93biA9IDB4MDgwMTdmZjMpOwpQUk9WSURFKGxv
ZyA9IDB4MDgwMDJmYzEpOwpQUk9WSURFKGxvZzEwID0gMHgwODAwMzMyMSk7ClBST1ZJREUobG9n
MTBsID0gMHgwODAwMzMyMSk7ClBST1ZJREUobG9nMiA9IDB4MDgwMDQ1ZDkpOwpQUk9WSURFKGxv
ZzJsID0gMHgwODAwNDVkOSk7ClBST1ZJREUobG9nX2JhY2tlbmRfZW5hYmxlID0gMHgwODAxN2Ey
NSk7ClBST1ZJREUobG9nX2NvbnN0X3NrZXRjaCA9IDB4MDgwMWM4YTQpOwpQUk9WSURFKGxvZ19j
b3JlX2luaXQgPSAweDA4MDA2N2NkKTsKUFJPVklERShsb2dfZm9ybWF0X2Z1bmNfdF9nZXQgPSAw
eDA4MDA2N2ExKTsKUFJPVklERShsb2dfbXNnX2dldF9zb3VyY2VfaWQgPSAweDA4MDA2YWI1KTsK
UFJPVklERShsb2dfb3V0cHV0X21zZ19wcm9jZXNzID0gMHgwODAxN2JiNyk7ClBST1ZJREUobG9n
X291dHB1dF9wcm9jZXNzID0gMHgwODAwNmIwZCk7ClBST1ZJREUobG9nX291dHB1dF90aW1lc3Rh
bXBfZnJlcV9zZXQgPSAweDA4MDA2ZDc5KTsKUFJPVklERShsb2dfc2V0X3RpbWVzdGFtcF9mdW5j
ID0gMHgwODAwNjdhZCk7ClBST1ZJREUobG9nX3NvdXJjZV9uYW1lX2dldCA9IDB4MDgwMDY4YzEp
OwpQUk9WSURFKGxvZ2YgPSAweDA4MDA0M2Q5KTsKUFJPVklERShsb2dsID0gMHgwODAwMmZjMSk7
ClBST1ZJREUobHB1YXJ0ZGl2X2NhbGMgPSAweDA4MDBmMGRkKTsKUFJPVklERShtYWluID0gMHgw
ODAxNmNkYik7ClBST1ZJREUobWF0cml4QmVnaW4gPSAweDA4MDA1NjI5KTsKUFJPVklERShtYXRy
aXhFbmQgPSAweDA4MDA1Njk1KTsKUFJPVklERShtYXRyaXhHcmF5c2NhbGVXcml0ZSA9IDB4MDgw
MDU2MDEpOwpQUk9WSURFKG1hdHJpeFBsYXkgPSAweDA4MDE2YzlkKTsKUFJPVklERShtYXRyaXhT
ZXRHcmF5c2NhbGVCaXRzID0gMHgwODAwNTYxZCk7ClBST1ZJREUobWF0cml4V3JpdGUgPSAweDA4
MDA1NWNkKTsKUFJPVklERShtZW1jaHIgPSAweDA4MDFiMmI3KTsKUFJPVklERShtZW1jbXAgPSAw
eDA4MDFiNDJkKTsKUFJPVklERShtZW1jcHkgPSAweDA4MDFiMmQzKTsKUFJPVklERShtZW1tZW0g
PSAweDA4MDFiNDRkKTsKUFJPVklERShtZW1tb3ZlID0gMHgwODAxYjJlZCk7ClBST1ZJREUobWVt
c2V0ID0gMHgwODAxYjMxZik7ClBST1ZJREUobWt0aW1lID0gMHgwODAxMmFhZCk7ClBST1ZJREUo
bW92ZV9jdXJyZW50X3RvX2VuZF9vZl9wcmlvX3EgPSAweDA4MDExNjNkKTsKUFJPVklERShwaW5j
dHJsX2NvbmZpZ3VyZV9waW5zID0gMHgwODAxOTYzNyk7ClBST1ZJREUocGluY3RybF9sb29rdXBf
c3RhdGUgPSAweDA4MDE5NjEzKTsKUFJPVklERShwb3cgPSAweDA4MDAzNDIxKTsKUFJPVklERShw
b3dsID0gMHgwODAwMzQyMSk7ClBST1ZJREUocHJpbnRrID0gMHgwODAxNzNkNSk7ClBST1ZJREUo
cHV0YyA9IDB4MDgwMWJjZmYpOwpQUk9WSURFKHB1dGNfdW5sb2NrZWQgPSAweDA4MDFiY2ZmKTsK
UFJPVklERShwdXRjaGFyID0gMHgwODAxMzFkNSk7ClBST1ZJREUocHV0Y2hhcl91bmxvY2tlZCA9
IDB4MDgwMTMxZDUpOwpQUk9WSURFKHB1dHMgPSAweDA4MDEzMWUxKTsKUFJPVklERShyYW5kID0g
MHgwODAxYjQwNSk7ClBST1ZJREUocmluZ19idWZfYXJlYV9jbGFpbSA9IDB4MDgwMTc3MjcpOwpQ
Uk9WSURFKHJpbmdfYnVmX2FyZWFfZmluaXNoID0gMHgwODAxNzc5Myk7ClBST1ZJREUocmluZ19i
dWZfZ2V0ID0gMHgwODAxNzgwNSk7ClBST1ZJREUocmluZ19idWZfcGVlayA9IDB4MDgwMTc4NDkp
OwpQUk9WSURFKHJpbmdfYnVmX3B1dCA9IDB4MDgwMTc3YzUpOwpQUk9WSURFKHJ0Y19zdG0zMl9p
c3IgPSAweDA4MDBlODIxKTsKUFJPVklERShydGNfdXRpbHNfdmFsaWRhdGVfcnRjX3RpbWUgPSAw
eDA4MDBlNGU5KTsKUFJPVklERShzY2FsYm4gPSAweDA4MDE1Y2Q5KTsKUFJPVklERShzY2FsYm5m
ID0gMHgwODAxNmFlZCk7ClBST1ZJREUoc2NhbGJubCA9IDB4MDgwMTVjZDkpOwpQUk9WSURFKHNp
biA9IDB4MDgwMDQyZTEpOwpQUk9WSURFKHNpbmYgPSAweDA4MDE1YzA1KTsKUFJPVklERShzaW5s
ID0gMHgwODAwNDJlMSk7ClBST1ZJREUoc29jX2Vhcmx5X2luaXRfaG9vayA9IDB4MDgwMDY2NmQp
OwpQUk9WSURFKHNwcmludGYgPSAweDA4MDEzMjIxKTsKUFJPVklERShzcXJ0ID0gMHgwODAxNGVk
MSk7ClBST1ZJREUoc3FydGYgPSAweDA4MDFiYjFiKTsKUFJPVklERShzcXJ0bCA9IDB4MDgwMTRl
ZDEpOwpQUk9WSURFKHNyYW5kID0gMHgwODAxYjQxMSk7ClBST1ZJREUoc3JhbmRvbSA9IDB4MDgw
MTI2ZTEpOwpQUk9WSURFKHNzY2FuZiA9IDB4MDgwMTMyNjkpOwpQUk9WSURFKHN0ZGVyciA9IDB4
MDgwMWRmNDgpOwpQUk9WSURFKHN0ZGluID0gMHgwODAxZGY0Yyk7ClBST1ZJREUoc3Rkb3V0ID0g
MHgwODAxZGY0OCk7ClBST1ZJREUoc3RtMzJfYmFja3VwX2RvbWFpbl9kaXNhYmxlX2FjY2VzcyA9
IDB4MDgwMDY1ZjUpOwpQUk9WSURFKHN0bTMyX2JhY2t1cF9kb21haW5fZW5hYmxlX2FjY2VzcyA9
IDB4MDgwMDY1YjkpOwpQUk9WSURFKHN0bTMyX2Nsb2NrX2NvbnRyb2xfaW5pdCA9IDB4MDgwMGJh
ZGQpOwpQUk9WSURFKHN0bTMyX2RtYV9jbGVhcl9zdHJlYW1faXJxID0gMHgwODAwYzZjNSk7ClBS
T1ZJREUoc3RtMzJfZG1hX2Rpc2FibGVfc3RyZWFtID0gMHgwODAwYzdmMSk7ClBST1ZJREUoc3Rt
MzJfZG1hX2R1bXBfc3RyZWFtX2lycSA9IDB4MDgwMGM2MDUpOwpQUk9WSURFKHN0bTMyX2RtYV9l
bmFibGVfc3RyZWFtID0gMHgwODAwYzdiMSk7ClBST1ZJREUoc3RtMzJfZG1hX2lzX2VuYWJsZWRf
c3RyZWFtID0gMHgwODAwYzdkMSk7ClBST1ZJREUoc3RtMzJfZG1hX2lzX2h0X2lycV9hY3RpdmUg
PSAweDA4MDBjNjk5KTsKUFJPVklERShzdG0zMl9kbWFfaXNfdGNfaXJxX2FjdGl2ZSA9IDB4MDgw
MGM2NmQpOwpQUk9WSURFKHN0bTMyX2V4dGlfY2xlYXJfcGVuZGluZyA9IDB4MDgwMDk1YzkpOwpQ
Uk9WSURFKHN0bTMyX2V4dGlfZ2V0X2xpbmVfc3JjX3BvcnQgPSAweDA4MDA5NzYxKTsKUFJPVklE
RShzdG0zMl9leHRpX2lzX3BlbmRpbmcgPSAweDA4MDA5NTdkKTsKUFJPVklERShzdG0zMl9leHRp
X3NldF9saW5lX3NyY19wb3J0ID0gMHgwODAxODJkZik7ClBST1ZJREUoc3RtMzJfZ3Bpb19pbnRj
X2Rpc2FibGVfbGluZSA9IDB4MDgwMDk2OTkpOwpQUk9WSURFKHN0bTMyX2dwaW9faW50Y19lbmFi
bGVfbGluZSA9IDB4MDgwMDk2NjkpOwpQUk9WSURFKHN0bTMyX2dwaW9faW50Y19nZXRfcGluX2ly
cV9saW5lID0gMHgwODAxODJkNSk7ClBST1ZJREUoc3RtMzJfZ3Bpb19pbnRjX3JlbW92ZV9pcnFf
Y2FsbGJhY2sgPSAweDA4MDA5NzNkKTsKUFJPVklERShzdG0zMl9ncGlvX2ludGNfc2VsZWN0X2xp
bmVfdHJpZ2dlciA9IDB4MDgwMDk2YWQpOwpQUk9WSURFKHN0bTMyX2dwaW9faW50Y19zZXRfaXJx
X2NhbGxiYWNrID0gMHgwODAwOTZmZCk7ClBST1ZJREUoc3RtMzJfZ3Bpb3BvcnRfY29uZmlndXJl
X3BpbiA9IDB4MDgwMTc4YmQpOwpQUk9WSURFKHN0bTMyX2dwaW9wb3J0X2dldCA9IDB4MDgwMDY1
NzEpOwpQUk9WSURFKHN0cmNhc2VjbXAgPSAweDA4MDFiNDhkKTsKUFJPVklERShzdHJjYXQgPSAw
eDA4MDFiNGJiKTsKUFJPVklERShzdHJjaHIgPSAweDA4MDFiNGQ5KTsKUFJPVklERShzdHJjbXAg
PSAweDA4MDAxM2QxKTsKUFJPVklERShzdHJjcHkgPSAweDA4MDAxM2U1KTsKUFJPVklERShzdHJk
dXAgPSAweDA4MDFiNGYzKTsKUFJPVklERShzdHJsZW4gPSAweDA4MDAxM2Y1KTsKUFJPVklERShz
dHJuY21wID0gMHgwODAxYjUxMyk7ClBST1ZJREUoc3RybmNweSA9IDB4MDgwMWI1MzcpOwpQUk9W
SURFKHN0cm5sZW4gPSAweDA4MDFiNTVkKTsKUFJPVklERShzdHJyY2hyID0gMHgwODAxYjU3NSk7
ClBST1ZJREUoc3Ryc3RyID0gMHgwODAxYjVhMSk7ClBST1ZJREUoc3RydG9kID0gMHgwODAwMTkx
MSk7ClBST1ZJREUoc3RydG9rID0gMHgwODAxMjc0OSk7ClBST1ZJREUoc3RydG9sID0gMHgwODAx
MzJhOSk7ClBST1ZJREUoc3RydG9sZCA9IDB4MDgwMDE5MTEpOwpQUk9WSURFKHN0cnRvdWwgPSAw
eDA4MDEzMzkxKTsKUFJPVklERShzeXNfYml0YXJyYXlfYWxsb2MgPSAweDA4MDE3NTQ5KTsKUFJP
VklERShzeXNfYml0YXJyYXlfZnJlZSA9IDB4MDgwMTc2MTUpOwpQUk9WSURFKHN5c19jbG9ja19h
bm5vdW5jZV9sb2NrZWQgPSAweDA4MDEyMDk1KTsKUFJPVklERShzeXNfY2xvY2tfY3ljbGVfZ2V0
XzMyID0gMHgwODAxMDNhZCk7ClBST1ZJREUoc3lzX2Nsb2NrX2N5Y2xlX2dldF82NCA9IDB4MDgw
MTAzZDUpOwpQUk9WSURFKHN5c19jbG9ja19lbGFwc2VkID0gMHgwODAxMDM3MSk7ClBST1ZJREUo
c3lzX2Nsb2NrX2dldHRpbWUgPSAweDA4MDA2MmVkKTsKUFJPVklERShzeXNfY2xvY2tfaXNyID0g
MHgwODAxMDIwZCk7ClBST1ZJREUoc3lzX2Nsb2NrX3NldF90aW1lb3V0ID0gMHgwODAxMDI3OSk7
ClBST1ZJREUoc3lzX2Nsb2NrX3NldHRpbWUgPSAweDA4MDE2Y2NmKTsKUFJPVklERShzeXNfY2xv
Y2tfdGlja19nZXQgPSAweDA4MDEyMTQ1KTsKUFJPVklERShzeXNfY2xvY2tfdGlja19nZXRfMzIg
PSAweDA4MDFhZTJiKTsKUFJPVklERShzeXNfaGVhcF9hbGlnbmVkX2FsbG9jID0gMHgwODAxNzA2
Zik7ClBST1ZJREUoc3lzX2hlYXBfYWxpZ25lZF9yZWFsbG9jID0gMHgwODAxNzE3Myk7ClBST1ZJ
REUoc3lzX2hlYXBfYWxsb2MgPSAweDA4MDE2ZmYzKTsKUFJPVklERShzeXNfaGVhcF9mcmVlID0g
MHgwODAwNWFjZCk7ClBST1ZJREUoc3lzX2hlYXBfaW5pdCA9IDB4MDgwMTcxZTMpOwpQUk9WSURF
KHN5c19oZWFwX25vYWxpZ25fYWxsb2MgPSAweDA4MDE3MDY5KTsKUFJPVklERShzeXNfaGVhcF91
c2FibGVfc2l6ZSA9IDB4MDgwMTZmYzMpOwpQUk9WSURFKHN5c190aW1lcG9pbnRfY2FsYyA9IDB4
MDgwMWFlMzcpOwpQUk9WSURFKHN5c190aW1lcG9pbnRfdGltZW91dCA9IDB4MDgwMWFlODEpOwpQ
Uk9WSURFKHRhbiA9IDB4MDgwMDQzNzEpOwpQUk9WSURFKHRhbmYgPSAweDA4MDE1YzdkKTsKUFJP
VklERSh0YW5sID0gMHgwODAwNDM3MSk7ClBST1ZJREUodGltZSA9IDB4MDgwMTdmOGQpOwpQUk9W
SURFKHRpbWVzcGVjX25vcm1hbGl6ZSA9IDB4MDgwMDY0MmQpOwpQUk9WSURFKHRvbG93ZXIgPSAw
eDA4MDFiM2Q3KTsKUFJPVklERSh0b3VwcGVyID0gMHgwODAxYjNlMyk7ClBST1ZJREUodW5nZXRj
ID0gMHgwODAxYmQyNyk7ClBST1ZJREUodmZwcmludGYgPSAweDA4MDEzNTc5KTsKUFJPVklERSh2
ZnNjYW5mID0gMHgwODAxM2VjMSk7ClBST1ZJREUodnByaW50ZiA9IDB4MDgwMTQ3MGQpOwpQUk9W
SURFKHZwcmludGsgPSAweDA4MDE3M2QxKTsKUFJPVklERSh2c25wcmludGYgPSAweDA4MDE0NzFk
KTsKUFJPVklERSh2c3ByaW50ZiA9IDB4MDgwMTQ3NjkpOwpQUk9WSURFKHZzc2NhbmYgPSAweDA4
MDE0N2E1KTsKUFJPVklERSh6X1N5c05taU9uUmVzZXQgPSAweDA4MDA3MWU5KTsKUFJPVklERSh6
X2Fib3J0X3RpbWVvdXQgPSAweDA4MDFhZGMxKTsKUFJPVklERSh6X2FkZF90aW1lb3V0ID0gMHgw
ODAxMWY3NSk7ClBST1ZJREUoel9hcm1fYnVzX2ZhdWx0ID0gMHgwODAwN2JjOSk7ClBST1ZJREUo
el9hcm1fY3B1X2lkbGVfaW5pdCA9IDB4MDgwMDdlMDkpOwpQUk9WSURFKHpfYXJtX2V4Y19leGl0
ID0gMHgwODAwN2UxNSk7ClBST1ZJREUoel9hcm1fZXhjX3NwdXJpb3VzID0gMHgwODAwN2JjOSk7
ClBST1ZJREUoel9hcm1fZmF0YWxfZXJyb3IgPSAweDA4MDA3MGMxKTsKUFJPVklERSh6X2FybV9m
YXVsdCA9IDB4MDgwMDc5YTEpOwpQUk9WSURFKHpfYXJtX2ZhdWx0X2luaXQgPSAweDA4MDA3YmIx
KTsKUFJPVklERSh6X2FybV9oYXJkX2ZhdWx0ID0gMHgwODAwN2JjOSk7ClBST1ZJREUoel9hcm1f
aW50X2V4aXQgPSAweDA4MDA3ZTE1KTsKUFJPVklERSh6X2FybV9pbnRlcnJ1cHRfaW5pdCA9IDB4
MDgwMDdlZjUpOwpQUk9WSURFKHpfYXJtX21wdV9mYXVsdCA9IDB4MDgwMDdiYzkpOwpQUk9WSURF
KHpfYXJtX25taSA9IDB4MDgwMTdlYjcpOwpQUk9WSURFKHpfYXJtX3BlbmRzdiA9IDB4MDgwMDdl
NjEpOwpQUk9WSURFKHpfYXJtX3Jlc2V0ID0gMHgwODAwN2JkZCk7ClBST1ZJREUoel9hcm1fc3Zj
ID0gMHgwODAwN2MxZCk7ClBST1ZJREUoel9hcm1fdXNhZ2VfZmF1bHQgPSAweDA4MDA3YmM5KTsK
UFJPVklERSh6X2NzdGFydCA9IDB4MDgwMTA4MzUpOwpQUk9WSURFKHpfZG9fa2VybmVsX29vcHMg
PSAweDA4MDE3ZWFmKTsKUFJPVklERSh6X2R1bW15X3RocmVhZF9pbml0ID0gMHgwODAxMTRkMSk7
ClBST1ZJREUoel9mYXRhbF9lcnJvciA9IDB4MDgwMTA1ZjEpOwpQUk9WSURFKHpfaGFuZGxlX29i
al9wb2xsX2V2ZW50cyA9IDB4MDgwMWIwZGQpOwovKiBOVUxMIHpfaW1wbF9hZGNfY2hhbm5lbF9z
ZXR1cCAqLwovKiBOVUxMIHpfaW1wbF9hZGNfZ2V0X2RlY29kZXIgKi8KLyogTlVMTCB6X2ltcGxf
YWRjX3JlYWQgKi8KLyogTlVMTCB6X2ltcGxfYWRjX3JlYWRfYXN5bmMgKi8KUFJPVklERSh6X2lt
cGxfY2FuX2FkZF9yeF9maWx0ZXJfbXNncSA9IDB4MDgwMGE2M2QpOwpQUk9WSURFKHpfaW1wbF9j
YW5fY2FsY190aW1pbmcgPSAweDA4MDBhNjU1KTsKUFJPVklERSh6X2ltcGxfY2FuX2NhbGNfdGlt
aW5nX2RhdGEgPSAweDA4MDBhNjgxKTsKLyogTlVMTCB6X2ltcGxfY2FuX2dldF9iaXRyYXRlX21h
eCAqLwovKiBOVUxMIHpfaW1wbF9jYW5fZ2V0X2JpdHJhdGVfbWluICovCi8qIE5VTEwgel9pbXBs
X2Nhbl9nZXRfY2FwYWJpbGl0aWVzICovCi8qIE5VTEwgel9pbXBsX2Nhbl9nZXRfY29yZV9jbG9j
ayAqLwovKiBOVUxMIHpfaW1wbF9jYW5fZ2V0X21heF9maWx0ZXJzICovCi8qIE5VTEwgel9pbXBs
X2Nhbl9nZXRfbW9kZSAqLwovKiBOVUxMIHpfaW1wbF9jYW5fZ2V0X3N0YXRlICovCi8qIE5VTEwg
el9pbXBsX2Nhbl9nZXRfdGltaW5nX2RhdGFfbWF4ICovCi8qIE5VTEwgel9pbXBsX2Nhbl9nZXRf
dGltaW5nX2RhdGFfbWluICovCi8qIE5VTEwgel9pbXBsX2Nhbl9nZXRfdGltaW5nX21heCAqLwov
KiBOVUxMIHpfaW1wbF9jYW5fZ2V0X3RpbWluZ19taW4gKi8KLyogTlVMTCB6X2ltcGxfY2FuX2dl
dF90cmFuc2NlaXZlciAqLwovKiBOVUxMIHpfaW1wbF9jYW5fcmVjb3ZlciAqLwovKiBOVUxMIHpf
aW1wbF9jYW5fcmVtb3ZlX3J4X2ZpbHRlciAqLwpQUk9WSURFKHpfaW1wbF9jYW5fc2VuZCA9IDB4
MDgwMGE0ZjkpOwpQUk9WSURFKHpfaW1wbF9jYW5fc2V0X2JpdHJhdGUgPSAweDA4MDBhNmFkKTsK
UFJPVklERSh6X2ltcGxfY2FuX3NldF9iaXRyYXRlX2RhdGEgPSAweDA4MDBhNzE5KTsKLyogTlVM
TCB6X2ltcGxfY2FuX3NldF9tb2RlICovClBST1ZJREUoel9pbXBsX2Nhbl9zZXRfdGltaW5nID0g
MHgwODAxODRiMyk7ClBST1ZJREUoel9pbXBsX2Nhbl9zZXRfdGltaW5nX2RhdGEgPSAweDA4MDE4
NGRkKTsKLyogTlVMTCB6X2ltcGxfY2FuX3N0YXJ0ICovCi8qIE5VTEwgel9pbXBsX2Nhbl9zdGF0
c19nZXRfYWNrX2Vycm9ycyAqLwovKiBOVUxMIHpfaW1wbF9jYW5fc3RhdHNfZ2V0X2JpdDBfZXJy
b3JzICovCi8qIE5VTEwgel9pbXBsX2Nhbl9zdGF0c19nZXRfYml0MV9lcnJvcnMgKi8KLyogTlVM
TCB6X2ltcGxfY2FuX3N0YXRzX2dldF9iaXRfZXJyb3JzICovCi8qIE5VTEwgel9pbXBsX2Nhbl9z
dGF0c19nZXRfY3JjX2Vycm9ycyAqLwovKiBOVUxMIHpfaW1wbF9jYW5fc3RhdHNfZ2V0X2Zvcm1f
ZXJyb3JzICovCi8qIE5VTEwgel9pbXBsX2Nhbl9zdGF0c19nZXRfcnhfb3ZlcnJ1bnMgKi8KLyog
TlVMTCB6X2ltcGxfY2FuX3N0YXRzX2dldF9zdHVmZl9lcnJvcnMgKi8KLyogTlVMTCB6X2ltcGxf
Y2FuX3N0b3AgKi8KLyogTlVMTCB6X2ltcGxfY291bnRlcl9jYW5jZWxfY2hhbm5lbF9hbGFybSAq
LwovKiBOVUxMIHpfaW1wbF9jb3VudGVyX2dldF9mcmVxdWVuY3kgKi8KLyogTlVMTCB6X2ltcGxf
Y291bnRlcl9nZXRfZnJlcXVlbmN5XzY0ICovCi8qIE5VTEwgel9pbXBsX2NvdW50ZXJfZ2V0X2d1
YXJkX3BlcmlvZCAqLwovKiBOVUxMIHpfaW1wbF9jb3VudGVyX2dldF9ndWFyZF9wZXJpb2RfNjQg
Ki8KLyogTlVMTCB6X2ltcGxfY291bnRlcl9nZXRfbWF4X3RvcF92YWx1ZSAqLwovKiBOVUxMIHpf
aW1wbF9jb3VudGVyX2dldF9tYXhfdG9wX3ZhbHVlXzY0ICovCi8qIE5VTEwgel9pbXBsX2NvdW50
ZXJfZ2V0X251bV9vZl9jaGFubmVscyAqLwovKiBOVUxMIHpfaW1wbF9jb3VudGVyX2dldF9wZW5k
aW5nX2ludCAqLwovKiBOVUxMIHpfaW1wbF9jb3VudGVyX2dldF90b3BfdmFsdWUgKi8KLyogTlVM
TCB6X2ltcGxfY291bnRlcl9nZXRfdG9wX3ZhbHVlXzY0ICovCi8qIE5VTEwgel9pbXBsX2NvdW50
ZXJfZ2V0X3ZhbHVlICovCi8qIE5VTEwgel9pbXBsX2NvdW50ZXJfZ2V0X3ZhbHVlXzY0ICovCi8q
IE5VTEwgel9pbXBsX2NvdW50ZXJfaXNfY291bnRpbmdfdXAgKi8KLyogTlVMTCB6X2ltcGxfY291
bnRlcl9uc190b190aWNrcyAqLwovKiBOVUxMIHpfaW1wbF9jb3VudGVyX25zX3RvX3RpY2tzXzY0
ICovCi8qIE5VTEwgel9pbXBsX2NvdW50ZXJfcmVzZXQgKi8KLyogTlVMTCB6X2ltcGxfY291bnRl
cl9zZXRfY2hhbm5lbF9hbGFybSAqLwovKiBOVUxMIHpfaW1wbF9jb3VudGVyX3NldF9jaGFubmVs
X2FsYXJtXzY0ICovCi8qIE5VTEwgel9pbXBsX2NvdW50ZXJfc2V0X2d1YXJkX3BlcmlvZCAqLwov
KiBOVUxMIHpfaW1wbF9jb3VudGVyX3NldF9ndWFyZF9wZXJpb2RfNjQgKi8KLyogTlVMTCB6X2lt
cGxfY291bnRlcl9zZXRfdG9wX3ZhbHVlICovCi8qIE5VTEwgel9pbXBsX2NvdW50ZXJfc2V0X3Rv
cF92YWx1ZV82NCAqLwovKiBOVUxMIHpfaW1wbF9jb3VudGVyX3NldF92YWx1ZSAqLwovKiBOVUxM
IHpfaW1wbF9jb3VudGVyX3NldF92YWx1ZV82NCAqLwovKiBOVUxMIHpfaW1wbF9jb3VudGVyX3N0
YXJ0ICovCi8qIE5VTEwgel9pbXBsX2NvdW50ZXJfc3RvcCAqLwovKiBOVUxMIHpfaW1wbF9jb3Vu
dGVyX3RpY2tzX3RvX25zICovCi8qIE5VTEwgel9pbXBsX2NvdW50ZXJfdGlja3NfdG9fbnNfNjQg
Ki8KLyogTlVMTCB6X2ltcGxfY291bnRlcl90aWNrc190b191cyAqLwovKiBOVUxMIHpfaW1wbF9j
b3VudGVyX3RpY2tzX3RvX3VzXzY0ICovCi8qIE5VTEwgel9pbXBsX2NvdW50ZXJfdXNfdG9fdGlj
a3MgKi8KLyogTlVMTCB6X2ltcGxfY291bnRlcl91c190b190aWNrc182NCAqLwovKiBOVUxMIHpf
aW1wbF9kYWNfY2hhbm5lbF9zZXR1cCAqLwovKiBOVUxMIHpfaW1wbF9kYWNfd3JpdGVfdmFsdWUg
Ki8KUFJPVklERSh6X2ltcGxfZGV2aWNlX2RlaW5pdCA9IDB4MDgwMTllODUpOwpQUk9WSURFKHpf
aW1wbF9kZXZpY2VfZ2V0X2JpbmRpbmcgPSAweDA4MDEwNTdkKTsKLyogTlVMTCB6X2ltcGxfZGV2
aWNlX2dldF9ieV9kdF9ub2RlbGFiZWwgKi8KUFJPVklERSh6X2ltcGxfZGV2aWNlX2luaXQgPSAw
eDA4MDE5ZTVkKTsKUFJPVklERSh6X2ltcGxfZGV2aWNlX2lzX3JlYWR5ID0gMHgwODAxOWU2Zik7
Ci8qIE5VTEwgel9pbXBsX2VudHJvcHlfZ2V0X2VudHJvcHkgKi8KUFJPVklERSh6X2ltcGxfZmxh
c2hfY29weSA9IDB4MDgwMTdkNmQpOwovKiBOVUxMIHpfaW1wbF9mbGFzaF9lcmFzZSAqLwovKiBO
VUxMIHpfaW1wbF9mbGFzaF9leF9vcCAqLwpQUk9WSURFKHpfaW1wbF9mbGFzaF9maWxsID0gMHgw
ODAwNmUxNSk7ClBST1ZJREUoel9pbXBsX2ZsYXNoX2ZsYXR0ZW4gPSAweDA4MDE3ZDQ1KTsKUFJP
VklERSh6X2ltcGxfZmxhc2hfZ2V0X3BhZ2VfY291bnQgPSAweDA4MDE4ZmVkKTsKUFJPVklERSh6
X2ltcGxfZmxhc2hfZ2V0X3BhZ2VfaW5mb19ieV9pZHggPSAweDA4MDE4ZmUzKTsKUFJPVklERSh6
X2ltcGxfZmxhc2hfZ2V0X3BhZ2VfaW5mb19ieV9vZmZzID0gMHgwODAxOGZkYik7Ci8qIE5VTEwg
el9pbXBsX2ZsYXNoX2dldF9wYXJhbWV0ZXJzICovCi8qIE5VTEwgel9pbXBsX2ZsYXNoX2dldF9z
aXplICovCi8qIE5VTEwgel9pbXBsX2ZsYXNoX2dldF93cml0ZV9ibG9ja19zaXplICovCi8qIE5V
TEwgel9pbXBsX2ZsYXNoX3JlYWQgKi8KLyogTlVMTCB6X2ltcGxfZmxhc2hfcmVhZF9qZWRlY19p
ZCAqLwovKiBOVUxMIHpfaW1wbF9mbGFzaF9zZmRwX3JlYWQgKi8KLyogTlVMTCB6X2ltcGxfZmxh
c2hfd3JpdGUgKi8KLyogTlVMTCB6X2ltcGxfZ3Bpb19nZXRfcGVuZGluZ19pbnQgKi8KLyogTlVM
TCB6X2ltcGxfZ3Bpb19waW5fY29uZmlndXJlICovCi8qIE5VTEwgel9pbXBsX2dwaW9fcGluX2dl
dF9jb25maWcgKi8KLyogTlVMTCB6X2ltcGxfZ3Bpb19waW5faW50ZXJydXB0X2NvbmZpZ3VyZSAq
LwovKiBOVUxMIHpfaW1wbF9ncGlvX3BvcnRfY2xlYXJfYml0c19yYXcgKi8KLyogTlVMTCB6X2lt
cGxfZ3Bpb19wb3J0X2dldF9kaXJlY3Rpb24gKi8KLyogTlVMTCB6X2ltcGxfZ3Bpb19wb3J0X2dl
dF9yYXcgKi8KLyogTlVMTCB6X2ltcGxfZ3Bpb19wb3J0X3NldF9iaXRzX3JhdyAqLwovKiBOVUxM
IHpfaW1wbF9ncGlvX3BvcnRfc2V0X21hc2tlZF9yYXcgKi8KLyogTlVMTCB6X2ltcGxfZ3Bpb19w
b3J0X3RvZ2dsZV9iaXRzICovCi8qIE5VTEwgel9pbXBsX2kyY19jb25maWd1cmUgKi8KLyogTlVM
TCB6X2ltcGxfaTJjX2dldF9jb25maWcgKi8KLyogTlVMTCB6X2ltcGxfaTJjX3JlY292ZXJfYnVz
ICovCi8qIE5VTEwgel9pbXBsX2kyY190YXJnZXRfZHJpdmVyX3JlZ2lzdGVyICovCi8qIE5VTEwg
el9pbXBsX2kyY190YXJnZXRfZHJpdmVyX3VucmVnaXN0ZXIgKi8KLyogTlVMTCB6X2ltcGxfaTJj
X3RyYW5zZmVyICovClBST1ZJREUoel9pbXBsX2tfYnVzeV93YWl0ID0gMHgwODAxOWUxMSk7ClBS
T1ZJREUoel9pbXBsX2tfY29uZHZhcl9icm9hZGNhc3QgPSAweDA4MDExMjlkKTsKUFJPVklERSh6
X2ltcGxfa19jb25kdmFyX2luaXQgPSAweDA4MDFhNmU3KTsKUFJPVklERSh6X2ltcGxfa19jb25k
dmFyX3NpZ25hbCA9IDB4MDgwMTEyNTEpOwpQUk9WSURFKHpfaW1wbF9rX2NvbmR2YXJfd2FpdCA9
IDB4MDgwMTEzMGQpOwpQUk9WSURFKHpfaW1wbF9rX2V2ZW50X2NsZWFyID0gMHgwODAxYjIxOSk7
ClBST1ZJREUoel9pbXBsX2tfZXZlbnRfaW5pdCA9IDB4MDgwMWIxZmIpOwpQUk9WSURFKHpfaW1w
bF9rX2V2ZW50X3Bvc3QgPSAweDA4MDFiMjA3KTsKUFJPVklERSh6X2ltcGxfa19ldmVudF9zZXQg
PSAweDA4MDFiMjBkKTsKUFJPVklERSh6X2ltcGxfa19ldmVudF9zZXRfbWFza2VkID0gMHgwODAx
YjIxNSk7ClBST1ZJREUoel9pbXBsX2tfZXZlbnRfd2FpdCA9IDB4MDgwMWIyMjEpOwpQUk9WSURF
KHpfaW1wbF9rX2V2ZW50X3dhaXRfYWxsID0gMHgwODAxYjIyNyk7ClBST1ZJREUoel9pbXBsX2tf
ZXZlbnRfd2FpdF9hbGxfc2FmZSA9IDB4MDgwMWIyM2YpOwpQUk9WSURFKHpfaW1wbF9rX2V2ZW50
X3dhaXRfc2FmZSA9IDB4MDgwMWIyMzMpOwpQUk9WSURFKHpfaW1wbF9rX2Zsb2F0X2Rpc2FibGUg
PSAweDA4MDFhMDhkKTsKUFJPVklERSh6X2ltcGxfa19mbG9hdF9lbmFibGUgPSAweDA4MDFhMDkx
KTsKLyogTlVMTCB6X2ltcGxfa19mdXRleF93YWl0ICovCi8qIE5VTEwgel9pbXBsX2tfZnV0ZXhf
d2FrZSAqLwpQUk9WSURFKHpfaW1wbF9rX2lzX3ByZWVtcHRfdGhyZWFkID0gMHgwODAxMTM2ZCk7
ClBST1ZJREUoel9pbXBsX2tfbXNncV9hbGxvY19pbml0ID0gMHgwODAxYTBmMSk7ClBST1ZJREUo
el9pbXBsX2tfbXNncV9nZXQgPSAweDA4MDEwYTgxKTsKUFJPVklERSh6X2ltcGxfa19tc2dxX2dl
dF9hdHRycyA9IDB4MDgwMWExNDkpOwovKiBOVUxMIHpfaW1wbF9rX21zZ3FfbnVtX2ZyZWVfZ2V0
ICovCi8qIE5VTEwgel9pbXBsX2tfbXNncV9udW1fdXNlZF9nZXQgKi8KUFJPVklERSh6X2ltcGxf
a19tc2dxX3BlZWsgPSAweDA4MDFhMTU3KTsKUFJPVklERSh6X2ltcGxfa19tc2dxX3BlZWtfYXQg
PSAweDA4MDFhMTg5KTsKUFJPVklERSh6X2ltcGxfa19tc2dxX3B1cmdlID0gMHgwODAxYTFjZik7
ClBST1ZJREUoel9pbXBsX2tfbXNncV9wdXQgPSAweDA4MDFhMTI3KTsKUFJPVklERSh6X2ltcGxf
a19tc2dxX3B1dF9mcm9udCA9IDB4MDgwMWExMzUpOwpQUk9WSURFKHpfaW1wbF9rX211dGV4X2lu
aXQgPSAweDA4MDFhMjU1KTsKUFJPVklERSh6X2ltcGxfa19tdXRleF9sb2NrID0gMHgwODAxMGI0
OSk7ClBST1ZJREUoel9pbXBsX2tfbXV0ZXhfdW5sb2NrID0gMHgwODAxMGMyZCk7Ci8qIE5VTEwg
el9pbXBsX2tfb2JqZWN0X2FjY2Vzc19jaGVjayAqLwovKiBOVUxMIHpfaW1wbF9rX29iamVjdF9h
Y2Nlc3NfZ3JhbnQgKi8KLyogTlVMTCB6X2ltcGxfa19vYmplY3RfYWxsb2MgKi8KLyogTlVMTCB6
X2ltcGxfa19vYmplY3RfYWxsb2Nfc2l6ZSAqLwovKiBOVUxMIHpfaW1wbF9rX29iamVjdF9yZWxl
YXNlICovClBST1ZJREUoel9pbXBsX2tfcGlwZV9jbG9zZSA9IDB4MDgwMWFkMmQpOwpQUk9WSURF
KHpfaW1wbF9rX3BpcGVfaW5pdCA9IDB4MDgwMWFhNDEpOwpQUk9WSURFKHpfaW1wbF9rX3BpcGVf
cmVhZCA9IDB4MDgwMWFjMDUpOwpQUk9WSURFKHpfaW1wbF9rX3BpcGVfcmVzZXQgPSAweDA4MDFh
Y2VkKTsKUFJPVklERSh6X2ltcGxfa19waXBlX3dyaXRlID0gMHgwODAxYWE3MSk7ClBST1ZJREUo
el9pbXBsX2tfcG9sbCA9IDB4MDgwMTI0MDUpOwpQUk9WSURFKHpfaW1wbF9rX3BvbGxfc2lnbmFs
X2NoZWNrID0gMHgwODAxYjEyYik7ClBST1ZJREUoel9pbXBsX2tfcG9sbF9zaWduYWxfaW5pdCA9
IDB4MDgwMWIxMWIpOwpQUk9WSURFKHpfaW1wbF9rX3BvbGxfc2lnbmFsX3JhaXNlID0gMHgwODAx
MjRiNSk7ClBST1ZJREUoel9pbXBsX2tfcG9sbF9zaWduYWxfcmVzZXQgPSAweDA4MDFiMTI1KTsK
UFJPVklERSh6X2ltcGxfa19xdWV1ZV9hbGxvY19hcHBlbmQgPSAweDA4MDFhM2RiKTsKUFJPVklE
RSh6X2ltcGxfa19xdWV1ZV9hbGxvY19wcmVwZW5kID0gMHgwODAxYTNlZik7ClBST1ZJREUoel9p
bXBsX2tfcXVldWVfY2FuY2VsX3dhaXQgPSAweDA4MDFhMzc1KTsKUFJPVklERSh6X2ltcGxfa19x
dWV1ZV9nZXQgPSAweDA4MDEwY2NkKTsKUFJPVklERSh6X2ltcGxfa19xdWV1ZV9pbml0ID0gMHgw
ODAxYTM1Yik7Ci8qIE5VTEwgel9pbXBsX2tfcXVldWVfaXNfZW1wdHkgKi8KUFJPVklERSh6X2lt
cGxfa19xdWV1ZV9wZWVrX2hlYWQgPSAweDA4MDFhNDAzKTsKUFJPVklERSh6X2ltcGxfa19xdWV1
ZV9wZWVrX3RhaWwgPSAweDA4MDFhNDI3KTsKUFJPVklERSh6X2ltcGxfa19yZXNjaGVkdWxlID0g
MHgwODAxMTk5NSk7ClBST1ZJREUoel9pbXBsX2tfc2NoZWRfY3VycmVudF90aHJlYWRfcXVlcnkg
PSAweDA4MDExYWUxKTsKLyogTlVMTCB6X2ltcGxfa19zZW1fY291bnRfZ2V0ICovClBST1ZJREUo
el9pbXBsX2tfc2VtX2dpdmUgPSAweDA4MDEwZDM1KTsKUFJPVklERSh6X2ltcGxfa19zZW1faW5p
dCA9IDB4MDgwMWE0NGIpOwpQUk9WSURFKHpfaW1wbF9rX3NlbV9yZXNldCA9IDB4MDgwMTBkZjUp
OwpQUk9WSURFKHpfaW1wbF9rX3NlbV90YWtlID0gMHgwODAxMGRhOSk7ClBST1ZJREUoel9pbXBs
X2tfc2xlZXAgPSAweDA4MDFhOGU1KTsKUFJPVklERSh6X2ltcGxfa19zdGFja19hbGxvY19pbml0
ID0gMHgwODAxYTQ3Zik7ClBST1ZJREUoel9pbXBsX2tfc3RhY2tfcG9wID0gMHgwODAxMGU3MSk7
ClBST1ZJREUoel9pbXBsX2tfc3RhY2tfcHVzaCA9IDB4MDgwMWE0YTUpOwpQUk9WSURFKHpfaW1w
bF9rX3N0cl9vdXQgPSAweDA4MDA2M2RkKTsKUFJPVklERSh6X2ltcGxfa190aHJlYWRfYWJvcnQg
PSAweDA4MDA3ZTM1KTsKLyogTlVMTCB6X2ltcGxfa190aHJlYWRfYWJzb2x1dGVfZGVhZGxpbmVf
c2V0ICovClBST1ZJREUoel9pbXBsX2tfdGhyZWFkX2NyZWF0ZSA9IDB4MDgwMTE0NzkpOwovKiBO
VUxMIHpfaW1wbF9rX3RocmVhZF9jdXN0b21fZGF0YV9nZXQgKi8KLyogTlVMTCB6X2ltcGxfa190
aHJlYWRfY3VzdG9tX2RhdGFfc2V0ICovCi8qIE5VTEwgel9pbXBsX2tfdGhyZWFkX2RlYWRsaW5l
X3NldCAqLwpQUk9WSURFKHpfaW1wbF9rX3RocmVhZF9qb2luID0gMHgwODAxMWMzMSk7ClBST1ZJ
REUoel9pbXBsX2tfdGhyZWFkX25hbWVfY29weSA9IDB4MDgwMWE3MDUpOwpQUk9WSURFKHpfaW1w
bF9rX3RocmVhZF9uYW1lX3NldCA9IDB4MDgwMTEzOGQpOwpQUk9WSURFKHpfaW1wbF9rX3RocmVh
ZF9wcmlvcml0eV9nZXQgPSAweDA4MDFhNmZiKTsKUFJPVklERSh6X2ltcGxfa190aHJlYWRfcHJp
b3JpdHlfc2V0ID0gMHgwODAxMTk2OSk7ClBST1ZJREUoel9pbXBsX2tfdGhyZWFkX3Jlc3VtZSA9
IDB4MDgwMWE3YjkpOwovKiBOVUxMIHpfaW1wbF9rX3RocmVhZF9ydW50aW1lX3N0YWNrX3VudXNl
ZF90aHJlc2hvbGRfZ2V0ICovCi8qIE5VTEwgel9pbXBsX2tfdGhyZWFkX3J1bnRpbWVfc3RhY2tf
dW51c2VkX3RocmVzaG9sZF9wY3Rfc2V0ICovCi8qIE5VTEwgel9pbXBsX2tfdGhyZWFkX3J1bnRp
bWVfc3RhY2tfdW51c2VkX3RocmVzaG9sZF9zZXQgKi8KUFJPVklERSh6X2ltcGxfa190aHJlYWRf
c3RhY2tfYWxsb2MgPSAweDA4MDEyNWMxKTsKUFJPVklERSh6X2ltcGxfa190aHJlYWRfc3RhY2tf
ZnJlZSA9IDB4MDgwMTI2MDkpOwovKiBOVUxMIHpfaW1wbF9rX3RocmVhZF9zdGFja19zcGFjZV9n
ZXQgKi8KUFJPVklERSh6X2ltcGxfa190aHJlYWRfc3VzcGVuZCA9IDB4MDgwMTE2YTkpOwovKiBO
VUxMIHpfaW1wbF9rX3RocmVhZF90aW1lb3V0X2V4cGlyZXNfdGlja3MgKi8KLyogTlVMTCB6X2lt
cGxfa190aHJlYWRfdGltZW91dF9yZW1haW5pbmdfdGlja3MgKi8KLyogTlVMTCB6X2ltcGxfa190
aW1lcl9leHBpcmVzX3RpY2tzICovCi8qIE5VTEwgel9pbXBsX2tfdGltZXJfcmVtYWluaW5nX3Rp
Y2tzICovClBST1ZJREUoel9pbXBsX2tfdGltZXJfc3RhcnQgPSAweDA4MDEyMjgxKTsKUFJPVklE
RSh6X2ltcGxfa190aW1lcl9zdGF0dXNfZ2V0ID0gMHgwODAxYWVkYik7ClBST1ZJREUoel9pbXBs
X2tfdGltZXJfc3RhdHVzX3N5bmMgPSAweDA4MDEyMzUxKTsKUFJPVklERSh6X2ltcGxfa190aW1l
cl9zdG9wID0gMHgwODAxMjJmMSk7Ci8qIE5VTEwgel9pbXBsX2tfdGltZXJfdXNlcl9kYXRhX2dl
dCAqLwovKiBOVUxMIHpfaW1wbF9rX3RpbWVyX3VzZXJfZGF0YV9zZXQgKi8KUFJPVklERSh6X2lt
cGxfa191cHRpbWVfdGlja3MgPSAweDA4MDFhZTMzKTsKUFJPVklERSh6X2ltcGxfa191c2xlZXAg
PSAweDA4MDFhOTE3KTsKUFJPVklERSh6X2ltcGxfa193YWtldXAgPSAweDA4MDFhOTM5KTsKUFJP
VklERSh6X2ltcGxfa195aWVsZCA9IDB4MDgwMTE5ZTUpOwpQUk9WSURFKHpfaW1wbF9sbGV4dF9n
ZXRfZm5fdGFibGVfZW50cnkgPSAweDA4MDA5NGMxKTsKUFJPVklERSh6X2ltcGxfbG9nX2J1ZmZl
cmVkX2NudCA9IDB4MDgwMDY4NTUpOwpQUk9WSURFKHpfaW1wbF9sb2dfZmlsdGVyX3NldCA9IDB4
MDgwMDY4ZGQpOwpQUk9WSURFKHpfaW1wbF9sb2dfZnJvbnRlbmRfZmlsdGVyX3NldCA9IDB4MDgw
MDY4ZmQpOwpQUk9WSURFKHpfaW1wbF9sb2dfcGFuaWMgPSAweDA4MDA2ODE5KTsKUFJPVklERSh6
X2ltcGxfbG9nX3Byb2Nlc3MgPSAweDA4MDE3YTE5KTsKLyogTlVMTCB6X2ltcGxfcHdtX2NhcHR1
cmVfY3ljbGVzICovCi8qIE5VTEwgel9pbXBsX3B3bV9kaXNhYmxlX2NhcHR1cmUgKi8KLyogTlVM
TCB6X2ltcGxfcHdtX2VuYWJsZV9jYXB0dXJlICovCi8qIE5VTEwgel9pbXBsX3B3bV9nZXRfY3lj
bGVzX3Blcl9zZWMgKi8KLyogTlVMTCB6X2ltcGxfcHdtX3NldF9jeWNsZXMgKi8KLyogTlVMTCB6
X2ltcGxfcmVzZXRfbGluZV9hc3NlcnQgKi8KLyogTlVMTCB6X2ltcGxfcmVzZXRfbGluZV9kZWFz
c2VydCAqLwovKiBOVUxMIHpfaW1wbF9yZXNldF9saW5lX3RvZ2dsZSAqLwovKiBOVUxMIHpfaW1w
bF9yZXNldF9zdGF0dXMgKi8KLyogTlVMTCB6X2ltcGxfcnRjX2FsYXJtX2dldF9zdXBwb3J0ZWRf
ZmllbGRzICovCi8qIE5VTEwgel9pbXBsX3J0Y19hbGFybV9nZXRfdGltZSAqLwovKiBOVUxMIHpf
aW1wbF9ydGNfYWxhcm1faXNfcGVuZGluZyAqLwovKiBOVUxMIHpfaW1wbF9ydGNfYWxhcm1fc2V0
X3RpbWUgKi8KLyogTlVMTCB6X2ltcGxfcnRjX2dldF9jYWxpYnJhdGlvbiAqLwovKiBOVUxMIHpf
aW1wbF9ydGNfZ2V0X3RpbWUgKi8KLyogTlVMTCB6X2ltcGxfcnRjX3NldF9jYWxpYnJhdGlvbiAq
LwovKiBOVUxMIHpfaW1wbF9ydGNfc2V0X3RpbWUgKi8KLyogTlVMTCB6X2ltcGxfc3BpX3JlbGVh
c2UgKi8KLyogTlVMTCB6X2ltcGxfc3BpX3RyYW5zY2VpdmUgKi8KLyogTlVMTCB6X2ltcGxfc3lz
X2NhY2hlX2RhdGFfZmx1c2hfYW5kX2ludmRfcmFuZ2UgKi8KLyogTlVMTCB6X2ltcGxfc3lzX2Nh
Y2hlX2RhdGFfZmx1c2hfcmFuZ2UgKi8KLyogTlVMTCB6X2ltcGxfc3lzX2NhY2hlX2RhdGFfaW52
ZF9yYW5nZSAqLwpQUk9WSURFKHpfaW1wbF9zeXNfY2xvY2tfZ2V0cnRvZmZzZXQgPSAweDA4MDA2
MmM1KTsKLyogTlVMTCB6X2ltcGxfc3lzX2Nsb2NrX2h3X2N5Y2xlc19wZXJfc2VjX3J1bnRpbWVf
Z2V0ICovClBST1ZJREUoel9pbXBsX3N5c19jbG9ja19uYW5vc2xlZXAgPSAweDA4MDAxNzE5KTsK
UFJPVklERSh6X2ltcGxfc3lzX2Nsb2NrX3NldHRpbWUgPSAweDA4MDA2MzU5KTsKUFJPVklERSh6
X2ltcGxfc3lzX2NzcmFuZF9nZXQgPSAweDA4MDE3ZmJiKTsKUFJPVklERSh6X2ltcGxfc3lzX3Jh
bmRfZ2V0ID0gMHgwODAxN2ZiNSk7Ci8qIE5VTEwgel9pbXBsX3VhcnRfY29uZmlnX2dldCAqLwov
KiBOVUxMIHpfaW1wbF91YXJ0X2NvbmZpZ3VyZSAqLwovKiBOVUxMIHpfaW1wbF91YXJ0X2Rydl9j
bWQgKi8KLyogTlVMTCB6X2ltcGxfdWFydF9lcnJfY2hlY2sgKi8KLyogTlVMTCB6X2ltcGxfdWFy
dF9pcnFfZXJyX2Rpc2FibGUgKi8KLyogTlVMTCB6X2ltcGxfdWFydF9pcnFfZXJyX2VuYWJsZSAq
LwovKiBOVUxMIHpfaW1wbF91YXJ0X2lycV9pc19wZW5kaW5nICovCi8qIE5VTEwgel9pbXBsX3Vh
cnRfaXJxX3J4X2Rpc2FibGUgKi8KLyogTlVMTCB6X2ltcGxfdWFydF9pcnFfcnhfZW5hYmxlICov
Ci8qIE5VTEwgel9pbXBsX3VhcnRfaXJxX3R4X2Rpc2FibGUgKi8KLyogTlVMTCB6X2ltcGxfdWFy
dF9pcnFfdHhfZW5hYmxlICovCi8qIE5VTEwgel9pbXBsX3VhcnRfaXJxX3VwZGF0ZSAqLwovKiBO
VUxMIHpfaW1wbF91YXJ0X2xpbmVfY3RybF9nZXQgKi8KLyogTlVMTCB6X2ltcGxfdWFydF9saW5l
X2N0cmxfc2V0ICovCi8qIE5VTEwgel9pbXBsX3VhcnRfcG9sbF9pbiAqLwovKiBOVUxMIHpfaW1w
bF91YXJ0X3BvbGxfaW5fdTE2ICovCi8qIE5VTEwgel9pbXBsX3VhcnRfcG9sbF9vdXQgKi8KLyog
TlVMTCB6X2ltcGxfdWFydF9wb2xsX291dF91MTYgKi8KLyogTlVMTCB6X2ltcGxfdWFydF9yeF9k
aXNhYmxlICovCi8qIE5VTEwgel9pbXBsX3VhcnRfcnhfZW5hYmxlICovCi8qIE5VTEwgel9pbXBs
X3VhcnRfcnhfZW5hYmxlX3UxNiAqLwovKiBOVUxMIHpfaW1wbF91YXJ0X3R4ICovCi8qIE5VTEwg
el9pbXBsX3VhcnRfdHhfYWJvcnQgKi8KLyogTlVMTCB6X2ltcGxfdWFydF90eF91MTYgKi8KUFJP
VklERSh6X2ltcGxfel9sb2dfbXNnX3NpbXBsZV9jcmVhdGVfMCA9IDB4MDgwMTdiMjUpOwpQUk9W
SURFKHpfaW1wbF96X2xvZ19tc2dfc2ltcGxlX2NyZWF0ZV8xID0gMHgwODAxN2IzNyk7ClBST1ZJ
REUoel9pbXBsX3pfbG9nX21zZ19zaW1wbGVfY3JlYXRlXzIgPSAweDA4MDE3YjRiKTsKUFJPVklE
RSh6X2ltcGxfel9sb2dfbXNnX3N0YXRpY19jcmVhdGUgPSAweDA4MDA2OWNkKTsKLyogTlVMTCB6
X2ltcGxfel9zeXNfbXV0ZXhfa2VybmVsX2xvY2sgKi8KLyogTlVMTCB6X2ltcGxfel9zeXNfbXV0
ZXhfa2VybmVsX3VubG9jayAqLwpQUk9WSURFKHpfaW1wbF96ZXBoeXJfZnB1dGMgPSAweDA4MDA3
Zjg1KTsKLyogTlVMTCB6X2ltcGxfemVwaHlyX2Z3cml0ZSAqLwovKiBOVUxMIHpfaW1wbF96ZXBo
eXJfcmVhZF9zdGRpbiAqLwovKiBOVUxMIHpfaW1wbF96ZXBoeXJfd3JpdGVfc3Rkb3V0ICovClBS
T1ZJREUoel9pbml0X2NwdSA9IDB4MDgwMTA3YzkpOwpQUk9WSURFKHpfaW5pdF90aHJlYWRfYmFz
ZSA9IDB4MDgwMWE3MTcpOwpQUk9WSURFKHpfaXJxX3NwdXJpb3VzID0gMHgwODAxN2YwZCk7ClBS
T1ZJREUoel9pc3JfaW5zdGFsbCA9IDB4MDgwMDZmMzUpOwpQUk9WSURFKHpfaXNyX3VuaW5zdGFs
bCA9IDB4MDgwMDZmZDkpOwpQUk9WSURFKHpfbG9nX2Ryb3BwZWQgPSAweDA4MDA2ODYxKTsKUFJP
VklERSh6X2xvZ19nZXRfdGFnID0gMHgwODAxN2EyMSk7ClBST1ZJREUoel9sb2dfbXNnX2FsbG9j
ID0gMHgwODAxN2ExZCk7ClBST1ZJREUoel9sb2dfbXNnX2NvbW1pdCA9IDB4MDgwMDY4ODkpOwpQ
Uk9WSURFKHpfbG9nX21zZ19maW5hbGl6ZSA9IDB4MDgwMTdhNjUpOwpQUk9WSURFKHpfbG9nX21z
Z19ydW50aW1lX3ZjcmVhdGUgPSAweDA4MDA2OTFkKTsKUFJPVklERSh6X2xvZ19ub3RpZnlfYmFj
a2VuZF9lbmFibGVkID0gMHgwODAxN2ExNyk7ClBST1ZJREUoel9sb2dfdnByaW50ayA9IDB4MDgw
MTc5ZmIpOwpQUk9WSURFKHpfcGVuZF9jdXJyID0gMHgwODAxMTc5OSk7ClBST1ZJREUoel9wcmVw
X2MgPSAweDA4MDA3Y2U1KTsKUFJPVklERSh6X3JlYWR5X3RocmVhZCA9IDB4MDgwMWE3OWIpOwpQ
Uk9WSURFKHpfcmVzY2hlZHVsZSA9IDB4MDgwMWE4OTMpOwpQUk9WSURFKHpfcmVzY2hlZHVsZV9p
cnFsb2NrID0gMHgwODAxMThiNSk7ClBST1ZJREUoel9yZXNldF90aW1lX3NsaWNlID0gMHgwODAx
MWRhMSk7ClBST1ZJREUoel9zY2hlZF9pbml0ID0gMHgwODAxMTk1OSk7ClBST1ZJREUoel9zY2hl
ZF93YWl0ID0gMHgwODAxMWM5ZCk7ClBST1ZJREUoel9zY2hlZF93YWl0cV93YWxrID0gMHgwODAx
YTliZik7ClBST1ZJREUoel9zY2hlZF93YWtlID0gMHgwODAxYTk3OSk7ClBST1ZJREUoel9zY2hl
ZF93YWtlX3RocmVhZF9sb2NrZWQgPSAweDA4MDFhODBmKTsKUFJPVklERSh6X3NldHVwX25ld190
aHJlYWQgPSAweDA4MDExM2FkKTsKUFJPVklERSh6X3NoYXJlZF9pc3IgPSAweDA4MDE3ZTY3KTsK
UFJPVklERSh6X3RocmVhZF9hYm9ydCA9IDB4MDgwMTFhZWQpOwpQUk9WSURFKHpfdGhyZWFkX2Fs
aWduZWRfYWxsb2MgPSAweDA4MDEyNWE1KTsKUFJPVklERSh6X3RocmVhZF9lbnRyeSA9IDB4MDgw
MDYzZjkpOwpQUk9WSURFKHpfdGhyZWFkX21hbGxvYyA9IDB4MDgwMTI1YjEpOwpQUk9WSURFKHpf
dGhyZWFkX21vbml0b3JfZXhpdCA9IDB4MDgwMTFlNDEpOwpQUk9WSURFKHpfdGhyZWFkX3ByaW9f
c2V0ID0gMHgwODAxMTdkZCk7ClBST1ZJREUoel90aHJlYWRfdGltZW91dCA9IDB4MDgwMWE4Mzcp
OwpQUk9WSURFKHpfdGltZV9zbGljZSA9IDB4MDgwMTFkZTUpOwpQUk9WSURFKHpfdGltZW91dF9l
eHBpcmVzID0gMHgwODAxMWYzZCk7ClBST1ZJREUoel90aW1lb3V0X3JlbWFpbmluZyA9IDB4MDgw
MWFkODkpOwpQUk9WSURFKHpfdGltZXJfZXhwaXJhdGlvbl9oYW5kbGVyID0gMHgwODAxMjE3NSk7
ClBST1ZJREUoel91bnBlbmQxX25vX3RpbWVvdXQgPSAweDA4MDFhODU3KTsKUFJPVklERSh6X3Vu
cGVuZF9hbGwgPSAweDA4MDFhOGM3KTsKUFJPVklERSh6X3VucGVuZF9hbGxfbG9ja2VkID0gMHgw
ODAxYTg5OSk7ClBST1ZJREUoel91bnBlbmRfdGhyZWFkID0gMHgwODAxYTg4Myk7ClBST1ZJREUo
el91bnBlbmRfdGhyZWFkX25vX3RpbWVvdXQgPSAweDA4MDFhN2VkKTsKUFJPVklERSh6X3dvcmtf
c3VibWl0X3RvX3F1ZXVlID0gMHgwODAxYTYyYik7Cg==
