
Symbol table '.symtab' contains 1242 entries:
   Num:    Value  Size Type    Bind   Vis      Ndx Name
     0: 00000000     0 NOTYPE  LOCAL  DEFAULT  UND 
     1: 00000000     0 SECTION LOCAL  DEFAULT    1 .rodata
     2: 00000000     0 SECTION LOCAL  DEFAULT    3 .llext.rodata.noreloc
     3: 00000000     0 SECTION LOCAL  DEFAULT    7 .data
     4: 00000004     4 OBJECT  LOCAL  DEFAULT    7 _ZL15read_resolution
     5: 00004694     0 NOTYPE  LOCAL  DEFAULT    4 $t
     6: 00004764     0 NOTYPE  LOCAL  DEFAULT    4 $d
     7: 00000000    96 OBJECT  LOCAL  DEFAULT    1 _ZN12_GLOBAL__N_1L11arduino_adcE
     8: 00000004     0 NOTYPE  LOCAL  DEFAULT    7 $d
     9: 00000000     0 NOTYPE  LOCAL  DEFAULT    1 $d
    10: 00004798     0 NOTYPE  LOCAL  DEFAULT    4 $t
    11: 00004799   212 FUNC    LOCAL  DEFAULT    4 _ZN6zephyr7arduinoL29init_device_with_dependenciesEPK6device
    12: 00004850     0 NOTYPE  LOCAL  DEFAULT    4 $d
    13: 00000060   136 OBJECT  LOCAL  DEFAULT    1 _ZN6zephyr7arduinoL11pinctrl_mapE
    14: 0000486c     0 NOTYPE  LOCAL  DEFAULT    4 $t
    15: 000048d8     0 NOTYPE  LOCAL  DEFAULT    4 $d
    16: 000048ec     0 NOTYPE  LOCAL  DEFAULT    4 $t
    17: 000048f8     0 NOTYPE  LOCAL  DEFAULT    4 $d
    18: 00000060     0 NOTYPE  LOCAL  DEFAULT    1 $d
    19: 00000210     8 OBJECT  LOCAL  DEFAULT    1 _ZN6zephyr7arduinoL39__pinctrl_dev_config__device_dts_ord_73E
    20: 00000208     8 OBJECT  LOCAL  DEFAULT    1 _ZN6zephyr7arduinoL39__pinctrl_dev_config__device_dts_ord_70E
    21: 00000218     8 OBJECT  LOCAL  DEFAULT    1 _ZN6zephyr7arduinoL39__pinctrl_dev_config__device_dts_ord_78E
    22: 00000220     8 OBJECT  LOCAL  DEFAULT    1 _ZN6zephyr7arduinoL39__pinctrl_dev_config__device_dts_ord_83E
    23: 00000228     8 OBJECT  LOCAL  DEFAULT    1 _ZN6zephyr7arduinoL39__pinctrl_dev_config__device_dts_ord_88E
    24: 000001e8     8 OBJECT  LOCAL  DEFAULT    1 _ZN6zephyr7arduinoL39__pinctrl_dev_config__device_dts_ord_30E
    25: 000001f0     8 OBJECT  LOCAL  DEFAULT    1 _ZN6zephyr7arduinoL39__pinctrl_dev_config__device_dts_ord_34E
    26: 000001f8     8 OBJECT  LOCAL  DEFAULT    1 _ZN6zephyr7arduinoL39__pinctrl_dev_config__device_dts_ord_40E
    27: 00000250     8 OBJECT  LOCAL  DEFAULT    1 _ZN6zephyr7arduinoL40__pinctrl_dev_config__device_dts_ord_120E
    28: 00000230     8 OBJECT  LOCAL  DEFAULT    1 _ZN6zephyr7arduinoL40__pinctrl_dev_config__device_dts_ord_100E
    29: 00000238     8 OBJECT  LOCAL  DEFAULT    1 _ZN6zephyr7arduinoL40__pinctrl_dev_config__device_dts_ord_105E
    30: 00000240     8 OBJECT  LOCAL  DEFAULT    1 _ZN6zephyr7arduinoL40__pinctrl_dev_config__device_dts_ord_109E
    31: 00000248     8 OBJECT  LOCAL  DEFAULT    1 _ZN6zephyr7arduinoL40__pinctrl_dev_config__device_dts_ord_114E
    32: 00000258     8 OBJECT  LOCAL  DEFAULT    1 _ZN6zephyr7arduinoL40__pinctrl_dev_config__device_dts_ord_123E
    33: 000001e0     8 OBJECT  LOCAL  DEFAULT    1 _ZN6zephyr7arduinoL39__pinctrl_dev_config__device_dts_ord_17E
    34: 00000200     8 OBJECT  LOCAL  DEFAULT    1 _ZN6zephyr7arduinoL39__pinctrl_dev_config__device_dts_ord_61E
    35: 00000200     0 NOTYPE  LOCAL  DEFAULT    1 $d
    36: 00000120     8 OBJECT  LOCAL  DEFAULT    1 _ZN6zephyr7arduinoL35__pinctrl_states__device_dts_ord_61E
    37: 00000120     0 NOTYPE  LOCAL  DEFAULT    1 $d
    38: 00000114    16 OBJECT  LOCAL  DEFAULT    3 _ZN6zephyr7arduinoL41__pinctrl_state_pins_0__device_dts_ord_61E
    39: 00000114     0 NOTYPE  LOCAL  DEFAULT    3 $d
    40: 000001e0     0 NOTYPE  LOCAL  DEFAULT    1 $d
    41: 000000e8    24 OBJECT  LOCAL  DEFAULT    1 _ZN6zephyr7arduinoL35__pinctrl_states__device_dts_ord_17E
    42: 000000e8     0 NOTYPE  LOCAL  DEFAULT    1 $d
    43: 000000e4     0 OBJECT  LOCAL  DEFAULT    3 _ZN6zephyr7arduinoL41__pinctrl_state_pins_0__device_dts_ord_17E
    44: 000001a4     0 OBJECT  LOCAL  DEFAULT    3 _ZN6zephyr7arduinoL41__pinctrl_state_pins_1__device_dts_ord_17E
    45: 000001b4    48 OBJECT  LOCAL  DEFAULT    3 _ZN6zephyr7arduinoL41__pinctrl_state_pins_2__device_dts_ord_17E
    46: 000001b4     0 NOTYPE  LOCAL  DEFAULT    3 $d
    47: 00000258     0 NOTYPE  LOCAL  DEFAULT    1 $d
    48: 000001c8    24 OBJECT  LOCAL  DEFAULT    1 _ZN6zephyr7arduinoL36__pinctrl_states__device_dts_ord_123E
    49: 000001c8     0 NOTYPE  LOCAL  DEFAULT    1 $d
    50: 000001e4     0 OBJECT  LOCAL  DEFAULT    3 _ZN6zephyr7arduinoL42__pinctrl_state_pins_0__device_dts_ord_123E
    51: 000001e4     0 OBJECT  LOCAL  DEFAULT    3 _ZN6zephyr7arduinoL42__pinctrl_state_pins_1__device_dts_ord_123E
    52: 0000025c     8 OBJECT  LOCAL  DEFAULT    3 _ZN6zephyr7arduinoL42__pinctrl_state_pins_2__device_dts_ord_123E
    53: 0000025c     0 NOTYPE  LOCAL  DEFAULT    3 $d
    54: 00000248     0 NOTYPE  LOCAL  DEFAULT    1 $d
    55: 00000198    24 OBJECT  LOCAL  DEFAULT    1 _ZN6zephyr7arduinoL36__pinctrl_states__device_dts_ord_114E
    56: 00000198     0 NOTYPE  LOCAL  DEFAULT    1 $d
    57: 000001e4     0 OBJECT  LOCAL  DEFAULT    3 _ZN6zephyr7arduinoL42__pinctrl_state_pins_0__device_dts_ord_114E
    58: 000001e4     0 OBJECT  LOCAL  DEFAULT    3 _ZN6zephyr7arduinoL42__pinctrl_state_pins_1__device_dts_ord_114E
    59: 00000224    24 OBJECT  LOCAL  DEFAULT    3 _ZN6zephyr7arduinoL42__pinctrl_state_pins_2__device_dts_ord_114E
    60: 00000224     0 NOTYPE  LOCAL  DEFAULT    3 $d
    61: 00000240     0 NOTYPE  LOCAL  DEFAULT    1 $d
    62: 00000180    24 OBJECT  LOCAL  DEFAULT    1 _ZN6zephyr7arduinoL36__pinctrl_states__device_dts_ord_109E
    63: 00000180     0 NOTYPE  LOCAL  DEFAULT    1 $d
    64: 000001e4     0 OBJECT  LOCAL  DEFAULT    3 _ZN6zephyr7arduinoL42__pinctrl_state_pins_0__device_dts_ord_109E
    65: 000001e4     0 OBJECT  LOCAL  DEFAULT    3 _ZN6zephyr7arduinoL42__pinctrl_state_pins_1__device_dts_ord_109E
    66: 00000214    16 OBJECT  LOCAL  DEFAULT    3 _ZN6zephyr7arduinoL42__pinctrl_state_pins_2__device_dts_ord_109E
    67: 00000214     0 NOTYPE  LOCAL  DEFAULT    3 $d
    68: 00000238     0 NOTYPE  LOCAL  DEFAULT    1 $d
    69: 00000168    24 OBJECT  LOCAL  DEFAULT    1 _ZN6zephyr7arduinoL36__pinctrl_states__device_dts_ord_105E
    70: 00000168     0 NOTYPE  LOCAL  DEFAULT    1 $d
    71: 000001e4     0 OBJECT  LOCAL  DEFAULT    3 _ZN6zephyr7arduinoL42__pinctrl_state_pins_0__device_dts_ord_105E
    72: 000001e4     0 OBJECT  LOCAL  DEFAULT    3 _ZN6zephyr7arduinoL42__pinctrl_state_pins_1__device_dts_ord_105E
    73: 000001fc    24 OBJECT  LOCAL  DEFAULT    3 _ZN6zephyr7arduinoL42__pinctrl_state_pins_2__device_dts_ord_105E
    74: 000001fc     0 NOTYPE  LOCAL  DEFAULT    3 $d
    75: 00000230     0 NOTYPE  LOCAL  DEFAULT    1 $d
    76: 00000150    24 OBJECT  LOCAL  DEFAULT    1 _ZN6zephyr7arduinoL36__pinctrl_states__device_dts_ord_100E
    77: 00000150     0 NOTYPE  LOCAL  DEFAULT    1 $d
    78: 000001e4     0 OBJECT  LOCAL  DEFAULT    3 _ZN6zephyr7arduinoL42__pinctrl_state_pins_0__device_dts_ord_100E
    79: 000001e4     0 OBJECT  LOCAL  DEFAULT    3 _ZN6zephyr7arduinoL42__pinctrl_state_pins_1__device_dts_ord_100E
    80: 000001e4    24 OBJECT  LOCAL  DEFAULT    3 _ZN6zephyr7arduinoL42__pinctrl_state_pins_2__device_dts_ord_100E
    81: 000001e4     0 NOTYPE  LOCAL  DEFAULT    3 $d
    82: 00000250     0 NOTYPE  LOCAL  DEFAULT    1 $d
    83: 000001b0    24 OBJECT  LOCAL  DEFAULT    1 _ZN6zephyr7arduinoL36__pinctrl_states__device_dts_ord_120E
    84: 000001b0     0 NOTYPE  LOCAL  DEFAULT    1 $d
    85: 000001e4     0 OBJECT  LOCAL  DEFAULT    3 _ZN6zephyr7arduinoL42__pinctrl_state_pins_0__device_dts_ord_120E
    86: 000001e4     0 OBJECT  LOCAL  DEFAULT    3 _ZN6zephyr7arduinoL42__pinctrl_state_pins_1__device_dts_ord_120E
    87: 0000023c    32 OBJECT  LOCAL  DEFAULT    3 _ZN6zephyr7arduinoL42__pinctrl_state_pins_2__device_dts_ord_120E
    88: 0000023c     0 NOTYPE  LOCAL  DEFAULT    3 $d
    89: 000001f8     0 NOTYPE  LOCAL  DEFAULT    1 $d
    90: 00000110    16 OBJECT  LOCAL  DEFAULT    1 _ZN6zephyr7arduinoL35__pinctrl_states__device_dts_ord_40E
    91: 00000110     0 NOTYPE  LOCAL  DEFAULT    1 $d
    92: 00000104    16 OBJECT  LOCAL  DEFAULT    3 _ZN6zephyr7arduinoL41__pinctrl_state_pins_0__device_dts_ord_40E
    93: 000001a4    16 OBJECT  LOCAL  DEFAULT    3 _ZN6zephyr7arduinoL41__pinctrl_state_pins_1__device_dts_ord_40E
    94: 000001a4     0 NOTYPE  LOCAL  DEFAULT    3 $d
    95: 00000104     0 NOTYPE  LOCAL  DEFAULT    3 $d
    96: 000001f0     0 NOTYPE  LOCAL  DEFAULT    1 $d
    97: 00000108     8 OBJECT  LOCAL  DEFAULT    1 _ZN6zephyr7arduinoL35__pinctrl_states__device_dts_ord_34E
    98: 00000108     0 NOTYPE  LOCAL  DEFAULT    1 $d
    99: 000000f4    16 OBJECT  LOCAL  DEFAULT    3 _ZN6zephyr7arduinoL41__pinctrl_state_pins_0__device_dts_ord_34E
   100: 000000f4     0 NOTYPE  LOCAL  DEFAULT    3 $d
   101: 000001e8     0 NOTYPE  LOCAL  DEFAULT    1 $d
   102: 00000100     8 OBJECT  LOCAL  DEFAULT    1 _ZN6zephyr7arduinoL35__pinctrl_states__device_dts_ord_30E
   103: 00000100     0 NOTYPE  LOCAL  DEFAULT    1 $d
   104: 000000e4    16 OBJECT  LOCAL  DEFAULT    3 _ZN6zephyr7arduinoL41__pinctrl_state_pins_0__device_dts_ord_30E
   105: 000000e4     0 NOTYPE  LOCAL  DEFAULT    3 $d
   106: 00000228     0 NOTYPE  LOCAL  DEFAULT    1 $d
   107: 00000148     8 OBJECT  LOCAL  DEFAULT    1 _ZN6zephyr7arduinoL35__pinctrl_states__device_dts_ord_88E
   108: 00000148     0 NOTYPE  LOCAL  DEFAULT    1 $d
   109: 00000184    32 OBJECT  LOCAL  DEFAULT    3 _ZN6zephyr7arduinoL41__pinctrl_state_pins_0__device_dts_ord_88E
   110: 00000184     0 NOTYPE  LOCAL  DEFAULT    3 $d
   111: 00000220     0 NOTYPE  LOCAL  DEFAULT    1 $d
   112: 00000140     8 OBJECT  LOCAL  DEFAULT    1 _ZN6zephyr7arduinoL35__pinctrl_states__device_dts_ord_83E
   113: 00000140     0 NOTYPE  LOCAL  DEFAULT    1 $d
   114: 00000164    32 OBJECT  LOCAL  DEFAULT    3 _ZN6zephyr7arduinoL41__pinctrl_state_pins_0__device_dts_ord_83E
   115: 00000164     0 NOTYPE  LOCAL  DEFAULT    3 $d
   116: 00000218     0 NOTYPE  LOCAL  DEFAULT    1 $d
   117: 00000138     8 OBJECT  LOCAL  DEFAULT    1 _ZN6zephyr7arduinoL35__pinctrl_states__device_dts_ord_78E
   118: 00000138     0 NOTYPE  LOCAL  DEFAULT    1 $d
   119: 00000144    32 OBJECT  LOCAL  DEFAULT    3 _ZN6zephyr7arduinoL41__pinctrl_state_pins_0__device_dts_ord_78E
   120: 00000144     0 NOTYPE  LOCAL  DEFAULT    3 $d
   121: 00000208     0 NOTYPE  LOCAL  DEFAULT    1 $d
   122: 00000128     8 OBJECT  LOCAL  DEFAULT    1 _ZN6zephyr7arduinoL35__pinctrl_states__device_dts_ord_70E
   123: 00000128     0 NOTYPE  LOCAL  DEFAULT    1 $d
   124: 00000124    16 OBJECT  LOCAL  DEFAULT    3 _ZN6zephyr7arduinoL41__pinctrl_state_pins_0__device_dts_ord_70E
   125: 00000124     0 NOTYPE  LOCAL  DEFAULT    3 $d
   126: 00000210     0 NOTYPE  LOCAL  DEFAULT    1 $d
   127: 00000130     8 OBJECT  LOCAL  DEFAULT    1 _ZN6zephyr7arduinoL35__pinctrl_states__device_dts_ord_73E
   128: 00000130     0 NOTYPE  LOCAL  DEFAULT    1 $d
   129: 00000134    16 OBJECT  LOCAL  DEFAULT    3 _ZN6zephyr7arduinoL41__pinctrl_state_pins_0__device_dts_ord_73E
   130: 00000134     0 NOTYPE  LOCAL  DEFAULT    3 $d
   131: 000053fe     0 NOTYPE  LOCAL  DEFAULT    4 $t
   132: 00005430     0 NOTYPE  LOCAL  DEFAULT    4 $t
   133: 0000543c     0 NOTYPE  LOCAL  DEFAULT    4 $t
   134: 0000544c     0 NOTYPE  LOCAL  DEFAULT    4 $d
   135: 00005450     0 NOTYPE  LOCAL  DEFAULT    4 $t
   136: 00005464     0 NOTYPE  LOCAL  DEFAULT    4 $t
   137: 000054a2     0 NOTYPE  LOCAL  DEFAULT    4 $t
   138: 000054ba     0 NOTYPE  LOCAL  DEFAULT    4 $t
   139: 00000260     0 NOTYPE  LOCAL  DEFAULT    1 $d
   140: 000002f0     0 NOTYPE  LOCAL  DEFAULT    1 $d
   141: 00004df4     0 NOTYPE  LOCAL  DEFAULT    4 $t
   142: 00004e04     0 NOTYPE  LOCAL  DEFAULT    4 $d
   143: 00004e08     0 NOTYPE  LOCAL  DEFAULT    4 $t
   144: 00004e1c     0 NOTYPE  LOCAL  DEFAULT    4 $t
   145: 00004e58     0 NOTYPE  LOCAL  DEFAULT    4 $t
   146: 00004ecc     0 NOTYPE  LOCAL  DEFAULT    4 $t
   147: 0000026c     0 NOTYPE  LOCAL  DEFAULT    1 $d
   148: 0000031c     0 NOTYPE  LOCAL  DEFAULT    1 $d
   149: 000051e8     0 NOTYPE  LOCAL  DEFAULT    4 $t
   150: 000051e9     8 FUNC    LOCAL  DEFAULT    4 _ZNK12_GLOBAL__N_122generic_error_category4nameEv
   151: 000051ec     0 NOTYPE  LOCAL  DEFAULT    4 $d
   152: 000051f0     0 NOTYPE  LOCAL  DEFAULT    4 $t
   153: 000051f1    20 FUNC    LOCAL  DEFAULT    4 _ZNK12_GLOBAL__N_122generic_error_category10equivalentEiRKSt15error_condition
   154: 00005204     0 NOTYPE  LOCAL  DEFAULT    4 $t
   155: 00005205     2 FUNC    LOCAL  DEFAULT    4 _ZN12_GLOBAL__N_122generic_error_categoryD2Ev
   156: 00005205     2 FUNC    LOCAL  DEFAULT    4 _ZN12_GLOBAL__N_122generic_error_categoryD1Ev
   157: 00005208     0 NOTYPE  LOCAL  DEFAULT    4 $t
   158: 00005209     8 FUNC    LOCAL  DEFAULT    4 _ZNK12_GLOBAL__N_121system_error_category4nameEv
   159: 0000520c     0 NOTYPE  LOCAL  DEFAULT    4 $d
   160: 00005210     0 NOTYPE  LOCAL  DEFAULT    4 $t
   161: 00005211   100 FUNC    LOCAL  DEFAULT    4 _ZNK12_GLOBAL__N_121system_error_category23default_error_conditionEi
   162: 00005264     0 NOTYPE  LOCAL  DEFAULT    4 $d
   163: 0000000c     4 OBJECT  LOCAL  DEFAULT    7 _ZN12_GLOBAL__N_125generic_category_instanceE
   164: 00005274     0 NOTYPE  LOCAL  DEFAULT    4 $t
   165: 00005275     2 FUNC    LOCAL  DEFAULT    4 _ZN12_GLOBAL__N_121system_error_categoryD2Ev
   166: 00005275     2 FUNC    LOCAL  DEFAULT    4 _ZN12_GLOBAL__N_121system_error_categoryD1Ev
   167: 00005276     0 NOTYPE  LOCAL  DEFAULT    4 $t
   168: 0000527c     0 NOTYPE  LOCAL  DEFAULT    4 $t
   169: 00005290     0 NOTYPE  LOCAL  DEFAULT    4 $t
   170: 00005291     2 FUNC    LOCAL  DEFAULT    4 _ZN12_GLOBAL__N_113constant_initINS_22generic_error_categoryEED2Ev
   171: 00005291     2 FUNC    LOCAL  DEFAULT    4 _ZN12_GLOBAL__N_113constant_initINS_22generic_error_categoryEED1Ev
   172: 00005292     0 NOTYPE  LOCAL  DEFAULT    4 $t
   173: 00005293     2 FUNC    LOCAL  DEFAULT    4 _ZN12_GLOBAL__N_113constant_initINS_21system_error_categoryEED2Ev
   174: 00005293     2 FUNC    LOCAL  DEFAULT    4 _ZN12_GLOBAL__N_113constant_initINS_21system_error_categoryEED1Ev
   175: 00005294     0 NOTYPE  LOCAL  DEFAULT    4 $t
   176: 00005295    12 FUNC    LOCAL  DEFAULT    4 _ZN12_GLOBAL__N_122generic_error_categoryD0Ev
   177: 000052a0     0 NOTYPE  LOCAL  DEFAULT    4 $t
   178: 000052a1    12 FUNC    LOCAL  DEFAULT    4 _ZN12_GLOBAL__N_121system_error_categoryD0Ev
   179: 000052ac     0 NOTYPE  LOCAL  DEFAULT    4 $t
   180: 000052dc     0 NOTYPE  LOCAL  DEFAULT    4 $t
   181: 000052dd    40 FUNC    LOCAL  DEFAULT    4 _ZNK12_GLOBAL__N_121system_error_category10equivalentEiRKSt15error_condition
   182: 00005304     0 NOTYPE  LOCAL  DEFAULT    4 $t
   183: 00005305   192 FUNC    LOCAL  DEFAULT    4 _ZNK12_GLOBAL__N_122generic_error_category7messageB5cxx11Ei
   184: 000053c0     0 NOTYPE  LOCAL  DEFAULT    4 $d
   185: 00005305   192 FUNC    LOCAL  DEFAULT    4 _ZNK12_GLOBAL__N_121system_error_category7messageB5cxx11Ei
   186: 00000008     4 OBJECT  LOCAL  DEFAULT    7 _ZN12_GLOBAL__N_124system_category_instanceE
   187: 000053c4     0 NOTYPE  LOCAL  DEFAULT    4 $t
   188: 000053c5    48 FUNC    LOCAL  DEFAULT    4 _GLOBAL__sub_I__ZSt20__throw_system_errori
   189: 000053e0     0 NOTYPE  LOCAL  DEFAULT    4 $d
   190: 0000000c     0 NOTYPE  LOCAL  DEFAULT   12 $d
   191: 00000290     0 NOTYPE  LOCAL  DEFAULT    1 $d
   192: 00000284     0 NOTYPE  LOCAL  DEFAULT    1 $d
   193: 00000284    12 OBJECT  LOCAL  DEFAULT    1 _ZTIN12_GLOBAL__N_122generic_error_categoryE
   194: 000003b8    42 OBJECT  LOCAL  DEFAULT    3 _ZTSN12_GLOBAL__N_122generic_error_categoryE
   195: 00000278     0 NOTYPE  LOCAL  DEFAULT    1 $d
   196: 00000278    12 OBJECT  LOCAL  DEFAULT    1 _ZTIN12_GLOBAL__N_121system_error_categoryE
   197: 0000038f    41 OBJECT  LOCAL  DEFAULT    3 _ZTSN12_GLOBAL__N_121system_error_categoryE
   198: 00000370     0 NOTYPE  LOCAL  DEFAULT    1 $d
   199: 00000370    40 OBJECT  LOCAL  DEFAULT    1 _ZTVN12_GLOBAL__N_122generic_error_categoryE
   200: 00000348     0 NOTYPE  LOCAL  DEFAULT    1 $d
   201: 00000348    40 OBJECT  LOCAL  DEFAULT    1 _ZTVN12_GLOBAL__N_121system_error_categoryE
   202: 00000008     0 NOTYPE  LOCAL  DEFAULT    7 $d
   203: 0000000c     0 NOTYPE  LOCAL  DEFAULT    7 $d
   204: 00004f28     0 NOTYPE  LOCAL  DEFAULT    4 $t
   205: 00004f2c     0 NOTYPE  LOCAL  DEFAULT    4 $t
   206: 00004f4c     0 NOTYPE  LOCAL  DEFAULT    4 $d
   207: 00004f50     0 NOTYPE  LOCAL  DEFAULT    4 $t
   208: 00004f64     0 NOTYPE  LOCAL  DEFAULT    4 $t
   209: 00004f74     0 NOTYPE  LOCAL  DEFAULT    4 $d
   210: 00004f78     0 NOTYPE  LOCAL  DEFAULT    4 $t
   211: 00000298     0 NOTYPE  LOCAL  DEFAULT    1 $d
   212: 000002a4     0 NOTYPE  LOCAL  DEFAULT    1 $d
   213: 000003cc     0 NOTYPE  LOCAL  DEFAULT    1 $d
   214: 000003e0     0 NOTYPE  LOCAL  DEFAULT    1 $d
   215: 00004dc0     0 NOTYPE  LOCAL  DEFAULT    4 $t
   216: 00004dc4     0 NOTYPE  LOCAL  DEFAULT    4 $d
   217: 00004dc8     0 NOTYPE  LOCAL  DEFAULT    4 $t
   218: 00004dd8     0 NOTYPE  LOCAL  DEFAULT    4 $d
   219: 00004ddc     0 NOTYPE  LOCAL  DEFAULT    4 $t
   220: 000002b0     0 NOTYPE  LOCAL  DEFAULT    1 $d
   221: 000003f4     0 NOTYPE  LOCAL  DEFAULT    1 $d
   222: 00004df0     0 NOTYPE  LOCAL  DEFAULT    4 $t
   223: 000002bc     0 NOTYPE  LOCAL  DEFAULT    1 $d
   224: 00004ef6     0 NOTYPE  LOCAL  DEFAULT    4 $t
   225: 00004ef8     0 NOTYPE  LOCAL  DEFAULT    4 $t
   226: 00004efc     0 NOTYPE  LOCAL  DEFAULT    4 $t
   227: 000002c4     0 NOTYPE  LOCAL  DEFAULT    1 $d
   228: 00002530     0 NOTYPE  LOCAL  DEFAULT    4 $t
   229: 00002534     0 NOTYPE  LOCAL  DEFAULT    4 $t
   230: 00002536     0 NOTYPE  LOCAL  DEFAULT    4 $t
   231: 00002550     0 NOTYPE  LOCAL  DEFAULT    4 $t
   232: 00002551     8 FUNC    LOCAL  DEFAULT    4 k_yield
   233: 00002554     0 NOTYPE  LOCAL  DEFAULT    4 $d
   234: 00002558     0 NOTYPE  LOCAL  DEFAULT    4 $t
   235: 00002559     8 FUNC    LOCAL  DEFAULT    4 k_mutex_lock
   236: 0000255c     0 NOTYPE  LOCAL  DEFAULT    4 $d
   237: 00002560     0 NOTYPE  LOCAL  DEFAULT    4 $t
   238: 00002561    32 FUNC    LOCAL  DEFAULT    4 _ZNSt12_Vector_baseIhSaIhEE11_M_allocateEj.isra.0
   239: 00002578     0 NOTYPE  LOCAL  DEFAULT    4 $d
   240: 00002580     0 NOTYPE  LOCAL  DEFAULT    4 $t
   241: 00002581     8 FUNC    LOCAL  DEFAULT    4 k_mutex_unlock.isra.0
   242: 00002584     0 NOTYPE  LOCAL  DEFAULT    4 $d
   243: 00002588     0 NOTYPE  LOCAL  DEFAULT    4 $t
   244: 000025ec     0 NOTYPE  LOCAL  DEFAULT    4 $d
   245: 000025f4     0 NOTYPE  LOCAL  DEFAULT    4 $t
   246: 00002630     0 NOTYPE  LOCAL  DEFAULT    4 $d
   247: 00002638     0 NOTYPE  LOCAL  DEFAULT    4 $t
   248: 00002639    12 FUNC    LOCAL  DEFAULT    4 k_msleep.constprop.0.isra.0
   249: 00002640     0 NOTYPE  LOCAL  DEFAULT    4 $d
   250: 00002644     0 NOTYPE  LOCAL  DEFAULT    4 $t
   251: 00002664     0 NOTYPE  LOCAL  DEFAULT    4 $d
   252: 00002670     0 NOTYPE  LOCAL  DEFAULT    4 $t
   253: 000026a8     0 NOTYPE  LOCAL  DEFAULT    4 $d
   254: 000026ac     0 NOTYPE  LOCAL  DEFAULT    4 $t
   255: 000026e4     0 NOTYPE  LOCAL  DEFAULT    4 $d
   256: 000026ec     0 NOTYPE  LOCAL  DEFAULT    4 $t
   257: 00002748     0 NOTYPE  LOCAL  DEFAULT    4 $d
   258: 00002754     0 NOTYPE  LOCAL  DEFAULT    4 $t
   259: 00002788     0 NOTYPE  LOCAL  DEFAULT    4 $d
   260: 00002794     0 NOTYPE  LOCAL  DEFAULT    4 $t
   261: 00002795   140 FUNC    LOCAL  DEFAULT    4 _ZNSt6vectorIhSaIhEE12emplace_backIJRKhEEERhDpOT_.isra.0
   262: 00002808     0 NOTYPE  LOCAL  DEFAULT    4 $d
   263: 00002820     0 NOTYPE  LOCAL  DEFAULT    4 $t
   264: 00002821   140 FUNC    LOCAL  DEFAULT    4 _ZNSt6vectorIhSaIhEE12emplace_backIJhEEERhDpOT_.isra.0
   265: 00002894     0 NOTYPE  LOCAL  DEFAULT    4 $d
   266: 000028ac     0 NOTYPE  LOCAL  DEFAULT    4 $t
   267: 00002a08     0 NOTYPE  LOCAL  DEFAULT    4 $d
   268: 00002a24     0 NOTYPE  LOCAL  DEFAULT    4 $t
   269: 00002a25    24 FUNC    LOCAL  DEFAULT    4 _ZN7arduino7msgpack6Packer11packRawByteERKNS0_4TypeE.isra.0
   270: 00002a38     0 NOTYPE  LOCAL  DEFAULT    4 $d
   271: 00002a3c     0 NOTYPE  LOCAL  DEFAULT    4 $t
   272: 00002a3d   140 FUNC    LOCAL  DEFAULT    4 _ZNSt6vectorIhSaIhEE12emplace_backIJRhEEES3_DpOT_.isra.0
   273: 00002ab0     0 NOTYPE  LOCAL  DEFAULT    4 $d
   274: 00002ac8     0 NOTYPE  LOCAL  DEFAULT    4 $t
   275: 00002ac9    80 FUNC    LOCAL  DEFAULT    4 _ZN7arduino7msgpack6Packer11packIntegerIjEENSt9enable_ifIXaaaaaasrSt13is_arithmeticIT_E5valuesrSt11is_integralIS5_E5valuentsrSt7is_sameIS5_bE5valuentsrS9_INSt9remove_cvIS5_E4typeEPcE5valueEvE4typeERKS5_.isra.0
   276: 00002b08     0 NOTYPE  LOCAL  DEFAULT    4 $d
   277: 00002b18     0 NOTYPE  LOCAL  DEFAULT    4 $t
   278: 00002b19   196 FUNC    LOCAL  DEFAULT    4 _ZN7arduino7msgpack6Packer11packIntegerIiEENSt9enable_ifIXaaaaaasrSt13is_arithmeticIT_E5valuesrSt11is_integralIS5_E5valuentsrSt7is_sameIS5_bE5valuentsrS9_INSt9remove_cvIS5_E4typeEPcE5valueEvE4typeERKS5_.isra.0
   279: 00002bc4     0 NOTYPE  LOCAL  DEFAULT    4 $d
   280: 00002bdc     0 NOTYPE  LOCAL  DEFAULT    4 $t
   281: 00002c44     0 NOTYPE  LOCAL  DEFAULT    4 $d
   282: 00002c58     0 NOTYPE  LOCAL  DEFAULT    4 $t
   283: 00002c59    56 FUNC    LOCAL  DEFAULT    4 _ZN7arduino7msgpack6Packer9serializeIJRKiRjRKNS_6StringEEEEvRKNS0_4type9ArraySizeEDpOT_.isra.0
   284: 00002c80     0 NOTYPE  LOCAL  DEFAULT    4 $d
   285: 00002c90     0 NOTYPE  LOCAL  DEFAULT    4 $t
   286: 00002cb4     0 NOTYPE  LOCAL  DEFAULT    4 $t
   287: 00002cb5   120 FUNC    LOCAL  DEFAULT    4 _ZN9RPCClient8send_rpcIJEEEbRKN7arduino6StringERjDpOT_.isra.0
   288: 00002d1c     0 NOTYPE  LOCAL  DEFAULT    4 $d
   289: 00002d2c     0 NOTYPE  LOCAL  DEFAULT    4 $t
   290: 00002d2d   136 FUNC    LOCAL  DEFAULT    4 _ZN9RPCClient8send_rpcIJRKN7arduino6StringEEEEbS4_RjDpOT_.isra.0
   291: 00002da0     0 NOTYPE  LOCAL  DEFAULT    4 $d
   292: 00002db4     0 NOTYPE  LOCAL  DEFAULT    4 $t
   293: 00002db5   136 FUNC    LOCAL  DEFAULT    4 _ZN9RPCClient8send_rpcIJRKjEEEbRKN7arduino6StringERjDpOT_.isra.0
   294: 00002e28     0 NOTYPE  LOCAL  DEFAULT    4 $d
   295: 00002e3c     0 NOTYPE  LOCAL  DEFAULT    4 $t
   296: 00002eb4     0 NOTYPE  LOCAL  DEFAULT    4 $d
   297: 00002ecc     0 NOTYPE  LOCAL  DEFAULT    4 $t
   298: 00002f04     0 NOTYPE  LOCAL  DEFAULT    4 $d
   299: 00002f34     0 NOTYPE  LOCAL  DEFAULT    4 $d
   300: 00002f4c     0 NOTYPE  LOCAL  DEFAULT    4 $t
   301: 00002f84     0 NOTYPE  LOCAL  DEFAULT    4 $d
   302: 00002f8c     0 NOTYPE  LOCAL  DEFAULT    4 $t
   303: 00002ff8     0 NOTYPE  LOCAL  DEFAULT    4 $d
   304: 00003004     0 NOTYPE  LOCAL  DEFAULT    4 $t
   305: 0000314c     0 NOTYPE  LOCAL  DEFAULT    4 $d
   306: 00003180     0 NOTYPE  LOCAL  DEFAULT    4 $t
   307: 000031bc     0 NOTYPE  LOCAL  DEFAULT    4 $d
   308: 000031c0     0 NOTYPE  LOCAL  DEFAULT    4 $t
   309: 000031f4     0 NOTYPE  LOCAL  DEFAULT    4 $d
   310: 00003200     0 NOTYPE  LOCAL  DEFAULT    4 $t
   311: 00003484     0 NOTYPE  LOCAL  DEFAULT    4 $d
   312: 000034e4     0 NOTYPE  LOCAL  DEFAULT    4 $t
   313: 000035fc     0 NOTYPE  LOCAL  DEFAULT    4 $d
   314: 00003634     0 NOTYPE  LOCAL  DEFAULT    4 $t
   315: 000036c0     0 NOTYPE  LOCAL  DEFAULT    4 $d
   316: 000036e0     0 NOTYPE  LOCAL  DEFAULT    4 $t
   317: 00003714     0 NOTYPE  LOCAL  DEFAULT    4 $d
   318: 00003720     0 NOTYPE  LOCAL  DEFAULT    4 $t
   319: 00003814     0 NOTYPE  LOCAL  DEFAULT    4 $d
   320: 00003844     0 NOTYPE  LOCAL  DEFAULT    4 $t
   321: 00003a84     0 NOTYPE  LOCAL  DEFAULT    4 $d
   322: 00003af8     0 NOTYPE  LOCAL  DEFAULT    4 $t
   323: 00003bac     0 NOTYPE  LOCAL  DEFAULT    4 $d
   324: 00003bd4     0 NOTYPE  LOCAL  DEFAULT    4 $t
   325: 00003c08     0 NOTYPE  LOCAL  DEFAULT    4 $d
   326: 00003c14     0 NOTYPE  LOCAL  DEFAULT    4 $t
   327: 00003c40     0 NOTYPE  LOCAL  DEFAULT    4 $d
   328: 00003c48     0 NOTYPE  LOCAL  DEFAULT    4 $t
   329: 00003e88     0 NOTYPE  LOCAL  DEFAULT    4 $d
   330: 00003ef4     0 NOTYPE  LOCAL  DEFAULT    4 $t
   331: 00003fd8     0 NOTYPE  LOCAL  DEFAULT    4 $d
   332: 0000400c     0 NOTYPE  LOCAL  DEFAULT    4 $t
   333: 000040f4     0 NOTYPE  LOCAL  DEFAULT    4 $d
   334: 00004130     0 NOTYPE  LOCAL  DEFAULT    4 $t
   335: 00004168     0 NOTYPE  LOCAL  DEFAULT    4 $d
   336: 00004174     0 NOTYPE  LOCAL  DEFAULT    4 $t
   337: 00004175   188 FUNC    LOCAL  DEFAULT    4 _GLOBAL__sub_I_Bridge
   338: 00004204     0 NOTYPE  LOCAL  DEFAULT    4 $d
   339: 00000004     0 NOTYPE  LOCAL  DEFAULT   12 $d
   340: 00004230     0 NOTYPE  LOCAL  DEFAULT    4 $t
   341: 00004231    32 FUNC    LOCAL  DEFAULT    4 _GLOBAL__sub_D_Bridge
   342: 00004244     0 NOTYPE  LOCAL  DEFAULT    4 $d
   343: 00000004     0 NOTYPE  LOCAL  DEFAULT   14 $d
   344: 000002cc     0 NOTYPE  LOCAL  DEFAULT    1 $d
   345: 00002f7c     0 NOTYPE  LOCAL  DEFAULT    9 $d
   346: 00002f80     0 NOTYPE  LOCAL  DEFAULT    9 $d
   347: 00002f84     0 NOTYPE  LOCAL  DEFAULT    9 $d
   348: 000031c0     0 NOTYPE  LOCAL  DEFAULT    9 $d
   349: 00002f07     0 NOTYPE  LOCAL  DEFAULT    4 $d
   350: 00002f08     0 NOTYPE  LOCAL  DEFAULT    4 $t
   351: 00000001    16 FUNC    LOCAL  DEFAULT    4 __tcf_0
   352: 00000101    20 FUNC    LOCAL  DEFAULT    4 __tcf_1
   353: 000000ed    20 FUNC    LOCAL  DEFAULT    4 __tcf_2
   354: 000048fc     0 NOTYPE  LOCAL  DEFAULT    4 $t
   355: 000048fd    10 FUNC    LOCAL  DEFAULT    4 z_impl_uart_irq_tx_enable
   356: 00004906     0 NOTYPE  LOCAL  DEFAULT    4 $t
   357: 00004910     0 NOTYPE  LOCAL  DEFAULT    4 $t
   358: 00004928     0 NOTYPE  LOCAL  DEFAULT    4 $t
   359: 0000492c     0 NOTYPE  LOCAL  DEFAULT    4 $t
   360: 0000492d     8 FUNC    LOCAL  DEFAULT    4 k_sem_give
   361: 00004930     0 NOTYPE  LOCAL  DEFAULT    4 $d
   362: 00004934     0 NOTYPE  LOCAL  DEFAULT    4 $t
   363: 00004935     8 FUNC    LOCAL  DEFAULT    4 k_sem_take.isra.0
   364: 00004938     0 NOTYPE  LOCAL  DEFAULT    4 $d
   365: 0000493c     0 NOTYPE  LOCAL  DEFAULT    4 $t
   366: 00004978     0 NOTYPE  LOCAL  DEFAULT    4 $d
   367: 00004984     0 NOTYPE  LOCAL  DEFAULT    4 $t
   368: 000049c0     0 NOTYPE  LOCAL  DEFAULT    4 $d
   369: 000049cc     0 NOTYPE  LOCAL  DEFAULT    4 $t
   370: 000049f8     0 NOTYPE  LOCAL  DEFAULT    4 $d
   371: 00004a00     0 NOTYPE  LOCAL  DEFAULT    4 $t
   372: 00004a2c     0 NOTYPE  LOCAL  DEFAULT    4 $d
   373: 00004a34     0 NOTYPE  LOCAL  DEFAULT    4 $t
   374: 00004aec     0 NOTYPE  LOCAL  DEFAULT    4 $d
   375: 00004afc     0 NOTYPE  LOCAL  DEFAULT    4 $t
   376: 00004b04     0 NOTYPE  LOCAL  DEFAULT    4 $d
   377: 00004b08     0 NOTYPE  LOCAL  DEFAULT    4 $t
   378: 00004b30     0 NOTYPE  LOCAL  DEFAULT    4 $d
   379: 00004b34     0 NOTYPE  LOCAL  DEFAULT    4 $t
   380: 00004b90     0 NOTYPE  LOCAL  DEFAULT    4 $d
   381: 00004ba4     0 NOTYPE  LOCAL  DEFAULT    4 $t
   382: 00004c78     0 NOTYPE  LOCAL  DEFAULT    4 $d
   383: 00004c8c     0 NOTYPE  LOCAL  DEFAULT    4 $t
   384: 00004c94     0 NOTYPE  LOCAL  DEFAULT    4 $d
   385: 00004c98     0 NOTYPE  LOCAL  DEFAULT    4 $t
   386: 00004cc0     0 NOTYPE  LOCAL  DEFAULT    4 $d
   387: 00004cc4     0 NOTYPE  LOCAL  DEFAULT    4 $t
   388: 00004cc5   124 FUNC    LOCAL  DEFAULT    4 _GLOBAL__sub_I__ZN7arduino12ZephyrSerial5beginEmt
   389: 00004d20     0 NOTYPE  LOCAL  DEFAULT    4 $d
   390: 00000008     0 NOTYPE  LOCAL  DEFAULT   12 $d
   391: 00000398     0 NOTYPE  LOCAL  DEFAULT    1 $d
   392: 00003320     0 NOTYPE  LOCAL  DEFAULT    9 $d
   393: 00003b8c     0 NOTYPE  LOCAL  DEFAULT    9 $d
   394: 000043f8     0 NOTYPE  LOCAL  DEFAULT    9 $d
   395: 00000000     0 NOTYPE  LOCAL  DEFAULT    4 $t
   396: 00000001    16 FUNC    LOCAL  DEFAULT    4 __tcf_0
   397: 00000008     0 NOTYPE  LOCAL  DEFAULT    4 $d
   398: 00000010     0 NOTYPE  LOCAL  DEFAULT    4 $t
   399: 00000011    32 FUNC    LOCAL  DEFAULT    4 _ZNSt12_Vector_baseIhSaIhEE11_M_allocateEj.isra.0
   400: 00000028     0 NOTYPE  LOCAL  DEFAULT    4 $d
   401: 00000030     0 NOTYPE  LOCAL  DEFAULT    4 $t
   402: 00000031     8 FUNC    LOCAL  DEFAULT    4 k_mutex_unlock.isra.0
   403: 00000034     0 NOTYPE  LOCAL  DEFAULT    4 $d
   404: 00000038     0 NOTYPE  LOCAL  DEFAULT    4 $t
   405: 0000004e     0 NOTYPE  LOCAL  DEFAULT    4 $t
   406: 0000006c     0 NOTYPE  LOCAL  DEFAULT    4 $t
   407: 000000c4     0 NOTYPE  LOCAL  DEFAULT    4 $d
   408: 000000d0     0 NOTYPE  LOCAL  DEFAULT    4 $t
   409: 000000d4     0 NOTYPE  LOCAL  DEFAULT    4 $t
   410: 000000e8     0 NOTYPE  LOCAL  DEFAULT    4 $d
   411: 000000ec     0 NOTYPE  LOCAL  DEFAULT    4 $t
   412: 000000ed    20 FUNC    LOCAL  DEFAULT    4 __tcf_2
   413: 000000f8     0 NOTYPE  LOCAL  DEFAULT    4 $d
   414: 00000100     0 NOTYPE  LOCAL  DEFAULT    4 $t
   415: 00000101    20 FUNC    LOCAL  DEFAULT    4 __tcf_1
   416: 0000010c     0 NOTYPE  LOCAL  DEFAULT    4 $d
   417: 00000114     0 NOTYPE  LOCAL  DEFAULT    4 $t
   418: 00000134     0 NOTYPE  LOCAL  DEFAULT    4 $t
   419: 00000184     0 NOTYPE  LOCAL  DEFAULT    4 $d
   420: 00000188     0 NOTYPE  LOCAL  DEFAULT    4 $t
   421: 00000194     0 NOTYPE  LOCAL  DEFAULT    4 $d
   422: 00000198     0 NOTYPE  LOCAL  DEFAULT    4 $t
   423: 000001ec     0 NOTYPE  LOCAL  DEFAULT    4 $d
   424: 000001f0     0 NOTYPE  LOCAL  DEFAULT    4 $t
   425: 0000024c     0 NOTYPE  LOCAL  DEFAULT    4 $d
   426: 00000250     0 NOTYPE  LOCAL  DEFAULT    4 $t
   427: 0000026c     0 NOTYPE  LOCAL  DEFAULT    4 $d
   428: 00000270     0 NOTYPE  LOCAL  DEFAULT    4 $t
   429: 0000028c     0 NOTYPE  LOCAL  DEFAULT    4 $d
   430: 00000290     0 NOTYPE  LOCAL  DEFAULT    4 $t
   431: 000002e0     0 NOTYPE  LOCAL  DEFAULT    4 $d
   432: 000002e4     0 NOTYPE  LOCAL  DEFAULT    4 $t
   433: 0000033c     0 NOTYPE  LOCAL  DEFAULT    4 $d
   434: 00000348     0 NOTYPE  LOCAL  DEFAULT    4 $t
   435: 000003a8     0 NOTYPE  LOCAL  DEFAULT    4 $d
   436: 000003b4     0 NOTYPE  LOCAL  DEFAULT    4 $t
   437: 000003f8     0 NOTYPE  LOCAL  DEFAULT    4 $d
   438: 00000400     0 NOTYPE  LOCAL  DEFAULT    4 $t
   439: 00000440     0 NOTYPE  LOCAL  DEFAULT    4 $d
   440: 00000448     0 NOTYPE  LOCAL  DEFAULT    4 $t
   441: 00000488     0 NOTYPE  LOCAL  DEFAULT    4 $d
   442: 00000490     0 NOTYPE  LOCAL  DEFAULT    4 $t
   443: 000004c0     0 NOTYPE  LOCAL  DEFAULT    4 $t
   444: 00000500     0 NOTYPE  LOCAL  DEFAULT    4 $d
   445: 00000508     0 NOTYPE  LOCAL  DEFAULT    4 $t
   446: 0000053c     0 NOTYPE  LOCAL  DEFAULT    4 $t
   447: 00000554     0 NOTYPE  LOCAL  DEFAULT    4 $d
   448: 00000640     0 NOTYPE  LOCAL  DEFAULT    4 $d
   449: 00000650     0 NOTYPE  LOCAL  DEFAULT    4 $t
   450: 000006b8     0 NOTYPE  LOCAL  DEFAULT    4 $d
   451: 000006c8     0 NOTYPE  LOCAL  DEFAULT    4 $t
   452: 00000708     0 NOTYPE  LOCAL  DEFAULT    4 $d
   453: 00000710     0 NOTYPE  LOCAL  DEFAULT    4 $t
   454: 00000778     0 NOTYPE  LOCAL  DEFAULT    4 $d
   455: 00000788     0 NOTYPE  LOCAL  DEFAULT    4 $t
   456: 000007c4     0 NOTYPE  LOCAL  DEFAULT    4 $t
   457: 00000808     0 NOTYPE  LOCAL  DEFAULT    4 $d
   458: 00000810     0 NOTYPE  LOCAL  DEFAULT    4 $t
   459: 00000830     0 NOTYPE  LOCAL  DEFAULT    4 $t
   460: 00000870     0 NOTYPE  LOCAL  DEFAULT    4 $d
   461: 00000878     0 NOTYPE  LOCAL  DEFAULT    4 $t
   462: 0000089c     0 NOTYPE  LOCAL  DEFAULT    4 $d
   463: 000008a4     0 NOTYPE  LOCAL  DEFAULT    4 $t
   464: 000008c8     0 NOTYPE  LOCAL  DEFAULT    4 $d
   465: 000008d0     0 NOTYPE  LOCAL  DEFAULT    4 $t
   466: 00000904     0 NOTYPE  LOCAL  DEFAULT    4 $d
   467: 00000910     0 NOTYPE  LOCAL  DEFAULT    4 $t
   468: 00000930     0 NOTYPE  LOCAL  DEFAULT    4 $t
   469: 00000968     0 NOTYPE  LOCAL  DEFAULT    4 $d
   470: 00000970     0 NOTYPE  LOCAL  DEFAULT    4 $t
   471: 00000ab8     0 NOTYPE  LOCAL  DEFAULT    4 $d
   472: 00000ae4     0 NOTYPE  LOCAL  DEFAULT    4 $t
   473: 00000b90     0 NOTYPE  LOCAL  DEFAULT    4 $d
   474: 00000ba8     0 NOTYPE  LOCAL  DEFAULT    4 $t
   475: 00000bbc     0 NOTYPE  LOCAL  DEFAULT    4 $d
   476: 00000bc0     0 NOTYPE  LOCAL  DEFAULT    4 $t
   477: 00000be0     0 NOTYPE  LOCAL  DEFAULT    4 $d
   478: 00000bec     0 NOTYPE  LOCAL  DEFAULT    4 $t
   479: 00000c6c     0 NOTYPE  LOCAL  DEFAULT    4 $d
   480: 00000c84     0 NOTYPE  LOCAL  DEFAULT    4 $t
   481: 00000cf0     0 NOTYPE  LOCAL  DEFAULT    4 $d
   482: 00000cfc     0 NOTYPE  LOCAL  DEFAULT    4 $t
   483: 00000d30     0 NOTYPE  LOCAL  DEFAULT    4 $d
   484: 00000d34     0 NOTYPE  LOCAL  DEFAULT    4 $t
   485: 00000d35   140 FUNC    LOCAL  DEFAULT    4 _ZNSt6vectorIhSaIhEE12emplace_backIJhEEERhDpOT_.isra.0
   486: 00000da8     0 NOTYPE  LOCAL  DEFAULT    4 $d
   487: 00000dc0     0 NOTYPE  LOCAL  DEFAULT    4 $t
   488: 00000dc1    24 FUNC    LOCAL  DEFAULT    4 _ZN7arduino7msgpack6Packer11packRawByteERKNS0_4TypeE.isra.0
   489: 00000dd4     0 NOTYPE  LOCAL  DEFAULT    4 $d
   490: 00000dd8     0 NOTYPE  LOCAL  DEFAULT    4 $t
   491: 00000dd9   140 FUNC    LOCAL  DEFAULT    4 _ZNSt6vectorIhSaIhEE12emplace_backIJRKhEEERhDpOT_.isra.0
   492: 00000e4c     0 NOTYPE  LOCAL  DEFAULT    4 $d
   493: 00000e64     0 NOTYPE  LOCAL  DEFAULT    4 $t
   494: 00000e88     0 NOTYPE  LOCAL  DEFAULT    4 $d
   495: 00000e90     0 NOTYPE  LOCAL  DEFAULT    4 $t
   496: 00000e91   140 FUNC    LOCAL  DEFAULT    4 _ZNSt6vectorIhSaIhEE12emplace_backIJRhEEES3_DpOT_.isra.0
   497: 00000f04     0 NOTYPE  LOCAL  DEFAULT    4 $d
   498: 00000f1c     0 NOTYPE  LOCAL  DEFAULT    4 $t
   499: 00000f34     0 NOTYPE  LOCAL  DEFAULT    4 $d
   500: 00000f38     0 NOTYPE  LOCAL  DEFAULT    4 $t
   501: 00000f58     0 NOTYPE  LOCAL  DEFAULT    4 $d
   502: 00000f60     0 NOTYPE  LOCAL  DEFAULT    4 $t
   503: 00000f78     0 NOTYPE  LOCAL  DEFAULT    4 $d
   504: 00000f7c     0 NOTYPE  LOCAL  DEFAULT    4 $t
   505: 00000fc4     0 NOTYPE  LOCAL  DEFAULT    4 $d
   506: 00000fd4     0 NOTYPE  LOCAL  DEFAULT    4 $t
   507: 00000ff8     0 NOTYPE  LOCAL  DEFAULT    4 $d
   508: 00001000     0 NOTYPE  LOCAL  DEFAULT    4 $t
   509: 00001001   196 FUNC    LOCAL  DEFAULT    4 _ZN7arduino7msgpack6Packer11packIntegerIiEENSt9enable_ifIXaaaaaasrSt13is_arithmeticIT_E5valuesrSt11is_integralIS5_E5valuentsrSt7is_sameIS5_bE5valuentsrS9_INSt9remove_cvIS5_E4typeEPcE5valueEvE4typeERKS5_.isra.0
   510: 000010ac     0 NOTYPE  LOCAL  DEFAULT    4 $d
   511: 000010c4     0 NOTYPE  LOCAL  DEFAULT    4 $t
   512: 0000114c     0 NOTYPE  LOCAL  DEFAULT    4 $d
   513: 00001164     0 NOTYPE  LOCAL  DEFAULT    4 $t
   514: 0000119c     0 NOTYPE  LOCAL  DEFAULT    4 $d
   515: 00001208     0 NOTYPE  LOCAL  DEFAULT    4 $d
   516: 00001234     0 NOTYPE  LOCAL  DEFAULT    4 $t
   517: 0000126c     0 NOTYPE  LOCAL  DEFAULT    4 $d
   518: 00001274     0 NOTYPE  LOCAL  DEFAULT    4 $t
   519: 000012ae     0 NOTYPE  LOCAL  DEFAULT    4 $d
   520: 00001348     0 NOTYPE  LOCAL  DEFAULT    4 $d
   521: 00001390     0 NOTYPE  LOCAL  DEFAULT    4 $t
   522: 000013ca     0 NOTYPE  LOCAL  DEFAULT    4 $d
   523: 00001458     0 NOTYPE  LOCAL  DEFAULT    4 $d
   524: 000014a8     0 NOTYPE  LOCAL  DEFAULT    4 $t
   525: 000014e4     0 NOTYPE  LOCAL  DEFAULT    4 $d
   526: 000014ec     0 NOTYPE  LOCAL  DEFAULT    4 $t
   527: 00001530     0 NOTYPE  LOCAL  DEFAULT    4 $d
   528: 00001570     0 NOTYPE  LOCAL  DEFAULT    4 $d
   529: 0000158c     0 NOTYPE  LOCAL  DEFAULT    4 $t
   530: 0000162c     0 NOTYPE  LOCAL  DEFAULT    4 $d
   531: 0000164c     0 NOTYPE  LOCAL  DEFAULT    4 $t
   532: 000017fc     0 NOTYPE  LOCAL  DEFAULT    4 $d
   533: 00001840     0 NOTYPE  LOCAL  DEFAULT    4 $t
   534: 00001890     0 NOTYPE  LOCAL  DEFAULT    4 $t
   535: 000018b8     0 NOTYPE  LOCAL  DEFAULT    4 $d
   536: 000018bc     0 NOTYPE  LOCAL  DEFAULT    4 $t
   537: 0000196c     0 NOTYPE  LOCAL  DEFAULT    4 $d
   538: 00001994     0 NOTYPE  LOCAL  DEFAULT    4 $t
   539: 000019b8     0 NOTYPE  LOCAL  DEFAULT    4 $d
   540: 000019bc     0 NOTYPE  LOCAL  DEFAULT    4 $t
   541: 000019e0     0 NOTYPE  LOCAL  DEFAULT    4 $d
   542: 000019e4     0 NOTYPE  LOCAL  DEFAULT    4 $t
   543: 00001adc     0 NOTYPE  LOCAL  DEFAULT    4 $d
   544: 00001b04     0 NOTYPE  LOCAL  DEFAULT    4 $t
   545: 00001b3e     0 NOTYPE  LOCAL  DEFAULT    4 $d
   546: 00001b50     0 NOTYPE  LOCAL  DEFAULT    4 $t
   547: 00001c60     0 NOTYPE  LOCAL  DEFAULT    4 $d
   548: 00001c7c     0 NOTYPE  LOCAL  DEFAULT    4 $t
   549: 00001ee0     0 NOTYPE  LOCAL  DEFAULT    4 $d
   550: 00001f40     0 NOTYPE  LOCAL  DEFAULT    4 $t
   551: 000020f0     0 NOTYPE  LOCAL  DEFAULT    4 $d
   552: 00002148     0 NOTYPE  LOCAL  DEFAULT    4 $t
   553: 00002268     0 NOTYPE  LOCAL  DEFAULT    4 $d
   554: 00002284     0 NOTYPE  LOCAL  DEFAULT    4 $t
   555: 0000236c     0 NOTYPE  LOCAL  DEFAULT    4 $d
   556: 00002388     0 NOTYPE  LOCAL  DEFAULT    4 $t
   557: 00002474     0 NOTYPE  LOCAL  DEFAULT    4 $d
   558: 000024a4     0 NOTYPE  LOCAL  DEFAULT    4 $t
   559: 000024d0     0 NOTYPE  LOCAL  DEFAULT    4 $d
   560: 000024e8     0 NOTYPE  LOCAL  DEFAULT    4 $t
   561: 000024e9    40 FUNC    LOCAL  DEFAULT    4 _GLOBAL__sub_I_p0Adc
   562: 00002504     0 NOTYPE  LOCAL  DEFAULT    4 $d
   563: 00000000     0 NOTYPE  LOCAL  DEFAULT   12 $d
   564: 00002510     0 NOTYPE  LOCAL  DEFAULT    4 $t
   565: 00002511    32 FUNC    LOCAL  DEFAULT    4 _GLOBAL__sub_D_p0Adc
   566: 00002524     0 NOTYPE  LOCAL  DEFAULT    4 $d
   567: 00000000     0 NOTYPE  LOCAL  DEFAULT   14 $d
   568: 00000000     0 NOTYPE  LOCAL  DEFAULT    9 $d
   569: 00000004     0 NOTYPE  LOCAL  DEFAULT    9 $d
   570: 00002ef8     0 NOTYPE  LOCAL  DEFAULT    9 $d
   571: 00002f20     0 NOTYPE  LOCAL  DEFAULT    9 $d
   572: 00002f30     0 NOTYPE  LOCAL  DEFAULT    9 $d
   573: 00002f34     0 NOTYPE  LOCAL  DEFAULT    9 $d
   574: 00002f40     0 NOTYPE  LOCAL  DEFAULT    9 $d
   575: 00002f44     0 NOTYPE  LOCAL  DEFAULT    9 $d
   576: 00002f48     0 NOTYPE  LOCAL  DEFAULT    9 $d
   577: 00002f4c     0 NOTYPE  LOCAL  DEFAULT    9 $d
   578: 00002f58     0 NOTYPE  LOCAL  DEFAULT    9 $d
   579: 00002f5c     0 NOTYPE  LOCAL  DEFAULT    9 $d
   580: 00002f68     0 NOTYPE  LOCAL  DEFAULT    9 $d
   581: 00002f70     0 NOTYPE  LOCAL  DEFAULT    9 $d
   582: 00002f74     0 NOTYPE  LOCAL  DEFAULT    9 $d
   583: 00002f78     0 NOTYPE  LOCAL  DEFAULT    9 $d
   584: 00002f79     0 NOTYPE  LOCAL  DEFAULT    9 $d
   585: 000005b5     0 NOTYPE  LOCAL  DEFAULT    4 $d
   586: 000005b6     0 NOTYPE  LOCAL  DEFAULT    4 $t
   587: 000011b1     0 NOTYPE  LOCAL  DEFAULT    4 $d
   588: 000011b2     0 NOTYPE  LOCAL  DEFAULT    4 $t
   589: 000012c5     0 NOTYPE  LOCAL  DEFAULT    4 $d
   590: 000012c6     0 NOTYPE  LOCAL  DEFAULT    4 $t
   591: 000013e1     0 NOTYPE  LOCAL  DEFAULT    4 $d
   592: 000013e2     0 NOTYPE  LOCAL  DEFAULT    4 $t
   593: 00001533     0 NOTYPE  LOCAL  DEFAULT    4 $d
   594: 00001534     0 NOTYPE  LOCAL  DEFAULT    4 $t
   595: 00004f8c     0 NOTYPE  LOCAL  DEFAULT    4 $t
   596: 00004f8d    76 FUNC    LOCAL  DEFAULT    4 _ZNSs12_S_constructIPKcEEPcT_S3_RKSaIcESt20forward_iterator_tag.isra.0
   597: 00004fd0     0 NOTYPE  LOCAL  DEFAULT    4 $d
   598: 00004fd8     0 NOTYPE  LOCAL  DEFAULT    4 $t
   599: 00004fd9    36 FUNC    LOCAL  DEFAULT    4 _ZNSsC2EPKcRKSaIcE.isra.0
   600: 00004ffc     0 NOTYPE  LOCAL  DEFAULT    4 $t
   601: 00005020     0 NOTYPE  LOCAL  DEFAULT    4 $d
   602: 00005024     0 NOTYPE  LOCAL  DEFAULT    4 $t
   603: 00005034     0 NOTYPE  LOCAL  DEFAULT    4 $d
   604: 00005038     0 NOTYPE  LOCAL  DEFAULT    4 $t
   605: 00005050     0 NOTYPE  LOCAL  DEFAULT    4 $t
   606: 00005068     0 NOTYPE  LOCAL  DEFAULT    4 $t
   607: 00005074     0 NOTYPE  LOCAL  DEFAULT    4 $t
   608: 00005088     0 NOTYPE  LOCAL  DEFAULT    4 $d
   609: 0000508c     0 NOTYPE  LOCAL  DEFAULT    4 $t
   610: 000050e4     0 NOTYPE  LOCAL  DEFAULT    4 $d
   611: 000050ec     0 NOTYPE  LOCAL  DEFAULT    4 $t
   612: 000050f0     0 NOTYPE  LOCAL  DEFAULT    4 $t
   613: 00005108     0 NOTYPE  LOCAL  DEFAULT    4 $d
   614: 00004c64     0 NOTYPE  LOCAL  DEFAULT    9 $d
   615: 0000510c     0 NOTYPE  LOCAL  DEFAULT    4 $t
   616: 0000510d     8 FUNC    LOCAL  DEFAULT    4 _ZNSt11char_traitsIcE4copyEPcPKcj.isra.0
   617: 00005114     0 NOTYPE  LOCAL  DEFAULT    4 $t
   618: 00005126     0 NOTYPE  LOCAL  DEFAULT    4 $t
   619: 00005134     0 NOTYPE  LOCAL  DEFAULT    4 $t
   620: 0000516c     0 NOTYPE  LOCAL  DEFAULT    4 $d
   621: 00005170     0 NOTYPE  LOCAL  DEFAULT    4 $t
   622: 00005186     0 NOTYPE  LOCAL  DEFAULT    4 $t
   623: 0000519e     0 NOTYPE  LOCAL  DEFAULT    4 $t
   624: 000051b0     0 NOTYPE  LOCAL  DEFAULT    4 $t
   625: 000045cc     0 NOTYPE  LOCAL  DEFAULT    4 $t
   626: 000045d0     0 NOTYPE  LOCAL  DEFAULT    4 $t
   627: 000045e8     0 NOTYPE  LOCAL  DEFAULT    4 $d
   628: 00000000     0 NOTYPE  LOCAL  DEFAULT   10 $d
   629: 00000000     8 OBJECT  LOCAL  DEFAULT   10 _ZL16__llext_sym_main
   630: 00004250     0 NOTYPE  LOCAL  DEFAULT    4 $t
   631: 00004254     0 NOTYPE  LOCAL  DEFAULT    4 $t
   632: 0000425c     0 NOTYPE  LOCAL  DEFAULT    4 $d
   633: 00004260     0 NOTYPE  LOCAL  DEFAULT    4 $t
   634: 00004264     0 NOTYPE  LOCAL  DEFAULT    4 $t
   635: 0000426c     0 NOTYPE  LOCAL  DEFAULT    4 $d
   636: 00004270     0 NOTYPE  LOCAL  DEFAULT    4 $t
   637: 00004278     0 NOTYPE  LOCAL  DEFAULT    4 $d
   638: 0000427c     0 NOTYPE  LOCAL  DEFAULT    4 $t
   639: 00004284     0 NOTYPE  LOCAL  DEFAULT    4 $d
   640: 00004288     0 NOTYPE  LOCAL  DEFAULT    4 $t
   641: 00004290     0 NOTYPE  LOCAL  DEFAULT    4 $d
   642: 00004294     0 NOTYPE  LOCAL  DEFAULT    4 $t
   643: 0000429c     0 NOTYPE  LOCAL  DEFAULT    4 $d
   644: 00000000     0 NOTYPE  LOCAL  DEFAULT    7 $d
   645: 000042a0     0 NOTYPE  LOCAL  DEFAULT    4 $t
   646: 000042b8     0 NOTYPE  LOCAL  DEFAULT    4 $t
   647: 000042c8     0 NOTYPE  LOCAL  DEFAULT    4 $d
   648: 000042cc     0 NOTYPE  LOCAL  DEFAULT    4 $t
   649: 000042e4     0 NOTYPE  LOCAL  DEFAULT    4 $d
   650: 000042e8     0 NOTYPE  LOCAL  DEFAULT    4 $t
   651: 00004300     0 NOTYPE  LOCAL  DEFAULT    4 $d
   652: 00004304     0 NOTYPE  LOCAL  DEFAULT    4 $t
   653: 00004328     0 NOTYPE  LOCAL  DEFAULT    4 $d
   654: 0000432c     0 NOTYPE  LOCAL  DEFAULT    4 $t
   655: 0000435c     0 NOTYPE  LOCAL  DEFAULT    4 $d
   656: 00004368     0 NOTYPE  LOCAL  DEFAULT    4 $t
   657: 0000438c     0 NOTYPE  LOCAL  DEFAULT    4 $d
   658: 00004394     0 NOTYPE  LOCAL  DEFAULT    4 $t
   659: 000043bc     0 NOTYPE  LOCAL  DEFAULT    4 $d
   660: 000043c0     0 NOTYPE  LOCAL  DEFAULT    4 $t
   661: 000043e0     0 NOTYPE  LOCAL  DEFAULT    4 $d
   662: 000043e8     0 NOTYPE  LOCAL  DEFAULT    4 $t
   663: 000043fc     0 NOTYPE  LOCAL  DEFAULT    4 $d
   664: 00004400     0 NOTYPE  LOCAL  DEFAULT    4 $t
   665: 0000440c     0 NOTYPE  LOCAL  DEFAULT    4 $d
   666: 00004410     0 NOTYPE  LOCAL  DEFAULT    4 $t
   667: 00004434     0 NOTYPE  LOCAL  DEFAULT    4 $d
   668: 00004440     0 NOTYPE  LOCAL  DEFAULT    4 $t
   669: 00004478     0 NOTYPE  LOCAL  DEFAULT    4 $d
   670: 00004480     0 NOTYPE  LOCAL  DEFAULT    4 $t
   671: 00004498     0 NOTYPE  LOCAL  DEFAULT    4 $d
   672: 0000449c     0 NOTYPE  LOCAL  DEFAULT    4 $t
   673: 000044c8     0 NOTYPE  LOCAL  DEFAULT    4 $d
   674: 000044cc     0 NOTYPE  LOCAL  DEFAULT    4 $t
   675: 000044e8     0 NOTYPE  LOCAL  DEFAULT    4 $d
   676: 000044ec     0 NOTYPE  LOCAL  DEFAULT    4 $t
   677: 00004510     0 NOTYPE  LOCAL  DEFAULT    4 $d
   678: 00004514     0 NOTYPE  LOCAL  DEFAULT    4 $t
   679: 00004518     0 NOTYPE  LOCAL  DEFAULT    4 $d
   680: 0000451c     0 NOTYPE  LOCAL  DEFAULT    4 $t
   681: 00004520     0 NOTYPE  LOCAL  DEFAULT    4 $d
   682: 00004524     0 NOTYPE  LOCAL  DEFAULT    4 $t
   683: 00004528     0 NOTYPE  LOCAL  DEFAULT    4 $d
   684: 0000452c     0 NOTYPE  LOCAL  DEFAULT    4 $t
   685: 00004530     0 NOTYPE  LOCAL  DEFAULT    4 $d
   686: 00004534     0 NOTYPE  LOCAL  DEFAULT    4 $t
   687: 00004538     0 NOTYPE  LOCAL  DEFAULT    4 $d
   688: 0000453c     0 NOTYPE  LOCAL  DEFAULT    4 $t
   689: 00004540     0 NOTYPE  LOCAL  DEFAULT    4 $d
   690: 00004544     0 NOTYPE  LOCAL  DEFAULT    4 $t
   691: 00004548     0 NOTYPE  LOCAL  DEFAULT    4 $d
   692: 0000454c     0 NOTYPE  LOCAL  DEFAULT    4 $t
   693: 00004550     0 NOTYPE  LOCAL  DEFAULT    4 $d
   694: 00004554     0 NOTYPE  LOCAL  DEFAULT    4 $t
   695: 00004558     0 NOTYPE  LOCAL  DEFAULT    4 $d
   696: 0000455c     0 NOTYPE  LOCAL  DEFAULT    4 $t
   697: 00004566     0 NOTYPE  LOCAL  DEFAULT    4 $t
   698: 00004570     0 NOTYPE  LOCAL  DEFAULT    4 $t
   699: 0000457a     0 NOTYPE  LOCAL  DEFAULT    4 $t
   700: 00004584     0 NOTYPE  LOCAL  DEFAULT    4 $t
   701: 0000458e     0 NOTYPE  LOCAL  DEFAULT    4 $t
   702: 00004598     0 NOTYPE  LOCAL  DEFAULT    4 $t
   703: 000045a2     0 NOTYPE  LOCAL  DEFAULT    4 $t
   704: 000045ac     0 NOTYPE  LOCAL  DEFAULT    4 $t
   705: 000045b8     0 NOTYPE  LOCAL  DEFAULT    4 $t
   706: 000045bc     0 NOTYPE  LOCAL  DEFAULT    4 $d
   707: 000045c0     0 NOTYPE  LOCAL  DEFAULT    4 $t
   708: 000045c8     0 NOTYPE  LOCAL  DEFAULT    4 $d
   709: 000045fc     0 NOTYPE  LOCAL  DEFAULT    4 $t
   710: 000045fd    16 FUNC    LOCAL  DEFAULT    4 _ZL10new_helperj
   711: 00004608     0 NOTYPE  LOCAL  DEFAULT    4 $d
   712: 0000460c     0 NOTYPE  LOCAL  DEFAULT    4 $t
   713: 00004610     0 NOTYPE  LOCAL  DEFAULT    4 $d
   714: 00004614     0 NOTYPE  LOCAL  DEFAULT    4 $t
   715: 00004618     0 NOTYPE  LOCAL  DEFAULT    4 $t
   716: 0000461c     0 NOTYPE  LOCAL  DEFAULT    4 $d
   717: 00004620     0 NOTYPE  LOCAL  DEFAULT    4 $t
   718: 00004624     0 NOTYPE  LOCAL  DEFAULT    4 $d
   719: 00004628     0 NOTYPE  LOCAL  DEFAULT    4 $t
   720: 00004684     0 NOTYPE  LOCAL  DEFAULT    4 $d
   721: 00004774     0 NOTYPE  LOCAL  DEFAULT    4 $t
   722: 00004778     0 NOTYPE  LOCAL  DEFAULT    4 $d
   723: 0000477c     0 NOTYPE  LOCAL  DEFAULT    4 $t
   724: 00004790     0 NOTYPE  LOCAL  DEFAULT    4 $d
   725: 00004d40     0 NOTYPE  LOCAL  DEFAULT    4 $t
   726: 00004d54     0 NOTYPE  LOCAL  DEFAULT    4 $d
   727: 00004d60     0 NOTYPE  LOCAL  DEFAULT    4 $t
   728: 00004d88     0 NOTYPE  LOCAL  DEFAULT    4 $d
   729: 00004d90     0 NOTYPE  LOCAL  DEFAULT    4 $t
   730: 00004db8     0 NOTYPE  LOCAL  DEFAULT    4 $d
   731: 000053f4     0 NOTYPE  LOCAL  DEFAULT    4 $t
   732: 00000694     0 NOTYPE  LOCAL  DEFAULT    3 $d
   733: 00000704     0 NOTYPE  LOCAL  DEFAULT    3 $d
   734: 0000066c     0 NOTYPE  LOCAL  DEFAULT    3 $d
   735: 00000483     0 NOTYPE  LOCAL  DEFAULT    3 $d
   736: 00000695     0 NOTYPE  LOCAL  DEFAULT    3 $d
   737: 0000071e     0 NOTYPE  LOCAL  DEFAULT    3 $d
   738: 00000408     0 NOTYPE  LOCAL  DEFAULT    3 $d
   739: 0000049f     0 NOTYPE  LOCAL  DEFAULT    3 $d
   740: 00000495     0 NOTYPE  LOCAL  DEFAULT    3 $d
   741: 0000048c     0 NOTYPE  LOCAL  DEFAULT    3 $d
   742: 0000084b     0 NOTYPE  LOCAL  DEFAULT    3 $d
   743: 000006b3     0 NOTYPE  LOCAL  DEFAULT    3 $d
   744: 00000824     0 NOTYPE  LOCAL  DEFAULT    3 $d
   745: 00000831     0 NOTYPE  LOCAL  DEFAULT    3 $d
   746: 00000772     0 NOTYPE  LOCAL  DEFAULT    3 $d
   747: 0000083e     0 NOTYPE  LOCAL  DEFAULT    3 $d
   748: 00000803     0 NOTYPE  LOCAL  DEFAULT    3 $d
   749: 00000813     0 NOTYPE  LOCAL  DEFAULT    3 $d
   750: 000006c2     0 NOTYPE  LOCAL  DEFAULT    3 $d
   751: 000006ec     0 NOTYPE  LOCAL  DEFAULT    3 $d
   752: 00000738     0 NOTYPE  LOCAL  DEFAULT    3 $d
   753: 0000069d     0 NOTYPE  LOCAL  DEFAULT    3 $d
   754: 00000696     0 NOTYPE  LOCAL  DEFAULT    3 $d
   755: 000006a5     0 NOTYPE  LOCAL  DEFAULT    3 $d
   756: 000007ea     0 NOTYPE  LOCAL  DEFAULT    3 $d
   757: 000007c0     0 NOTYPE  LOCAL  DEFAULT    3 $d
   758: 00000797     0 NOTYPE  LOCAL  DEFAULT    3 $d
   759: 00000750     0 NOTYPE  LOCAL  DEFAULT    3 $d
   760: 00000000     0 NOTYPE  GLOBAL DEFAULT  UND __real_cos
   761: 00000000     0 NOTYPE  GLOBAL DEFAULT  UND __real___aeabi_dcmpgt
   762: 00000000     0 NOTYPE  GLOBAL DEFAULT  UND __real_iscntrl
   763: 00000000     0 NOTYPE  GLOBAL DEFAULT  UND __real_ldexp
   764: 00000000     0 NOTYPE  GLOBAL DEFAULT  UND __real_puts
   765: 00000000     0 NOTYPE  GLOBAL DEFAULT  UND __real_isxdigit
   766: 00000000     0 NOTYPE  GLOBAL DEFAULT  UND __real_sinf
   767: 00000000     0 NOTYPE  GLOBAL DEFAULT  UND __real___aeabi_uidivmod
   768: 00000000     0 NOTYPE  GLOBAL DEFAULT  UND __real___aeabi_f2uiz
   769: 00000000     0 NOTYPE  GLOBAL DEFAULT  UND __real___aeabi_dcmpun
   770: 00000000     0 NOTYPE  GLOBAL DEFAULT  UND _sidata
   771: 00000000     0 NOTYPE  GLOBAL DEFAULT  UND __real_log10
   772: 00000000     0 NOTYPE  GLOBAL DEFAULT  UND __real___aeabi_dcmplt
   773: 00000000     0 NOTYPE  GLOBAL DEFAULT  UND __real___aeabi_idivmod
   774: 00000000     0 NOTYPE  GLOBAL DEFAULT  UND __real_isprint
   775: 00000000     0 NOTYPE  GLOBAL DEFAULT  UND __real_exp2
   776: 00000000     0 NOTYPE  GLOBAL DEFAULT  UND __real_atan2
   777: 00000000     0 NOTYPE  GLOBAL DEFAULT  UND __real_log
   778: 00000000     0 NOTYPE  GLOBAL DEFAULT  UND __real_islower
   779: 00000000     0 NOTYPE  GLOBAL DEFAULT  UND _sbss
   780: 00000000     0 NOTYPE  GLOBAL DEFAULT  UND __device_dts_ord_91
   781: 00000000     0 NOTYPE  GLOBAL DEFAULT  UND __device_dts_ord_65
   782: 00000000     0 NOTYPE  GLOBAL DEFAULT  UND __real___aeabi_ldivmod
   783: 00000000     0 NOTYPE  GLOBAL DEFAULT  UND __real_atoi
   784: 00000000     0 NOTYPE  GLOBAL DEFAULT  UND __real___aeabi_uidiv
   785: 00000000     0 NOTYPE  GLOBAL DEFAULT  UND __real___aeabi_idiv
   786: 00000000     0 NOTYPE  GLOBAL DEFAULT  UND __real_exit
   787: 00000000     0 NOTYPE  GLOBAL DEFAULT  UND __real_strchr
   788: 00000000     0 NOTYPE  GLOBAL DEFAULT  UND __real___aeabi_ddiv
   789: 00000000     0 NOTYPE  GLOBAL DEFAULT  UND __real___aeabi_read_tp
   790: 00000000     0 NOTYPE  GLOBAL DEFAULT  UND __real___aeabi_ui2f
   791: 00000000     0 NOTYPE  GLOBAL DEFAULT  UND __real_strstr
   792: 00000000     0 NOTYPE  GLOBAL DEFAULT  UND __device_dts_ord_93
   793: 00000000     0 NOTYPE  GLOBAL DEFAULT  UND _sdata
   794: 00000000     0 NOTYPE  GLOBAL DEFAULT  UND __real_sqrtf
   795: 00000000     0 NOTYPE  GLOBAL DEFAULT  UND __real_strncpy
   796: 00000000     0 NOTYPE  GLOBAL DEFAULT  UND __real_srand
   797: 00000000     0 NOTYPE  GLOBAL DEFAULT  UND __real___aeabi_i2f
   798: 00000000     0 NOTYPE  GLOBAL DEFAULT  UND __real___aeabi_fcmpun
   799: 00000000     0 NOTYPE  GLOBAL DEFAULT  UND __real_strdup
   800: 00000000     0 NOTYPE  GLOBAL DEFAULT  UND __real_gettimeofday
   801: 00000000     0 NOTYPE  GLOBAL DEFAULT  UND __real_fmod
   802: 00000000     0 NOTYPE  GLOBAL DEFAULT  UND __real_toupper
   803: 00000000     0 NOTYPE  GLOBAL DEFAULT  UND __real_strrchr
   804: 00000000     0 NOTYPE  GLOBAL DEFAULT  UND __real_tolower
   805: 00000000     0 NOTYPE  GLOBAL DEFAULT  UND __real_isgraph
   806: 00000000     0 NOTYPE  GLOBAL DEFAULT  UND __real_atan
   807: 00000000     0 NOTYPE  GLOBAL DEFAULT  UND _ebss
   808: 00000000     0 NOTYPE  GLOBAL DEFAULT  UND __real_pow
   809: 00000000     0 NOTYPE  GLOBAL DEFAULT  UND __real_strtok
   810: 00000000     0 NOTYPE  GLOBAL DEFAULT  UND __real_vsprintf
   811: 00000000     0 NOTYPE  GLOBAL DEFAULT  UND kheap_llext_heap
   812: 00000000     0 NOTYPE  GLOBAL DEFAULT  UND analog_reference
   813: 00000000     0 NOTYPE  GLOBAL DEFAULT  UND __real_strtod
   814: 00000000     0 NOTYPE  GLOBAL DEFAULT  UND __real_isalnum
   815: 00000000     0 NOTYPE  GLOBAL DEFAULT  UND __real___aeabi_fdiv
   816: 00000000     0 NOTYPE  GLOBAL DEFAULT  UND __real_sin
   817: 00000000     0 NOTYPE  GLOBAL DEFAULT  UND __real___aeabi_fcmple
   818: 00000000     0 NOTYPE  GLOBAL DEFAULT  UND __real___aeabi_f2iz
   819: 00000000     0 NOTYPE  GLOBAL DEFAULT  UND z_impl_k_uptime_ticks
   820: 00000000     0 NOTYPE  GLOBAL DEFAULT  UND __real_tan
   821: 00000000     0 NOTYPE  GLOBAL DEFAULT  UND _printf_float
   822: 00000000     0 NOTYPE  GLOBAL DEFAULT  UND __real_strtoul
   823: 00000000     0 NOTYPE  GLOBAL DEFAULT  UND __real_strnlen
   824: 00000000     0 NOTYPE  GLOBAL DEFAULT  UND __real___aeabi_dsub
   825: 00000000     0 NOTYPE  GLOBAL DEFAULT  UND __real___aeabi_d2iz
   826: 00000000     0 NOTYPE  GLOBAL DEFAULT  UND __real_exp
   827: 00000000     0 NOTYPE  GLOBAL DEFAULT  UND __real_logf
   828: 00000000     0 NOTYPE  GLOBAL DEFAULT  UND __real_memmem
   829: 00000000     0 NOTYPE  GLOBAL DEFAULT  UND __real_sqrt
   830: 00000000     0 NOTYPE  GLOBAL DEFAULT  UND __real_isupper
   831: 00000000     0 NOTYPE  GLOBAL DEFAULT  UND __real___aeabi_dcmple
   832: 00000000     0 NOTYPE  GLOBAL DEFAULT  UND __real___aeabi_d2uiz
   833: 00000000     0 NOTYPE  GLOBAL DEFAULT  UND printk
   834: 00000000     0 NOTYPE  GLOBAL DEFAULT  UND __real_strncmp
   835: 00000000     0 NOTYPE  GLOBAL DEFAULT  UND __real___aeabi_dcmpge
   836: 00000000     0 NOTYPE  GLOBAL DEFAULT  UND __real_asinf
   837: 00000000     0 NOTYPE  GLOBAL DEFAULT  UND __real___aeabi_fadd
   838: 00000000     0 NOTYPE  GLOBAL DEFAULT  UND __real_isspace
   839: 00000000     0 NOTYPE  GLOBAL DEFAULT  UND __real___aeabi_dcmpeq
   840: 00000000     0 NOTYPE  GLOBAL DEFAULT  UND __real___aeabi_dmul
   841: 00000000     0 NOTYPE  GLOBAL DEFAULT  UND __device_dts_ord_64
   842: 00000000     0 NOTYPE  GLOBAL DEFAULT  UND __heap_end
   843: 00000000     0 NOTYPE  GLOBAL DEFAULT  UND __real_strcat
   844: 00000000     0 NOTYPE  GLOBAL DEFAULT  UND __real_putchar
   845: 00000000     0 NOTYPE  GLOBAL DEFAULT  UND __real___aeabi_fcmplt
   846: 00000000     0 NOTYPE  GLOBAL DEFAULT  UND __real_vsnprintf
   847: 00000000     0 NOTYPE  GLOBAL DEFAULT  UND __real_rand
   848: 00000000     0 NOTYPE  GLOBAL DEFAULT  UND __real_acos
   849: 00000000     0 NOTYPE  GLOBAL DEFAULT  UND __heap_start
   850: 00000000     0 NOTYPE  GLOBAL DEFAULT  UND __real_asin
   851: 00000000     0 NOTYPE  GLOBAL DEFAULT  UND _edata
   852: 00000000     0 NOTYPE  GLOBAL DEFAULT  UND __real_isdigit
   853: 00000000     0 NOTYPE  GLOBAL DEFAULT  UND __device_dts_ord_66
   854: 00000000     0 NOTYPE  GLOBAL DEFAULT  UND __real___aeabi_fcmpge
   855: 00000000     0 NOTYPE  GLOBAL DEFAULT  UND __real_vprintf
   856: 00000000     0 NOTYPE  GLOBAL DEFAULT  UND __device_dts_ord_94
   857: 00000000     0 NOTYPE  GLOBAL DEFAULT  UND __real_vsscanf
   858: 00000000     0 NOTYPE  GLOBAL DEFAULT  UND __real___aeabi_fcmpeq
   859: 00000000     0 NOTYPE  GLOBAL DEFAULT  UND __real_strcasecmp
   860: 00000000     0 NOTYPE  GLOBAL DEFAULT  UND __real_tanf
   861: 00000000     0 NOTYPE  GLOBAL DEFAULT  UND __real_atof
   862: 00000000     0 NOTYPE  GLOBAL DEFAULT  UND __real___aeabi_dadd
   863: 00000000     0 NOTYPE  GLOBAL DEFAULT  UND __real_calloc
   864: 00000000     0 NOTYPE  GLOBAL DEFAULT  UND __device_dts_ord_89
   865: 00000000     0 NOTYPE  GLOBAL DEFAULT  UND __real_strtol
   866: 00000000     0 NOTYPE  GLOBAL DEFAULT  UND __real_acosf
   867: 00000000     0 NOTYPE  GLOBAL DEFAULT  UND __real_cosf
   868: 00000000     0 NOTYPE  GLOBAL DEFAULT  UND __real_log2
   869: 00000000     0 NOTYPE  GLOBAL DEFAULT  UND __real___aeabi_fmul
   870: 00000000     0 NOTYPE  GLOBAL DEFAULT  UND __real___aeabi_d2lz
   871: 00000000     0 NOTYPE  GLOBAL DEFAULT  UND __real_atan2f
   872: 00000000     0 NOTYPE  GLOBAL DEFAULT  UND kheap_llext_heap_size
   873: 00000000     0 NOTYPE  GLOBAL DEFAULT  UND __real_strcpy
   874: 00000000     0 NOTYPE  GLOBAL DEFAULT  UND __device_dts_ord_90
   875: 00000000     0 NOTYPE  GLOBAL DEFAULT  UND __real__exit
   876: 00000000     0 NOTYPE  GLOBAL DEFAULT  UND __real_memcmp
   877: 00000000     0 NOTYPE  GLOBAL DEFAULT  UND __real___aeabi_fsub
   878: 00000000     0 NOTYPE  GLOBAL DEFAULT  UND __real_memchr
   879: 00000000     0 NOTYPE  GLOBAL DEFAULT  UND __device_dts_ord_92
   880: 00000000     0 NOTYPE  GLOBAL DEFAULT  UND __real___aeabi_fcmpgt
   881: 00000000     0 NOTYPE  GLOBAL DEFAULT  UND __real_atol
   882: 00000000     0 NOTYPE  GLOBAL DEFAULT  UND __real_atanf
   883: 00000000     0 NOTYPE  GLOBAL DEFAULT  UND __device_dts_ord_95
   884: 00000000     0 NOTYPE  GLOBAL DEFAULT  UND __real_isalpha
   885: 00004261     2 FUNC    GLOBAL DEFAULT    4 __cxa_free_exception
   886: 00000000     0 NOTYPE  GLOBAL DEFAULT  UND __device_dts_ord_70
   887: 00002f68     8 OBJECT  WEAK   DEFAULT    9 _ZZN8RpcUtils6detail12unpackObjectERN7arduino7msgpack8UnpackerEE5num64
   888: 000001f1    96 FUNC    WEAK   DEFAULT    4 _ZN7arduino7msgpack8Unpacker11unpackInt64Ev
   889: 00004ef9     4 FUNC    GLOBAL DEFAULT    4 _ZNKSt9type_info15__is_function_pEv
   890: 00000000     0 NOTYPE  WEAK   DEFAULT  UND __device_dts_ord_40
   891: 000042a1    22 FUNC    GLOBAL DEFAULT    4 _ZN7arduino6StringC1EOS0_
   892: 00004775     8 FUNC    GLOBAL DEFAULT    4 yield
   893: 00000000     0 NOTYPE  GLOBAL DEFAULT  UND z_impl_k_thread_create
   894: 0000158d   192 FUNC    WEAK   DEFAULT    4 _ZN10RPCRequestILj256EE22unpack_request_headersEv
   895: 00005025    20 FUNC    GLOBAL DEFAULT    4 _ZNSt12length_errorC2EPKc
   896: 00002671    60 FUNC    WEAK   DEFAULT    4 _ZN7arduino7msgpack8Unpacker9unpackNilEv
   897: 00004629   108 FUNC    GLOBAL DEFAULT    4 _Z20start_static_threadsv
   898: 00004dc9    20 FUNC    GLOBAL DEFAULT    4 _ZNSt9bad_allocD2Ev
   899: 00004271    12 FUNC    GLOBAL DEFAULT    4 __cxa_end_cleanup
   900: 000042a1    22 FUNC    GLOBAL DEFAULT    4 _ZN7arduino6StringC2EOS0_
   901: 00002755    64 FUNC    WEAK   DEFAULT    4 _ZN7RpcCallIJEE8setErrorEiN7arduino6StringE
   902: 00002531     4 FUNC    WEAK   DEFAULT    4 _ZN7arduino5Print17availableForWriteEv
   903: 00000000     0 NOTYPE  GLOBAL DEFAULT  UND __device_dts_ord_105
   904: 00000000     0 NOTYPE  GLOBAL DEFAULT  UND z_impl_device_init
   905: 00004df5    20 FUNC    GLOBAL DEFAULT    4 _ZN10__cxxabiv120__si_class_type_infoD2Ev
   906: 0000036a    37 OBJECT  GLOBAL DEFAULT    3 _ZTSN10__cxxabiv120__si_class_type_infoE
   907: 00004395    44 FUNC    GLOBAL DEFAULT    4 _ZN7arduino6String4moveERS0_
   908: 00002645    44 FUNC    WEAK   DEFAULT    4 _ZN8RpcErrorC2Ev
   909: 00000000     4 OBJECT  WEAK   DEFAULT    9 _ZGVN12RouterBridge3HCIE
   910: 000019e5   288 FUNC    WEAK   DEFAULT    4 _ZN7arduino7msgpack6object3extC2EaPKhj
   911: 00005135    60 FUNC    WEAK   DEFAULT    4 _ZNSt7__cxx1112basic_stringIcSt11char_traitsIcESaIcEE9_M_createERjj
   912: 00000000     0 NOTYPE  GLOBAL DEFAULT  UND __real_abort
   913: 00004b35   112 FUNC    GLOBAL DEFAULT    4 _ZN7arduino12ZephyrSerial5writeEPKhj
   914: 00000000     0 NOTYPE  GLOBAL DEFAULT  UND z_impl_k_thread_name_set
   915: 000051b1    54 FUNC    WEAK   DEFAULT    4 _ZNSt7__cxx1112basic_stringIcSt11char_traitsIcESaIcEE7reserveEj
   916: 0000486d   128 FUNC    GLOBAL DEFAULT    4 _ZN6zephyr7arduino30init_dev_apply_channel_pinctrlEPK6devicej
   917: 0000451d     8 FUNC    GLOBAL DEFAULT    4 memmove
   918: 00003635   172 FUNC    WEAK   DEFAULT    4 _ZN11BridgeClass6notifyIJRN7arduino6StringEEEEvS2_DpOT_
   919: 00000008     0 TLS     GLOBAL DEFAULT  ABS _TLS_MODULE_BASE_
   920: 00004df1     2 FUNC    GLOBAL DEFAULT    4 _ZNSt9exceptionD2Ev
   921: 00000349   108 FUNC    WEAK   DEFAULT    4 _ZN7arduino7msgpack8Unpacker13unpackFloat64Ev
   922: 00004afd    12 FUNC    WEAK   DEFAULT    4 _ZN7arduino12ZephyrSerial3endEv
   923: 00004b09    44 FUNC    GLOBAL DEFAULT    4 _ZN7arduino12ZephyrSerial5flushEv
   924: 00000000     0 NOTYPE  GLOBAL DEFAULT  UND __real_memmove
   925: 00004289    12 FUNC    GLOBAL DEFAULT    4 __aeabi_unwind_cpp_pr0
   926: 00003bd5    64 FUNC    WEAK   DEFAULT    4 _ZN7RpcCallIJRjEE8setErrorEiN7arduino6StringE
   927: 00000f39    40 FUNC    WEAK   DEFAULT    4 _ZN7arduino7msgpack6Packer10packUInt32Ej
   928: 00002f79     1 OBJECT  WEAK   DEFAULT    9 _ZZN8RpcUtils6detail12unpackObjectERN7arduino7msgpack8UnpackerEE3nil
   929: 00000000     0 NOTYPE  GLOBAL DEFAULT  UND z_impl_k_yield
   930: 000043f8  2156 OBJECT  GLOBAL DEFAULT    9 Serial1
   931: 00002f80     4 OBJECT  WEAK   DEFAULT    9 _ZZN7arduino7msgpack8Unpacker10from_arrayIJRiRNS_6StringEEEEbDpOT_E2sz
   932: 000050f1    28 FUNC    WEAK   DEFAULT    4 _ZNSs4_Rep10_M_disposeERKSaIcE
   933: 00000014     0 TLS     GLOBAL DEFAULT  ABS errno
   934: 00000000     0 NOTYPE  GLOBAL DEFAULT  UND __real_malloc
   935: 00001275   280 FUNC    WEAK   DEFAULT    4 _ZN7arduino7msgpack8Unpacker11unpackFloatIfEENSt9enable_ifIXaasrSt13is_arithmeticIT_E5valuesrSt17is_floating_pointIS5_E5valueES5_E4typeEv
   936: 000036e1    64 FUNC    WEAK   DEFAULT    4 _ZN7RpcCallIJRN7arduino6StringEEE8setErrorEiS1_
   937: 00002bdd   124 FUNC    WEAK   DEFAULT    4 _ZN7arduino7msgpack6Packer4packERKNS_6StringE
   938: 00000000     0 NOTYPE  GLOBAL DEFAULT  UND __real___aeabi_l2f
   939: 0000001c     0 TLS     GLOBAL DEFAULT  ABS _localtime_buf
   940: 00004929     4 FUNC    WEAK   DEFAULT    4 _ZN7arduino12ZephyrSerialcvbEv
   941: 000003e2    25 OBJECT  GLOBAL DEFAULT    3 _ZTSNSt3_V214error_categoryE
   942: 00000189    16 FUNC    WEAK   DEFAULT    4 _ZNK7arduino7msgpack8Unpacker7getTypeEv
   943: 000000d1     2 FUNC    GLOBAL DEFAULT    4 loop
   944: 00000000     0 NOTYPE  GLOBAL DEFAULT  UND sys_clock_cycle_get_64
   945: 000045cd     2 FUNC    WEAK   DEFAULT    4 initVariant
   946: 00000c85   120 FUNC    WEAK   DEFAULT    4 _ZN7arduino7msgpack8Unpacker4feedEPKhj
   947: 0000453d     8 FUNC    GLOBAL DEFAULT    4 __xpg_strerror_r
   948: 00000000     0 NOTYPE  GLOBAL DEFAULT  UND __device_dts_ord_120
   949: 00004f65    20 FUNC    GLOBAL DEFAULT    4 _ZNSt12length_errorD2Ev
   950: 00000491    46 FUNC    WEAK   DEFAULT    4 _ZNK7arduino7msgpack8Unpacker11getRawBytesItEET_jj
   951: 00000000     0 NOTYPE  WEAK   DEFAULT  UND __device_dts_ord_30
   952: 00002f7c     4 OBJECT  WEAK   DEFAULT    9 _ZGVZN7arduino7msgpack8Unpacker10from_arrayIJRiRNS_6StringEEEEbDpOT_E2sz
   953: 00002389   284 FUNC    WEAK   DEFAULT    4 _ZN11BridgeClass11update_safeEv
   954: 00002f78     1 OBJECT  WEAK   DEFAULT    9 _ZZN8RpcUtils6detail12unpackObjectERN7arduino7msgpack8UnpackerEE1b
   955: 00004515     8 FUNC    GLOBAL DEFAULT    4 memcpy
   956: 00005431    12 FUNC    GLOBAL DEFAULT    4 _ZNK10__cxxabiv117__class_type_info20__do_find_public_srcEiPKvPKS0_S2_
   957: 00000000     0 NOTYPE  WEAK   DEFAULT  UND __device_dts_ord_83
   958: 00002f20    16 OBJECT  WEAK   DEFAULT    9 _ZZN8RpcUtils6detail12unpackObjectERN7arduino7msgpack8UnpackerEE1t
   959: 00004ba5   232 FUNC    GLOBAL DEFAULT    4 _ZN7arduino12ZephyrSerial10IrqHandlerEv
   960: 00000e65    44 FUNC    WEAK   DEFAULT    4 _ZN7arduino7msgpack6Packer9packUInt8Eh
   961: 000042cd    28 FUNC    GLOBAL DEFAULT    4 _ZN7arduino6String10invalidateEv
   962: 0000543d    20 FUNC    GLOBAL DEFAULT    4 _ZN10__cxxabiv117__class_type_infoD1Ev
   963: 000045ad    10 FUNC    GLOBAL DEFAULT    4 __aeabi_uldivmod
   964: 00000000     0 NOTYPE  WEAK   DEFAULT  UND __device_dts_ord_88
   965: 00005171    22 FUNC    WEAK   DEFAULT    4 _ZNSt7__cxx1112basic_stringIcSt11char_traitsIcESaIcEE10_M_disposeEv
   966: 00000ae5   196 FUNC    WEAK   DEFAULT    4 _ZN7arduino7msgpack8Unpacker11deserializeINS0_6object8timespecEJEEEbRT_DpOT0_
   967: 00004545     8 FUNC    GLOBAL DEFAULT    4 malloc
   968: 0000519f    18 FUNC    WEAK   DEFAULT    4 _ZNKSt7__cxx1112basic_stringIcSt11char_traitsIcESaIcEE8capacityEv
   969: 00000000     0 NOTYPE  GLOBAL DEFAULT  UND z_impl_k_mutex_lock
   970: 00002c91    34 FUNC    WEAK   DEFAULT    4 _ZNK10RpcDecoderILj1024EE4sendEPKhj
   971: 000043e9    24 FUNC    GLOBAL DEFAULT    4 _ZN7arduino6StringC1ERKS0_
   972: 00004ffd    40 FUNC    GLOBAL DEFAULT    4 _ZNSt11logic_errorC2EPKc
   973: 00002f70     4 OBJECT  WEAK   DEFAULT    9 _ZZN8RpcUtils6detail12unpackObjectERN7arduino7msgpack8UnpackerEE5num32
   974: 00000000     0 NOTYPE  GLOBAL DEFAULT  UND z_impl_k_sem_take
   975: 00000000     4 OBJECT  GLOBAL HIDDEN     7 __dso_handle
   976: 00004567    10 FUNC    GLOBAL DEFAULT    4 __aeabi_ui2d
   977: 000054bb    42 FUNC    GLOBAL DEFAULT    4 _ZNK10__cxxabiv117__class_type_info10__do_catchEPKSt9type_infoPPvj
   978: 00001c7d  1228 FUNC    WEAK   DEFAULT    4 _ZN8RpcUtils6detail12unpackObjectERN7arduino7msgpack8UnpackerE
   979: 00002f48     4 OBJECT  WEAK   DEFAULT    9 _ZGVZN8RpcUtils6detail12unpackObjectERN7arduino7msgpack8UnpackerEE5bytes
   980: 00000000     0 NOTYPE  GLOBAL DEFAULT  UND __real___aeabi_l2d
   981: 000026ad    64 FUNC    WEAK   DEFAULT    4 _ZN7arduino7msgpack8Unpacker11deserializeINS0_6object5nil_tEJEEEbRT_DpOT0_
   982: 0000004f    30 FUNC    WEAK   DEFAULT    4 _ZNK7arduino7msgpack8Unpacker13getRawBytePtrEjj
   983: 00000fd5    44 FUNC    WEAK   DEFAULT    4 _ZN7arduino7msgpack6Packer10packUInt16Et
   984: 00004d41    32 FUNC    GLOBAL DEFAULT    4 _ZSt17__throw_bad_allocv
   985: 000002b0    12 OBJECT  GLOBAL DEFAULT    1 _ZTISt9bad_alloc
   986: 00004369    44 FUNC    GLOBAL DEFAULT    4 _ZN7arduino6StringC1EPKc
   987: 00002f44     4 OBJECT  WEAK   DEFAULT    9 _ZZN8RpcUtils6detail12unpackObjectERN7arduino7msgpack8UnpackerEE6arr_sz
   988: 00000398    52 OBJECT  GLOBAL DEFAULT    1 _ZTVN7arduino12ZephyrSerialE
   989: 000010c5   160 FUNC    WEAK   DEFAULT    4 _ZN7arduino7msgpack6Packer12packRawBytesEPKcj
   990: 000018bd   216 FUNC    WEAK   DEFAULT    4 _ZN10RpcDecoderILj1024EE16fetch_rpc_methodEv
   991: 00005025    20 FUNC    GLOBAL DEFAULT    4 _ZNSt12length_errorC1EPKc
   992: 000000d5    24 FUNC    WEAK   DEFAULT    4 _ZNSt12_Vector_baseIhSaIhEED2Ev
   993: 0000031c    44 OBJECT  GLOBAL DEFAULT    1 _ZTVN10__cxxabiv120__si_class_type_infoE
   994: 00005187    24 FUNC    WEAK   DEFAULT    4 _ZNSt7__cxx1112basic_stringIcSt11char_traitsIcESaIcEE7_S_copyEPcPKcj
   995: 000003cc    20 OBJECT  GLOBAL DEFAULT    1 _ZTVSt11logic_error
   996: 000054a3    24 FUNC    GLOBAL DEFAULT    4 _ZNK10__cxxabiv117__class_type_info11__do_upcastEPKS0_PKvRNS0_15__upcast_resultE
   997: 00000401    72 FUNC    WEAK   DEFAULT    4 _ZN7arduino7msgpack8Unpacker11unpackUInt7Ev
   998: 00004619     8 FUNC    GLOBAL DEFAULT    4 _ZdlPv
   999: 00004f79    18 FUNC    GLOBAL DEFAULT    4 _ZNSt12length_errorD0Ev
  1000: 000043e9    24 FUNC    GLOBAL DEFAULT    4 _ZN7arduino6StringC2ERKS0_
  1001: 00005277     6 FUNC    GLOBAL DEFAULT    4 _ZNKSt3_V214error_category23default_error_conditionEi
  1002: 00004c99    44 FUNC    WEAK   DEFAULT    4 _ZN7arduino12ZephyrSerial18ZephyrSerialBufferILi1024EEC2Ev
  1003: 00004441    64 FUNC    GLOBAL DEFAULT    4 _ZN7arduino6String6concatEPKcj
  1004: 00004d91    48 FUNC    GLOBAL DEFAULT    4 _ZSt20__throw_length_errorPKc
  1005: 00000000     0 NOTYPE  GLOBAL DEFAULT  UND __device_dts_ord_73
  1006: 000045c1    12 FUNC    GLOBAL DEFAULT    4 abort
  1007: 00000000     0 NOTYPE  GLOBAL DEFAULT  UND z_impl_k_sem_init
  1008: 00000000     0 NOTYPE  GLOBAL DEFAULT  UND __device_dts_ord_17
  1009: 00000000     0 NOTYPE  GLOBAL DEFAULT  UND _device_list_end
  1010: 00002645    44 FUNC    WEAK   DEFAULT    4 _ZN8RpcErrorC1Ev
  1011: 00004585    10 FUNC    GLOBAL DEFAULT    4 __aeabi_d2f
  1012: 00004f51    18 FUNC    GLOBAL DEFAULT    4 _ZNSt11logic_errorD0Ev
  1013: 00003320  2156 OBJECT  GLOBAL DEFAULT    9 Serial3
  1014: 000002e5    96 FUNC    WEAK   DEFAULT    4 _ZN7arduino7msgpack8Unpacker13unpackFloat32Ev
  1015: 00002285   260 FUNC    WEAK   DEFAULT    4 _ZN9RPCServer7get_rpcILj256EEEbR10RPCRequestIXT_EEN7arduino6StringE
  1016: 00000348    34 OBJECT  GLOBAL DEFAULT    3 _ZTSN10__cxxabiv117__class_type_infoE
  1017: 0000427d    12 FUNC    GLOBAL DEFAULT    4 __gxx_personality_v0
  1018: 000002bc     8 OBJECT  GLOBAL DEFAULT    1 _ZTISt9exception
  1019: 00000000     0 NOTYPE  GLOBAL DEFAULT  UND __device_dts_ord_109
  1020: 00001235    64 FUNC    WEAK   DEFAULT    4 _ZN7arduino7msgpack8Unpacker11deserializeIiJEEEbRT_DpOT0_
  1021: 00003005   380 FUNC    WEAK   DEFAULT    4 _ZN10RpcDecoderILj1024EE12get_responseIN7arduino7msgpack6object5nil_tEEEbjRT_R8RpcError
  1022: 00002f4c    12 OBJECT  WEAK   DEFAULT    9 _ZZN8RpcUtils6detail12unpackObjectERN7arduino7msgpack8UnpackerEE5bytes
  1023: 00000000     0 NOTYPE  GLOBAL DEFAULT  UND __real___aeabi_i2d
  1024: 00004ef7     2 FUNC    GLOBAL DEFAULT    4 _ZNSt9type_infoD1Ev
  1025: 00004621     8 FUNC    GLOBAL DEFAULT    4 _ZdlPvj
  1026: 00000291    84 FUNC    WEAK   DEFAULT    4 _ZN7arduino7msgpack8Unpacker11unpackInt16Ev
  1027: 0000400d   292 FUNC    WEAK   DEFAULT    4 _ZN13BridgeMonitorILj512EE5_readEj
  1028: 00000000     0 NOTYPE  GLOBAL DEFAULT  UND __real___aeabi_ui2d
  1029: 00002f30     4 OBJECT  WEAK   DEFAULT    9 _ZGVZN8RpcUtils6detail12unpackObjectERN7arduino7msgpack8UnpackerEE1e
  1030: 00004615     4 FUNC    GLOBAL DEFAULT    4 _ZnwjPv
  1031: 0000457b    10 FUNC    GLOBAL DEFAULT    4 __aeabi_ul2d
  1032: 00002ecd   128 FUNC    WEAK   DEFAULT    4 _ZN7arduino7msgpack8Unpacker10unpackUIntIjEENSt9enable_ifIXaaaaaaaasrSt13is_arithmeticIT_E5valuesrSt11is_integralIS5_E5valuentsrSt7is_sameIS5_bE5valuentsrS9_INSt9remove_cvIS5_E4typeEPcE5valuentsrSt9is_signedIS5_E5valueES5_E4typeEv
  1033: 00001995    40 FUNC    WEAK   DEFAULT    4 _ZNSt11__copy_moveILb0ELb1ESt26random_access_iterator_tagE8__copy_mIKhhEEPT0_PT_S7_S5_
  1034: 00003201  1076 FUNC    WEAK   DEFAULT    4 _ZN13BridgeMonitorILj512EEcvbEv
  1035: 00004efd    44 FUNC    GLOBAL DEFAULT    4 _ZNKSt9type_info7__equalERKS_
  1036: 00000931    64 FUNC    WEAK   DEFAULT    4 _ZN7arduino7msgpack8Unpacker11deserializeINS0_4type9ArraySizeEJEEEbRT_DpOT0_
  1037: 00001891    44 FUNC    WEAK   DEFAULT    4 _ZN10RpcDecoderILj1024EE7discardEv
  1038: 00002f84   568 OBJECT  GLOBAL DEFAULT    9 Serial
  1039: 00003ef5   280 FUNC    WEAK   DEFAULT    4 _ZN7RpcCallIJRjEED1Ev
  1040: 00005039    24 FUNC    GLOBAL DEFAULT    4 _ZNSt12__cow_stringC1EPKcj
  1041: 00003845   912 FUNC    WEAK   DEFAULT    4 _ZN13BridgeMonitorILj512EE5writeEPKhj
  1042: 00005465    62 FUNC    GLOBAL DEFAULT    4 _ZNK10__cxxabiv117__class_type_info12__do_dyncastEiNS0_10__sub_kindEPKS0_PKvS3_S5_RNS0_16__dyncast_resultE
  1043: 00004c64    16 OBJECT  WEAK   DEFAULT    9 _ZNSs4_Rep20_S_empty_rep_storageE
  1044: 00004f29     4 FUNC    GLOBAL DEFAULT    4 _ZNKSt13runtime_error4whatEv
  1045: 00000000     0 NOTYPE  GLOBAL DEFAULT  UND ring_buf_put
  1046: 000053ff    50 FUNC    GLOBAL DEFAULT    4 _ZNK10__cxxabiv117__class_type_info11__do_upcastEPKS0_PPv
  1047: 00000f7d    88 FUNC    WEAK   DEFAULT    4 _ZN7arduino7msgpack6Packer13packArraySizeEj
  1048: 00000135    84 FUNC    WEAK   DEFAULT    4 _ZNK7arduino7msgpack8Unpacker7getTypeEj
  1049: 000003e0    20 OBJECT  GLOBAL DEFAULT    1 _ZTVSt12length_error
  1050: 000025f5    68 FUNC    WEAK   DEFAULT    4 _ZN13BridgeMonitorILj512EE4peekEv
  1051: 00000000     0 NOTYPE  GLOBAL DEFAULT    6 __static_thread_data_list_end
  1052: 000042e9    28 FUNC    GLOBAL DEFAULT    4 _ZN7arduino6String12changeBufferEj
  1053: 00000199    88 FUNC    WEAK   DEFAULT    4 _ZN7arduino7msgpack8Unpacker11unpackInt32Ev
  1054: 00004f65    20 FUNC    GLOBAL DEFAULT    4 _ZNSt12length_errorD1Ev
  1055: 00002f84   568 OBJECT  GLOBAL DEFAULT    9 Monitor
  1056: 00000298    12 OBJECT  GLOBAL DEFAULT    1 _ZTISt11logic_error
  1057: 00000000     0 NOTYPE  GLOBAL DEFAULT  UND z_impl_k_sem_give
  1058: 000004c1    72 FUNC    WEAK   DEFAULT    4 _ZN7arduino7msgpack8Unpacker12unpackUInt16Ev
  1059: 00000018     0 TLS     GLOBAL DEFAULT  ABS _strtok_last
  1060: 00000436    13 OBJECT  GLOBAL DEFAULT    3 _ZTSSt9type_info
  1061: 000019bd    40 FUNC    WEAK   DEFAULT    4 _ZNSt11__copy_moveILb1ELb1ESt26random_access_iterator_tagE8__copy_mIhhEEPT0_PT_S6_S4_
  1062: 00004dc1     8 FUNC    GLOBAL DEFAULT    4 _ZNKSt9bad_alloc4whatEv
  1063: 000003f4    20 OBJECT  GLOBAL DEFAULT    1 _ZTVSt9bad_alloc
  1064: 0000493d    72 FUNC    GLOBAL DEFAULT    4 _ZN7arduino12ZephyrSerial4readEv
  1065: 00000831    72 FUNC    WEAK   DEFAULT    4 _ZN7arduino7msgpack8Unpacker10unpackInt8Ev
  1066: 0000041c    13 OBJECT  GLOBAL DEFAULT    3 _ZTSSt9bad_alloc
  1067: 00000000     0 NOTYPE  GLOBAL DEFAULT  UND z_impl_k_sleep
  1068: 00000000     0 NOTYPE  GLOBAL DEFAULT  UND __real___xpg_strerror_r
  1069: 00005115    18 FUNC    WEAK   DEFAULT    4 _ZNSt7__cxx1112basic_stringIcSt11char_traitsIcESaIcEE11_S_allocateERS3_j
  1070: 00004e59   116 FUNC    GLOBAL DEFAULT    4 _ZNK10__cxxabiv120__si_class_type_info12__do_dyncastEiNS_17__class_type_info10__sub_kindEPKS1_PKvS4_S6_RNS1_16__dyncast_resultE
  1071: 00002f8d   120 FUNC    WEAK   DEFAULT    4 _ZN7arduino7msgpack8Unpacker11deserializeINS0_4type9ArraySizeEJRiRjEEEbRT_DpOT0_
  1072: 00002f34    12 OBJECT  WEAK   DEFAULT    9 _ZZN8RpcUtils6detail12unpackObjectERN7arduino7msgpack8UnpackerEE1e
  1073: 00000000     0 NOTYPE  WEAK   DEFAULT  UND __device_dts_ord_61
  1074: 00000000     0 NOTYPE  GLOBAL DEFAULT  UND z_impl_device_is_ready
  1075: 00000000     0 NOTYPE  GLOBAL DEFAULT  UND ring_buf_get
  1076: 00002e3d   144 FUNC    WEAK   DEFAULT    4 _ZN7arduino7msgpack8Unpacker11deserializeI8RpcErrorJRNS0_6object5nil_tEEEEbRT_DpOT0_
  1077: 00004ef7     2 FUNC    GLOBAL DEFAULT    4 _ZNSt9type_infoD2Ev
  1078: 00000711   120 FUNC    WEAK   DEFAULT    4 _ZN7arduino7msgpack8Unpacker13unpackMapSizeEv
  1079: 00000879    44 FUNC    WEAK   DEFAULT    4 _ZNK7arduino7msgpack8Unpacker13isTimestamp32Ev
  1080: 00004ecd    42 FUNC    GLOBAL DEFAULT    4 _ZNK10__cxxabiv120__si_class_type_info11__do_upcastEPKNS_17__class_type_infoEPKvRNS1_15__upcast_resultE
  1081: 0000454d     8 FUNC    GLOBAL DEFAULT    4 realloc
  1082: 00002537    24 FUNC    WEAK   DEFAULT    4 _ZN13BridgeMonitorILj512EE5writeEh
  1083: 00000000     0 NOTYPE  GLOBAL DEFAULT  UND __real___aeabi_uldivmod
  1084: 00003181    64 FUNC    WEAK   DEFAULT    4 _ZN10RpcDecoderILj1024EE6decodeEv
  1085: 00004251     4 FUNC    GLOBAL DEFAULT    4 __cxa_atexit
  1086: 00000000     0 NOTYPE  GLOBAL DEFAULT  UND __real_atexit
  1087: 0000455d    10 FUNC    GLOBAL DEFAULT    4 __aeabi_i2d
  1088: 000028ad   376 FUNC    WEAK   DEFAULT    4 _ZN7arduino7msgpack8Unpacker11deserializeISt6vectorIhSaIhEEJEEEbRT_DpOT0_
  1089: 00004ddd    20 FUNC    GLOBAL DEFAULT    4 _ZNSt9bad_allocD0Ev
  1090: 00000971   372 FUNC    WEAK   DEFAULT    4 _ZN7arduino7msgpack8Unpacker11deserializeINS_6StringEJEEEbRT_DpOT0_
  1091: 00004df5    20 FUNC    GLOBAL DEFAULT    4 _ZN10__cxxabiv120__si_class_type_infoD1Ev
  1092: 00002f40     4 OBJECT  WEAK   DEFAULT    9 _ZZN8RpcUtils6detail12unpackObjectERN7arduino7msgpack8UnpackerEE6map_sz
  1093: 000048ed    16 FUNC    GLOBAL DEFAULT    4 _ZN6zephyr7arduino22init_dev_apply_pinctrlEPK6device
  1094: 00000251    32 FUNC    WEAK   DEFAULT    4 _ZNK7arduino7msgpack8Unpacker7isArrayEv
  1095: 00004c8d    12 FUNC    GLOBAL DEFAULT    4 _ZN7arduino12ZephyrSerial11IrqDispatchEPK6devicePv
  1096: 000006c9    72 FUNC    WEAK   DEFAULT    4 _ZN7arduino7msgpack8Unpacker12unpackUInt32Ev
  1097: 000000d5    24 FUNC    WEAK   DEFAULT    4 _ZNSt12_Vector_baseIhSaIhEED1Ev
  1098: 00004ef9     4 FUNC    GLOBAL DEFAULT    4 _ZNKSt9type_info14__is_pointer_pEv
  1099: 00000cfd    56 FUNC    WEAK   DEFAULT    4 _ZNKSt6vectorIhSaIhEE12_M_check_lenEjPKc
  1100: 00001391   280 FUNC    WEAK   DEFAULT    4 _ZN7arduino7msgpack8Unpacker11unpackFloatIdEENSt9enable_ifIXaasrSt13is_arithmeticIT_E5valuesrSt17is_floating_pointIS5_E5valueES5_E4typeEv
  1101: 00000010     0 TLS     GLOBAL DEFAULT  ABS z_tls_current
  1102: 000044cd    32 FUNC    GLOBAL DEFAULT    4 _ZNK7arduino6String6equalsERKS0_
  1103: 00001165   208 FUNC    WEAK   DEFAULT    4 _ZN7arduino7msgpack8Unpacker9unpackIntIiEENSt9enable_ifIXaaaaaaaasrSt13is_arithmeticIT_E5valuesrSt11is_integralIS5_E5valuentsrSt7is_sameIS5_bE5valuentsrS9_INSt9remove_cvIS5_E4typeEPcE5valuesrSt9is_signedIS5_E5valueES5_E4typeEv
  1104: 00004d61    48 FUNC    GLOBAL DEFAULT    4 _ZSt19__throw_logic_errorPKc
  1105: 00004a35   200 FUNC    GLOBAL DEFAULT    4 _ZN7arduino12ZephyrSerial5beginEmt
  1106: 00000000     0 NOTYPE  GLOBAL DEFAULT  UND __real_realloc
  1107: 000002f0    44 OBJECT  GLOBAL DEFAULT    1 _ZTVN10__cxxabiv117__class_type_infoE
  1108: 00004481    28 FUNC    GLOBAL DEFAULT    4 _ZN7arduino6String6concatEc
  1109: 00004265    12 FUNC    GLOBAL DEFAULT    4 __cxa_throw
  1110: 000007c5    76 FUNC    WEAK   DEFAULT    4 _ZN7arduino7msgpack8Unpacker12unpackUInt64Ev
  1111: 00004911    24 FUNC    WEAK   DEFAULT    4 _ZN7arduino12ZephyrSerial5writeEh
  1112: 000002a4    12 OBJECT  GLOBAL DEFAULT    1 _ZTISt12length_error
  1113: 00004535     8 FUNC    GLOBAL DEFAULT    4 memset
  1114: 000045d1    44 FUNC    WEAK   DEFAULT    4 main
  1115: 00001841    80 FUNC    WEAK   DEFAULT    4 _ZN10RpcDecoderILj1024EE7consumeEjj
  1116: 00004401    16 FUNC    GLOBAL DEFAULT    4 _ZN7arduino6StringaSEOS0_
  1117: 00004599    10 FUNC    GLOBAL DEFAULT    4 __aeabi_l2f
  1118: 000014ed   160 FUNC    WEAK   DEFAULT    4 _ZN7arduino7msgpack8Unpacker11deserializeIjJRNS_6StringEEEEbRT_DpOT0_
  1119: 00000000     0 NOTYPE  GLOBAL DEFAULT  UND __device_dts_ord_100
  1120: 00000811    32 FUNC    WEAK   DEFAULT    4 _ZNK7arduino7msgpack8Unpacker11getRawBytesIaEET_jj
  1121: 00000000     0 NOTYPE  GLOBAL DEFAULT  UND __device_dts_ord_114
  1122: 00005051    24 FUNC    WEAK   DEFAULT    4 _ZNSs7_M_copyEPcPKcj
  1123: 00003721   292 FUNC    WEAK   DEFAULT    4 _ZN7RpcCallIJRN7arduino6StringEEED2Ev
  1124: 00004571    10 FUNC    GLOBAL DEFAULT    4 __aeabi_l2d
  1125: 00000260    12 OBJECT  GLOBAL DEFAULT    1 _ZTIN10__cxxabiv117__class_type_infoE
  1126: 00003ef5   280 FUNC    WEAK   DEFAULT    4 _ZN7RpcCallIJRjEED2Ev
  1127: 0000477d    28 FUNC    GLOBAL DEFAULT    4 micros
  1128: 00000509    52 FUNC    WEAK   DEFAULT    4 _ZNK7arduino7msgpack8Unpacker11getRawBytesIjEET_jj
  1129: 00000000     0 NOTYPE  GLOBAL DEFAULT  UND __real_free
  1130: 000014a9    68 FUNC    WEAK   DEFAULT    4 _ZN7arduino7msgpack8Unpacker11deserializeINS0_4type9ArraySizeEJRiEEEbRT_DpOT0_
  1131: 000045a3    10 FUNC    GLOBAL DEFAULT    4 __aeabi_ul2f
  1132: 000026ed   104 FUNC    WEAK   DEFAULT    4 _ZN7arduino7msgpack8Unpacker11deserializeIbJEEEbRT_DpOT0_
  1133: 0000452d     8 FUNC    GLOBAL DEFAULT    4 strcmp
  1134: 00002149   316 FUNC    WEAK   DEFAULT    4 _ZN10RpcDecoderILj1024EE12parse_packetEv
  1135: 00005069    10 FUNC    WEAK   DEFAULT    4 _ZNSs13_S_copy_charsEPcPKcS1_
  1136: 00004a01    52 FUNC    GLOBAL DEFAULT    4 _ZN7arduino12ZephyrSerial9availableEv
  1137: 00004c99    44 FUNC    WEAK   DEFAULT    4 _ZN7arduino12ZephyrSerial18ZephyrSerialBufferILi1024EEC1Ev
  1138: 00003721   292 FUNC    WEAK   DEFAULT    4 _ZN7RpcCallIJRN7arduino6StringEEED1Ev
  1139: 0000432d    60 FUNC    GLOBAL DEFAULT    4 _ZN7arduino6String4copyEPKcj
  1140: 00000f1d    28 FUNC    WEAK   DEFAULT    4 _ZN7arduino7msgpack6Packer15packRawReversedIjEEvRKT_
  1141: 00000039    22 FUNC    WEAK   DEFAULT    4 _ZN7arduino7msgpack8Unpacker11deserializeEv
  1142: 0000164d   500 FUNC    WEAK   DEFAULT    4 _ZN9RPCServer15process_requestILj256EEEvR10RPCRequestIXT_EE
  1143: 00000000     0 NOTYPE  GLOBAL DEFAULT  UND pinctrl_lookup_state
  1144: 00000bc1    44 FUNC    WEAK   DEFAULT    4 _ZN10RPCRequestILj256EED1Ev
  1145: 000052ad    48 FUNC    GLOBAL DEFAULT    4 _ZNKSt3_V214error_category10_M_messageB5cxx11Ei
  1146: 00004e09    20 FUNC    GLOBAL DEFAULT    4 _ZN10__cxxabiv120__si_class_type_infoD0Ev
  1147: 00002ef8    40 OBJECT  WEAK   DEFAULT    9 _ZN12RouterBridge3HCIE
  1148: 00004f2d    36 FUNC    GLOBAL DEFAULT    4 _ZNSt11logic_errorD2Ev
  1149: 000008a5    44 FUNC    WEAK   DEFAULT    4 _ZNK7arduino7msgpack8Unpacker13isTimestamp64Ev
  1150: 000031c0   352 OBJECT  GLOBAL DEFAULT    9 Bridge
  1151: 000003fb    16 OBJECT  GLOBAL DEFAULT    3 _ZTSSt11logic_error
  1152: 00004f2d    36 FUNC    GLOBAL DEFAULT    4 _ZNSt11logic_errorD1Ev
  1153: 000045b9     8 FUNC    GLOBAL DEFAULT    4 atexit
  1154: 00001b05   376 FUNC    WEAK   DEFAULT    4 _ZN7arduino7msgpack8Unpacker9unpackExtEv
  1155: 00000789    58 FUNC    WEAK   DEFAULT    4 _ZNK7arduino7msgpack8Unpacker11getRawBytesIyEET_jj
  1156: 00000000     0 NOTYPE  GLOBAL DEFAULT  UND _device_list_start
  1157: 000044ed    40 FUNC    GLOBAL DEFAULT    4 _ZNK7arduino6String6equalsEPKc
  1158: 0000527d    20 FUNC    GLOBAL DEFAULT    4 _ZNKSt3_V214error_category10equivalentERKSt10error_codei
  1159: 00000bc1    44 FUNC    WEAK   DEFAULT    4 _ZN10RPCRequestILj256EED2Ev
  1160: 00000000     0 NOTYPE  GLOBAL DEFAULT  UND __real___aeabi_ul2f
  1161: 000042b9    20 FUNC    GLOBAL DEFAULT    4 _ZN7arduino6StringD2Ev
  1162: 000019e5   288 FUNC    WEAK   DEFAULT    4 _ZN7arduino7msgpack6object3extC1EaPKhj
  1163: 0000006d   100 FUNC    GLOBAL DEFAULT    4 setup
  1164: 00003c49   684 FUNC    WEAK   DEFAULT    4 _ZN7RpcCallIJRjEE6resultISt6vectorIhSaIhEEEEbRT_
  1165: 00004907    10 FUNC    WEAK   DEFAULT    4 _ZN7arduino12ZephyrSerial5beginEm
  1166: 000024a5    68 FUNC    WEAK   DEFAULT    4 _Z10__loopHookv
  1167: 00000ba9    24 FUNC    WEAK   DEFAULT    4 _ZNSt12_Vector_baseIjSaIjEED2Ev
  1168: 00000000     0 NOTYPE  GLOBAL DEFAULT  UND __real___aeabi_ul2d
  1169: 0000543d    20 FUNC    GLOBAL DEFAULT    4 _ZN10__cxxabiv117__class_type_infoD2Ev
  1170: 0000040b    17 OBJECT  GLOBAL DEFAULT    3 _ZTSSt12length_error
  1171: 00004411    48 FUNC    GLOBAL DEFAULT    4 _ZN7arduino6StringaSEPKc
  1172: 00000008     0 TLS     GLOBAL DEFAULT  ABS _rand_next
  1173: 000008d1    64 FUNC    WEAK   DEFAULT    4 _ZNK7arduino7msgpack8Unpacker13isTimestamp96Ev
  1174: 00004255    12 FUNC    GLOBAL DEFAULT    4 __cxa_allocate_exception
  1175: 00002f74     4 OBJECT  WEAK   DEFAULT    9 _ZZN8RpcUtils6detail12unpackObjectERN7arduino7msgpack8UnpackerEE7integer
  1176: 0000026c    12 OBJECT  GLOBAL DEFAULT    1 _ZTIN10__cxxabiv120__si_class_type_infoE
  1177: 00000bed   152 FUNC    WEAK   DEFAULT    4 _ZNSt6vectorIjSaIjEE17_M_realloc_appendIJRjEEEvDpOT_
  1178: 00000ba9    24 FUNC    WEAK   DEFAULT    4 _ZNSt12_Vector_baseIjSaIjEED1Ev
  1179: 00000000     0 NOTYPE  GLOBAL DEFAULT  UND __real_strlen
  1180: 00002535     2 FUNC    WEAK   DEFAULT    4 _ZN7arduino5Print5flushEv
  1181: 00004985    72 FUNC    GLOBAL DEFAULT    4 _ZN7arduino12ZephyrSerial4peekEv
  1182: 00000449    72 FUNC    WEAK   DEFAULT    4 _ZN7arduino7msgpack8Unpacker11unpackUInt8Ev
  1183: 000049cd    52 FUNC    GLOBAL DEFAULT    4 _ZN7arduino12ZephyrSerial17availableForWriteEv
  1184: 00000115    30 FUNC    WEAK   DEFAULT    4 _ZNK7arduino7msgpack8Unpacker11getRawBytesIhEET_jj
  1185: 000042b9    20 FUNC    GLOBAL DEFAULT    4 _ZN7arduino6StringD1Ev
  1186: 00004df1     2 FUNC    GLOBAL DEFAULT    4 _ZNSt9exceptionD1Ev
  1187: 00000000     0 NOTYPE  GLOBAL DEFAULT  UND z_impl_k_mutex_unlock
  1188: 0000460d     8 FUNC    GLOBAL DEFAULT    4 _Znwj
  1189: 00002f58     4 OBJECT  WEAK   DEFAULT    9 _ZGVZN8RpcUtils6detail12unpackObjectERN7arduino7msgpack8UnpackerEE6string
  1190: 00000271    32 FUNC    WEAK   DEFAULT    4 _ZNK7arduino7msgpack8Unpacker5isMapEv
  1191: 00000000     0 NOTYPE  GLOBAL DEFAULT  UND __real_strcmp
  1192: 00000000     0 NOTYPE  GLOBAL DEFAULT  UND pinctrl_configure_pins
  1193: 00004e1d    60 FUNC    GLOBAL DEFAULT    4 _ZNK10__cxxabiv120__si_class_type_info20__do_find_public_srcEiPKvPKNS_17__class_type_infoES2_
  1194: 00004dc9    20 FUNC    GLOBAL DEFAULT    4 _ZNSt9bad_allocD1Ev
  1195: 00000000     0 NOTYPE  GLOBAL DEFAULT    6 __static_thread_data_list_start
  1196: 00005039    24 FUNC    GLOBAL DEFAULT    4 _ZNSt12__cow_stringC2EPKcj
  1197: 00000000     0 NOTYPE  GLOBAL DEFAULT  UND __real_memset
  1198: 000043c1    40 FUNC    GLOBAL DEFAULT    4 _ZN7arduino6StringaSERKS0_
  1199: 000031c1    64 FUNC    WEAK   DEFAULT    4 _ZN9RPCClient12get_responseIN7arduino7msgpack6object5nil_tEEEbjRT_R8RpcError
  1200: 00004695   224 FUNC    GLOBAL DEFAULT    4 analogRead
  1201: 00000000     0 NOTYPE  GLOBAL DEFAULT  UND __device_dts_ord_123
  1202: 00000000     0 NOTYPE  GLOBAL DEFAULT  UND __real___aeabi_f2d
  1203: 00000004 12020 OBJECT  GLOBAL DEFAULT    9 p0Adc
  1204: 0000508d    96 FUNC    WEAK   DEFAULT    4 _ZNSs4_Rep9_S_createEjjRKSaIcE
  1205: 00005075    24 FUNC    WEAK   DEFAULT    4 _ZNSs4_Rep26_M_set_length_and_sharableEj
  1206: 00000651   120 FUNC    WEAK   DEFAULT    4 _ZN7arduino7msgpack8Unpacker15unpackArraySizeEv
  1207: 00000000     0 NOTYPE  GLOBAL DEFAULT  UND ring_buf_peek
  1208: 00004525     8 FUNC    GLOBAL DEFAULT    4 strlen
  1209: 000002c4     8 OBJECT  GLOBAL DEFAULT    1 _ZTISt9type_info
  1210: 00004295    12 FUNC    GLOBAL DEFAULT    4 __aeabi_unwind_cpp_pr1
  1211: 00000429    13 OBJECT  GLOBAL DEFAULT    3 _ZTSSt9exception
  1212: 00000000     0 NOTYPE  GLOBAL DEFAULT  UND __real___aeabi_d2f
  1213: 00004f29     4 FUNC    GLOBAL DEFAULT    4 _ZNKSt11logic_error4whatEv
  1214: 0000458f    10 FUNC    GLOBAL DEFAULT    4 __aeabi_f2d
  1215: 00000000     0 NOTYPE  GLOBAL DEFAULT  UND z_impl_k_mutex_init
  1216: 00002f4d    64 FUNC    WEAK   DEFAULT    4 _ZN7arduino7msgpack8Unpacker11deserializeIjJEEEbRT_DpOT0_
  1217: 00000000     0 NOTYPE  GLOBAL DEFAULT  UND z_impl_device_deinit
  1218: 00000f61    28 FUNC    WEAK   DEFAULT    4 _ZN7arduino7msgpack6Packer15packRawReversedItEEvRKT_
  1219: 00004305    40 FUNC    GLOBAL DEFAULT    4 _ZN7arduino6String7reserveEj
  1220: 00000911    30 FUNC    WEAK   DEFAULT    4 _ZNK7arduino7msgpack8Unpacker11getRawBytesIcEET_jj
  1221: 000050ed     4 FUNC    WEAK   DEFAULT    4 _ZNSs4_Rep10_M_destroyERKSaIcE
  1222: 00004131    68 FUNC    WEAK   DEFAULT    4 _ZN13BridgeMonitorILj512EE9availableEv
  1223: 00000000     0 NOTYPE  WEAK   DEFAULT  UND __device_dts_ord_34
  1224: 00000290     8 OBJECT  GLOBAL DEFAULT    1 _ZTINSt3_V214error_categoryE
  1225: 00004ffd    40 FUNC    GLOBAL DEFAULT    4 _ZNSt11logic_errorC1EPKc
  1226: 00000000     0 NOTYPE  GLOBAL DEFAULT  UND __device_dts_ord_78
  1227: 000003b5    76 FUNC    WEAK   DEFAULT    4 _ZN7arduino7msgpack8Unpacker10unpackInt5Ev
  1228: 00004369    44 FUNC    GLOBAL DEFAULT    4 _ZN7arduino6StringC2EPKc
  1229: 000053f5    10 FUNC    GLOBAL DEFAULT    4 __aeabi_atexit
  1230: 00004efd    44 FUNC    GLOBAL DEFAULT    4 _ZNKSt9type_infoeqERKS_
  1231: 00005127    12 FUNC    WEAK   DEFAULT    4 _ZNKSt7__cxx1112basic_stringIcSt11char_traitsIcESaIcEE11_M_is_localEv
  1232: 0000053d   276 FUNC    WEAK   DEFAULT    4 _ZNK7arduino7msgpack8Unpacker14getElementSizeEj
  1233: 000002cc    36 OBJECT  WEAK   DEFAULT    1 _ZTV13BridgeMonitorILj512EE
  1234: 00000000     0 NOTYPE  GLOBAL DEFAULT  UND __real_memcpy
  1235: 00002f5c    12 OBJECT  WEAK   DEFAULT    9 _ZZN8RpcUtils6detail12unpackObjectERN7arduino7msgpack8UnpackerEE6string
  1236: 00002589   108 FUNC    WEAK   DEFAULT    4 _ZN13BridgeMonitorILj512EE4readEv
  1237: 00004555     8 FUNC    GLOBAL DEFAULT    4 free
  1238: 00005451    20 FUNC    GLOBAL DEFAULT    4 _ZN10__cxxabiv117__class_type_infoD0Ev
  1239: 00003c15    52 FUNC    WEAK   DEFAULT    4 _ZN7RpcCallIJRjEE7isErrorEv
  1240: 00003b8c  2156 OBJECT  GLOBAL DEFAULT    9 Serial2
  1241: 0000449d    48 FUNC    GLOBAL DEFAULT    4 _ZNK7arduino6String9compareToERKS0_
