
Symbol table '.symtab' contains 1258 entries:
   Num:    Value  Size Type    Bind   Vis      Ndx Name
     0: 00000000     0 NOTYPE  LOCAL  DEFAULT  UND 
     1: 00000000     0 SECTION LOCAL  DEFAULT    1 .rodata
     2: 00000000     0 SECTION LOCAL  DEFAULT    3 .llext.rodata.noreloc
     3: 00000000     0 SECTION LOCAL  DEFAULT    7 .data
     4: 00004d00     0 NOTYPE  LOCAL  DEFAULT    4 $t
     5: 00004d01   212 FUNC    LOCAL  DEFAULT    4 _ZN6zephyr7arduinoL29init_device_with_dependenciesEPK6device
     6: 00004db8     0 NOTYPE  LOCAL  DEFAULT    4 $d
     7: 00000000   136 OBJECT  LOCAL  DEFAULT    1 _ZN6zephyr7arduinoL11pinctrl_mapE
     8: 00004dd4     0 NOTYPE  LOCAL  DEFAULT    4 $t
     9: 00004de0     0 NOTYPE  LOCAL  DEFAULT    4 $d
    10: 00000000     0 NOTYPE  LOCAL  DEFAULT    1 $d
    11: 000003e0     8 OBJECT  LOCAL  DEFAULT    1 _ZN6zephyr7arduinoL39__pinctrl_dev_config__device_dts_ord_73E
    12: 000003d8     8 OBJECT  LOCAL  DEFAULT    1 _ZN6zephyr7arduinoL39__pinctrl_dev_config__device_dts_ord_70E
    13: 000003e8     8 OBJECT  LOCAL  DEFAULT    1 _ZN6zephyr7arduinoL39__pinctrl_dev_config__device_dts_ord_78E
    14: 000003f0     8 OBJECT  LOCAL  DEFAULT    1 _ZN6zephyr7arduinoL39__pinctrl_dev_config__device_dts_ord_83E
    15: 000003f8     8 OBJECT  LOCAL  DEFAULT    1 _ZN6zephyr7arduinoL39__pinctrl_dev_config__device_dts_ord_88E
    16: 000003b8     8 OBJECT  LOCAL  DEFAULT    1 _ZN6zephyr7arduinoL39__pinctrl_dev_config__device_dts_ord_30E
    17: 000003c0     8 OBJECT  LOCAL  DEFAULT    1 _ZN6zephyr7arduinoL39__pinctrl_dev_config__device_dts_ord_34E
    18: 000003c8     8 OBJECT  LOCAL  DEFAULT    1 _ZN6zephyr7arduinoL39__pinctrl_dev_config__device_dts_ord_40E
    19: 00000420     8 OBJECT  LOCAL  DEFAULT    1 _ZN6zephyr7arduinoL40__pinctrl_dev_config__device_dts_ord_120E
    20: 00000400     8 OBJECT  LOCAL  DEFAULT    1 _ZN6zephyr7arduinoL40__pinctrl_dev_config__device_dts_ord_100E
    21: 00000408     8 OBJECT  LOCAL  DEFAULT    1 _ZN6zephyr7arduinoL40__pinctrl_dev_config__device_dts_ord_105E
    22: 00000410     8 OBJECT  LOCAL  DEFAULT    1 _ZN6zephyr7arduinoL40__pinctrl_dev_config__device_dts_ord_109E
    23: 00000418     8 OBJECT  LOCAL  DEFAULT    1 _ZN6zephyr7arduinoL40__pinctrl_dev_config__device_dts_ord_114E
    24: 00000428     8 OBJECT  LOCAL  DEFAULT    1 _ZN6zephyr7arduinoL40__pinctrl_dev_config__device_dts_ord_123E
    25: 000003b0     8 OBJECT  LOCAL  DEFAULT    1 _ZN6zephyr7arduinoL39__pinctrl_dev_config__device_dts_ord_17E
    26: 000003d0     8 OBJECT  LOCAL  DEFAULT    1 _ZN6zephyr7arduinoL39__pinctrl_dev_config__device_dts_ord_61E
    27: 000003d0     0 NOTYPE  LOCAL  DEFAULT    1 $d
    28: 000002f0     8 OBJECT  LOCAL  DEFAULT    1 _ZN6zephyr7arduinoL35__pinctrl_states__device_dts_ord_61E
    29: 000002f0     0 NOTYPE  LOCAL  DEFAULT    1 $d
    30: 00000114    16 OBJECT  LOCAL  DEFAULT    3 _ZN6zephyr7arduinoL41__pinctrl_state_pins_0__device_dts_ord_61E
    31: 00000114     0 NOTYPE  LOCAL  DEFAULT    3 $d
    32: 000003b0     0 NOTYPE  LOCAL  DEFAULT    1 $d
    33: 000002b8    24 OBJECT  LOCAL  DEFAULT    1 _ZN6zephyr7arduinoL35__pinctrl_states__device_dts_ord_17E
    34: 000002b8     0 NOTYPE  LOCAL  DEFAULT    1 $d
    35: 000000e4     0 OBJECT  LOCAL  DEFAULT    3 _ZN6zephyr7arduinoL41__pinctrl_state_pins_0__device_dts_ord_17E
    36: 000001a4     0 OBJECT  LOCAL  DEFAULT    3 _ZN6zephyr7arduinoL41__pinctrl_state_pins_1__device_dts_ord_17E
    37: 000001b4    48 OBJECT  LOCAL  DEFAULT    3 _ZN6zephyr7arduinoL41__pinctrl_state_pins_2__device_dts_ord_17E
    38: 000001b4     0 NOTYPE  LOCAL  DEFAULT    3 $d
    39: 00000428     0 NOTYPE  LOCAL  DEFAULT    1 $d
    40: 00000398    24 OBJECT  LOCAL  DEFAULT    1 _ZN6zephyr7arduinoL36__pinctrl_states__device_dts_ord_123E
    41: 00000398     0 NOTYPE  LOCAL  DEFAULT    1 $d
    42: 000001e4     0 OBJECT  LOCAL  DEFAULT    3 _ZN6zephyr7arduinoL42__pinctrl_state_pins_0__device_dts_ord_123E
    43: 000001e4     0 OBJECT  LOCAL  DEFAULT    3 _ZN6zephyr7arduinoL42__pinctrl_state_pins_1__device_dts_ord_123E
    44: 0000025c     8 OBJECT  LOCAL  DEFAULT    3 _ZN6zephyr7arduinoL42__pinctrl_state_pins_2__device_dts_ord_123E
    45: 0000025c     0 NOTYPE  LOCAL  DEFAULT    3 $d
    46: 00000418     0 NOTYPE  LOCAL  DEFAULT    1 $d
    47: 00000368    24 OBJECT  LOCAL  DEFAULT    1 _ZN6zephyr7arduinoL36__pinctrl_states__device_dts_ord_114E
    48: 00000368     0 NOTYPE  LOCAL  DEFAULT    1 $d
    49: 000001e4     0 OBJECT  LOCAL  DEFAULT    3 _ZN6zephyr7arduinoL42__pinctrl_state_pins_0__device_dts_ord_114E
    50: 000001e4     0 OBJECT  LOCAL  DEFAULT    3 _ZN6zephyr7arduinoL42__pinctrl_state_pins_1__device_dts_ord_114E
    51: 00000224    24 OBJECT  LOCAL  DEFAULT    3 _ZN6zephyr7arduinoL42__pinctrl_state_pins_2__device_dts_ord_114E
    52: 00000224     0 NOTYPE  LOCAL  DEFAULT    3 $d
    53: 00000410     0 NOTYPE  LOCAL  DEFAULT    1 $d
    54: 00000350    24 OBJECT  LOCAL  DEFAULT    1 _ZN6zephyr7arduinoL36__pinctrl_states__device_dts_ord_109E
    55: 00000350     0 NOTYPE  LOCAL  DEFAULT    1 $d
    56: 000001e4     0 OBJECT  LOCAL  DEFAULT    3 _ZN6zephyr7arduinoL42__pinctrl_state_pins_0__device_dts_ord_109E
    57: 000001e4     0 OBJECT  LOCAL  DEFAULT    3 _ZN6zephyr7arduinoL42__pinctrl_state_pins_1__device_dts_ord_109E
    58: 00000214    16 OBJECT  LOCAL  DEFAULT    3 _ZN6zephyr7arduinoL42__pinctrl_state_pins_2__device_dts_ord_109E
    59: 00000214     0 NOTYPE  LOCAL  DEFAULT    3 $d
    60: 00000408     0 NOTYPE  LOCAL  DEFAULT    1 $d
    61: 00000338    24 OBJECT  LOCAL  DEFAULT    1 _ZN6zephyr7arduinoL36__pinctrl_states__device_dts_ord_105E
    62: 00000338     0 NOTYPE  LOCAL  DEFAULT    1 $d
    63: 000001e4     0 OBJECT  LOCAL  DEFAULT    3 _ZN6zephyr7arduinoL42__pinctrl_state_pins_0__device_dts_ord_105E
    64: 000001e4     0 OBJECT  LOCAL  DEFAULT    3 _ZN6zephyr7arduinoL42__pinctrl_state_pins_1__device_dts_ord_105E
    65: 000001fc    24 OBJECT  LOCAL  DEFAULT    3 _ZN6zephyr7arduinoL42__pinctrl_state_pins_2__device_dts_ord_105E
    66: 000001fc     0 NOTYPE  LOCAL  DEFAULT    3 $d
    67: 00000400     0 NOTYPE  LOCAL  DEFAULT    1 $d
    68: 00000320    24 OBJECT  LOCAL  DEFAULT    1 _ZN6zephyr7arduinoL36__pinctrl_states__device_dts_ord_100E
    69: 00000320     0 NOTYPE  LOCAL  DEFAULT    1 $d
    70: 000001e4     0 OBJECT  LOCAL  DEFAULT    3 _ZN6zephyr7arduinoL42__pinctrl_state_pins_0__device_dts_ord_100E
    71: 000001e4     0 OBJECT  LOCAL  DEFAULT    3 _ZN6zephyr7arduinoL42__pinctrl_state_pins_1__device_dts_ord_100E
    72: 000001e4    24 OBJECT  LOCAL  DEFAULT    3 _ZN6zephyr7arduinoL42__pinctrl_state_pins_2__device_dts_ord_100E
    73: 000001e4     0 NOTYPE  LOCAL  DEFAULT    3 $d
    74: 00000420     0 NOTYPE  LOCAL  DEFAULT    1 $d
    75: 00000380    24 OBJECT  LOCAL  DEFAULT    1 _ZN6zephyr7arduinoL36__pinctrl_states__device_dts_ord_120E
    76: 00000380     0 NOTYPE  LOCAL  DEFAULT    1 $d
    77: 000001e4     0 OBJECT  LOCAL  DEFAULT    3 _ZN6zephyr7arduinoL42__pinctrl_state_pins_0__device_dts_ord_120E
    78: 000001e4     0 OBJECT  LOCAL  DEFAULT    3 _ZN6zephyr7arduinoL42__pinctrl_state_pins_1__device_dts_ord_120E
    79: 0000023c    32 OBJECT  LOCAL  DEFAULT    3 _ZN6zephyr7arduinoL42__pinctrl_state_pins_2__device_dts_ord_120E
    80: 0000023c     0 NOTYPE  LOCAL  DEFAULT    3 $d
    81: 000003c8     0 NOTYPE  LOCAL  DEFAULT    1 $d
    82: 000002e0    16 OBJECT  LOCAL  DEFAULT    1 _ZN6zephyr7arduinoL35__pinctrl_states__device_dts_ord_40E
    83: 000002e0     0 NOTYPE  LOCAL  DEFAULT    1 $d
    84: 00000104    16 OBJECT  LOCAL  DEFAULT    3 _ZN6zephyr7arduinoL41__pinctrl_state_pins_0__device_dts_ord_40E
    85: 000001a4    16 OBJECT  LOCAL  DEFAULT    3 _ZN6zephyr7arduinoL41__pinctrl_state_pins_1__device_dts_ord_40E
    86: 000001a4     0 NOTYPE  LOCAL  DEFAULT    3 $d
    87: 00000104     0 NOTYPE  LOCAL  DEFAULT    3 $d
    88: 000003c0     0 NOTYPE  LOCAL  DEFAULT    1 $d
    89: 000002d8     8 OBJECT  LOCAL  DEFAULT    1 _ZN6zephyr7arduinoL35__pinctrl_states__device_dts_ord_34E
    90: 000002d8     0 NOTYPE  LOCAL  DEFAULT    1 $d
    91: 000000f4    16 OBJECT  LOCAL  DEFAULT    3 _ZN6zephyr7arduinoL41__pinctrl_state_pins_0__device_dts_ord_34E
    92: 000000f4     0 NOTYPE  LOCAL  DEFAULT    3 $d
    93: 000003b8     0 NOTYPE  LOCAL  DEFAULT    1 $d
    94: 000002d0     8 OBJECT  LOCAL  DEFAULT    1 _ZN6zephyr7arduinoL35__pinctrl_states__device_dts_ord_30E
    95: 000002d0     0 NOTYPE  LOCAL  DEFAULT    1 $d
    96: 000000e4    16 OBJECT  LOCAL  DEFAULT    3 _ZN6zephyr7arduinoL41__pinctrl_state_pins_0__device_dts_ord_30E
    97: 000000e4     0 NOTYPE  LOCAL  DEFAULT    3 $d
    98: 000003f8     0 NOTYPE  LOCAL  DEFAULT    1 $d
    99: 00000318     8 OBJECT  LOCAL  DEFAULT    1 _ZN6zephyr7arduinoL35__pinctrl_states__device_dts_ord_88E
   100: 00000318     0 NOTYPE  LOCAL  DEFAULT    1 $d
   101: 00000184    32 OBJECT  LOCAL  DEFAULT    3 _ZN6zephyr7arduinoL41__pinctrl_state_pins_0__device_dts_ord_88E
   102: 00000184     0 NOTYPE  LOCAL  DEFAULT    3 $d
   103: 000003f0     0 NOTYPE  LOCAL  DEFAULT    1 $d
   104: 00000310     8 OBJECT  LOCAL  DEFAULT    1 _ZN6zephyr7arduinoL35__pinctrl_states__device_dts_ord_83E
   105: 00000310     0 NOTYPE  LOCAL  DEFAULT    1 $d
   106: 00000164    32 OBJECT  LOCAL  DEFAULT    3 _ZN6zephyr7arduinoL41__pinctrl_state_pins_0__device_dts_ord_83E
   107: 00000164     0 NOTYPE  LOCAL  DEFAULT    3 $d
   108: 000003e8     0 NOTYPE  LOCAL  DEFAULT    1 $d
   109: 00000308     8 OBJECT  LOCAL  DEFAULT    1 _ZN6zephyr7arduinoL35__pinctrl_states__device_dts_ord_78E
   110: 00000308     0 NOTYPE  LOCAL  DEFAULT    1 $d
   111: 00000144    32 OBJECT  LOCAL  DEFAULT    3 _ZN6zephyr7arduinoL41__pinctrl_state_pins_0__device_dts_ord_78E
   112: 00000144     0 NOTYPE  LOCAL  DEFAULT    3 $d
   113: 000003d8     0 NOTYPE  LOCAL  DEFAULT    1 $d
   114: 000002f8     8 OBJECT  LOCAL  DEFAULT    1 _ZN6zephyr7arduinoL35__pinctrl_states__device_dts_ord_70E
   115: 000002f8     0 NOTYPE  LOCAL  DEFAULT    1 $d
   116: 00000124    16 OBJECT  LOCAL  DEFAULT    3 _ZN6zephyr7arduinoL41__pinctrl_state_pins_0__device_dts_ord_70E
   117: 00000124     0 NOTYPE  LOCAL  DEFAULT    3 $d
   118: 000003e0     0 NOTYPE  LOCAL  DEFAULT    1 $d
   119: 00000300     8 OBJECT  LOCAL  DEFAULT    1 _ZN6zephyr7arduinoL35__pinctrl_states__device_dts_ord_73E
   120: 00000300     0 NOTYPE  LOCAL  DEFAULT    1 $d
   121: 00000134    16 OBJECT  LOCAL  DEFAULT    3 _ZN6zephyr7arduinoL41__pinctrl_state_pins_0__device_dts_ord_73E
   122: 00000134     0 NOTYPE  LOCAL  DEFAULT    3 $d
   123: 000047ac     0 NOTYPE  LOCAL  DEFAULT    4 $t
   124: 000047ad    42 FUNC    LOCAL  DEFAULT    4 gpio_pin_configure_dt.isra.0
   125: 000047d8     0 NOTYPE  LOCAL  DEFAULT    4 $t
   126: 000047e4     0 NOTYPE  LOCAL  DEFAULT    4 $d
   127: 000047e8     0 NOTYPE  LOCAL  DEFAULT    4 $t
   128: 00004808     0 NOTYPE  LOCAL  DEFAULT    4 $d
   129: 00000088   560 OBJECT  LOCAL  DEFAULT    1 _ZN6zephyr7arduinoL12arduino_pinsE
   130: 00004818     0 NOTYPE  LOCAL  DEFAULT    4 $t
   131: 00004850     0 NOTYPE  LOCAL  DEFAULT    4 $d
   132: 00004854     0 NOTYPE  LOCAL  DEFAULT    4 $t
   133: 00004894     0 NOTYPE  LOCAL  DEFAULT    4 $d
   134: 00000088     0 NOTYPE  LOCAL  DEFAULT    1 $d
   135: 000054a2     0 NOTYPE  LOCAL  DEFAULT    4 $t
   136: 000054d4     0 NOTYPE  LOCAL  DEFAULT    4 $t
   137: 000054e0     0 NOTYPE  LOCAL  DEFAULT    4 $t
   138: 000054f0     0 NOTYPE  LOCAL  DEFAULT    4 $d
   139: 000054f4     0 NOTYPE  LOCAL  DEFAULT    4 $t
   140: 00005508     0 NOTYPE  LOCAL  DEFAULT    4 $t
   141: 00005546     0 NOTYPE  LOCAL  DEFAULT    4 $t
   142: 0000555e     0 NOTYPE  LOCAL  DEFAULT    4 $t
   143: 00000430     0 NOTYPE  LOCAL  DEFAULT    1 $d
   144: 000004c0     0 NOTYPE  LOCAL  DEFAULT    1 $d
   145: 00004e98     0 NOTYPE  LOCAL  DEFAULT    4 $t
   146: 00004ea8     0 NOTYPE  LOCAL  DEFAULT    4 $d
   147: 00004eac     0 NOTYPE  LOCAL  DEFAULT    4 $t
   148: 00004ec0     0 NOTYPE  LOCAL  DEFAULT    4 $t
   149: 00004efc     0 NOTYPE  LOCAL  DEFAULT    4 $t
   150: 00004f70     0 NOTYPE  LOCAL  DEFAULT    4 $t
   151: 0000043c     0 NOTYPE  LOCAL  DEFAULT    1 $d
   152: 000004ec     0 NOTYPE  LOCAL  DEFAULT    1 $d
   153: 0000528c     0 NOTYPE  LOCAL  DEFAULT    4 $t
   154: 0000528d     8 FUNC    LOCAL  DEFAULT    4 _ZNK12_GLOBAL__N_122generic_error_category4nameEv
   155: 00005290     0 NOTYPE  LOCAL  DEFAULT    4 $d
   156: 00005294     0 NOTYPE  LOCAL  DEFAULT    4 $t
   157: 00005295    20 FUNC    LOCAL  DEFAULT    4 _ZNK12_GLOBAL__N_122generic_error_category10equivalentEiRKSt15error_condition
   158: 000052a8     0 NOTYPE  LOCAL  DEFAULT    4 $t
   159: 000052a9     2 FUNC    LOCAL  DEFAULT    4 _ZN12_GLOBAL__N_122generic_error_categoryD2Ev
   160: 000052a9     2 FUNC    LOCAL  DEFAULT    4 _ZN12_GLOBAL__N_122generic_error_categoryD1Ev
   161: 000052ac     0 NOTYPE  LOCAL  DEFAULT    4 $t
   162: 000052ad     8 FUNC    LOCAL  DEFAULT    4 _ZNK12_GLOBAL__N_121system_error_category4nameEv
   163: 000052b0     0 NOTYPE  LOCAL  DEFAULT    4 $d
   164: 000052b4     0 NOTYPE  LOCAL  DEFAULT    4 $t
   165: 000052b5   100 FUNC    LOCAL  DEFAULT    4 _ZNK12_GLOBAL__N_121system_error_category23default_error_conditionEi
   166: 00005308     0 NOTYPE  LOCAL  DEFAULT    4 $d
   167: 00000008     4 OBJECT  LOCAL  DEFAULT    7 _ZN12_GLOBAL__N_125generic_category_instanceE
   168: 00005318     0 NOTYPE  LOCAL  DEFAULT    4 $t
   169: 00005319     2 FUNC    LOCAL  DEFAULT    4 _ZN12_GLOBAL__N_121system_error_categoryD2Ev
   170: 00005319     2 FUNC    LOCAL  DEFAULT    4 _ZN12_GLOBAL__N_121system_error_categoryD1Ev
   171: 0000531a     0 NOTYPE  LOCAL  DEFAULT    4 $t
   172: 00005320     0 NOTYPE  LOCAL  DEFAULT    4 $t
   173: 00005334     0 NOTYPE  LOCAL  DEFAULT    4 $t
   174: 00005335     2 FUNC    LOCAL  DEFAULT    4 _ZN12_GLOBAL__N_113constant_initINS_22generic_error_categoryEED2Ev
   175: 00005335     2 FUNC    LOCAL  DEFAULT    4 _ZN12_GLOBAL__N_113constant_initINS_22generic_error_categoryEED1Ev
   176: 00005336     0 NOTYPE  LOCAL  DEFAULT    4 $t
   177: 00005337     2 FUNC    LOCAL  DEFAULT    4 _ZN12_GLOBAL__N_113constant_initINS_21system_error_categoryEED2Ev
   178: 00005337     2 FUNC    LOCAL  DEFAULT    4 _ZN12_GLOBAL__N_113constant_initINS_21system_error_categoryEED1Ev
   179: 00005338     0 NOTYPE  LOCAL  DEFAULT    4 $t
   180: 00005339    12 FUNC    LOCAL  DEFAULT    4 _ZN12_GLOBAL__N_122generic_error_categoryD0Ev
   181: 00005344     0 NOTYPE  LOCAL  DEFAULT    4 $t
   182: 00005345    12 FUNC    LOCAL  DEFAULT    4 _ZN12_GLOBAL__N_121system_error_categoryD0Ev
   183: 00005350     0 NOTYPE  LOCAL  DEFAULT    4 $t
   184: 00005380     0 NOTYPE  LOCAL  DEFAULT    4 $t
   185: 00005381    40 FUNC    LOCAL  DEFAULT    4 _ZNK12_GLOBAL__N_121system_error_category10equivalentEiRKSt15error_condition
   186: 000053a8     0 NOTYPE  LOCAL  DEFAULT    4 $t
   187: 000053a9   192 FUNC    LOCAL  DEFAULT    4 _ZNK12_GLOBAL__N_122generic_error_category7messageB5cxx11Ei
   188: 00005464     0 NOTYPE  LOCAL  DEFAULT    4 $d
   189: 000053a9   192 FUNC    LOCAL  DEFAULT    4 _ZNK12_GLOBAL__N_121system_error_category7messageB5cxx11Ei
   190: 00000004     4 OBJECT  LOCAL  DEFAULT    7 _ZN12_GLOBAL__N_124system_category_instanceE
   191: 00005468     0 NOTYPE  LOCAL  DEFAULT    4 $t
   192: 00005469    48 FUNC    LOCAL  DEFAULT    4 _GLOBAL__sub_I__ZSt20__throw_system_errori
   193: 00005484     0 NOTYPE  LOCAL  DEFAULT    4 $d
   194: 0000000c     0 NOTYPE  LOCAL  DEFAULT   12 $d
   195: 00000460     0 NOTYPE  LOCAL  DEFAULT    1 $d
   196: 00000454     0 NOTYPE  LOCAL  DEFAULT    1 $d
   197: 00000454    12 OBJECT  LOCAL  DEFAULT    1 _ZTIN12_GLOBAL__N_122generic_error_categoryE
   198: 000003b8    42 OBJECT  LOCAL  DEFAULT    3 _ZTSN12_GLOBAL__N_122generic_error_categoryE
   199: 00000448     0 NOTYPE  LOCAL  DEFAULT    1 $d
   200: 00000448    12 OBJECT  LOCAL  DEFAULT    1 _ZTIN12_GLOBAL__N_121system_error_categoryE
   201: 0000038f    41 OBJECT  LOCAL  DEFAULT    3 _ZTSN12_GLOBAL__N_121system_error_categoryE
   202: 00000540     0 NOTYPE  LOCAL  DEFAULT    1 $d
   203: 00000540    40 OBJECT  LOCAL  DEFAULT    1 _ZTVN12_GLOBAL__N_122generic_error_categoryE
   204: 00000518     0 NOTYPE  LOCAL  DEFAULT    1 $d
   205: 00000518    40 OBJECT  LOCAL  DEFAULT    1 _ZTVN12_GLOBAL__N_121system_error_categoryE
   206: 00000004     0 NOTYPE  LOCAL  DEFAULT    7 $d
   207: 00000008     0 NOTYPE  LOCAL  DEFAULT    7 $d
   208: 00004fcc     0 NOTYPE  LOCAL  DEFAULT    4 $t
   209: 00004fd0     0 NOTYPE  LOCAL  DEFAULT    4 $t
   210: 00004ff0     0 NOTYPE  LOCAL  DEFAULT    4 $d
   211: 00004ff4     0 NOTYPE  LOCAL  DEFAULT    4 $t
   212: 00005008     0 NOTYPE  LOCAL  DEFAULT    4 $t
   213: 00005018     0 NOTYPE  LOCAL  DEFAULT    4 $d
   214: 0000501c     0 NOTYPE  LOCAL  DEFAULT    4 $t
   215: 00000468     0 NOTYPE  LOCAL  DEFAULT    1 $d
   216: 00000474     0 NOTYPE  LOCAL  DEFAULT    1 $d
   217: 0000059c     0 NOTYPE  LOCAL  DEFAULT    1 $d
   218: 000005b0     0 NOTYPE  LOCAL  DEFAULT    1 $d
   219: 00004e64     0 NOTYPE  LOCAL  DEFAULT    4 $t
   220: 00004e68     0 NOTYPE  LOCAL  DEFAULT    4 $d
   221: 00004e6c     0 NOTYPE  LOCAL  DEFAULT    4 $t
   222: 00004e7c     0 NOTYPE  LOCAL  DEFAULT    4 $d
   223: 00004e80     0 NOTYPE  LOCAL  DEFAULT    4 $t
   224: 00000480     0 NOTYPE  LOCAL  DEFAULT    1 $d
   225: 000005c4     0 NOTYPE  LOCAL  DEFAULT    1 $d
   226: 00004e94     0 NOTYPE  LOCAL  DEFAULT    4 $t
   227: 0000048c     0 NOTYPE  LOCAL  DEFAULT    1 $d
   228: 00004f9a     0 NOTYPE  LOCAL  DEFAULT    4 $t
   229: 00004f9c     0 NOTYPE  LOCAL  DEFAULT    4 $t
   230: 00004fa0     0 NOTYPE  LOCAL  DEFAULT    4 $t
   231: 00000494     0 NOTYPE  LOCAL  DEFAULT    1 $d
   232: 00002648     0 NOTYPE  LOCAL  DEFAULT    4 $t
   233: 0000264c     0 NOTYPE  LOCAL  DEFAULT    4 $t
   234: 0000264e     0 NOTYPE  LOCAL  DEFAULT    4 $t
   235: 00002668     0 NOTYPE  LOCAL  DEFAULT    4 $t
   236: 00002669     8 FUNC    LOCAL  DEFAULT    4 k_yield
   237: 0000266c     0 NOTYPE  LOCAL  DEFAULT    4 $d
   238: 00002670     0 NOTYPE  LOCAL  DEFAULT    4 $t
   239: 00002671     8 FUNC    LOCAL  DEFAULT    4 k_mutex_lock
   240: 00002674     0 NOTYPE  LOCAL  DEFAULT    4 $d
   241: 00002678     0 NOTYPE  LOCAL  DEFAULT    4 $t
   242: 00002679    32 FUNC    LOCAL  DEFAULT    4 _ZNSt12_Vector_baseIhSaIhEE11_M_allocateEj.isra.0
   243: 00002690     0 NOTYPE  LOCAL  DEFAULT    4 $d
   244: 00002698     0 NOTYPE  LOCAL  DEFAULT    4 $t
   245: 00002699     8 FUNC    LOCAL  DEFAULT    4 k_mutex_unlock.isra.0
   246: 0000269c     0 NOTYPE  LOCAL  DEFAULT    4 $d
   247: 000026a0     0 NOTYPE  LOCAL  DEFAULT    4 $t
   248: 00002704     0 NOTYPE  LOCAL  DEFAULT    4 $d
   249: 0000270c     0 NOTYPE  LOCAL  DEFAULT    4 $t
   250: 00002748     0 NOTYPE  LOCAL  DEFAULT    4 $d
   251: 00002750     0 NOTYPE  LOCAL  DEFAULT    4 $t
   252: 00002751    12 FUNC    LOCAL  DEFAULT    4 k_msleep.constprop.0.isra.0
   253: 00002758     0 NOTYPE  LOCAL  DEFAULT    4 $d
   254: 0000275c     0 NOTYPE  LOCAL  DEFAULT    4 $t
   255: 0000277c     0 NOTYPE  LOCAL  DEFAULT    4 $d
   256: 00002788     0 NOTYPE  LOCAL  DEFAULT    4 $t
   257: 000027c0     0 NOTYPE  LOCAL  DEFAULT    4 $d
   258: 000027c4     0 NOTYPE  LOCAL  DEFAULT    4 $t
   259: 000027fc     0 NOTYPE  LOCAL  DEFAULT    4 $d
   260: 00002804     0 NOTYPE  LOCAL  DEFAULT    4 $t
   261: 00002860     0 NOTYPE  LOCAL  DEFAULT    4 $d
   262: 0000286c     0 NOTYPE  LOCAL  DEFAULT    4 $t
   263: 000028a0     0 NOTYPE  LOCAL  DEFAULT    4 $d
   264: 000028ac     0 NOTYPE  LOCAL  DEFAULT    4 $t
   265: 000028ad   140 FUNC    LOCAL  DEFAULT    4 _ZNSt6vectorIhSaIhEE12emplace_backIJRKhEEERhDpOT_.isra.0
   266: 00002920     0 NOTYPE  LOCAL  DEFAULT    4 $d
   267: 00002938     0 NOTYPE  LOCAL  DEFAULT    4 $t
   268: 00002939   140 FUNC    LOCAL  DEFAULT    4 _ZNSt6vectorIhSaIhEE12emplace_backIJhEEERhDpOT_.isra.0
   269: 000029ac     0 NOTYPE  LOCAL  DEFAULT    4 $d
   270: 000029c4     0 NOTYPE  LOCAL  DEFAULT    4 $t
   271: 00002b20     0 NOTYPE  LOCAL  DEFAULT    4 $d
   272: 00002b3c     0 NOTYPE  LOCAL  DEFAULT    4 $t
   273: 00002b3d    24 FUNC    LOCAL  DEFAULT    4 _ZN7arduino7msgpack6Packer11packRawByteERKNS0_4TypeE.isra.0
   274: 00002b50     0 NOTYPE  LOCAL  DEFAULT    4 $d
   275: 00002b54     0 NOTYPE  LOCAL  DEFAULT    4 $t
   276: 00002b55   140 FUNC    LOCAL  DEFAULT    4 _ZNSt6vectorIhSaIhEE12emplace_backIJRhEEES3_DpOT_.isra.0
   277: 00002bc8     0 NOTYPE  LOCAL  DEFAULT    4 $d
   278: 00002be0     0 NOTYPE  LOCAL  DEFAULT    4 $t
   279: 00002be1    80 FUNC    LOCAL  DEFAULT    4 _ZN7arduino7msgpack6Packer11packIntegerIjEENSt9enable_ifIXaaaaaasrSt13is_arithmeticIT_E5valuesrSt11is_integralIS5_E5valuentsrSt7is_sameIS5_bE5valuentsrS9_INSt9remove_cvIS5_E4typeEPcE5valueEvE4typeERKS5_.isra.0
   280: 00002c20     0 NOTYPE  LOCAL  DEFAULT    4 $d
   281: 00002c30     0 NOTYPE  LOCAL  DEFAULT    4 $t
   282: 00002c31   196 FUNC    LOCAL  DEFAULT    4 _ZN7arduino7msgpack6Packer11packIntegerIiEENSt9enable_ifIXaaaaaasrSt13is_arithmeticIT_E5valuesrSt11is_integralIS5_E5valuentsrSt7is_sameIS5_bE5valuentsrS9_INSt9remove_cvIS5_E4typeEPcE5valueEvE4typeERKS5_.isra.0
   283: 00002cdc     0 NOTYPE  LOCAL  DEFAULT    4 $d
   284: 00002cf4     0 NOTYPE  LOCAL  DEFAULT    4 $t
   285: 00002d5c     0 NOTYPE  LOCAL  DEFAULT    4 $d
   286: 00002d70     0 NOTYPE  LOCAL  DEFAULT    4 $t
   287: 00002d71    56 FUNC    LOCAL  DEFAULT    4 _ZN7arduino7msgpack6Packer9serializeIJRKiRjRKNS_6StringEEEEvRKNS0_4type9ArraySizeEDpOT_.isra.0
   288: 00002d98     0 NOTYPE  LOCAL  DEFAULT    4 $d
   289: 00002da8     0 NOTYPE  LOCAL  DEFAULT    4 $t
   290: 00002dcc     0 NOTYPE  LOCAL  DEFAULT    4 $t
   291: 00002dcd   120 FUNC    LOCAL  DEFAULT    4 _ZN9RPCClient8send_rpcIJEEEbRKN7arduino6StringERjDpOT_.isra.0
   292: 00002e34     0 NOTYPE  LOCAL  DEFAULT    4 $d
   293: 00002e44     0 NOTYPE  LOCAL  DEFAULT    4 $t
   294: 00002e45   136 FUNC    LOCAL  DEFAULT    4 _ZN9RPCClient8send_rpcIJRKN7arduino6StringEEEEbS4_RjDpOT_.isra.0
   295: 00002eb8     0 NOTYPE  LOCAL  DEFAULT    4 $d
   296: 00002ecc     0 NOTYPE  LOCAL  DEFAULT    4 $t
   297: 00002ecd   136 FUNC    LOCAL  DEFAULT    4 _ZN9RPCClient8send_rpcIJRKjEEEbRKN7arduino6StringERjDpOT_.isra.0
   298: 00002f40     0 NOTYPE  LOCAL  DEFAULT    4 $d
   299: 00002f54     0 NOTYPE  LOCAL  DEFAULT    4 $t
   300: 00002fcc     0 NOTYPE  LOCAL  DEFAULT    4 $d
   301: 00002fe4     0 NOTYPE  LOCAL  DEFAULT    4 $t
   302: 0000301c     0 NOTYPE  LOCAL  DEFAULT    4 $d
   303: 0000304c     0 NOTYPE  LOCAL  DEFAULT    4 $d
   304: 00003064     0 NOTYPE  LOCAL  DEFAULT    4 $t
   305: 0000309c     0 NOTYPE  LOCAL  DEFAULT    4 $d
   306: 000030a4     0 NOTYPE  LOCAL  DEFAULT    4 $t
   307: 00003110     0 NOTYPE  LOCAL  DEFAULT    4 $d
   308: 0000311c     0 NOTYPE  LOCAL  DEFAULT    4 $t
   309: 00003264     0 NOTYPE  LOCAL  DEFAULT    4 $d
   310: 00003298     0 NOTYPE  LOCAL  DEFAULT    4 $t
   311: 000032d4     0 NOTYPE  LOCAL  DEFAULT    4 $d
   312: 000032d8     0 NOTYPE  LOCAL  DEFAULT    4 $t
   313: 0000330c     0 NOTYPE  LOCAL  DEFAULT    4 $d
   314: 00003318     0 NOTYPE  LOCAL  DEFAULT    4 $t
   315: 0000359c     0 NOTYPE  LOCAL  DEFAULT    4 $d
   316: 000035fc     0 NOTYPE  LOCAL  DEFAULT    4 $t
   317: 00003714     0 NOTYPE  LOCAL  DEFAULT    4 $d
   318: 0000374c     0 NOTYPE  LOCAL  DEFAULT    4 $t
   319: 000037d8     0 NOTYPE  LOCAL  DEFAULT    4 $d
   320: 000037f8     0 NOTYPE  LOCAL  DEFAULT    4 $t
   321: 0000382c     0 NOTYPE  LOCAL  DEFAULT    4 $d
   322: 00003838     0 NOTYPE  LOCAL  DEFAULT    4 $t
   323: 0000392c     0 NOTYPE  LOCAL  DEFAULT    4 $d
   324: 0000395c     0 NOTYPE  LOCAL  DEFAULT    4 $t
   325: 00003b9c     0 NOTYPE  LOCAL  DEFAULT    4 $d
   326: 00003c10     0 NOTYPE  LOCAL  DEFAULT    4 $t
   327: 00003cc4     0 NOTYPE  LOCAL  DEFAULT    4 $d
   328: 00003cec     0 NOTYPE  LOCAL  DEFAULT    4 $t
   329: 00003d20     0 NOTYPE  LOCAL  DEFAULT    4 $d
   330: 00003d2c     0 NOTYPE  LOCAL  DEFAULT    4 $t
   331: 00003d58     0 NOTYPE  LOCAL  DEFAULT    4 $d
   332: 00003d60     0 NOTYPE  LOCAL  DEFAULT    4 $t
   333: 00003fa0     0 NOTYPE  LOCAL  DEFAULT    4 $d
   334: 0000400c     0 NOTYPE  LOCAL  DEFAULT    4 $t
   335: 000040f0     0 NOTYPE  LOCAL  DEFAULT    4 $d
   336: 00004124     0 NOTYPE  LOCAL  DEFAULT    4 $t
   337: 0000420c     0 NOTYPE  LOCAL  DEFAULT    4 $d
   338: 00004248     0 NOTYPE  LOCAL  DEFAULT    4 $t
   339: 00004280     0 NOTYPE  LOCAL  DEFAULT    4 $d
   340: 0000428c     0 NOTYPE  LOCAL  DEFAULT    4 $t
   341: 0000428d   188 FUNC    LOCAL  DEFAULT    4 _GLOBAL__sub_I_Bridge
   342: 0000431c     0 NOTYPE  LOCAL  DEFAULT    4 $d
   343: 00000004     0 NOTYPE  LOCAL  DEFAULT   12 $d
   344: 00004348     0 NOTYPE  LOCAL  DEFAULT    4 $t
   345: 00004349    32 FUNC    LOCAL  DEFAULT    4 _GLOBAL__sub_D_Bridge
   346: 0000435c     0 NOTYPE  LOCAL  DEFAULT    4 $d
   347: 00000004     0 NOTYPE  LOCAL  DEFAULT   14 $d
   348: 0000049c     0 NOTYPE  LOCAL  DEFAULT    1 $d
   349: 000038e4     0 NOTYPE  LOCAL  DEFAULT    9 $d
   350: 000038e8     0 NOTYPE  LOCAL  DEFAULT    9 $d
   351: 000038ec     0 NOTYPE  LOCAL  DEFAULT    9 $d
   352: 00003b28     0 NOTYPE  LOCAL  DEFAULT    9 $d
   353: 0000301f     0 NOTYPE  LOCAL  DEFAULT    4 $d
   354: 00003020     0 NOTYPE  LOCAL  DEFAULT    4 $t
   355: 00000001    16 FUNC    LOCAL  DEFAULT    4 __tcf_0
   356: 0000020d    20 FUNC    LOCAL  DEFAULT    4 __tcf_1
   357: 000001f9    20 FUNC    LOCAL  DEFAULT    4 __tcf_2
   358: 000048bc     0 NOTYPE  LOCAL  DEFAULT    4 $t
   359: 000048bd    10 FUNC    LOCAL  DEFAULT    4 z_impl_uart_irq_tx_enable
   360: 000048c6     0 NOTYPE  LOCAL  DEFAULT    4 $t
   361: 000048d0     0 NOTYPE  LOCAL  DEFAULT    4 $t
   362: 000048e8     0 NOTYPE  LOCAL  DEFAULT    4 $t
   363: 000048ec     0 NOTYPE  LOCAL  DEFAULT    4 $t
   364: 000048ed     8 FUNC    LOCAL  DEFAULT    4 k_sem_give
   365: 000048f0     0 NOTYPE  LOCAL  DEFAULT    4 $d
   366: 000048f4     0 NOTYPE  LOCAL  DEFAULT    4 $t
   367: 000048f5     8 FUNC    LOCAL  DEFAULT    4 k_sem_take.isra.0
   368: 000048f8     0 NOTYPE  LOCAL  DEFAULT    4 $d
   369: 000048fc     0 NOTYPE  LOCAL  DEFAULT    4 $t
   370: 00004938     0 NOTYPE  LOCAL  DEFAULT    4 $d
   371: 00004944     0 NOTYPE  LOCAL  DEFAULT    4 $t
   372: 00004980     0 NOTYPE  LOCAL  DEFAULT    4 $d
   373: 0000498c     0 NOTYPE  LOCAL  DEFAULT    4 $t
   374: 000049b8     0 NOTYPE  LOCAL  DEFAULT    4 $d
   375: 000049c0     0 NOTYPE  LOCAL  DEFAULT    4 $t
   376: 000049ec     0 NOTYPE  LOCAL  DEFAULT    4 $d
   377: 000049f4     0 NOTYPE  LOCAL  DEFAULT    4 $t
   378: 00004aac     0 NOTYPE  LOCAL  DEFAULT    4 $d
   379: 00004abc     0 NOTYPE  LOCAL  DEFAULT    4 $t
   380: 00004ac4     0 NOTYPE  LOCAL  DEFAULT    4 $d
   381: 00004ac8     0 NOTYPE  LOCAL  DEFAULT    4 $t
   382: 00004af0     0 NOTYPE  LOCAL  DEFAULT    4 $d
   383: 00004af4     0 NOTYPE  LOCAL  DEFAULT    4 $t
   384: 00004b50     0 NOTYPE  LOCAL  DEFAULT    4 $d
   385: 00004b64     0 NOTYPE  LOCAL  DEFAULT    4 $t
   386: 00004c38     0 NOTYPE  LOCAL  DEFAULT    4 $d
   387: 00004c4c     0 NOTYPE  LOCAL  DEFAULT    4 $t
   388: 00004c54     0 NOTYPE  LOCAL  DEFAULT    4 $d
   389: 00004c58     0 NOTYPE  LOCAL  DEFAULT    4 $t
   390: 00004c80     0 NOTYPE  LOCAL  DEFAULT    4 $d
   391: 00004c84     0 NOTYPE  LOCAL  DEFAULT    4 $t
   392: 00004c85   124 FUNC    LOCAL  DEFAULT    4 _GLOBAL__sub_I__ZN7arduino12ZephyrSerial5beginEmt
   393: 00004ce0     0 NOTYPE  LOCAL  DEFAULT    4 $d
   394: 00000008     0 NOTYPE  LOCAL  DEFAULT   12 $d
   395: 00000568     0 NOTYPE  LOCAL  DEFAULT    1 $d
   396: 00003c88     0 NOTYPE  LOCAL  DEFAULT    9 $d
   397: 000044f4     0 NOTYPE  LOCAL  DEFAULT    9 $d
   398: 00004d60     0 NOTYPE  LOCAL  DEFAULT    9 $d
   399: 00000000     0 NOTYPE  LOCAL  DEFAULT    4 $t
   400: 00000001    16 FUNC    LOCAL  DEFAULT    4 __tcf_0
   401: 00000008     0 NOTYPE  LOCAL  DEFAULT    4 $d
   402: 00000010     0 NOTYPE  LOCAL  DEFAULT    4 $t
   403: 00000011    32 FUNC    LOCAL  DEFAULT    4 _ZNSt12_Vector_baseIhSaIhEE11_M_allocateEj.isra.0
   404: 00000028     0 NOTYPE  LOCAL  DEFAULT    4 $d
   405: 00000030     0 NOTYPE  LOCAL  DEFAULT    4 $t
   406: 00000031     8 FUNC    LOCAL  DEFAULT    4 k_mutex_unlock.isra.0
   407: 00000034     0 NOTYPE  LOCAL  DEFAULT    4 $d
   408: 00000038     0 NOTYPE  LOCAL  DEFAULT    4 $t
   409: 0000004e     0 NOTYPE  LOCAL  DEFAULT    4 $t
   410: 0000006c     0 NOTYPE  LOCAL  DEFAULT    4 $t
   411: 000000ec     0 NOTYPE  LOCAL  DEFAULT    4 $d
   412: 000000fc     0 NOTYPE  LOCAL  DEFAULT    4 $t
   413: 00000130     0 NOTYPE  LOCAL  DEFAULT    4 $d
   414: 00000134     0 NOTYPE  LOCAL  DEFAULT    4 $t
   415: 00000160     0 NOTYPE  LOCAL  DEFAULT    4 $d
   416: 00000170     0 NOTYPE  LOCAL  DEFAULT    4 $t
   417: 000001c4     0 NOTYPE  LOCAL  DEFAULT    4 $d
   418: 000001dc     0 NOTYPE  LOCAL  DEFAULT    4 $t
   419: 000001e0     0 NOTYPE  LOCAL  DEFAULT    4 $t
   420: 000001f4     0 NOTYPE  LOCAL  DEFAULT    4 $d
   421: 000001f8     0 NOTYPE  LOCAL  DEFAULT    4 $t
   422: 000001f9    20 FUNC    LOCAL  DEFAULT    4 __tcf_2
   423: 00000204     0 NOTYPE  LOCAL  DEFAULT    4 $d
   424: 0000020c     0 NOTYPE  LOCAL  DEFAULT    4 $t
   425: 0000020d    20 FUNC    LOCAL  DEFAULT    4 __tcf_1
   426: 00000218     0 NOTYPE  LOCAL  DEFAULT    4 $d
   427: 00000220     0 NOTYPE  LOCAL  DEFAULT    4 $t
   428: 00000240     0 NOTYPE  LOCAL  DEFAULT    4 $t
   429: 00000290     0 NOTYPE  LOCAL  DEFAULT    4 $d
   430: 00000294     0 NOTYPE  LOCAL  DEFAULT    4 $t
   431: 000002a0     0 NOTYPE  LOCAL  DEFAULT    4 $d
   432: 000002a4     0 NOTYPE  LOCAL  DEFAULT    4 $t
   433: 000002f8     0 NOTYPE  LOCAL  DEFAULT    4 $d
   434: 000002fc     0 NOTYPE  LOCAL  DEFAULT    4 $t
   435: 00000358     0 NOTYPE  LOCAL  DEFAULT    4 $d
   436: 0000035c     0 NOTYPE  LOCAL  DEFAULT    4 $t
   437: 00000378     0 NOTYPE  LOCAL  DEFAULT    4 $d
   438: 0000037c     0 NOTYPE  LOCAL  DEFAULT    4 $t
   439: 00000398     0 NOTYPE  LOCAL  DEFAULT    4 $d
   440: 0000039c     0 NOTYPE  LOCAL  DEFAULT    4 $t
   441: 000003ec     0 NOTYPE  LOCAL  DEFAULT    4 $d
   442: 000003f0     0 NOTYPE  LOCAL  DEFAULT    4 $t
   443: 00000448     0 NOTYPE  LOCAL  DEFAULT    4 $d
   444: 00000450     0 NOTYPE  LOCAL  DEFAULT    4 $t
   445: 000004b0     0 NOTYPE  LOCAL  DEFAULT    4 $d
   446: 000004bc     0 NOTYPE  LOCAL  DEFAULT    4 $t
   447: 00000500     0 NOTYPE  LOCAL  DEFAULT    4 $d
   448: 00000508     0 NOTYPE  LOCAL  DEFAULT    4 $t
   449: 00000548     0 NOTYPE  LOCAL  DEFAULT    4 $d
   450: 00000550     0 NOTYPE  LOCAL  DEFAULT    4 $t
   451: 00000590     0 NOTYPE  LOCAL  DEFAULT    4 $d
   452: 00000598     0 NOTYPE  LOCAL  DEFAULT    4 $t
   453: 000005c8     0 NOTYPE  LOCAL  DEFAULT    4 $t
   454: 00000608     0 NOTYPE  LOCAL  DEFAULT    4 $d
   455: 00000610     0 NOTYPE  LOCAL  DEFAULT    4 $t
   456: 00000644     0 NOTYPE  LOCAL  DEFAULT    4 $t
   457: 0000065c     0 NOTYPE  LOCAL  DEFAULT    4 $d
   458: 00000748     0 NOTYPE  LOCAL  DEFAULT    4 $d
   459: 00000758     0 NOTYPE  LOCAL  DEFAULT    4 $t
   460: 000007c0     0 NOTYPE  LOCAL  DEFAULT    4 $d
   461: 000007d0     0 NOTYPE  LOCAL  DEFAULT    4 $t
   462: 00000810     0 NOTYPE  LOCAL  DEFAULT    4 $d
   463: 00000818     0 NOTYPE  LOCAL  DEFAULT    4 $t
   464: 00000880     0 NOTYPE  LOCAL  DEFAULT    4 $d
   465: 00000890     0 NOTYPE  LOCAL  DEFAULT    4 $t
   466: 000008cc     0 NOTYPE  LOCAL  DEFAULT    4 $t
   467: 00000910     0 NOTYPE  LOCAL  DEFAULT    4 $d
   468: 00000918     0 NOTYPE  LOCAL  DEFAULT    4 $t
   469: 00000938     0 NOTYPE  LOCAL  DEFAULT    4 $t
   470: 00000978     0 NOTYPE  LOCAL  DEFAULT    4 $d
   471: 00000980     0 NOTYPE  LOCAL  DEFAULT    4 $t
   472: 000009a4     0 NOTYPE  LOCAL  DEFAULT    4 $d
   473: 000009ac     0 NOTYPE  LOCAL  DEFAULT    4 $t
   474: 000009d0     0 NOTYPE  LOCAL  DEFAULT    4 $d
   475: 000009d8     0 NOTYPE  LOCAL  DEFAULT    4 $t
   476: 00000a0c     0 NOTYPE  LOCAL  DEFAULT    4 $d
   477: 00000a18     0 NOTYPE  LOCAL  DEFAULT    4 $t
   478: 00000a38     0 NOTYPE  LOCAL  DEFAULT    4 $t
   479: 00000a70     0 NOTYPE  LOCAL  DEFAULT    4 $d
   480: 00000a78     0 NOTYPE  LOCAL  DEFAULT    4 $t
   481: 00000bc0     0 NOTYPE  LOCAL  DEFAULT    4 $d
   482: 00000bec     0 NOTYPE  LOCAL  DEFAULT    4 $t
   483: 00000c98     0 NOTYPE  LOCAL  DEFAULT    4 $d
   484: 00000cb0     0 NOTYPE  LOCAL  DEFAULT    4 $t
   485: 00000cc4     0 NOTYPE  LOCAL  DEFAULT    4 $d
   486: 00000cc8     0 NOTYPE  LOCAL  DEFAULT    4 $t
   487: 00000ce8     0 NOTYPE  LOCAL  DEFAULT    4 $d
   488: 00000cf4     0 NOTYPE  LOCAL  DEFAULT    4 $t
   489: 00000d74     0 NOTYPE  LOCAL  DEFAULT    4 $d
   490: 00000d8c     0 NOTYPE  LOCAL  DEFAULT    4 $t
   491: 00000df8     0 NOTYPE  LOCAL  DEFAULT    4 $d
   492: 00000e04     0 NOTYPE  LOCAL  DEFAULT    4 $t
   493: 00000e38     0 NOTYPE  LOCAL  DEFAULT    4 $d
   494: 00000e3c     0 NOTYPE  LOCAL  DEFAULT    4 $t
   495: 00000e3d   140 FUNC    LOCAL  DEFAULT    4 _ZNSt6vectorIhSaIhEE12emplace_backIJhEEERhDpOT_.isra.0
   496: 00000eb0     0 NOTYPE  LOCAL  DEFAULT    4 $d
   497: 00000ec8     0 NOTYPE  LOCAL  DEFAULT    4 $t
   498: 00000ec9    24 FUNC    LOCAL  DEFAULT    4 _ZN7arduino7msgpack6Packer11packRawByteERKNS0_4TypeE.isra.0
   499: 00000edc     0 NOTYPE  LOCAL  DEFAULT    4 $d
   500: 00000ee0     0 NOTYPE  LOCAL  DEFAULT    4 $t
   501: 00000ee1   140 FUNC    LOCAL  DEFAULT    4 _ZNSt6vectorIhSaIhEE12emplace_backIJRKhEEERhDpOT_.isra.0
   502: 00000f54     0 NOTYPE  LOCAL  DEFAULT    4 $d
   503: 00000f6c     0 NOTYPE  LOCAL  DEFAULT    4 $t
   504: 00000f90     0 NOTYPE  LOCAL  DEFAULT    4 $d
   505: 00000f98     0 NOTYPE  LOCAL  DEFAULT    4 $t
   506: 00000f99   140 FUNC    LOCAL  DEFAULT    4 _ZNSt6vectorIhSaIhEE12emplace_backIJRhEEES3_DpOT_.isra.0
   507: 0000100c     0 NOTYPE  LOCAL  DEFAULT    4 $d
   508: 00001024     0 NOTYPE  LOCAL  DEFAULT    4 $t
   509: 0000103c     0 NOTYPE  LOCAL  DEFAULT    4 $d
   510: 00001040     0 NOTYPE  LOCAL  DEFAULT    4 $t
   511: 00001060     0 NOTYPE  LOCAL  DEFAULT    4 $d
   512: 00001068     0 NOTYPE  LOCAL  DEFAULT    4 $t
   513: 00001080     0 NOTYPE  LOCAL  DEFAULT    4 $d
   514: 00001084     0 NOTYPE  LOCAL  DEFAULT    4 $t
   515: 000010cc     0 NOTYPE  LOCAL  DEFAULT    4 $d
   516: 000010dc     0 NOTYPE  LOCAL  DEFAULT    4 $t
   517: 00001100     0 NOTYPE  LOCAL  DEFAULT    4 $d
   518: 00001108     0 NOTYPE  LOCAL  DEFAULT    4 $t
   519: 00001109   196 FUNC    LOCAL  DEFAULT    4 _ZN7arduino7msgpack6Packer11packIntegerIiEENSt9enable_ifIXaaaaaasrSt13is_arithmeticIT_E5valuesrSt11is_integralIS5_E5valuentsrSt7is_sameIS5_bE5valuentsrS9_INSt9remove_cvIS5_E4typeEPcE5valueEvE4typeERKS5_.isra.0
   520: 000011b4     0 NOTYPE  LOCAL  DEFAULT    4 $d
   521: 000011cc     0 NOTYPE  LOCAL  DEFAULT    4 $t
   522: 00001254     0 NOTYPE  LOCAL  DEFAULT    4 $d
   523: 0000126c     0 NOTYPE  LOCAL  DEFAULT    4 $t
   524: 000012a4     0 NOTYPE  LOCAL  DEFAULT    4 $d
   525: 00001310     0 NOTYPE  LOCAL  DEFAULT    4 $d
   526: 0000133c     0 NOTYPE  LOCAL  DEFAULT    4 $t
   527: 00001374     0 NOTYPE  LOCAL  DEFAULT    4 $d
   528: 0000137c     0 NOTYPE  LOCAL  DEFAULT    4 $t
   529: 000013b6     0 NOTYPE  LOCAL  DEFAULT    4 $d
   530: 00001450     0 NOTYPE  LOCAL  DEFAULT    4 $d
   531: 00001498     0 NOTYPE  LOCAL  DEFAULT    4 $t
   532: 000014d2     0 NOTYPE  LOCAL  DEFAULT    4 $d
   533: 00001560     0 NOTYPE  LOCAL  DEFAULT    4 $d
   534: 000015b0     0 NOTYPE  LOCAL  DEFAULT    4 $t
   535: 000015ec     0 NOTYPE  LOCAL  DEFAULT    4 $d
   536: 000015f4     0 NOTYPE  LOCAL  DEFAULT    4 $t
   537: 00001638     0 NOTYPE  LOCAL  DEFAULT    4 $d
   538: 00001678     0 NOTYPE  LOCAL  DEFAULT    4 $d
   539: 00001694     0 NOTYPE  LOCAL  DEFAULT    4 $t
   540: 00001734     0 NOTYPE  LOCAL  DEFAULT    4 $d
   541: 00001754     0 NOTYPE  LOCAL  DEFAULT    4 $t
   542: 00001904     0 NOTYPE  LOCAL  DEFAULT    4 $d
   543: 00001948     0 NOTYPE  LOCAL  DEFAULT    4 $t
   544: 00001998     0 NOTYPE  LOCAL  DEFAULT    4 $t
   545: 000019c0     0 NOTYPE  LOCAL  DEFAULT    4 $d
   546: 000019c4     0 NOTYPE  LOCAL  DEFAULT    4 $t
   547: 00001a74     0 NOTYPE  LOCAL  DEFAULT    4 $d
   548: 00001a9c     0 NOTYPE  LOCAL  DEFAULT    4 $t
   549: 00001ac0     0 NOTYPE  LOCAL  DEFAULT    4 $d
   550: 00001ac4     0 NOTYPE  LOCAL  DEFAULT    4 $t
   551: 00001ae8     0 NOTYPE  LOCAL  DEFAULT    4 $d
   552: 00001aec     0 NOTYPE  LOCAL  DEFAULT    4 $t
   553: 00001be4     0 NOTYPE  LOCAL  DEFAULT    4 $d
   554: 00001c0c     0 NOTYPE  LOCAL  DEFAULT    4 $t
   555: 00001c46     0 NOTYPE  LOCAL  DEFAULT    4 $d
   556: 00001c58     0 NOTYPE  LOCAL  DEFAULT    4 $t
   557: 00001d68     0 NOTYPE  LOCAL  DEFAULT    4 $d
   558: 00001d84     0 NOTYPE  LOCAL  DEFAULT    4 $t
   559: 00001fe8     0 NOTYPE  LOCAL  DEFAULT    4 $d
   560: 00002048     0 NOTYPE  LOCAL  DEFAULT    4 $t
   561: 000021f8     0 NOTYPE  LOCAL  DEFAULT    4 $d
   562: 00002250     0 NOTYPE  LOCAL  DEFAULT    4 $t
   563: 00002370     0 NOTYPE  LOCAL  DEFAULT    4 $d
   564: 0000238c     0 NOTYPE  LOCAL  DEFAULT    4 $t
   565: 00002474     0 NOTYPE  LOCAL  DEFAULT    4 $d
   566: 00002490     0 NOTYPE  LOCAL  DEFAULT    4 $t
   567: 0000257c     0 NOTYPE  LOCAL  DEFAULT    4 $d
   568: 000025ac     0 NOTYPE  LOCAL  DEFAULT    4 $t
   569: 000025d8     0 NOTYPE  LOCAL  DEFAULT    4 $d
   570: 000025f0     0 NOTYPE  LOCAL  DEFAULT    4 $t
   571: 000025f1    40 FUNC    LOCAL  DEFAULT    4 _GLOBAL__sub_I_p0Gpio
   572: 0000260c     0 NOTYPE  LOCAL  DEFAULT    4 $d
   573: 00000000     0 NOTYPE  LOCAL  DEFAULT   12 $d
   574: 00002618     0 NOTYPE  LOCAL  DEFAULT    4 $t
   575: 00002619    32 FUNC    LOCAL  DEFAULT    4 _GLOBAL__sub_D_p0Gpio
   576: 0000262c     0 NOTYPE  LOCAL  DEFAULT    4 $d
   577: 00000000     0 NOTYPE  LOCAL  DEFAULT   14 $d
   578: 00000000     0 NOTYPE  LOCAL  DEFAULT    9 $d
   579: 00000004     0 NOTYPE  LOCAL  DEFAULT    9 $d
   580: 00003860     0 NOTYPE  LOCAL  DEFAULT    9 $d
   581: 00003888     0 NOTYPE  LOCAL  DEFAULT    9 $d
   582: 00003898     0 NOTYPE  LOCAL  DEFAULT    9 $d
   583: 0000389c     0 NOTYPE  LOCAL  DEFAULT    9 $d
   584: 000038a8     0 NOTYPE  LOCAL  DEFAULT    9 $d
   585: 000038ac     0 NOTYPE  LOCAL  DEFAULT    9 $d
   586: 000038b0     0 NOTYPE  LOCAL  DEFAULT    9 $d
   587: 000038b4     0 NOTYPE  LOCAL  DEFAULT    9 $d
   588: 000038c0     0 NOTYPE  LOCAL  DEFAULT    9 $d
   589: 000038c4     0 NOTYPE  LOCAL  DEFAULT    9 $d
   590: 000038d0     0 NOTYPE  LOCAL  DEFAULT    9 $d
   591: 000038d8     0 NOTYPE  LOCAL  DEFAULT    9 $d
   592: 000038dc     0 NOTYPE  LOCAL  DEFAULT    9 $d
   593: 000038e0     0 NOTYPE  LOCAL  DEFAULT    9 $d
   594: 000038e1     0 NOTYPE  LOCAL  DEFAULT    9 $d
   595: 000006bd     0 NOTYPE  LOCAL  DEFAULT    4 $d
   596: 000006be     0 NOTYPE  LOCAL  DEFAULT    4 $t
   597: 000012b9     0 NOTYPE  LOCAL  DEFAULT    4 $d
   598: 000012ba     0 NOTYPE  LOCAL  DEFAULT    4 $t
   599: 000013cd     0 NOTYPE  LOCAL  DEFAULT    4 $d
   600: 000013ce     0 NOTYPE  LOCAL  DEFAULT    4 $t
   601: 000014e9     0 NOTYPE  LOCAL  DEFAULT    4 $d
   602: 000014ea     0 NOTYPE  LOCAL  DEFAULT    4 $t
   603: 0000163b     0 NOTYPE  LOCAL  DEFAULT    4 $d
   604: 0000163c     0 NOTYPE  LOCAL  DEFAULT    4 $t
   605: 00005030     0 NOTYPE  LOCAL  DEFAULT    4 $t
   606: 00005031    76 FUNC    LOCAL  DEFAULT    4 _ZNSs12_S_constructIPKcEEPcT_S3_RKSaIcESt20forward_iterator_tag.isra.0
   607: 00005074     0 NOTYPE  LOCAL  DEFAULT    4 $d
   608: 0000507c     0 NOTYPE  LOCAL  DEFAULT    4 $t
   609: 0000507d    36 FUNC    LOCAL  DEFAULT    4 _ZNSsC2EPKcRKSaIcE.isra.0
   610: 000050a0     0 NOTYPE  LOCAL  DEFAULT    4 $t
   611: 000050c4     0 NOTYPE  LOCAL  DEFAULT    4 $d
   612: 000050c8     0 NOTYPE  LOCAL  DEFAULT    4 $t
   613: 000050d8     0 NOTYPE  LOCAL  DEFAULT    4 $d
   614: 000050dc     0 NOTYPE  LOCAL  DEFAULT    4 $t
   615: 000050f4     0 NOTYPE  LOCAL  DEFAULT    4 $t
   616: 0000510c     0 NOTYPE  LOCAL  DEFAULT    4 $t
   617: 00005118     0 NOTYPE  LOCAL  DEFAULT    4 $t
   618: 0000512c     0 NOTYPE  LOCAL  DEFAULT    4 $d
   619: 00005130     0 NOTYPE  LOCAL  DEFAULT    4 $t
   620: 00005188     0 NOTYPE  LOCAL  DEFAULT    4 $d
   621: 00005190     0 NOTYPE  LOCAL  DEFAULT    4 $t
   622: 00005194     0 NOTYPE  LOCAL  DEFAULT    4 $t
   623: 000051ac     0 NOTYPE  LOCAL  DEFAULT    4 $d
   624: 000055cc     0 NOTYPE  LOCAL  DEFAULT    9 $d
   625: 000051b0     0 NOTYPE  LOCAL  DEFAULT    4 $t
   626: 000051b1     8 FUNC    LOCAL  DEFAULT    4 _ZNSt11char_traitsIcE4copyEPcPKcj.isra.0
   627: 000051b8     0 NOTYPE  LOCAL  DEFAULT    4 $t
   628: 000051ca     0 NOTYPE  LOCAL  DEFAULT    4 $t
   629: 000051d8     0 NOTYPE  LOCAL  DEFAULT    4 $t
   630: 00005210     0 NOTYPE  LOCAL  DEFAULT    4 $d
   631: 00005214     0 NOTYPE  LOCAL  DEFAULT    4 $t
   632: 0000522a     0 NOTYPE  LOCAL  DEFAULT    4 $t
   633: 00005242     0 NOTYPE  LOCAL  DEFAULT    4 $t
   634: 00005254     0 NOTYPE  LOCAL  DEFAULT    4 $t
   635: 000046e4     0 NOTYPE  LOCAL  DEFAULT    4 $t
   636: 000046e8     0 NOTYPE  LOCAL  DEFAULT    4 $t
   637: 00004700     0 NOTYPE  LOCAL  DEFAULT    4 $d
   638: 00000000     0 NOTYPE  LOCAL  DEFAULT   10 $d
   639: 00000000     8 OBJECT  LOCAL  DEFAULT   10 _ZL16__llext_sym_main
   640: 00002638     0 NOTYPE  LOCAL  DEFAULT    4 $t
   641: 00002640     0 NOTYPE  LOCAL  DEFAULT    4 $d
   642: 00004368     0 NOTYPE  LOCAL  DEFAULT    4 $t
   643: 0000436c     0 NOTYPE  LOCAL  DEFAULT    4 $t
   644: 00004374     0 NOTYPE  LOCAL  DEFAULT    4 $d
   645: 00004378     0 NOTYPE  LOCAL  DEFAULT    4 $t
   646: 0000437c     0 NOTYPE  LOCAL  DEFAULT    4 $t
   647: 00004384     0 NOTYPE  LOCAL  DEFAULT    4 $d
   648: 00004388     0 NOTYPE  LOCAL  DEFAULT    4 $t
   649: 00004390     0 NOTYPE  LOCAL  DEFAULT    4 $d
   650: 00004394     0 NOTYPE  LOCAL  DEFAULT    4 $t
   651: 0000439c     0 NOTYPE  LOCAL  DEFAULT    4 $d
   652: 000043a0     0 NOTYPE  LOCAL  DEFAULT    4 $t
   653: 000043a8     0 NOTYPE  LOCAL  DEFAULT    4 $d
   654: 000043ac     0 NOTYPE  LOCAL  DEFAULT    4 $t
   655: 000043b4     0 NOTYPE  LOCAL  DEFAULT    4 $d
   656: 00000000     0 NOTYPE  LOCAL  DEFAULT    7 $d
   657: 000043b8     0 NOTYPE  LOCAL  DEFAULT    4 $t
   658: 000043d0     0 NOTYPE  LOCAL  DEFAULT    4 $t
   659: 000043e0     0 NOTYPE  LOCAL  DEFAULT    4 $d
   660: 000043e4     0 NOTYPE  LOCAL  DEFAULT    4 $t
   661: 000043fc     0 NOTYPE  LOCAL  DEFAULT    4 $d
   662: 00004400     0 NOTYPE  LOCAL  DEFAULT    4 $t
   663: 00004418     0 NOTYPE  LOCAL  DEFAULT    4 $d
   664: 0000441c     0 NOTYPE  LOCAL  DEFAULT    4 $t
   665: 00004440     0 NOTYPE  LOCAL  DEFAULT    4 $d
   666: 00004444     0 NOTYPE  LOCAL  DEFAULT    4 $t
   667: 00004474     0 NOTYPE  LOCAL  DEFAULT    4 $d
   668: 00004480     0 NOTYPE  LOCAL  DEFAULT    4 $t
   669: 000044a4     0 NOTYPE  LOCAL  DEFAULT    4 $d
   670: 000044ac     0 NOTYPE  LOCAL  DEFAULT    4 $t
   671: 000044d4     0 NOTYPE  LOCAL  DEFAULT    4 $d
   672: 000044d8     0 NOTYPE  LOCAL  DEFAULT    4 $t
   673: 000044f8     0 NOTYPE  LOCAL  DEFAULT    4 $d
   674: 00004500     0 NOTYPE  LOCAL  DEFAULT    4 $t
   675: 00004514     0 NOTYPE  LOCAL  DEFAULT    4 $d
   676: 00004518     0 NOTYPE  LOCAL  DEFAULT    4 $t
   677: 00004524     0 NOTYPE  LOCAL  DEFAULT    4 $d
   678: 00004528     0 NOTYPE  LOCAL  DEFAULT    4 $t
   679: 0000454c     0 NOTYPE  LOCAL  DEFAULT    4 $d
   680: 00004558     0 NOTYPE  LOCAL  DEFAULT    4 $t
   681: 00004590     0 NOTYPE  LOCAL  DEFAULT    4 $d
   682: 00004598     0 NOTYPE  LOCAL  DEFAULT    4 $t
   683: 000045b0     0 NOTYPE  LOCAL  DEFAULT    4 $d
   684: 000045b4     0 NOTYPE  LOCAL  DEFAULT    4 $t
   685: 000045e0     0 NOTYPE  LOCAL  DEFAULT    4 $d
   686: 000045e4     0 NOTYPE  LOCAL  DEFAULT    4 $t
   687: 00004600     0 NOTYPE  LOCAL  DEFAULT    4 $d
   688: 00004604     0 NOTYPE  LOCAL  DEFAULT    4 $t
   689: 00004628     0 NOTYPE  LOCAL  DEFAULT    4 $d
   690: 0000462c     0 NOTYPE  LOCAL  DEFAULT    4 $t
   691: 00004630     0 NOTYPE  LOCAL  DEFAULT    4 $d
   692: 00004634     0 NOTYPE  LOCAL  DEFAULT    4 $t
   693: 00004638     0 NOTYPE  LOCAL  DEFAULT    4 $d
   694: 0000463c     0 NOTYPE  LOCAL  DEFAULT    4 $t
   695: 00004640     0 NOTYPE  LOCAL  DEFAULT    4 $d
   696: 00004644     0 NOTYPE  LOCAL  DEFAULT    4 $t
   697: 00004648     0 NOTYPE  LOCAL  DEFAULT    4 $d
   698: 0000464c     0 NOTYPE  LOCAL  DEFAULT    4 $t
   699: 00004650     0 NOTYPE  LOCAL  DEFAULT    4 $d
   700: 00004654     0 NOTYPE  LOCAL  DEFAULT    4 $t
   701: 00004658     0 NOTYPE  LOCAL  DEFAULT    4 $d
   702: 0000465c     0 NOTYPE  LOCAL  DEFAULT    4 $t
   703: 00004660     0 NOTYPE  LOCAL  DEFAULT    4 $d
   704: 00004664     0 NOTYPE  LOCAL  DEFAULT    4 $t
   705: 00004668     0 NOTYPE  LOCAL  DEFAULT    4 $d
   706: 0000466c     0 NOTYPE  LOCAL  DEFAULT    4 $t
   707: 00004670     0 NOTYPE  LOCAL  DEFAULT    4 $d
   708: 00004674     0 NOTYPE  LOCAL  DEFAULT    4 $t
   709: 0000467e     0 NOTYPE  LOCAL  DEFAULT    4 $t
   710: 00004688     0 NOTYPE  LOCAL  DEFAULT    4 $t
   711: 00004692     0 NOTYPE  LOCAL  DEFAULT    4 $t
   712: 0000469c     0 NOTYPE  LOCAL  DEFAULT    4 $t
   713: 000046a6     0 NOTYPE  LOCAL  DEFAULT    4 $t
   714: 000046b0     0 NOTYPE  LOCAL  DEFAULT    4 $t
   715: 000046ba     0 NOTYPE  LOCAL  DEFAULT    4 $t
   716: 000046c4     0 NOTYPE  LOCAL  DEFAULT    4 $t
   717: 000046d0     0 NOTYPE  LOCAL  DEFAULT    4 $t
   718: 000046d4     0 NOTYPE  LOCAL  DEFAULT    4 $d
   719: 000046d8     0 NOTYPE  LOCAL  DEFAULT    4 $t
   720: 000046e0     0 NOTYPE  LOCAL  DEFAULT    4 $d
   721: 00004714     0 NOTYPE  LOCAL  DEFAULT    4 $t
   722: 00004715    16 FUNC    LOCAL  DEFAULT    4 _ZL10new_helperj
   723: 00004720     0 NOTYPE  LOCAL  DEFAULT    4 $d
   724: 00004724     0 NOTYPE  LOCAL  DEFAULT    4 $t
   725: 00004728     0 NOTYPE  LOCAL  DEFAULT    4 $d
   726: 0000472c     0 NOTYPE  LOCAL  DEFAULT    4 $t
   727: 00004730     0 NOTYPE  LOCAL  DEFAULT    4 $t
   728: 00004734     0 NOTYPE  LOCAL  DEFAULT    4 $d
   729: 00004738     0 NOTYPE  LOCAL  DEFAULT    4 $t
   730: 0000473c     0 NOTYPE  LOCAL  DEFAULT    4 $d
   731: 00004740     0 NOTYPE  LOCAL  DEFAULT    4 $t
   732: 0000479c     0 NOTYPE  LOCAL  DEFAULT    4 $d
   733: 00004898     0 NOTYPE  LOCAL  DEFAULT    4 $t
   734: 0000489c     0 NOTYPE  LOCAL  DEFAULT    4 $d
   735: 000048a0     0 NOTYPE  LOCAL  DEFAULT    4 $t
   736: 000048b4     0 NOTYPE  LOCAL  DEFAULT    4 $d
   737: 00004de4     0 NOTYPE  LOCAL  DEFAULT    4 $t
   738: 00004df8     0 NOTYPE  LOCAL  DEFAULT    4 $d
   739: 00004e04     0 NOTYPE  LOCAL  DEFAULT    4 $t
   740: 00004e2c     0 NOTYPE  LOCAL  DEFAULT    4 $d
   741: 00004e34     0 NOTYPE  LOCAL  DEFAULT    4 $t
   742: 00004e5c     0 NOTYPE  LOCAL  DEFAULT    4 $d
   743: 00005498     0 NOTYPE  LOCAL  DEFAULT    4 $t
   744: 00000864     0 NOTYPE  LOCAL  DEFAULT    3 $d
   745: 000008d4     0 NOTYPE  LOCAL  DEFAULT    3 $d
   746: 0000083c     0 NOTYPE  LOCAL  DEFAULT    3 $d
   747: 00000653     0 NOTYPE  LOCAL  DEFAULT    3 $d
   748: 00000865     0 NOTYPE  LOCAL  DEFAULT    3 $d
   749: 000008ee     0 NOTYPE  LOCAL  DEFAULT    3 $d
   750: 000005d8     0 NOTYPE  LOCAL  DEFAULT    3 $d
   751: 0000066f     0 NOTYPE  LOCAL  DEFAULT    3 $d
   752: 00000665     0 NOTYPE  LOCAL  DEFAULT    3 $d
   753: 0000065c     0 NOTYPE  LOCAL  DEFAULT    3 $d
   754: 00000a1b     0 NOTYPE  LOCAL  DEFAULT    3 $d
   755: 00000883     0 NOTYPE  LOCAL  DEFAULT    3 $d
   756: 000009f4     0 NOTYPE  LOCAL  DEFAULT    3 $d
   757: 00000a01     0 NOTYPE  LOCAL  DEFAULT    3 $d
   758: 00000942     0 NOTYPE  LOCAL  DEFAULT    3 $d
   759: 00000a0e     0 NOTYPE  LOCAL  DEFAULT    3 $d
   760: 000009d3     0 NOTYPE  LOCAL  DEFAULT    3 $d
   761: 000009e3     0 NOTYPE  LOCAL  DEFAULT    3 $d
   762: 00000892     0 NOTYPE  LOCAL  DEFAULT    3 $d
   763: 000008bc     0 NOTYPE  LOCAL  DEFAULT    3 $d
   764: 00000908     0 NOTYPE  LOCAL  DEFAULT    3 $d
   765: 0000086d     0 NOTYPE  LOCAL  DEFAULT    3 $d
   766: 00000866     0 NOTYPE  LOCAL  DEFAULT    3 $d
   767: 00000875     0 NOTYPE  LOCAL  DEFAULT    3 $d
   768: 000009ba     0 NOTYPE  LOCAL  DEFAULT    3 $d
   769: 00000990     0 NOTYPE  LOCAL  DEFAULT    3 $d
   770: 00000967     0 NOTYPE  LOCAL  DEFAULT    3 $d
   771: 00000920     0 NOTYPE  LOCAL  DEFAULT    3 $d
   772: 00000000     0 NOTYPE  GLOBAL DEFAULT  UND __real_cos
   773: 00000000     0 NOTYPE  GLOBAL DEFAULT  UND __real___aeabi_dcmpgt
   774: 00000000     0 NOTYPE  GLOBAL DEFAULT  UND __real_iscntrl
   775: 00000000     0 NOTYPE  GLOBAL DEFAULT  UND __real_ldexp
   776: 00000000     0 NOTYPE  GLOBAL DEFAULT  UND __real_puts
   777: 00000000     0 NOTYPE  GLOBAL DEFAULT  UND __real_isxdigit
   778: 00000000     0 NOTYPE  GLOBAL DEFAULT  UND __real_sinf
   779: 00000000     0 NOTYPE  GLOBAL DEFAULT  UND __real___aeabi_uidivmod
   780: 00000000     0 NOTYPE  GLOBAL DEFAULT  UND __real___aeabi_f2uiz
   781: 00000000     0 NOTYPE  GLOBAL DEFAULT  UND __real___aeabi_dcmpun
   782: 00000000     0 NOTYPE  GLOBAL DEFAULT  UND _sidata
   783: 00000000     0 NOTYPE  GLOBAL DEFAULT  UND __real_log10
   784: 00000000     0 NOTYPE  GLOBAL DEFAULT  UND __real___aeabi_dcmplt
   785: 00000000     0 NOTYPE  GLOBAL DEFAULT  UND __real___aeabi_idivmod
   786: 00000000     0 NOTYPE  GLOBAL DEFAULT  UND __real_isprint
   787: 00000000     0 NOTYPE  GLOBAL DEFAULT  UND __real_exp2
   788: 00000000     0 NOTYPE  GLOBAL DEFAULT  UND __real_atan2
   789: 00000000     0 NOTYPE  GLOBAL DEFAULT  UND __real_log
   790: 00000000     0 NOTYPE  GLOBAL DEFAULT  UND __real_islower
   791: 00000000     0 NOTYPE  GLOBAL DEFAULT  UND _sbss
   792: 00000000     0 NOTYPE  GLOBAL DEFAULT  UND __real___aeabi_ldivmod
   793: 00000000     0 NOTYPE  GLOBAL DEFAULT  UND __real_atoi
   794: 00000000     0 NOTYPE  GLOBAL DEFAULT  UND __real___aeabi_uidiv
   795: 00000000     0 NOTYPE  GLOBAL DEFAULT  UND __real___aeabi_idiv
   796: 00000000     0 NOTYPE  GLOBAL DEFAULT  UND __real_exit
   797: 00000000     0 NOTYPE  GLOBAL DEFAULT  UND __real_strchr
   798: 00000000     0 NOTYPE  GLOBAL DEFAULT  UND __real___aeabi_ddiv
   799: 00000000     0 NOTYPE  GLOBAL DEFAULT  UND __real___aeabi_read_tp
   800: 00000000     0 NOTYPE  GLOBAL DEFAULT  UND __real___aeabi_ui2f
   801: 00000000     0 NOTYPE  GLOBAL DEFAULT  UND __real_strstr
   802: 00000000     0 NOTYPE  GLOBAL DEFAULT  UND _sdata
   803: 00000000     0 NOTYPE  GLOBAL DEFAULT  UND __real_sqrtf
   804: 00000000     0 NOTYPE  GLOBAL DEFAULT  UND __real_strncpy
   805: 00000000     0 NOTYPE  GLOBAL DEFAULT  UND __real_srand
   806: 00000000     0 NOTYPE  GLOBAL DEFAULT  UND __real___aeabi_i2f
   807: 00000000     0 NOTYPE  GLOBAL DEFAULT  UND __real___aeabi_fcmpun
   808: 00000000     0 NOTYPE  GLOBAL DEFAULT  UND __real_strdup
   809: 00000000     0 NOTYPE  GLOBAL DEFAULT  UND __real_gettimeofday
   810: 00000000     0 NOTYPE  GLOBAL DEFAULT  UND __real_fmod
   811: 00000000     0 NOTYPE  GLOBAL DEFAULT  UND __real_toupper
   812: 00000000     0 NOTYPE  GLOBAL DEFAULT  UND __real_strrchr
   813: 00000000     0 NOTYPE  GLOBAL DEFAULT  UND __real_tolower
   814: 00000000     0 NOTYPE  GLOBAL DEFAULT  UND __real_isgraph
   815: 00000000     0 NOTYPE  GLOBAL DEFAULT  UND __real_atan
   816: 00000000     0 NOTYPE  GLOBAL DEFAULT  UND _ebss
   817: 00000000     0 NOTYPE  GLOBAL DEFAULT  UND __real_pow
   818: 00000000     0 NOTYPE  GLOBAL DEFAULT  UND __real_strtok
   819: 00000000     0 NOTYPE  GLOBAL DEFAULT  UND __real_vsprintf
   820: 00000000     0 NOTYPE  GLOBAL DEFAULT  UND kheap_llext_heap
   821: 00000000     0 NOTYPE  GLOBAL DEFAULT  UND analog_reference
   822: 00000000     0 NOTYPE  GLOBAL DEFAULT  UND __real_strtod
   823: 00000000     0 NOTYPE  GLOBAL DEFAULT  UND __real_isalnum
   824: 00000000     0 NOTYPE  GLOBAL DEFAULT  UND __real___aeabi_fdiv
   825: 00000000     0 NOTYPE  GLOBAL DEFAULT  UND __real_sin
   826: 00000000     0 NOTYPE  GLOBAL DEFAULT  UND __real___aeabi_fcmple
   827: 00000000     0 NOTYPE  GLOBAL DEFAULT  UND __real___aeabi_f2iz
   828: 00000000     0 NOTYPE  GLOBAL DEFAULT  UND z_impl_k_uptime_ticks
   829: 00000000     0 NOTYPE  GLOBAL DEFAULT  UND __real_tan
   830: 00000000     0 NOTYPE  GLOBAL DEFAULT  UND _printf_float
   831: 00000000     0 NOTYPE  GLOBAL DEFAULT  UND __real_strtoul
   832: 00000000     0 NOTYPE  GLOBAL DEFAULT  UND __real_strnlen
   833: 00000000     0 NOTYPE  GLOBAL DEFAULT  UND __real___aeabi_dsub
   834: 00000000     0 NOTYPE  GLOBAL DEFAULT  UND __real___aeabi_d2iz
   835: 00000000     0 NOTYPE  GLOBAL DEFAULT  UND __real_exp
   836: 00000000     0 NOTYPE  GLOBAL DEFAULT  UND __real_logf
   837: 00000000     0 NOTYPE  GLOBAL DEFAULT  UND __real_memmem
   838: 00000000     0 NOTYPE  GLOBAL DEFAULT  UND __real_sqrt
   839: 00000000     0 NOTYPE  GLOBAL DEFAULT  UND __real_isupper
   840: 00000000     0 NOTYPE  GLOBAL DEFAULT  UND __real___aeabi_dcmple
   841: 00000000     0 NOTYPE  GLOBAL DEFAULT  UND __real___aeabi_d2uiz
   842: 00000000     0 NOTYPE  GLOBAL DEFAULT  UND printk
   843: 00000000     0 NOTYPE  GLOBAL DEFAULT  UND __real_strncmp
   844: 00000000     0 NOTYPE  GLOBAL DEFAULT  UND __real___aeabi_dcmpge
   845: 00000000     0 NOTYPE  GLOBAL DEFAULT  UND __real_asinf
   846: 00000000     0 NOTYPE  GLOBAL DEFAULT  UND __real___aeabi_fadd
   847: 00000000     0 NOTYPE  GLOBAL DEFAULT  UND __real_isspace
   848: 00000000     0 NOTYPE  GLOBAL DEFAULT  UND __real___aeabi_dcmpeq
   849: 00000000     0 NOTYPE  GLOBAL DEFAULT  UND __real___aeabi_dmul
   850: 00000000     0 NOTYPE  GLOBAL DEFAULT  UND __heap_end
   851: 00000000     0 NOTYPE  GLOBAL DEFAULT  UND __real_strcat
   852: 00000000     0 NOTYPE  GLOBAL DEFAULT  UND __real_putchar
   853: 00000000     0 NOTYPE  GLOBAL DEFAULT  UND __real___aeabi_fcmplt
   854: 00000000     0 NOTYPE  GLOBAL DEFAULT  UND __real_vsnprintf
   855: 00000000     0 NOTYPE  GLOBAL DEFAULT  UND __real_rand
   856: 00000000     0 NOTYPE  GLOBAL DEFAULT  UND __real_acos
   857: 00000000     0 NOTYPE  GLOBAL DEFAULT  UND __heap_start
   858: 00000000     0 NOTYPE  GLOBAL DEFAULT  UND __real_asin
   859: 00000000     0 NOTYPE  GLOBAL DEFAULT  UND _edata
   860: 00000000     0 NOTYPE  GLOBAL DEFAULT  UND __real_isdigit
   861: 00000000     0 NOTYPE  GLOBAL DEFAULT  UND __real___aeabi_fcmpge
   862: 00000000     0 NOTYPE  GLOBAL DEFAULT  UND __real_vprintf
   863: 00000000     0 NOTYPE  GLOBAL DEFAULT  UND __real_vsscanf
   864: 00000000     0 NOTYPE  GLOBAL DEFAULT  UND __real___aeabi_fcmpeq
   865: 00000000     0 NOTYPE  GLOBAL DEFAULT  UND __real_strcasecmp
   866: 00000000     0 NOTYPE  GLOBAL DEFAULT  UND __real_tanf
   867: 00000000     0 NOTYPE  GLOBAL DEFAULT  UND __real_atof
   868: 00000000     0 NOTYPE  GLOBAL DEFAULT  UND __real___aeabi_dadd
   869: 00000000     0 NOTYPE  GLOBAL DEFAULT  UND __real_calloc
   870: 00000000     0 NOTYPE  GLOBAL DEFAULT  UND __real_strtol
   871: 00000000     0 NOTYPE  GLOBAL DEFAULT  UND __real_acosf
   872: 00000000     0 NOTYPE  GLOBAL DEFAULT  UND __real_cosf
   873: 00000000     0 NOTYPE  GLOBAL DEFAULT  UND __real_log2
   874: 00000000     0 NOTYPE  GLOBAL DEFAULT  UND __real___aeabi_fmul
   875: 00000000     0 NOTYPE  GLOBAL DEFAULT  UND __real___aeabi_d2lz
   876: 00000000     0 NOTYPE  GLOBAL DEFAULT  UND __real_atan2f
   877: 00000000     0 NOTYPE  GLOBAL DEFAULT  UND kheap_llext_heap_size
   878: 00000000     0 NOTYPE  GLOBAL DEFAULT  UND __real_strcpy
   879: 00000000     0 NOTYPE  GLOBAL DEFAULT  UND __real__exit
   880: 00000000     0 NOTYPE  GLOBAL DEFAULT  UND __real_memcmp
   881: 00000000     0 NOTYPE  GLOBAL DEFAULT  UND __real___aeabi_fsub
   882: 00000000     0 NOTYPE  GLOBAL DEFAULT  UND __real_memchr
   883: 00000000     0 NOTYPE  GLOBAL DEFAULT  UND __real___aeabi_fcmpgt
   884: 00000000     0 NOTYPE  GLOBAL DEFAULT  UND __real_atol
   885: 00000000     0 NOTYPE  GLOBAL DEFAULT  UND __real_atanf
   886: 00000000     0 NOTYPE  GLOBAL DEFAULT  UND __real_isalpha
   887: 00004379     2 FUNC    GLOBAL DEFAULT    4 __cxa_free_exception
   888: 00000000     0 NOTYPE  GLOBAL DEFAULT  UND __device_dts_ord_70
   889: 000038d0     8 OBJECT  WEAK   DEFAULT    9 _ZZN8RpcUtils6detail12unpackObjectERN7arduino7msgpack8UnpackerEE5num64
   890: 000002fd    96 FUNC    WEAK   DEFAULT    4 _ZN7arduino7msgpack8Unpacker11unpackInt64Ev
   891: 00004f9d     4 FUNC    GLOBAL DEFAULT    4 _ZNKSt9type_info15__is_function_pEv
   892: 00000000     0 NOTYPE  WEAK   DEFAULT  UND __device_dts_ord_40
   893: 000043b9    22 FUNC    GLOBAL DEFAULT    4 _ZN7arduino6StringC1EOS0_
   894: 00004899     8 FUNC    GLOBAL DEFAULT    4 yield
   895: 00000000     0 NOTYPE  GLOBAL DEFAULT  UND z_impl_k_thread_create
   896: 00001695   192 FUNC    WEAK   DEFAULT    4 _ZN10RPCRequestILj256EE22unpack_request_headersEv
   897: 000050c9    20 FUNC    GLOBAL DEFAULT    4 _ZNSt12length_errorC2EPKc
   898: 00002789    60 FUNC    WEAK   DEFAULT    4 _ZN7arduino7msgpack8Unpacker9unpackNilEv
   899: 00004741   108 FUNC    GLOBAL DEFAULT    4 _Z20start_static_threadsv
   900: 00004e6d    20 FUNC    GLOBAL DEFAULT    4 _ZNSt9bad_allocD2Ev
   901: 00004389    12 FUNC    GLOBAL DEFAULT    4 __cxa_end_cleanup
   902: 000043b9    22 FUNC    GLOBAL DEFAULT    4 _ZN7arduino6StringC2EOS0_
   903: 00000004 14428 OBJECT  GLOBAL DEFAULT    9 p0Gpio
   904: 0000286d    64 FUNC    WEAK   DEFAULT    4 _ZN7RpcCallIJEE8setErrorEiN7arduino6StringE
   905: 00002649     4 FUNC    WEAK   DEFAULT    4 _ZN7arduino5Print17availableForWriteEv
   906: 00000000     0 NOTYPE  WEAK   DEFAULT  UND __device_dts_ord_105
   907: 00000000     0 NOTYPE  GLOBAL DEFAULT  UND z_impl_device_init
   908: 00004e99    20 FUNC    GLOBAL DEFAULT    4 _ZN10__cxxabiv120__si_class_type_infoD2Ev
   909: 0000036a    37 OBJECT  GLOBAL DEFAULT    3 _ZTSN10__cxxabiv120__si_class_type_infoE
   910: 000044ad    44 FUNC    GLOBAL DEFAULT    4 _ZN7arduino6String4moveERS0_
   911: 0000275d    44 FUNC    WEAK   DEFAULT    4 _ZN8RpcErrorC2Ev
   912: 00000000     4 OBJECT  WEAK   DEFAULT    9 _ZGVN12RouterBridge3HCIE
   913: 00001aed   288 FUNC    WEAK   DEFAULT    4 _ZN7arduino7msgpack6object3extC2EaPKhj
   914: 000051d9    60 FUNC    WEAK   DEFAULT    4 _ZNSt7__cxx1112basic_stringIcSt11char_traitsIcESaIcEE9_M_createERjj
   915: 00000000     0 NOTYPE  GLOBAL DEFAULT  UND __real_abort
   916: 00004af5   112 FUNC    GLOBAL DEFAULT    4 _ZN7arduino12ZephyrSerial5writeEPKhj
   917: 00000000     0 NOTYPE  GLOBAL DEFAULT  UND z_impl_k_thread_name_set
   918: 00005255    54 FUNC    WEAK   DEFAULT    4 _ZNSt7__cxx1112basic_stringIcSt11char_traitsIcESaIcEE7reserveEj
   919: 00004635     8 FUNC    GLOBAL DEFAULT    4 memmove
   920: 0000374d   172 FUNC    WEAK   DEFAULT    4 _ZN11BridgeClass6notifyIJRN7arduino6StringEEEEvS2_DpOT_
   921: 00000008     0 TLS     GLOBAL DEFAULT  ABS _TLS_MODULE_BASE_
   922: 00004e95     2 FUNC    GLOBAL DEFAULT    4 _ZNSt9exceptionD2Ev
   923: 00000451   108 FUNC    WEAK   DEFAULT    4 _ZN7arduino7msgpack8Unpacker13unpackFloat64Ev
   924: 00004abd    12 FUNC    WEAK   DEFAULT    4 _ZN7arduino12ZephyrSerial3endEv
   925: 00004ac9    44 FUNC    GLOBAL DEFAULT    4 _ZN7arduino12ZephyrSerial5flushEv
   926: 00000000     0 NOTYPE  GLOBAL DEFAULT  UND __real_memmove
   927: 000043a1    12 FUNC    GLOBAL DEFAULT    4 __aeabi_unwind_cpp_pr0
   928: 00003ced    64 FUNC    WEAK   DEFAULT    4 _ZN7RpcCallIJRjEE8setErrorEiN7arduino6StringE
   929: 00001041    40 FUNC    WEAK   DEFAULT    4 _ZN7arduino7msgpack6Packer10packUInt32Ej
   930: 000038e1     1 OBJECT  WEAK   DEFAULT    9 _ZZN8RpcUtils6detail12unpackObjectERN7arduino7msgpack8UnpackerEE3nil
   931: 00000000     0 NOTYPE  GLOBAL DEFAULT  UND z_impl_k_yield
   932: 00004d60  2156 OBJECT  GLOBAL DEFAULT    9 Serial1
   933: 000038e8     4 OBJECT  WEAK   DEFAULT    9 _ZZN7arduino7msgpack8Unpacker10from_arrayIJRiRNS_6StringEEEEbDpOT_E2sz
   934: 00002639    16 FUNC    GLOBAL DEFAULT    4 _ZN2p09gpioReadyEv
   935: 00005195    28 FUNC    WEAK   DEFAULT    4 _ZNSs4_Rep10_M_disposeERKSaIcE
   936: 00000014     0 TLS     GLOBAL DEFAULT  ABS errno
   937: 00000000     0 NOTYPE  GLOBAL DEFAULT  UND __real_malloc
   938: 0000137d   280 FUNC    WEAK   DEFAULT    4 _ZN7arduino7msgpack8Unpacker11unpackFloatIfEENSt9enable_ifIXaasrSt13is_arithmeticIT_E5valuesrSt17is_floating_pointIS5_E5valueES5_E4typeEv
   939: 00000000     0 NOTYPE  GLOBAL DEFAULT  UND __device_dts_ord_91
   940: 000037f9    64 FUNC    WEAK   DEFAULT    4 _ZN7RpcCallIJRN7arduino6StringEEE8setErrorEiS1_
   941: 00002cf5   124 FUNC    WEAK   DEFAULT    4 _ZN7arduino7msgpack6Packer4packERKNS_6StringE
   942: 00000000     0 NOTYPE  GLOBAL DEFAULT  UND __real___aeabi_l2f
   943: 0000001c     0 TLS     GLOBAL DEFAULT  ABS _localtime_buf
   944: 000048e9     4 FUNC    WEAK   DEFAULT    4 _ZN7arduino12ZephyrSerialcvbEv
   945: 000003e2    25 OBJECT  GLOBAL DEFAULT    3 _ZTSNSt3_V214error_categoryE
   946: 00004855    68 FUNC    GLOBAL DEFAULT    4 digitalRead
   947: 00000295    16 FUNC    WEAK   DEFAULT    4 _ZNK7arduino7msgpack8Unpacker7getTypeEv
   948: 000001dd     2 FUNC    GLOBAL DEFAULT    4 loop
   949: 00000000     0 NOTYPE  GLOBAL DEFAULT  UND sys_clock_cycle_get_64
   950: 000046e5     2 FUNC    WEAK   DEFAULT    4 initVariant
   951: 00000d8d   120 FUNC    WEAK   DEFAULT    4 _ZN7arduino7msgpack8Unpacker4feedEPKhj
   952: 00004655     8 FUNC    GLOBAL DEFAULT    4 __xpg_strerror_r
   953: 00000000     0 NOTYPE  WEAK   DEFAULT  UND __device_dts_ord_120
   954: 00005009    20 FUNC    GLOBAL DEFAULT    4 _ZNSt12length_errorD2Ev
   955: 00000599    46 FUNC    WEAK   DEFAULT    4 _ZNK7arduino7msgpack8Unpacker11getRawBytesItEET_jj
   956: 00000000     0 NOTYPE  GLOBAL DEFAULT  UND __device_dts_ord_65
   957: 00000000     0 NOTYPE  WEAK   DEFAULT  UND __device_dts_ord_30
   958: 000038e4     4 OBJECT  WEAK   DEFAULT    9 _ZGVZN7arduino7msgpack8Unpacker10from_arrayIJRiRNS_6StringEEEEbDpOT_E2sz
   959: 00002491   284 FUNC    WEAK   DEFAULT    4 _ZN11BridgeClass11update_safeEv
   960: 000038e0     1 OBJECT  WEAK   DEFAULT    9 _ZZN8RpcUtils6detail12unpackObjectERN7arduino7msgpack8UnpackerEE1b
   961: 0000462d     8 FUNC    GLOBAL DEFAULT    4 memcpy
   962: 000054d5    12 FUNC    GLOBAL DEFAULT    4 _ZNK10__cxxabiv117__class_type_info20__do_find_public_srcEiPKvPKS0_S2_
   963: 00000000     0 NOTYPE  WEAK   DEFAULT  UND __device_dts_ord_83
   964: 00003888    16 OBJECT  WEAK   DEFAULT    9 _ZZN8RpcUtils6detail12unpackObjectERN7arduino7msgpack8UnpackerEE1t
   965: 00004b65   232 FUNC    GLOBAL DEFAULT    4 _ZN7arduino12ZephyrSerial10IrqHandlerEv
   966: 00000f6d    44 FUNC    WEAK   DEFAULT    4 _ZN7arduino7msgpack6Packer9packUInt8Eh
   967: 000043e5    28 FUNC    GLOBAL DEFAULT    4 _ZN7arduino6String10invalidateEv
   968: 000054e1    20 FUNC    GLOBAL DEFAULT    4 _ZN10__cxxabiv117__class_type_infoD1Ev
   969: 000046c5    10 FUNC    GLOBAL DEFAULT    4 __aeabi_uldivmod
   970: 00000000     0 NOTYPE  WEAK   DEFAULT  UND __device_dts_ord_88
   971: 00005215    22 FUNC    WEAK   DEFAULT    4 _ZNSt7__cxx1112basic_stringIcSt11char_traitsIcESaIcEE10_M_disposeEv
   972: 00000bed   196 FUNC    WEAK   DEFAULT    4 _ZN7arduino7msgpack8Unpacker11deserializeINS0_6object8timespecEJEEEbRT_DpOT0_
   973: 0000465d     8 FUNC    GLOBAL DEFAULT    4 malloc
   974: 00005243    18 FUNC    WEAK   DEFAULT    4 _ZNKSt7__cxx1112basic_stringIcSt11char_traitsIcESaIcEE8capacityEv
   975: 00000000     0 NOTYPE  GLOBAL DEFAULT  UND z_impl_k_mutex_lock
   976: 00002da9    34 FUNC    WEAK   DEFAULT    4 _ZNK10RpcDecoderILj1024EE4sendEPKhj
   977: 00000000     0 NOTYPE  GLOBAL DEFAULT  UND __device_dts_ord_93
   978: 00004501    24 FUNC    GLOBAL DEFAULT    4 _ZN7arduino6StringC1ERKS0_
   979: 000050a1    40 FUNC    GLOBAL DEFAULT    4 _ZNSt11logic_errorC2EPKc
   980: 000038d8     4 OBJECT  WEAK   DEFAULT    9 _ZZN8RpcUtils6detail12unpackObjectERN7arduino7msgpack8UnpackerEE5num32
   981: 00000000     0 NOTYPE  GLOBAL DEFAULT  UND z_impl_k_sem_take
   982: 00000000     4 OBJECT  GLOBAL HIDDEN     7 __dso_handle
   983: 0000467f    10 FUNC    GLOBAL DEFAULT    4 __aeabi_ui2d
   984: 0000555f    42 FUNC    GLOBAL DEFAULT    4 _ZNK10__cxxabiv117__class_type_info10__do_catchEPKSt9type_infoPPvj
   985: 00001d85  1228 FUNC    WEAK   DEFAULT    4 _ZN8RpcUtils6detail12unpackObjectERN7arduino7msgpack8UnpackerE
   986: 000038b0     4 OBJECT  WEAK   DEFAULT    9 _ZGVZN8RpcUtils6detail12unpackObjectERN7arduino7msgpack8UnpackerEE5bytes
   987: 00000000     0 NOTYPE  GLOBAL DEFAULT  UND __real___aeabi_l2d
   988: 000027c5    64 FUNC    WEAK   DEFAULT    4 _ZN7arduino7msgpack8Unpacker11deserializeINS0_6object5nil_tEJEEEbRT_DpOT0_
   989: 0000004f    30 FUNC    WEAK   DEFAULT    4 _ZNK7arduino7msgpack8Unpacker13getRawBytePtrEjj
   990: 000010dd    44 FUNC    WEAK   DEFAULT    4 _ZN7arduino7msgpack6Packer10packUInt16Et
   991: 00004de5    32 FUNC    GLOBAL DEFAULT    4 _ZSt17__throw_bad_allocv
   992: 00004819    60 FUNC    GLOBAL DEFAULT    4 digitalWrite
   993: 00000480    12 OBJECT  GLOBAL DEFAULT    1 _ZTISt9bad_alloc
   994: 00004481    44 FUNC    GLOBAL DEFAULT    4 _ZN7arduino6StringC1EPKc
   995: 000038ac     4 OBJECT  WEAK   DEFAULT    9 _ZZN8RpcUtils6detail12unpackObjectERN7arduino7msgpack8UnpackerEE6arr_sz
   996: 000047d9    64 FUNC    GLOBAL DEFAULT    4 pinMode
   997: 00000568    52 OBJECT  GLOBAL DEFAULT    1 _ZTVN7arduino12ZephyrSerialE
   998: 000011cd   160 FUNC    WEAK   DEFAULT    4 _ZN7arduino7msgpack6Packer12packRawBytesEPKcj
   999: 000019c5   216 FUNC    WEAK   DEFAULT    4 _ZN10RpcDecoderILj1024EE16fetch_rpc_methodEv
  1000: 000050c9    20 FUNC    GLOBAL DEFAULT    4 _ZNSt12length_errorC1EPKc
  1001: 000001e1    24 FUNC    WEAK   DEFAULT    4 _ZNSt12_Vector_baseIhSaIhEED2Ev
  1002: 000004ec    44 OBJECT  GLOBAL DEFAULT    1 _ZTVN10__cxxabiv120__si_class_type_infoE
  1003: 0000522b    24 FUNC    WEAK   DEFAULT    4 _ZNSt7__cxx1112basic_stringIcSt11char_traitsIcESaIcEE7_S_copyEPcPKcj
  1004: 0000059c    20 OBJECT  GLOBAL DEFAULT    1 _ZTVSt11logic_error
  1005: 00005547    24 FUNC    GLOBAL DEFAULT    4 _ZNK10__cxxabiv117__class_type_info11__do_upcastEPKS0_PKvRNS0_15__upcast_resultE
  1006: 00000509    72 FUNC    WEAK   DEFAULT    4 _ZN7arduino7msgpack8Unpacker11unpackUInt7Ev
  1007: 00004731     8 FUNC    GLOBAL DEFAULT    4 _ZdlPv
  1008: 0000501d    18 FUNC    GLOBAL DEFAULT    4 _ZNSt12length_errorD0Ev
  1009: 00004501    24 FUNC    GLOBAL DEFAULT    4 _ZN7arduino6StringC2ERKS0_
  1010: 0000531b     6 FUNC    GLOBAL DEFAULT    4 _ZNKSt3_V214error_category23default_error_conditionEi
  1011: 00004c59    44 FUNC    WEAK   DEFAULT    4 _ZN7arduino12ZephyrSerial18ZephyrSerialBufferILi1024EEC2Ev
  1012: 00004559    64 FUNC    GLOBAL DEFAULT    4 _ZN7arduino6String6concatEPKcj
  1013: 00004e35    48 FUNC    GLOBAL DEFAULT    4 _ZSt20__throw_length_errorPKc
  1014: 00000000     0 NOTYPE  GLOBAL DEFAULT  UND __device_dts_ord_73
  1015: 000046d9    12 FUNC    GLOBAL DEFAULT    4 abort
  1016: 00000000     0 NOTYPE  GLOBAL DEFAULT  UND z_impl_k_sem_init
  1017: 00000000     0 NOTYPE  WEAK   DEFAULT  UND __device_dts_ord_17
  1018: 00000000     0 NOTYPE  GLOBAL DEFAULT  UND _device_list_end
  1019: 0000275d    44 FUNC    WEAK   DEFAULT    4 _ZN8RpcErrorC1Ev
  1020: 0000469d    10 FUNC    GLOBAL DEFAULT    4 __aeabi_d2f
  1021: 00004ff5    18 FUNC    GLOBAL DEFAULT    4 _ZNSt11logic_errorD0Ev
  1022: 00003c88  2156 OBJECT  GLOBAL DEFAULT    9 Serial3
  1023: 000003f1    96 FUNC    WEAK   DEFAULT    4 _ZN7arduino7msgpack8Unpacker13unpackFloat32Ev
  1024: 0000238d   260 FUNC    WEAK   DEFAULT    4 _ZN9RPCServer7get_rpcILj256EEEbR10RPCRequestIXT_EEN7arduino6StringE
  1025: 00000348    34 OBJECT  GLOBAL DEFAULT    3 _ZTSN10__cxxabiv117__class_type_infoE
  1026: 0000006d   144 FUNC    GLOBAL DEFAULT    4 _Z13measureSamplev
  1027: 00004395    12 FUNC    GLOBAL DEFAULT    4 __gxx_personality_v0
  1028: 0000048c     8 OBJECT  GLOBAL DEFAULT    1 _ZTISt9exception
  1029: 00000000     0 NOTYPE  WEAK   DEFAULT  UND __device_dts_ord_109
  1030: 0000133d    64 FUNC    WEAK   DEFAULT    4 _ZN7arduino7msgpack8Unpacker11deserializeIiJEEEbRT_DpOT0_
  1031: 0000311d   380 FUNC    WEAK   DEFAULT    4 _ZN10RpcDecoderILj1024EE12get_responseIN7arduino7msgpack6object5nil_tEEEbjRT_R8RpcError
  1032: 000038b4    12 OBJECT  WEAK   DEFAULT    9 _ZZN8RpcUtils6detail12unpackObjectERN7arduino7msgpack8UnpackerEE5bytes
  1033: 00000000     0 NOTYPE  GLOBAL DEFAULT  UND __real___aeabi_i2d
  1034: 00004f9b     2 FUNC    GLOBAL DEFAULT    4 _ZNSt9type_infoD1Ev
  1035: 00004739     8 FUNC    GLOBAL DEFAULT    4 _ZdlPvj
  1036: 0000039d    84 FUNC    WEAK   DEFAULT    4 _ZN7arduino7msgpack8Unpacker11unpackInt16Ev
  1037: 00004125   292 FUNC    WEAK   DEFAULT    4 _ZN13BridgeMonitorILj512EE5_readEj
  1038: 00000000     0 NOTYPE  GLOBAL DEFAULT  UND __real___aeabi_ui2d
  1039: 00003898     4 OBJECT  WEAK   DEFAULT    9 _ZGVZN8RpcUtils6detail12unpackObjectERN7arduino7msgpack8UnpackerEE1e
  1040: 0000472d     4 FUNC    GLOBAL DEFAULT    4 _ZnwjPv
  1041: 00004693    10 FUNC    GLOBAL DEFAULT    4 __aeabi_ul2d
  1042: 00002fe5   128 FUNC    WEAK   DEFAULT    4 _ZN7arduino7msgpack8Unpacker10unpackUIntIjEENSt9enable_ifIXaaaaaaaasrSt13is_arithmeticIT_E5valuesrSt11is_integralIS5_E5valuentsrSt7is_sameIS5_bE5valuentsrS9_INSt9remove_cvIS5_E4typeEPcE5valuentsrSt9is_signedIS5_E5valueES5_E4typeEv
  1043: 00001a9d    40 FUNC    WEAK   DEFAULT    4 _ZNSt11__copy_moveILb0ELb1ESt26random_access_iterator_tagE8__copy_mIKhhEEPT0_PT_S7_S5_
  1044: 00003319  1076 FUNC    WEAK   DEFAULT    4 _ZN13BridgeMonitorILj512EEcvbEv
  1045: 00004fa1    44 FUNC    GLOBAL DEFAULT    4 _ZNKSt9type_info7__equalERKS_
  1046: 00000a39    64 FUNC    WEAK   DEFAULT    4 _ZN7arduino7msgpack8Unpacker11deserializeINS0_4type9ArraySizeEJEEEbRT_DpOT0_
  1047: 00001999    44 FUNC    WEAK   DEFAULT    4 _ZN10RpcDecoderILj1024EE7discardEv
  1048: 000038ec   568 OBJECT  GLOBAL DEFAULT    9 Serial
  1049: 0000400d   280 FUNC    WEAK   DEFAULT    4 _ZN7RpcCallIJRjEED1Ev
  1050: 000050dd    24 FUNC    GLOBAL DEFAULT    4 _ZNSt12__cow_stringC1EPKcj
  1051: 0000395d   912 FUNC    WEAK   DEFAULT    4 _ZN13BridgeMonitorILj512EE5writeEPKhj
  1052: 00005509    62 FUNC    GLOBAL DEFAULT    4 _ZNK10__cxxabiv117__class_type_info12__do_dyncastEiNS0_10__sub_kindEPKS0_PKvS3_S5_RNS0_16__dyncast_resultE
  1053: 000055cc    16 OBJECT  WEAK   DEFAULT    9 _ZNSs4_Rep20_S_empty_rep_storageE
  1054: 00004fcd     4 FUNC    GLOBAL DEFAULT    4 _ZNKSt13runtime_error4whatEv
  1055: 00000000     0 NOTYPE  GLOBAL DEFAULT  UND ring_buf_put
  1056: 000054a3    50 FUNC    GLOBAL DEFAULT    4 _ZNK10__cxxabiv117__class_type_info11__do_upcastEPKS0_PPv
  1057: 00001085    88 FUNC    WEAK   DEFAULT    4 _ZN7arduino7msgpack6Packer13packArraySizeEj
  1058: 00000241    84 FUNC    WEAK   DEFAULT    4 _ZNK7arduino7msgpack8Unpacker7getTypeEj
  1059: 000005b0    20 OBJECT  GLOBAL DEFAULT    1 _ZTVSt12length_error
  1060: 0000270d    68 FUNC    WEAK   DEFAULT    4 _ZN13BridgeMonitorILj512EE4peekEv
  1061: 00000000     0 NOTYPE  GLOBAL DEFAULT    6 __static_thread_data_list_end
  1062: 00004401    28 FUNC    GLOBAL DEFAULT    4 _ZN7arduino6String12changeBufferEj
  1063: 000002a5    88 FUNC    WEAK   DEFAULT    4 _ZN7arduino7msgpack8Unpacker11unpackInt32Ev
  1064: 00005009    20 FUNC    GLOBAL DEFAULT    4 _ZNSt12length_errorD1Ev
  1065: 000038ec   568 OBJECT  GLOBAL DEFAULT    9 Monitor
  1066: 00000468    12 OBJECT  GLOBAL DEFAULT    1 _ZTISt11logic_error
  1067: 00000000     0 NOTYPE  GLOBAL DEFAULT  UND z_impl_k_sem_give
  1068: 000005c9    72 FUNC    WEAK   DEFAULT    4 _ZN7arduino7msgpack8Unpacker12unpackUInt16Ev
  1069: 00000018     0 TLS     GLOBAL DEFAULT  ABS _strtok_last
  1070: 00000436    13 OBJECT  GLOBAL DEFAULT    3 _ZTSSt9type_info
  1071: 00001ac5    40 FUNC    WEAK   DEFAULT    4 _ZNSt11__copy_moveILb1ELb1ESt26random_access_iterator_tagE8__copy_mIhhEEPT0_PT_S6_S4_
  1072: 00004e65     8 FUNC    GLOBAL DEFAULT    4 _ZNKSt9bad_alloc4whatEv
  1073: 000005c4    20 OBJECT  GLOBAL DEFAULT    1 _ZTVSt9bad_alloc
  1074: 000048fd    72 FUNC    GLOBAL DEFAULT    4 _ZN7arduino12ZephyrSerial4readEv
  1075: 00000939    72 FUNC    WEAK   DEFAULT    4 _ZN7arduino7msgpack8Unpacker10unpackInt8Ev
  1076: 0000041c    13 OBJECT  GLOBAL DEFAULT    3 _ZTSSt9bad_alloc
  1077: 00000000     0 NOTYPE  GLOBAL DEFAULT  UND z_impl_k_sleep
  1078: 00000000     0 NOTYPE  GLOBAL DEFAULT  UND __real___xpg_strerror_r
  1079: 000051b9    18 FUNC    WEAK   DEFAULT    4 _ZNSt7__cxx1112basic_stringIcSt11char_traitsIcESaIcEE11_S_allocateERS3_j
  1080: 00004efd   116 FUNC    GLOBAL DEFAULT    4 _ZNK10__cxxabiv120__si_class_type_info12__do_dyncastEiNS_17__class_type_info10__sub_kindEPKS1_PKvS4_S6_RNS1_16__dyncast_resultE
  1081: 000030a5   120 FUNC    WEAK   DEFAULT    4 _ZN7arduino7msgpack8Unpacker11deserializeINS0_4type9ArraySizeEJRiRjEEEbRT_DpOT0_
  1082: 0000389c    12 OBJECT  WEAK   DEFAULT    9 _ZZN8RpcUtils6detail12unpackObjectERN7arduino7msgpack8UnpackerEE1e
  1083: 00000000     0 NOTYPE  WEAK   DEFAULT  UND __device_dts_ord_61
  1084: 00000000     0 NOTYPE  GLOBAL DEFAULT  UND z_impl_device_is_ready
  1085: 00000000     0 NOTYPE  GLOBAL DEFAULT  UND ring_buf_get
  1086: 00002f55   144 FUNC    WEAK   DEFAULT    4 _ZN7arduino7msgpack8Unpacker11deserializeI8RpcErrorJRNS0_6object5nil_tEEEEbRT_DpOT0_
  1087: 00004f9b     2 FUNC    GLOBAL DEFAULT    4 _ZNSt9type_infoD2Ev
  1088: 00000819   120 FUNC    WEAK   DEFAULT    4 _ZN7arduino7msgpack8Unpacker13unpackMapSizeEv
  1089: 00000981    44 FUNC    WEAK   DEFAULT    4 _ZNK7arduino7msgpack8Unpacker13isTimestamp32Ev
  1090: 00004f71    42 FUNC    GLOBAL DEFAULT    4 _ZNK10__cxxabiv120__si_class_type_info11__do_upcastEPKNS_17__class_type_infoEPKvRNS1_15__upcast_resultE
  1091: 00004665     8 FUNC    GLOBAL DEFAULT    4 realloc
  1092: 0000264f    24 FUNC    WEAK   DEFAULT    4 _ZN13BridgeMonitorILj512EE5writeEh
  1093: 00000000     0 NOTYPE  GLOBAL DEFAULT  UND __real___aeabi_uldivmod
  1094: 00003299    64 FUNC    WEAK   DEFAULT    4 _ZN10RpcDecoderILj1024EE6decodeEv
  1095: 00004369     4 FUNC    GLOBAL DEFAULT    4 __cxa_atexit
  1096: 00000000     0 NOTYPE  GLOBAL DEFAULT  UND __real_atexit
  1097: 00004675    10 FUNC    GLOBAL DEFAULT    4 __aeabi_i2d
  1098: 000029c5   376 FUNC    WEAK   DEFAULT    4 _ZN7arduino7msgpack8Unpacker11deserializeISt6vectorIhSaIhEEJEEEbRT_DpOT0_
  1099: 00000135    60 FUNC    GLOBAL DEFAULT    4 _Z17finishMeasurementb
  1100: 00004e81    20 FUNC    GLOBAL DEFAULT    4 _ZNSt9bad_allocD0Ev
  1101: 00000a79   372 FUNC    WEAK   DEFAULT    4 _ZN7arduino7msgpack8Unpacker11deserializeINS_6StringEJEEEbRT_DpOT0_
  1102: 00004e99    20 FUNC    GLOBAL DEFAULT    4 _ZN10__cxxabiv120__si_class_type_infoD1Ev
  1103: 000038a8     4 OBJECT  WEAK   DEFAULT    9 _ZZN8RpcUtils6detail12unpackObjectERN7arduino7msgpack8UnpackerEE6map_sz
  1104: 00004dd5    16 FUNC    GLOBAL DEFAULT    4 _ZN6zephyr7arduino22init_dev_apply_pinctrlEPK6device
  1105: 0000035d    32 FUNC    WEAK   DEFAULT    4 _ZNK7arduino7msgpack8Unpacker7isArrayEv
  1106: 00004c4d    12 FUNC    GLOBAL DEFAULT    4 _ZN7arduino12ZephyrSerial11IrqDispatchEPK6devicePv
  1107: 000007d1    72 FUNC    WEAK   DEFAULT    4 _ZN7arduino7msgpack8Unpacker12unpackUInt32Ev
  1108: 000001e1    24 FUNC    WEAK   DEFAULT    4 _ZNSt12_Vector_baseIhSaIhEED1Ev
  1109: 00004f9d     4 FUNC    GLOBAL DEFAULT    4 _ZNKSt9type_info14__is_pointer_pEv
  1110: 00000e05    56 FUNC    WEAK   DEFAULT    4 _ZNKSt6vectorIhSaIhEE12_M_check_lenEjPKc
  1111: 00001499   280 FUNC    WEAK   DEFAULT    4 _ZN7arduino7msgpack8Unpacker11unpackFloatIdEENSt9enable_ifIXaasrSt13is_arithmeticIT_E5valuesrSt17is_floating_pointIS5_E5valueES5_E4typeEv
  1112: 00000010     0 TLS     GLOBAL DEFAULT  ABS z_tls_current
  1113: 000045e5    32 FUNC    GLOBAL DEFAULT    4 _ZNK7arduino6String6equalsERKS0_
  1114: 0000126d   208 FUNC    WEAK   DEFAULT    4 _ZN7arduino7msgpack8Unpacker9unpackIntIiEENSt9enable_ifIXaaaaaaaasrSt13is_arithmeticIT_E5valuesrSt11is_integralIS5_E5valuentsrSt7is_sameIS5_bE5valuentsrS9_INSt9remove_cvIS5_E4typeEPcE5valuesrSt9is_signedIS5_E5valueES5_E4typeEv
  1115: 00004e05    48 FUNC    GLOBAL DEFAULT    4 _ZSt19__throw_logic_errorPKc
  1116: 000049f5   200 FUNC    GLOBAL DEFAULT    4 _ZN7arduino12ZephyrSerial5beginEmt
  1117: 00000000     0 NOTYPE  GLOBAL DEFAULT  UND __real_realloc
  1118: 000004c0    44 OBJECT  GLOBAL DEFAULT    1 _ZTVN10__cxxabiv117__class_type_infoE
  1119: 00004599    28 FUNC    GLOBAL DEFAULT    4 _ZN7arduino6String6concatEc
  1120: 0000437d    12 FUNC    GLOBAL DEFAULT    4 __cxa_throw
  1121: 000008cd    76 FUNC    WEAK   DEFAULT    4 _ZN7arduino7msgpack8Unpacker12unpackUInt64Ev
  1122: 000048d1    24 FUNC    WEAK   DEFAULT    4 _ZN7arduino12ZephyrSerial5writeEh
  1123: 00000474    12 OBJECT  GLOBAL DEFAULT    1 _ZTISt12length_error
  1124: 0000464d     8 FUNC    GLOBAL DEFAULT    4 memset
  1125: 000046e9    44 FUNC    WEAK   DEFAULT    4 main
  1126: 00001949    80 FUNC    WEAK   DEFAULT    4 _ZN10RpcDecoderILj1024EE7consumeEjj
  1127: 00004519    16 FUNC    GLOBAL DEFAULT    4 _ZN7arduino6StringaSEOS0_
  1128: 000046b1    10 FUNC    GLOBAL DEFAULT    4 __aeabi_l2f
  1129: 000015f5   160 FUNC    WEAK   DEFAULT    4 _ZN7arduino7msgpack8Unpacker11deserializeIjJRNS_6StringEEEEbRT_DpOT0_
  1130: 00000000     0 NOTYPE  WEAK   DEFAULT  UND __device_dts_ord_100
  1131: 00000919    32 FUNC    WEAK   DEFAULT    4 _ZNK7arduino7msgpack8Unpacker11getRawBytesIaEET_jj
  1132: 00000000     0 NOTYPE  WEAK   DEFAULT  UND __device_dts_ord_114
  1133: 000050f5    24 FUNC    WEAK   DEFAULT    4 _ZNSs7_M_copyEPcPKcj
  1134: 00003839   292 FUNC    WEAK   DEFAULT    4 _ZN7RpcCallIJRN7arduino6StringEEED2Ev
  1135: 00004689    10 FUNC    GLOBAL DEFAULT    4 __aeabi_l2d
  1136: 00000430    12 OBJECT  GLOBAL DEFAULT    1 _ZTIN10__cxxabiv117__class_type_infoE
  1137: 0000400d   280 FUNC    WEAK   DEFAULT    4 _ZN7RpcCallIJRjEED2Ev
  1138: 000048a1    28 FUNC    GLOBAL DEFAULT    4 micros
  1139: 00000611    52 FUNC    WEAK   DEFAULT    4 _ZNK7arduino7msgpack8Unpacker11getRawBytesIjEET_jj
  1140: 00000000     0 NOTYPE  GLOBAL DEFAULT  UND __real_free
  1141: 000015b1    68 FUNC    WEAK   DEFAULT    4 _ZN7arduino7msgpack8Unpacker11deserializeINS0_4type9ArraySizeEJRiEEEbRT_DpOT0_
  1142: 000046bb    10 FUNC    GLOBAL DEFAULT    4 __aeabi_ul2f
  1143: 00002805   104 FUNC    WEAK   DEFAULT    4 _ZN7arduino7msgpack8Unpacker11deserializeIbJEEEbRT_DpOT0_
  1144: 00004645     8 FUNC    GLOBAL DEFAULT    4 strcmp
  1145: 00002251   316 FUNC    WEAK   DEFAULT    4 _ZN10RpcDecoderILj1024EE12parse_packetEv
  1146: 0000510d    10 FUNC    WEAK   DEFAULT    4 _ZNSs13_S_copy_charsEPcPKcS1_
  1147: 000049c1    52 FUNC    GLOBAL DEFAULT    4 _ZN7arduino12ZephyrSerial9availableEv
  1148: 00004c59    44 FUNC    WEAK   DEFAULT    4 _ZN7arduino12ZephyrSerial18ZephyrSerialBufferILi1024EEC1Ev
  1149: 00003839   292 FUNC    WEAK   DEFAULT    4 _ZN7RpcCallIJRN7arduino6StringEEED1Ev
  1150: 00004445    60 FUNC    GLOBAL DEFAULT    4 _ZN7arduino6String4copyEPKcj
  1151: 00001025    28 FUNC    WEAK   DEFAULT    4 _ZN7arduino7msgpack6Packer15packRawReversedIjEEvRKT_
  1152: 00000039    22 FUNC    WEAK   DEFAULT    4 _ZN7arduino7msgpack8Unpacker11deserializeEv
  1153: 00001755   500 FUNC    WEAK   DEFAULT    4 _ZN9RPCServer15process_requestILj256EEEvR10RPCRequestIXT_EE
  1154: 00000000     0 NOTYPE  GLOBAL DEFAULT  UND pinctrl_lookup_state
  1155: 00000cc9    44 FUNC    WEAK   DEFAULT    4 _ZN10RPCRequestILj256EED1Ev
  1156: 00005351    48 FUNC    GLOBAL DEFAULT    4 _ZNKSt3_V214error_category10_M_messageB5cxx11Ei
  1157: 00004ead    20 FUNC    GLOBAL DEFAULT    4 _ZN10__cxxabiv120__si_class_type_infoD0Ev
  1158: 00003860    40 OBJECT  WEAK   DEFAULT    9 _ZN12RouterBridge3HCIE
  1159: 00004fd1    36 FUNC    GLOBAL DEFAULT    4 _ZNSt11logic_errorD2Ev
  1160: 000009ad    44 FUNC    WEAK   DEFAULT    4 _ZNK7arduino7msgpack8Unpacker13isTimestamp64Ev
  1161: 00003b28   352 OBJECT  GLOBAL DEFAULT    9 Bridge
  1162: 000003fb    16 OBJECT  GLOBAL DEFAULT    3 _ZTSSt11logic_error
  1163: 00004fd1    36 FUNC    GLOBAL DEFAULT    4 _ZNSt11logic_errorD1Ev
  1164: 000046d1     8 FUNC    GLOBAL DEFAULT    4 atexit
  1165: 00001c0d   376 FUNC    WEAK   DEFAULT    4 _ZN7arduino7msgpack8Unpacker9unpackExtEv
  1166: 00000891    58 FUNC    WEAK   DEFAULT    4 _ZNK7arduino7msgpack8Unpacker11getRawBytesIyEET_jj
  1167: 00000000     0 NOTYPE  GLOBAL DEFAULT  UND _device_list_start
  1168: 00004605    40 FUNC    GLOBAL DEFAULT    4 _ZNK7arduino6String6equalsEPKc
  1169: 00005321    20 FUNC    GLOBAL DEFAULT    4 _ZNKSt3_V214error_category10equivalentERKSt10error_codei
  1170: 00000cc9    44 FUNC    WEAK   DEFAULT    4 _ZN10RPCRequestILj256EED2Ev
  1171: 00000000     0 NOTYPE  GLOBAL DEFAULT  UND __real___aeabi_ul2f
  1172: 000043d1    20 FUNC    GLOBAL DEFAULT    4 _ZN7arduino6StringD2Ev
  1173: 00001aed   288 FUNC    WEAK   DEFAULT    4 _ZN7arduino7msgpack6object3extC1EaPKhj
  1174: 00000171   108 FUNC    GLOBAL DEFAULT    4 setup
  1175: 00003d61   684 FUNC    WEAK   DEFAULT    4 _ZN7RpcCallIJRjEE6resultISt6vectorIhSaIhEEEEbRT_
  1176: 000000fd    56 FUNC    GLOBAL DEFAULT    4 _Z11storeSamplejRKN2p010GpioSampleE
  1177: 000048c7    10 FUNC    WEAK   DEFAULT    4 _ZN7arduino12ZephyrSerial5beginEm
  1178: 000025ad    68 FUNC    WEAK   DEFAULT    4 _Z10__loopHookv
  1179: 00000cb1    24 FUNC    WEAK   DEFAULT    4 _ZNSt12_Vector_baseIjSaIjEED2Ev
  1180: 00000000     0 NOTYPE  GLOBAL DEFAULT  UND __real___aeabi_ul2d
  1181: 000054e1    20 FUNC    GLOBAL DEFAULT    4 _ZN10__cxxabiv117__class_type_infoD2Ev
  1182: 0000040b    17 OBJECT  GLOBAL DEFAULT    3 _ZTSSt12length_error
  1183: 00004529    48 FUNC    GLOBAL DEFAULT    4 _ZN7arduino6StringaSEPKc
  1184: 00000008     0 TLS     GLOBAL DEFAULT  ABS _rand_next
  1185: 000009d9    64 FUNC    WEAK   DEFAULT    4 _ZNK7arduino7msgpack8Unpacker13isTimestamp96Ev
  1186: 0000436d    12 FUNC    GLOBAL DEFAULT    4 __cxa_allocate_exception
  1187: 000038dc     4 OBJECT  WEAK   DEFAULT    9 _ZZN8RpcUtils6detail12unpackObjectERN7arduino7msgpack8UnpackerEE7integer
  1188: 0000043c    12 OBJECT  GLOBAL DEFAULT    1 _ZTIN10__cxxabiv120__si_class_type_infoE
  1189: 00000cf5   152 FUNC    WEAK   DEFAULT    4 _ZNSt6vectorIjSaIjEE17_M_realloc_appendIJRjEEEvDpOT_
  1190: 00000cb1    24 FUNC    WEAK   DEFAULT    4 _ZNSt12_Vector_baseIjSaIjEED1Ev
  1191: 00000000     0 NOTYPE  GLOBAL DEFAULT  UND __device_dts_ord_66
  1192: 00000000     0 NOTYPE  GLOBAL DEFAULT  UND __real_strlen
  1193: 0000264d     2 FUNC    WEAK   DEFAULT    4 _ZN7arduino5Print5flushEv
  1194: 00000000     0 NOTYPE  GLOBAL DEFAULT  UND __device_dts_ord_94
  1195: 00004945    72 FUNC    GLOBAL DEFAULT    4 _ZN7arduino12ZephyrSerial4peekEv
  1196: 00000551    72 FUNC    WEAK   DEFAULT    4 _ZN7arduino7msgpack8Unpacker11unpackUInt8Ev
  1197: 0000498d    52 FUNC    GLOBAL DEFAULT    4 _ZN7arduino12ZephyrSerial17availableForWriteEv
  1198: 00000221    30 FUNC    WEAK   DEFAULT    4 _ZNK7arduino7msgpack8Unpacker11getRawBytesIhEET_jj
  1199: 000043d1    20 FUNC    GLOBAL DEFAULT    4 _ZN7arduino6StringD1Ev
  1200: 00004e95     2 FUNC    GLOBAL DEFAULT    4 _ZNSt9exceptionD1Ev
  1201: 00000000     0 NOTYPE  GLOBAL DEFAULT  UND z_impl_k_mutex_unlock
  1202: 00004725     8 FUNC    GLOBAL DEFAULT    4 _Znwj
  1203: 000038c0     4 OBJECT  WEAK   DEFAULT    9 _ZGVZN8RpcUtils6detail12unpackObjectERN7arduino7msgpack8UnpackerEE6string
  1204: 0000037d    32 FUNC    WEAK   DEFAULT    4 _ZNK7arduino7msgpack8Unpacker5isMapEv
  1205: 00000000     0 NOTYPE  GLOBAL DEFAULT  UND __real_strcmp
  1206: 00000000     0 NOTYPE  GLOBAL DEFAULT  UND pinctrl_configure_pins
  1207: 00004ec1    60 FUNC    GLOBAL DEFAULT    4 _ZNK10__cxxabiv120__si_class_type_info20__do_find_public_srcEiPKvPKNS_17__class_type_infoES2_
  1208: 00004e6d    20 FUNC    GLOBAL DEFAULT    4 _ZNSt9bad_allocD1Ev
  1209: 00000000     0 NOTYPE  GLOBAL DEFAULT    6 __static_thread_data_list_start
  1210: 000050dd    24 FUNC    GLOBAL DEFAULT    4 _ZNSt12__cow_stringC2EPKcj
  1211: 00000000     0 NOTYPE  GLOBAL DEFAULT  UND __device_dts_ord_89
  1212: 00000000     0 NOTYPE  GLOBAL DEFAULT  UND __real_memset
  1213: 000044d9    40 FUNC    GLOBAL DEFAULT    4 _ZN7arduino6StringaSERKS0_
  1214: 000032d9    64 FUNC    WEAK   DEFAULT    4 _ZN9RPCClient12get_responseIN7arduino7msgpack6object5nil_tEEEbjRT_R8RpcError
  1215: 00000000     0 NOTYPE  WEAK   DEFAULT  UND __device_dts_ord_123
  1216: 00000000     0 NOTYPE  GLOBAL DEFAULT  UND __real___aeabi_f2d
  1217: 00005131    96 FUNC    WEAK   DEFAULT    4 _ZNSs4_Rep9_S_createEjjRKSaIcE
  1218: 00005119    24 FUNC    WEAK   DEFAULT    4 _ZNSs4_Rep26_M_set_length_and_sharableEj
  1219: 00000759   120 FUNC    WEAK   DEFAULT    4 _ZN7arduino7msgpack8Unpacker15unpackArraySizeEv
  1220: 00000000     0 NOTYPE  GLOBAL DEFAULT  UND ring_buf_peek
  1221: 0000463d     8 FUNC    GLOBAL DEFAULT    4 strlen
  1222: 00000494     8 OBJECT  GLOBAL DEFAULT    1 _ZTISt9type_info
  1223: 000043ad    12 FUNC    GLOBAL DEFAULT    4 __aeabi_unwind_cpp_pr1
  1224: 00000429    13 OBJECT  GLOBAL DEFAULT    3 _ZTSSt9exception
  1225: 00000000     0 NOTYPE  GLOBAL DEFAULT  UND __real___aeabi_d2f
  1226: 00000000     0 NOTYPE  GLOBAL DEFAULT  UND __device_dts_ord_90
  1227: 00004fcd     4 FUNC    GLOBAL DEFAULT    4 _ZNKSt11logic_error4whatEv
  1228: 000046a7    10 FUNC    GLOBAL DEFAULT    4 __aeabi_f2d
  1229: 00000000     0 NOTYPE  GLOBAL DEFAULT  UND z_impl_k_mutex_init
  1230: 00003065    64 FUNC    WEAK   DEFAULT    4 _ZN7arduino7msgpack8Unpacker11deserializeIjJEEEbRT_DpOT0_
  1231: 00000000     0 NOTYPE  GLOBAL DEFAULT  UND z_impl_device_deinit
  1232: 00001069    28 FUNC    WEAK   DEFAULT    4 _ZN7arduino7msgpack6Packer15packRawReversedItEEvRKT_
  1233: 0000441d    40 FUNC    GLOBAL DEFAULT    4 _ZN7arduino6String7reserveEj
  1234: 00000a19    30 FUNC    WEAK   DEFAULT    4 _ZNK7arduino7msgpack8Unpacker11getRawBytesIcEET_jj
  1235: 00005191     4 FUNC    WEAK   DEFAULT    4 _ZNSs4_Rep10_M_destroyERKSaIcE
  1236: 00004249    68 FUNC    WEAK   DEFAULT    4 _ZN13BridgeMonitorILj512EE9availableEv
  1237: 00000000     0 NOTYPE  WEAK   DEFAULT  UND __device_dts_ord_34
  1238: 00000000     0 NOTYPE  GLOBAL DEFAULT  UND __device_dts_ord_92
  1239: 00000460     8 OBJECT  GLOBAL DEFAULT    1 _ZTINSt3_V214error_categoryE
  1240: 000050a1    40 FUNC    GLOBAL DEFAULT    4 _ZNSt11logic_errorC1EPKc
  1241: 00000000     0 NOTYPE  GLOBAL DEFAULT  UND __device_dts_ord_78
  1242: 000004bd    76 FUNC    WEAK   DEFAULT    4 _ZN7arduino7msgpack8Unpacker10unpackInt5Ev
  1243: 00004481    44 FUNC    GLOBAL DEFAULT    4 _ZN7arduino6StringC2EPKc
  1244: 00005499    10 FUNC    GLOBAL DEFAULT    4 __aeabi_atexit
  1245: 00004fa1    44 FUNC    GLOBAL DEFAULT    4 _ZNKSt9type_infoeqERKS_
  1246: 000051cb    12 FUNC    WEAK   DEFAULT    4 _ZNKSt7__cxx1112basic_stringIcSt11char_traitsIcESaIcEE11_M_is_localEv
  1247: 00000645   276 FUNC    WEAK   DEFAULT    4 _ZNK7arduino7msgpack8Unpacker14getElementSizeEj
  1248: 0000049c    36 OBJECT  WEAK   DEFAULT    1 _ZTV13BridgeMonitorILj512EE
  1249: 00000000     0 NOTYPE  GLOBAL DEFAULT  UND __real_memcpy
  1250: 000038c4    12 OBJECT  WEAK   DEFAULT    9 _ZZN8RpcUtils6detail12unpackObjectERN7arduino7msgpack8UnpackerEE6string
  1251: 000026a1   108 FUNC    WEAK   DEFAULT    4 _ZN13BridgeMonitorILj512EE4readEv
  1252: 00000000     0 NOTYPE  GLOBAL DEFAULT  UND __device_dts_ord_95
  1253: 0000466d     8 FUNC    GLOBAL DEFAULT    4 free
  1254: 000054f5    20 FUNC    GLOBAL DEFAULT    4 _ZN10__cxxabiv117__class_type_infoD0Ev
  1255: 00003d2d    52 FUNC    WEAK   DEFAULT    4 _ZN7RpcCallIJRjEE7isErrorEv
  1256: 000044f4  2156 OBJECT  GLOBAL DEFAULT    9 Serial2
  1257: 000045b5    48 FUNC    GLOBAL DEFAULT    4 _ZNK7arduino6String9compareToERKS0_
