
Symbol table '.symtab' contains 1240 entries:
   Num:    Value  Size Type    Bind   Vis      Ndx Name
     0: 00000000     0 NOTYPE  LOCAL  DEFAULT  UND 
     1: 00000000     0 SECTION LOCAL  DEFAULT    1 .rodata
     2: 00000000     0 SECTION LOCAL  DEFAULT    3 .llext.rodata.noreloc
     3: 00000000     0 SECTION LOCAL  DEFAULT    7 .data
     4: 00004b1c     0 NOTYPE  LOCAL  DEFAULT    4 $t
     5: 00004b1d   212 FUNC    LOCAL  DEFAULT    4 _ZN6zephyr7arduinoL29init_device_with_dependenciesEPK6device
     6: 00004bd4     0 NOTYPE  LOCAL  DEFAULT    4 $d
     7: 00000000   136 OBJECT  LOCAL  DEFAULT    1 _ZN6zephyr7arduinoL11pinctrl_mapE
     8: 00004bf0     0 NOTYPE  LOCAL  DEFAULT    4 $t
     9: 00004bfc     0 NOTYPE  LOCAL  DEFAULT    4 $d
    10: 00000000     0 NOTYPE  LOCAL  DEFAULT    1 $d
    11: 000001b0     8 OBJECT  LOCAL  DEFAULT    1 _ZN6zephyr7arduinoL39__pinctrl_dev_config__device_dts_ord_73E
    12: 000001a8     8 OBJECT  LOCAL  DEFAULT    1 _ZN6zephyr7arduinoL39__pinctrl_dev_config__device_dts_ord_70E
    13: 000001b8     8 OBJECT  LOCAL  DEFAULT    1 _ZN6zephyr7arduinoL39__pinctrl_dev_config__device_dts_ord_78E
    14: 000001c0     8 OBJECT  LOCAL  DEFAULT    1 _ZN6zephyr7arduinoL39__pinctrl_dev_config__device_dts_ord_83E
    15: 000001c8     8 OBJECT  LOCAL  DEFAULT    1 _ZN6zephyr7arduinoL39__pinctrl_dev_config__device_dts_ord_88E
    16: 00000188     8 OBJECT  LOCAL  DEFAULT    1 _ZN6zephyr7arduinoL39__pinctrl_dev_config__device_dts_ord_30E
    17: 00000190     8 OBJECT  LOCAL  DEFAULT    1 _ZN6zephyr7arduinoL39__pinctrl_dev_config__device_dts_ord_34E
    18: 00000198     8 OBJECT  LOCAL  DEFAULT    1 _ZN6zephyr7arduinoL39__pinctrl_dev_config__device_dts_ord_40E
    19: 000001f0     8 OBJECT  LOCAL  DEFAULT    1 _ZN6zephyr7arduinoL40__pinctrl_dev_config__device_dts_ord_120E
    20: 000001d0     8 OBJECT  LOCAL  DEFAULT    1 _ZN6zephyr7arduinoL40__pinctrl_dev_config__device_dts_ord_100E
    21: 000001d8     8 OBJECT  LOCAL  DEFAULT    1 _ZN6zephyr7arduinoL40__pinctrl_dev_config__device_dts_ord_105E
    22: 000001e0     8 OBJECT  LOCAL  DEFAULT    1 _ZN6zephyr7arduinoL40__pinctrl_dev_config__device_dts_ord_109E
    23: 000001e8     8 OBJECT  LOCAL  DEFAULT    1 _ZN6zephyr7arduinoL40__pinctrl_dev_config__device_dts_ord_114E
    24: 000001f8     8 OBJECT  LOCAL  DEFAULT    1 _ZN6zephyr7arduinoL40__pinctrl_dev_config__device_dts_ord_123E
    25: 00000180     8 OBJECT  LOCAL  DEFAULT    1 _ZN6zephyr7arduinoL39__pinctrl_dev_config__device_dts_ord_17E
    26: 000001a0     8 OBJECT  LOCAL  DEFAULT    1 _ZN6zephyr7arduinoL39__pinctrl_dev_config__device_dts_ord_61E
    27: 000001a0     0 NOTYPE  LOCAL  DEFAULT    1 $d
    28: 000000c0     8 OBJECT  LOCAL  DEFAULT    1 _ZN6zephyr7arduinoL35__pinctrl_states__device_dts_ord_61E
    29: 000000c0     0 NOTYPE  LOCAL  DEFAULT    1 $d
    30: 00000114    16 OBJECT  LOCAL  DEFAULT    3 _ZN6zephyr7arduinoL41__pinctrl_state_pins_0__device_dts_ord_61E
    31: 00000114     0 NOTYPE  LOCAL  DEFAULT    3 $d
    32: 00000180     0 NOTYPE  LOCAL  DEFAULT    1 $d
    33: 00000088    24 OBJECT  LOCAL  DEFAULT    1 _ZN6zephyr7arduinoL35__pinctrl_states__device_dts_ord_17E
    34: 00000088     0 NOTYPE  LOCAL  DEFAULT    1 $d
    35: 000000e4     0 OBJECT  LOCAL  DEFAULT    3 _ZN6zephyr7arduinoL41__pinctrl_state_pins_0__device_dts_ord_17E
    36: 000001a4     0 OBJECT  LOCAL  DEFAULT    3 _ZN6zephyr7arduinoL41__pinctrl_state_pins_1__device_dts_ord_17E
    37: 000001b4    48 OBJECT  LOCAL  DEFAULT    3 _ZN6zephyr7arduinoL41__pinctrl_state_pins_2__device_dts_ord_17E
    38: 000001b4     0 NOTYPE  LOCAL  DEFAULT    3 $d
    39: 000001f8     0 NOTYPE  LOCAL  DEFAULT    1 $d
    40: 00000168    24 OBJECT  LOCAL  DEFAULT    1 _ZN6zephyr7arduinoL36__pinctrl_states__device_dts_ord_123E
    41: 00000168     0 NOTYPE  LOCAL  DEFAULT    1 $d
    42: 000001e4     0 OBJECT  LOCAL  DEFAULT    3 _ZN6zephyr7arduinoL42__pinctrl_state_pins_0__device_dts_ord_123E
    43: 000001e4     0 OBJECT  LOCAL  DEFAULT    3 _ZN6zephyr7arduinoL42__pinctrl_state_pins_1__device_dts_ord_123E
    44: 0000025c     8 OBJECT  LOCAL  DEFAULT    3 _ZN6zephyr7arduinoL42__pinctrl_state_pins_2__device_dts_ord_123E
    45: 0000025c     0 NOTYPE  LOCAL  DEFAULT    3 $d
    46: 000001e8     0 NOTYPE  LOCAL  DEFAULT    1 $d
    47: 00000138    24 OBJECT  LOCAL  DEFAULT    1 _ZN6zephyr7arduinoL36__pinctrl_states__device_dts_ord_114E
    48: 00000138     0 NOTYPE  LOCAL  DEFAULT    1 $d
    49: 000001e4     0 OBJECT  LOCAL  DEFAULT    3 _ZN6zephyr7arduinoL42__pinctrl_state_pins_0__device_dts_ord_114E
    50: 000001e4     0 OBJECT  LOCAL  DEFAULT    3 _ZN6zephyr7arduinoL42__pinctrl_state_pins_1__device_dts_ord_114E
    51: 00000224    24 OBJECT  LOCAL  DEFAULT    3 _ZN6zephyr7arduinoL42__pinctrl_state_pins_2__device_dts_ord_114E
    52: 00000224     0 NOTYPE  LOCAL  DEFAULT    3 $d
    53: 000001e0     0 NOTYPE  LOCAL  DEFAULT    1 $d
    54: 00000120    24 OBJECT  LOCAL  DEFAULT    1 _ZN6zephyr7arduinoL36__pinctrl_states__device_dts_ord_109E
    55: 00000120     0 NOTYPE  LOCAL  DEFAULT    1 $d
    56: 000001e4     0 OBJECT  LOCAL  DEFAULT    3 _ZN6zephyr7arduinoL42__pinctrl_state_pins_0__device_dts_ord_109E
    57: 000001e4     0 OBJECT  LOCAL  DEFAULT    3 _ZN6zephyr7arduinoL42__pinctrl_state_pins_1__device_dts_ord_109E
    58: 00000214    16 OBJECT  LOCAL  DEFAULT    3 _ZN6zephyr7arduinoL42__pinctrl_state_pins_2__device_dts_ord_109E
    59: 00000214     0 NOTYPE  LOCAL  DEFAULT    3 $d
    60: 000001d8     0 NOTYPE  LOCAL  DEFAULT    1 $d
    61: 00000108    24 OBJECT  LOCAL  DEFAULT    1 _ZN6zephyr7arduinoL36__pinctrl_states__device_dts_ord_105E
    62: 00000108     0 NOTYPE  LOCAL  DEFAULT    1 $d
    63: 000001e4     0 OBJECT  LOCAL  DEFAULT    3 _ZN6zephyr7arduinoL42__pinctrl_state_pins_0__device_dts_ord_105E
    64: 000001e4     0 OBJECT  LOCAL  DEFAULT    3 _ZN6zephyr7arduinoL42__pinctrl_state_pins_1__device_dts_ord_105E
    65: 000001fc    24 OBJECT  LOCAL  DEFAULT    3 _ZN6zephyr7arduinoL42__pinctrl_state_pins_2__device_dts_ord_105E
    66: 000001fc     0 NOTYPE  LOCAL  DEFAULT    3 $d
    67: 000001d0     0 NOTYPE  LOCAL  DEFAULT    1 $d
    68: 000000f0    24 OBJECT  LOCAL  DEFAULT    1 _ZN6zephyr7arduinoL36__pinctrl_states__device_dts_ord_100E
    69: 000000f0     0 NOTYPE  LOCAL  DEFAULT    1 $d
    70: 000001e4     0 OBJECT  LOCAL  DEFAULT    3 _ZN6zephyr7arduinoL42__pinctrl_state_pins_0__device_dts_ord_100E
    71: 000001e4     0 OBJECT  LOCAL  DEFAULT    3 _ZN6zephyr7arduinoL42__pinctrl_state_pins_1__device_dts_ord_100E
    72: 000001e4    24 OBJECT  LOCAL  DEFAULT    3 _ZN6zephyr7arduinoL42__pinctrl_state_pins_2__device_dts_ord_100E
    73: 000001e4     0 NOTYPE  LOCAL  DEFAULT    3 $d
    74: 000001f0     0 NOTYPE  LOCAL  DEFAULT    1 $d
    75: 00000150    24 OBJECT  LOCAL  DEFAULT    1 _ZN6zephyr7arduinoL36__pinctrl_states__device_dts_ord_120E
    76: 00000150     0 NOTYPE  LOCAL  DEFAULT    1 $d
    77: 000001e4     0 OBJECT  LOCAL  DEFAULT    3 _ZN6zephyr7arduinoL42__pinctrl_state_pins_0__device_dts_ord_120E
    78: 000001e4     0 OBJECT  LOCAL  DEFAULT    3 _ZN6zephyr7arduinoL42__pinctrl_state_pins_1__device_dts_ord_120E
    79: 0000023c    32 OBJECT  LOCAL  DEFAULT    3 _ZN6zephyr7arduinoL42__pinctrl_state_pins_2__device_dts_ord_120E
    80: 0000023c     0 NOTYPE  LOCAL  DEFAULT    3 $d
    81: 00000198     0 NOTYPE  LOCAL  DEFAULT    1 $d
    82: 000000b0    16 OBJECT  LOCAL  DEFAULT    1 _ZN6zephyr7arduinoL35__pinctrl_states__device_dts_ord_40E
    83: 000000b0     0 NOTYPE  LOCAL  DEFAULT    1 $d
    84: 00000104    16 OBJECT  LOCAL  DEFAULT    3 _ZN6zephyr7arduinoL41__pinctrl_state_pins_0__device_dts_ord_40E
    85: 000001a4    16 OBJECT  LOCAL  DEFAULT    3 _ZN6zephyr7arduinoL41__pinctrl_state_pins_1__device_dts_ord_40E
    86: 000001a4     0 NOTYPE  LOCAL  DEFAULT    3 $d
    87: 00000104     0 NOTYPE  LOCAL  DEFAULT    3 $d
    88: 00000190     0 NOTYPE  LOCAL  DEFAULT    1 $d
    89: 000000a8     8 OBJECT  LOCAL  DEFAULT    1 _ZN6zephyr7arduinoL35__pinctrl_states__device_dts_ord_34E
    90: 000000a8     0 NOTYPE  LOCAL  DEFAULT    1 $d
    91: 000000f4    16 OBJECT  LOCAL  DEFAULT    3 _ZN6zephyr7arduinoL41__pinctrl_state_pins_0__device_dts_ord_34E
    92: 000000f4     0 NOTYPE  LOCAL  DEFAULT    3 $d
    93: 00000188     0 NOTYPE  LOCAL  DEFAULT    1 $d
    94: 000000a0     8 OBJECT  LOCAL  DEFAULT    1 _ZN6zephyr7arduinoL35__pinctrl_states__device_dts_ord_30E
    95: 000000a0     0 NOTYPE  LOCAL  DEFAULT    1 $d
    96: 000000e4    16 OBJECT  LOCAL  DEFAULT    3 _ZN6zephyr7arduinoL41__pinctrl_state_pins_0__device_dts_ord_30E
    97: 000000e4     0 NOTYPE  LOCAL  DEFAULT    3 $d
    98: 000001c8     0 NOTYPE  LOCAL  DEFAULT    1 $d
    99: 000000e8     8 OBJECT  LOCAL  DEFAULT    1 _ZN6zephyr7arduinoL35__pinctrl_states__device_dts_ord_88E
   100: 000000e8     0 NOTYPE  LOCAL  DEFAULT    1 $d
   101: 00000184    32 OBJECT  LOCAL  DEFAULT    3 _ZN6zephyr7arduinoL41__pinctrl_state_pins_0__device_dts_ord_88E
   102: 00000184     0 NOTYPE  LOCAL  DEFAULT    3 $d
   103: 000001c0     0 NOTYPE  LOCAL  DEFAULT    1 $d
   104: 000000e0     8 OBJECT  LOCAL  DEFAULT    1 _ZN6zephyr7arduinoL35__pinctrl_states__device_dts_ord_83E
   105: 000000e0     0 NOTYPE  LOCAL  DEFAULT    1 $d
   106: 00000164    32 OBJECT  LOCAL  DEFAULT    3 _ZN6zephyr7arduinoL41__pinctrl_state_pins_0__device_dts_ord_83E
   107: 00000164     0 NOTYPE  LOCAL  DEFAULT    3 $d
   108: 000001b8     0 NOTYPE  LOCAL  DEFAULT    1 $d
   109: 000000d8     8 OBJECT  LOCAL  DEFAULT    1 _ZN6zephyr7arduinoL35__pinctrl_states__device_dts_ord_78E
   110: 000000d8     0 NOTYPE  LOCAL  DEFAULT    1 $d
   111: 00000144    32 OBJECT  LOCAL  DEFAULT    3 _ZN6zephyr7arduinoL41__pinctrl_state_pins_0__device_dts_ord_78E
   112: 00000144     0 NOTYPE  LOCAL  DEFAULT    3 $d
   113: 000001a8     0 NOTYPE  LOCAL  DEFAULT    1 $d
   114: 000000c8     8 OBJECT  LOCAL  DEFAULT    1 _ZN6zephyr7arduinoL35__pinctrl_states__device_dts_ord_70E
   115: 000000c8     0 NOTYPE  LOCAL  DEFAULT    1 $d
   116: 00000124    16 OBJECT  LOCAL  DEFAULT    3 _ZN6zephyr7arduinoL41__pinctrl_state_pins_0__device_dts_ord_70E
   117: 00000124     0 NOTYPE  LOCAL  DEFAULT    3 $d
   118: 000001b0     0 NOTYPE  LOCAL  DEFAULT    1 $d
   119: 000000d0     8 OBJECT  LOCAL  DEFAULT    1 _ZN6zephyr7arduinoL35__pinctrl_states__device_dts_ord_73E
   120: 000000d0     0 NOTYPE  LOCAL  DEFAULT    1 $d
   121: 00000134    16 OBJECT  LOCAL  DEFAULT    3 _ZN6zephyr7arduinoL41__pinctrl_state_pins_0__device_dts_ord_73E
   122: 00000134     0 NOTYPE  LOCAL  DEFAULT    3 $d
   123: 000052be     0 NOTYPE  LOCAL  DEFAULT    4 $t
   124: 000052f0     0 NOTYPE  LOCAL  DEFAULT    4 $t
   125: 000052fc     0 NOTYPE  LOCAL  DEFAULT    4 $t
   126: 0000530c     0 NOTYPE  LOCAL  DEFAULT    4 $d
   127: 00005310     0 NOTYPE  LOCAL  DEFAULT    4 $t
   128: 00005324     0 NOTYPE  LOCAL  DEFAULT    4 $t
   129: 00005362     0 NOTYPE  LOCAL  DEFAULT    4 $t
   130: 0000537a     0 NOTYPE  LOCAL  DEFAULT    4 $t
   131: 00000200     0 NOTYPE  LOCAL  DEFAULT    1 $d
   132: 00000290     0 NOTYPE  LOCAL  DEFAULT    1 $d
   133: 00004cb4     0 NOTYPE  LOCAL  DEFAULT    4 $t
   134: 00004cc4     0 NOTYPE  LOCAL  DEFAULT    4 $d
   135: 00004cc8     0 NOTYPE  LOCAL  DEFAULT    4 $t
   136: 00004cdc     0 NOTYPE  LOCAL  DEFAULT    4 $t
   137: 00004d18     0 NOTYPE  LOCAL  DEFAULT    4 $t
   138: 00004d8c     0 NOTYPE  LOCAL  DEFAULT    4 $t
   139: 0000020c     0 NOTYPE  LOCAL  DEFAULT    1 $d
   140: 000002bc     0 NOTYPE  LOCAL  DEFAULT    1 $d
   141: 000050a8     0 NOTYPE  LOCAL  DEFAULT    4 $t
   142: 000050a9     8 FUNC    LOCAL  DEFAULT    4 _ZNK12_GLOBAL__N_122generic_error_category4nameEv
   143: 000050ac     0 NOTYPE  LOCAL  DEFAULT    4 $d
   144: 000050b0     0 NOTYPE  LOCAL  DEFAULT    4 $t
   145: 000050b1    20 FUNC    LOCAL  DEFAULT    4 _ZNK12_GLOBAL__N_122generic_error_category10equivalentEiRKSt15error_condition
   146: 000050c4     0 NOTYPE  LOCAL  DEFAULT    4 $t
   147: 000050c5     2 FUNC    LOCAL  DEFAULT    4 _ZN12_GLOBAL__N_122generic_error_categoryD2Ev
   148: 000050c5     2 FUNC    LOCAL  DEFAULT    4 _ZN12_GLOBAL__N_122generic_error_categoryD1Ev
   149: 000050c8     0 NOTYPE  LOCAL  DEFAULT    4 $t
   150: 000050c9     8 FUNC    LOCAL  DEFAULT    4 _ZNK12_GLOBAL__N_121system_error_category4nameEv
   151: 000050cc     0 NOTYPE  LOCAL  DEFAULT    4 $d
   152: 000050d0     0 NOTYPE  LOCAL  DEFAULT    4 $t
   153: 000050d1   100 FUNC    LOCAL  DEFAULT    4 _ZNK12_GLOBAL__N_121system_error_category23default_error_conditionEi
   154: 00005124     0 NOTYPE  LOCAL  DEFAULT    4 $d
   155: 00000008     4 OBJECT  LOCAL  DEFAULT    7 _ZN12_GLOBAL__N_125generic_category_instanceE
   156: 00005134     0 NOTYPE  LOCAL  DEFAULT    4 $t
   157: 00005135     2 FUNC    LOCAL  DEFAULT    4 _ZN12_GLOBAL__N_121system_error_categoryD2Ev
   158: 00005135     2 FUNC    LOCAL  DEFAULT    4 _ZN12_GLOBAL__N_121system_error_categoryD1Ev
   159: 00005136     0 NOTYPE  LOCAL  DEFAULT    4 $t
   160: 0000513c     0 NOTYPE  LOCAL  DEFAULT    4 $t
   161: 00005150     0 NOTYPE  LOCAL  DEFAULT    4 $t
   162: 00005151     2 FUNC    LOCAL  DEFAULT    4 _ZN12_GLOBAL__N_113constant_initINS_22generic_error_categoryEED2Ev
   163: 00005151     2 FUNC    LOCAL  DEFAULT    4 _ZN12_GLOBAL__N_113constant_initINS_22generic_error_categoryEED1Ev
   164: 00005152     0 NOTYPE  LOCAL  DEFAULT    4 $t
   165: 00005153     2 FUNC    LOCAL  DEFAULT    4 _ZN12_GLOBAL__N_113constant_initINS_21system_error_categoryEED2Ev
   166: 00005153     2 FUNC    LOCAL  DEFAULT    4 _ZN12_GLOBAL__N_113constant_initINS_21system_error_categoryEED1Ev
   167: 00005154     0 NOTYPE  LOCAL  DEFAULT    4 $t
   168: 00005155    12 FUNC    LOCAL  DEFAULT    4 _ZN12_GLOBAL__N_122generic_error_categoryD0Ev
   169: 00005160     0 NOTYPE  LOCAL  DEFAULT    4 $t
   170: 00005161    12 FUNC    LOCAL  DEFAULT    4 _ZN12_GLOBAL__N_121system_error_categoryD0Ev
   171: 0000516c     0 NOTYPE  LOCAL  DEFAULT    4 $t
   172: 0000519c     0 NOTYPE  LOCAL  DEFAULT    4 $t
   173: 0000519d    40 FUNC    LOCAL  DEFAULT    4 _ZNK12_GLOBAL__N_121system_error_category10equivalentEiRKSt15error_condition
   174: 000051c4     0 NOTYPE  LOCAL  DEFAULT    4 $t
   175: 000051c5   192 FUNC    LOCAL  DEFAULT    4 _ZNK12_GLOBAL__N_122generic_error_category7messageB5cxx11Ei
   176: 00005280     0 NOTYPE  LOCAL  DEFAULT    4 $d
   177: 000051c5   192 FUNC    LOCAL  DEFAULT    4 _ZNK12_GLOBAL__N_121system_error_category7messageB5cxx11Ei
   178: 00000004     4 OBJECT  LOCAL  DEFAULT    7 _ZN12_GLOBAL__N_124system_category_instanceE
   179: 00005284     0 NOTYPE  LOCAL  DEFAULT    4 $t
   180: 00005285    48 FUNC    LOCAL  DEFAULT    4 _GLOBAL__sub_I__ZSt20__throw_system_errori
   181: 000052a0     0 NOTYPE  LOCAL  DEFAULT    4 $d
   182: 0000000c     0 NOTYPE  LOCAL  DEFAULT   12 $d
   183: 00000230     0 NOTYPE  LOCAL  DEFAULT    1 $d
   184: 00000224     0 NOTYPE  LOCAL  DEFAULT    1 $d
   185: 00000224    12 OBJECT  LOCAL  DEFAULT    1 _ZTIN12_GLOBAL__N_122generic_error_categoryE
   186: 000003b8    42 OBJECT  LOCAL  DEFAULT    3 _ZTSN12_GLOBAL__N_122generic_error_categoryE
   187: 00000218     0 NOTYPE  LOCAL  DEFAULT    1 $d
   188: 00000218    12 OBJECT  LOCAL  DEFAULT    1 _ZTIN12_GLOBAL__N_121system_error_categoryE
   189: 0000038f    41 OBJECT  LOCAL  DEFAULT    3 _ZTSN12_GLOBAL__N_121system_error_categoryE
   190: 00000310     0 NOTYPE  LOCAL  DEFAULT    1 $d
   191: 00000310    40 OBJECT  LOCAL  DEFAULT    1 _ZTVN12_GLOBAL__N_122generic_error_categoryE
   192: 000002e8     0 NOTYPE  LOCAL  DEFAULT    1 $d
   193: 000002e8    40 OBJECT  LOCAL  DEFAULT    1 _ZTVN12_GLOBAL__N_121system_error_categoryE
   194: 00000004     0 NOTYPE  LOCAL  DEFAULT    7 $d
   195: 00000008     0 NOTYPE  LOCAL  DEFAULT    7 $d
   196: 00004de8     0 NOTYPE  LOCAL  DEFAULT    4 $t
   197: 00004dec     0 NOTYPE  LOCAL  DEFAULT    4 $t
   198: 00004e0c     0 NOTYPE  LOCAL  DEFAULT    4 $d
   199: 00004e10     0 NOTYPE  LOCAL  DEFAULT    4 $t
   200: 00004e24     0 NOTYPE  LOCAL  DEFAULT    4 $t
   201: 00004e34     0 NOTYPE  LOCAL  DEFAULT    4 $d
   202: 00004e38     0 NOTYPE  LOCAL  DEFAULT    4 $t
   203: 00000238     0 NOTYPE  LOCAL  DEFAULT    1 $d
   204: 00000244     0 NOTYPE  LOCAL  DEFAULT    1 $d
   205: 0000036c     0 NOTYPE  LOCAL  DEFAULT    1 $d
   206: 00000380     0 NOTYPE  LOCAL  DEFAULT    1 $d
   207: 00004c80     0 NOTYPE  LOCAL  DEFAULT    4 $t
   208: 00004c84     0 NOTYPE  LOCAL  DEFAULT    4 $d
   209: 00004c88     0 NOTYPE  LOCAL  DEFAULT    4 $t
   210: 00004c98     0 NOTYPE  LOCAL  DEFAULT    4 $d
   211: 00004c9c     0 NOTYPE  LOCAL  DEFAULT    4 $t
   212: 00000250     0 NOTYPE  LOCAL  DEFAULT    1 $d
   213: 00000394     0 NOTYPE  LOCAL  DEFAULT    1 $d
   214: 00004cb0     0 NOTYPE  LOCAL  DEFAULT    4 $t
   215: 0000025c     0 NOTYPE  LOCAL  DEFAULT    1 $d
   216: 00004db6     0 NOTYPE  LOCAL  DEFAULT    4 $t
   217: 00004db8     0 NOTYPE  LOCAL  DEFAULT    4 $t
   218: 00004dbc     0 NOTYPE  LOCAL  DEFAULT    4 $t
   219: 00000264     0 NOTYPE  LOCAL  DEFAULT    1 $d
   220: 00002550     0 NOTYPE  LOCAL  DEFAULT    4 $t
   221: 00002554     0 NOTYPE  LOCAL  DEFAULT    4 $t
   222: 00002556     0 NOTYPE  LOCAL  DEFAULT    4 $t
   223: 00002570     0 NOTYPE  LOCAL  DEFAULT    4 $t
   224: 00002571     8 FUNC    LOCAL  DEFAULT    4 k_yield
   225: 00002574     0 NOTYPE  LOCAL  DEFAULT    4 $d
   226: 00002578     0 NOTYPE  LOCAL  DEFAULT    4 $t
   227: 00002579     8 FUNC    LOCAL  DEFAULT    4 k_mutex_lock
   228: 0000257c     0 NOTYPE  LOCAL  DEFAULT    4 $d
   229: 00002580     0 NOTYPE  LOCAL  DEFAULT    4 $t
   230: 00002581    32 FUNC    LOCAL  DEFAULT    4 _ZNSt12_Vector_baseIhSaIhEE11_M_allocateEj.isra.0
   231: 00002598     0 NOTYPE  LOCAL  DEFAULT    4 $d
   232: 000025a0     0 NOTYPE  LOCAL  DEFAULT    4 $t
   233: 000025a1     8 FUNC    LOCAL  DEFAULT    4 k_mutex_unlock.isra.0
   234: 000025a4     0 NOTYPE  LOCAL  DEFAULT    4 $d
   235: 000025a8     0 NOTYPE  LOCAL  DEFAULT    4 $t
   236: 0000260c     0 NOTYPE  LOCAL  DEFAULT    4 $d
   237: 00002614     0 NOTYPE  LOCAL  DEFAULT    4 $t
   238: 00002650     0 NOTYPE  LOCAL  DEFAULT    4 $d
   239: 00002658     0 NOTYPE  LOCAL  DEFAULT    4 $t
   240: 00002659    12 FUNC    LOCAL  DEFAULT    4 k_msleep.constprop.0.isra.0
   241: 00002660     0 NOTYPE  LOCAL  DEFAULT    4 $d
   242: 00002664     0 NOTYPE  LOCAL  DEFAULT    4 $t
   243: 00002684     0 NOTYPE  LOCAL  DEFAULT    4 $d
   244: 00002690     0 NOTYPE  LOCAL  DEFAULT    4 $t
   245: 000026c8     0 NOTYPE  LOCAL  DEFAULT    4 $d
   246: 000026cc     0 NOTYPE  LOCAL  DEFAULT    4 $t
   247: 00002704     0 NOTYPE  LOCAL  DEFAULT    4 $d
   248: 0000270c     0 NOTYPE  LOCAL  DEFAULT    4 $t
   249: 00002768     0 NOTYPE  LOCAL  DEFAULT    4 $d
   250: 00002774     0 NOTYPE  LOCAL  DEFAULT    4 $t
   251: 000027a8     0 NOTYPE  LOCAL  DEFAULT    4 $d
   252: 000027b4     0 NOTYPE  LOCAL  DEFAULT    4 $t
   253: 000027b5   140 FUNC    LOCAL  DEFAULT    4 _ZNSt6vectorIhSaIhEE12emplace_backIJRKhEEERhDpOT_.isra.0
   254: 00002828     0 NOTYPE  LOCAL  DEFAULT    4 $d
   255: 00002840     0 NOTYPE  LOCAL  DEFAULT    4 $t
   256: 00002841   140 FUNC    LOCAL  DEFAULT    4 _ZNSt6vectorIhSaIhEE12emplace_backIJhEEERhDpOT_.isra.0
   257: 000028b4     0 NOTYPE  LOCAL  DEFAULT    4 $d
   258: 000028cc     0 NOTYPE  LOCAL  DEFAULT    4 $t
   259: 00002a28     0 NOTYPE  LOCAL  DEFAULT    4 $d
   260: 00002a44     0 NOTYPE  LOCAL  DEFAULT    4 $t
   261: 00002a45    24 FUNC    LOCAL  DEFAULT    4 _ZN7arduino7msgpack6Packer11packRawByteERKNS0_4TypeE.isra.0
   262: 00002a58     0 NOTYPE  LOCAL  DEFAULT    4 $d
   263: 00002a5c     0 NOTYPE  LOCAL  DEFAULT    4 $t
   264: 00002a5d   140 FUNC    LOCAL  DEFAULT    4 _ZNSt6vectorIhSaIhEE12emplace_backIJRhEEES3_DpOT_.isra.0
   265: 00002ad0     0 NOTYPE  LOCAL  DEFAULT    4 $d
   266: 00002ae8     0 NOTYPE  LOCAL  DEFAULT    4 $t
   267: 00002ae9    80 FUNC    LOCAL  DEFAULT    4 _ZN7arduino7msgpack6Packer11packIntegerIjEENSt9enable_ifIXaaaaaasrSt13is_arithmeticIT_E5valuesrSt11is_integralIS5_E5valuentsrSt7is_sameIS5_bE5valuentsrS9_INSt9remove_cvIS5_E4typeEPcE5valueEvE4typeERKS5_.isra.0
   268: 00002b28     0 NOTYPE  LOCAL  DEFAULT    4 $d
   269: 00002b38     0 NOTYPE  LOCAL  DEFAULT    4 $t
   270: 00002b39   196 FUNC    LOCAL  DEFAULT    4 _ZN7arduino7msgpack6Packer11packIntegerIiEENSt9enable_ifIXaaaaaasrSt13is_arithmeticIT_E5valuesrSt11is_integralIS5_E5valuentsrSt7is_sameIS5_bE5valuentsrS9_INSt9remove_cvIS5_E4typeEPcE5valueEvE4typeERKS5_.isra.0
   271: 00002be4     0 NOTYPE  LOCAL  DEFAULT    4 $d
   272: 00002bfc     0 NOTYPE  LOCAL  DEFAULT    4 $t
   273: 00002c64     0 NOTYPE  LOCAL  DEFAULT    4 $d
   274: 00002c78     0 NOTYPE  LOCAL  DEFAULT    4 $t
   275: 00002c79    56 FUNC    LOCAL  DEFAULT    4 _ZN7arduino7msgpack6Packer9serializeIJRKiRjRKNS_6StringEEEEvRKNS0_4type9ArraySizeEDpOT_.isra.0
   276: 00002ca0     0 NOTYPE  LOCAL  DEFAULT    4 $d
   277: 00002cb0     0 NOTYPE  LOCAL  DEFAULT    4 $t
   278: 00002cd4     0 NOTYPE  LOCAL  DEFAULT    4 $t
   279: 00002cd5   120 FUNC    LOCAL  DEFAULT    4 _ZN9RPCClient8send_rpcIJEEEbRKN7arduino6StringERjDpOT_.isra.0
   280: 00002d3c     0 NOTYPE  LOCAL  DEFAULT    4 $d
   281: 00002d4c     0 NOTYPE  LOCAL  DEFAULT    4 $t
   282: 00002d4d   136 FUNC    LOCAL  DEFAULT    4 _ZN9RPCClient8send_rpcIJRKN7arduino6StringEEEEbS4_RjDpOT_.isra.0
   283: 00002dc0     0 NOTYPE  LOCAL  DEFAULT    4 $d
   284: 00002dd4     0 NOTYPE  LOCAL  DEFAULT    4 $t
   285: 00002dd5   136 FUNC    LOCAL  DEFAULT    4 _ZN9RPCClient8send_rpcIJRKjEEEbRKN7arduino6StringERjDpOT_.isra.0
   286: 00002e48     0 NOTYPE  LOCAL  DEFAULT    4 $d
   287: 00002e5c     0 NOTYPE  LOCAL  DEFAULT    4 $t
   288: 00002ed4     0 NOTYPE  LOCAL  DEFAULT    4 $d
   289: 00002eec     0 NOTYPE  LOCAL  DEFAULT    4 $t
   290: 00002f24     0 NOTYPE  LOCAL  DEFAULT    4 $d
   291: 00002f54     0 NOTYPE  LOCAL  DEFAULT    4 $d
   292: 00002f6c     0 NOTYPE  LOCAL  DEFAULT    4 $t
   293: 00002fa4     0 NOTYPE  LOCAL  DEFAULT    4 $d
   294: 00002fac     0 NOTYPE  LOCAL  DEFAULT    4 $t
   295: 00003018     0 NOTYPE  LOCAL  DEFAULT    4 $d
   296: 00003024     0 NOTYPE  LOCAL  DEFAULT    4 $t
   297: 0000316c     0 NOTYPE  LOCAL  DEFAULT    4 $d
   298: 000031a0     0 NOTYPE  LOCAL  DEFAULT    4 $t
   299: 000031dc     0 NOTYPE  LOCAL  DEFAULT    4 $d
   300: 000031e0     0 NOTYPE  LOCAL  DEFAULT    4 $t
   301: 00003214     0 NOTYPE  LOCAL  DEFAULT    4 $d
   302: 00003220     0 NOTYPE  LOCAL  DEFAULT    4 $t
   303: 000034a4     0 NOTYPE  LOCAL  DEFAULT    4 $d
   304: 00003504     0 NOTYPE  LOCAL  DEFAULT    4 $t
   305: 0000361c     0 NOTYPE  LOCAL  DEFAULT    4 $d
   306: 00003654     0 NOTYPE  LOCAL  DEFAULT    4 $t
   307: 000036e0     0 NOTYPE  LOCAL  DEFAULT    4 $d
   308: 00003700     0 NOTYPE  LOCAL  DEFAULT    4 $t
   309: 00003734     0 NOTYPE  LOCAL  DEFAULT    4 $d
   310: 00003740     0 NOTYPE  LOCAL  DEFAULT    4 $t
   311: 00003834     0 NOTYPE  LOCAL  DEFAULT    4 $d
   312: 00003864     0 NOTYPE  LOCAL  DEFAULT    4 $t
   313: 00003aa4     0 NOTYPE  LOCAL  DEFAULT    4 $d
   314: 00003b18     0 NOTYPE  LOCAL  DEFAULT    4 $t
   315: 00003bcc     0 NOTYPE  LOCAL  DEFAULT    4 $d
   316: 00003bf4     0 NOTYPE  LOCAL  DEFAULT    4 $t
   317: 00003c28     0 NOTYPE  LOCAL  DEFAULT    4 $d
   318: 00003c34     0 NOTYPE  LOCAL  DEFAULT    4 $t
   319: 00003c60     0 NOTYPE  LOCAL  DEFAULT    4 $d
   320: 00003c68     0 NOTYPE  LOCAL  DEFAULT    4 $t
   321: 00003ea8     0 NOTYPE  LOCAL  DEFAULT    4 $d
   322: 00003f14     0 NOTYPE  LOCAL  DEFAULT    4 $t
   323: 00003ff8     0 NOTYPE  LOCAL  DEFAULT    4 $d
   324: 0000402c     0 NOTYPE  LOCAL  DEFAULT    4 $t
   325: 00004114     0 NOTYPE  LOCAL  DEFAULT    4 $d
   326: 00004150     0 NOTYPE  LOCAL  DEFAULT    4 $t
   327: 00004188     0 NOTYPE  LOCAL  DEFAULT    4 $d
   328: 00004194     0 NOTYPE  LOCAL  DEFAULT    4 $t
   329: 00004195   188 FUNC    LOCAL  DEFAULT    4 _GLOBAL__sub_I_Bridge
   330: 00004224     0 NOTYPE  LOCAL  DEFAULT    4 $d
   331: 00000004     0 NOTYPE  LOCAL  DEFAULT   12 $d
   332: 00004250     0 NOTYPE  LOCAL  DEFAULT    4 $t
   333: 00004251    32 FUNC    LOCAL  DEFAULT    4 _GLOBAL__sub_D_Bridge
   334: 00004264     0 NOTYPE  LOCAL  DEFAULT    4 $d
   335: 00000004     0 NOTYPE  LOCAL  DEFAULT   14 $d
   336: 0000026c     0 NOTYPE  LOCAL  DEFAULT    1 $d
   337: 0000103c     0 NOTYPE  LOCAL  DEFAULT    9 $d
   338: 00001040     0 NOTYPE  LOCAL  DEFAULT    9 $d
   339: 00001044     0 NOTYPE  LOCAL  DEFAULT    9 $d
   340: 00001280     0 NOTYPE  LOCAL  DEFAULT    9 $d
   341: 00002f27     0 NOTYPE  LOCAL  DEFAULT    4 $d
   342: 00002f28     0 NOTYPE  LOCAL  DEFAULT    4 $t
   343: 00000001    16 FUNC    LOCAL  DEFAULT    4 __tcf_0
   344: 00000125    20 FUNC    LOCAL  DEFAULT    4 __tcf_1
   345: 00000111    20 FUNC    LOCAL  DEFAULT    4 __tcf_2
   346: 000046d8     0 NOTYPE  LOCAL  DEFAULT    4 $t
   347: 000046d9    10 FUNC    LOCAL  DEFAULT    4 z_impl_uart_irq_tx_enable
   348: 000046e2     0 NOTYPE  LOCAL  DEFAULT    4 $t
   349: 000046ec     0 NOTYPE  LOCAL  DEFAULT    4 $t
   350: 00004704     0 NOTYPE  LOCAL  DEFAULT    4 $t
   351: 00004708     0 NOTYPE  LOCAL  DEFAULT    4 $t
   352: 00004709     8 FUNC    LOCAL  DEFAULT    4 k_sem_give
   353: 0000470c     0 NOTYPE  LOCAL  DEFAULT    4 $d
   354: 00004710     0 NOTYPE  LOCAL  DEFAULT    4 $t
   355: 00004711     8 FUNC    LOCAL  DEFAULT    4 k_sem_take.isra.0
   356: 00004714     0 NOTYPE  LOCAL  DEFAULT    4 $d
   357: 00004718     0 NOTYPE  LOCAL  DEFAULT    4 $t
   358: 00004754     0 NOTYPE  LOCAL  DEFAULT    4 $d
   359: 00004760     0 NOTYPE  LOCAL  DEFAULT    4 $t
   360: 0000479c     0 NOTYPE  LOCAL  DEFAULT    4 $d
   361: 000047a8     0 NOTYPE  LOCAL  DEFAULT    4 $t
   362: 000047d4     0 NOTYPE  LOCAL  DEFAULT    4 $d
   363: 000047dc     0 NOTYPE  LOCAL  DEFAULT    4 $t
   364: 00004808     0 NOTYPE  LOCAL  DEFAULT    4 $d
   365: 00004810     0 NOTYPE  LOCAL  DEFAULT    4 $t
   366: 000048c8     0 NOTYPE  LOCAL  DEFAULT    4 $d
   367: 000048d8     0 NOTYPE  LOCAL  DEFAULT    4 $t
   368: 000048e0     0 NOTYPE  LOCAL  DEFAULT    4 $d
   369: 000048e4     0 NOTYPE  LOCAL  DEFAULT    4 $t
   370: 0000490c     0 NOTYPE  LOCAL  DEFAULT    4 $d
   371: 00004910     0 NOTYPE  LOCAL  DEFAULT    4 $t
   372: 0000496c     0 NOTYPE  LOCAL  DEFAULT    4 $d
   373: 00004980     0 NOTYPE  LOCAL  DEFAULT    4 $t
   374: 00004a54     0 NOTYPE  LOCAL  DEFAULT    4 $d
   375: 00004a68     0 NOTYPE  LOCAL  DEFAULT    4 $t
   376: 00004a70     0 NOTYPE  LOCAL  DEFAULT    4 $d
   377: 00004a74     0 NOTYPE  LOCAL  DEFAULT    4 $t
   378: 00004a9c     0 NOTYPE  LOCAL  DEFAULT    4 $d
   379: 00004aa0     0 NOTYPE  LOCAL  DEFAULT    4 $t
   380: 00004aa1   124 FUNC    LOCAL  DEFAULT    4 _GLOBAL__sub_I__ZN7arduino12ZephyrSerial5beginEmt
   381: 00004afc     0 NOTYPE  LOCAL  DEFAULT    4 $d
   382: 00000008     0 NOTYPE  LOCAL  DEFAULT   12 $d
   383: 00000338     0 NOTYPE  LOCAL  DEFAULT    1 $d
   384: 000013e0     0 NOTYPE  LOCAL  DEFAULT    9 $d
   385: 00001c4c     0 NOTYPE  LOCAL  DEFAULT    9 $d
   386: 000024b8     0 NOTYPE  LOCAL  DEFAULT    9 $d
   387: 00000000     0 NOTYPE  LOCAL  DEFAULT    4 $t
   388: 00000001    16 FUNC    LOCAL  DEFAULT    4 __tcf_0
   389: 00000008     0 NOTYPE  LOCAL  DEFAULT    4 $d
   390: 00000010     0 NOTYPE  LOCAL  DEFAULT    4 $t
   391: 00000011    32 FUNC    LOCAL  DEFAULT    4 _ZNSt12_Vector_baseIhSaIhEE11_M_allocateEj.isra.0
   392: 00000028     0 NOTYPE  LOCAL  DEFAULT    4 $d
   393: 00000030     0 NOTYPE  LOCAL  DEFAULT    4 $t
   394: 00000031     8 FUNC    LOCAL  DEFAULT    4 k_mutex_unlock.isra.0
   395: 00000034     0 NOTYPE  LOCAL  DEFAULT    4 $d
   396: 00000038     0 NOTYPE  LOCAL  DEFAULT    4 $t
   397: 0000004e     0 NOTYPE  LOCAL  DEFAULT    4 $t
   398: 0000006c     0 NOTYPE  LOCAL  DEFAULT    4 $t
   399: 00000078     0 NOTYPE  LOCAL  DEFAULT    4 $d
   400: 00000080     0 NOTYPE  LOCAL  DEFAULT    4 $t
   401: 000000e0     0 NOTYPE  LOCAL  DEFAULT    4 $d
   402: 000000f8     0 NOTYPE  LOCAL  DEFAULT    4 $t
   403: 0000010c     0 NOTYPE  LOCAL  DEFAULT    4 $d
   404: 00000110     0 NOTYPE  LOCAL  DEFAULT    4 $t
   405: 00000111    20 FUNC    LOCAL  DEFAULT    4 __tcf_2
   406: 0000011c     0 NOTYPE  LOCAL  DEFAULT    4 $d
   407: 00000124     0 NOTYPE  LOCAL  DEFAULT    4 $t
   408: 00000125    20 FUNC    LOCAL  DEFAULT    4 __tcf_1
   409: 00000130     0 NOTYPE  LOCAL  DEFAULT    4 $d
   410: 00000138     0 NOTYPE  LOCAL  DEFAULT    4 $t
   411: 00000158     0 NOTYPE  LOCAL  DEFAULT    4 $t
   412: 000001a8     0 NOTYPE  LOCAL  DEFAULT    4 $d
   413: 000001ac     0 NOTYPE  LOCAL  DEFAULT    4 $t
   414: 000001b8     0 NOTYPE  LOCAL  DEFAULT    4 $d
   415: 000001bc     0 NOTYPE  LOCAL  DEFAULT    4 $t
   416: 00000210     0 NOTYPE  LOCAL  DEFAULT    4 $d
   417: 00000214     0 NOTYPE  LOCAL  DEFAULT    4 $t
   418: 00000270     0 NOTYPE  LOCAL  DEFAULT    4 $d
   419: 00000274     0 NOTYPE  LOCAL  DEFAULT    4 $t
   420: 00000290     0 NOTYPE  LOCAL  DEFAULT    4 $d
   421: 00000294     0 NOTYPE  LOCAL  DEFAULT    4 $t
   422: 000002b0     0 NOTYPE  LOCAL  DEFAULT    4 $d
   423: 000002b4     0 NOTYPE  LOCAL  DEFAULT    4 $t
   424: 00000304     0 NOTYPE  LOCAL  DEFAULT    4 $d
   425: 00000308     0 NOTYPE  LOCAL  DEFAULT    4 $t
   426: 00000360     0 NOTYPE  LOCAL  DEFAULT    4 $d
   427: 00000368     0 NOTYPE  LOCAL  DEFAULT    4 $t
   428: 000003c8     0 NOTYPE  LOCAL  DEFAULT    4 $d
   429: 000003d4     0 NOTYPE  LOCAL  DEFAULT    4 $t
   430: 00000418     0 NOTYPE  LOCAL  DEFAULT    4 $d
   431: 00000420     0 NOTYPE  LOCAL  DEFAULT    4 $t
   432: 00000460     0 NOTYPE  LOCAL  DEFAULT    4 $d
   433: 00000468     0 NOTYPE  LOCAL  DEFAULT    4 $t
   434: 000004a8     0 NOTYPE  LOCAL  DEFAULT    4 $d
   435: 000004b0     0 NOTYPE  LOCAL  DEFAULT    4 $t
   436: 000004e0     0 NOTYPE  LOCAL  DEFAULT    4 $t
   437: 00000520     0 NOTYPE  LOCAL  DEFAULT    4 $d
   438: 00000528     0 NOTYPE  LOCAL  DEFAULT    4 $t
   439: 0000055c     0 NOTYPE  LOCAL  DEFAULT    4 $t
   440: 00000574     0 NOTYPE  LOCAL  DEFAULT    4 $d
   441: 00000660     0 NOTYPE  LOCAL  DEFAULT    4 $d
   442: 00000670     0 NOTYPE  LOCAL  DEFAULT    4 $t
   443: 000006d8     0 NOTYPE  LOCAL  DEFAULT    4 $d
   444: 000006e8     0 NOTYPE  LOCAL  DEFAULT    4 $t
   445: 00000728     0 NOTYPE  LOCAL  DEFAULT    4 $d
   446: 00000730     0 NOTYPE  LOCAL  DEFAULT    4 $t
   447: 00000798     0 NOTYPE  LOCAL  DEFAULT    4 $d
   448: 000007a8     0 NOTYPE  LOCAL  DEFAULT    4 $t
   449: 000007e4     0 NOTYPE  LOCAL  DEFAULT    4 $t
   450: 00000828     0 NOTYPE  LOCAL  DEFAULT    4 $d
   451: 00000830     0 NOTYPE  LOCAL  DEFAULT    4 $t
   452: 00000850     0 NOTYPE  LOCAL  DEFAULT    4 $t
   453: 00000890     0 NOTYPE  LOCAL  DEFAULT    4 $d
   454: 00000898     0 NOTYPE  LOCAL  DEFAULT    4 $t
   455: 000008bc     0 NOTYPE  LOCAL  DEFAULT    4 $d
   456: 000008c4     0 NOTYPE  LOCAL  DEFAULT    4 $t
   457: 000008e8     0 NOTYPE  LOCAL  DEFAULT    4 $d
   458: 000008f0     0 NOTYPE  LOCAL  DEFAULT    4 $t
   459: 00000924     0 NOTYPE  LOCAL  DEFAULT    4 $d
   460: 00000930     0 NOTYPE  LOCAL  DEFAULT    4 $t
   461: 00000950     0 NOTYPE  LOCAL  DEFAULT    4 $t
   462: 00000988     0 NOTYPE  LOCAL  DEFAULT    4 $d
   463: 00000990     0 NOTYPE  LOCAL  DEFAULT    4 $t
   464: 00000ad8     0 NOTYPE  LOCAL  DEFAULT    4 $d
   465: 00000b04     0 NOTYPE  LOCAL  DEFAULT    4 $t
   466: 00000bb0     0 NOTYPE  LOCAL  DEFAULT    4 $d
   467: 00000bc8     0 NOTYPE  LOCAL  DEFAULT    4 $t
   468: 00000bdc     0 NOTYPE  LOCAL  DEFAULT    4 $d
   469: 00000be0     0 NOTYPE  LOCAL  DEFAULT    4 $t
   470: 00000c00     0 NOTYPE  LOCAL  DEFAULT    4 $d
   471: 00000c0c     0 NOTYPE  LOCAL  DEFAULT    4 $t
   472: 00000c8c     0 NOTYPE  LOCAL  DEFAULT    4 $d
   473: 00000ca4     0 NOTYPE  LOCAL  DEFAULT    4 $t
   474: 00000d10     0 NOTYPE  LOCAL  DEFAULT    4 $d
   475: 00000d1c     0 NOTYPE  LOCAL  DEFAULT    4 $t
   476: 00000d50     0 NOTYPE  LOCAL  DEFAULT    4 $d
   477: 00000d54     0 NOTYPE  LOCAL  DEFAULT    4 $t
   478: 00000d55   140 FUNC    LOCAL  DEFAULT    4 _ZNSt6vectorIhSaIhEE12emplace_backIJhEEERhDpOT_.isra.0
   479: 00000dc8     0 NOTYPE  LOCAL  DEFAULT    4 $d
   480: 00000de0     0 NOTYPE  LOCAL  DEFAULT    4 $t
   481: 00000de1    24 FUNC    LOCAL  DEFAULT    4 _ZN7arduino7msgpack6Packer11packRawByteERKNS0_4TypeE.isra.0
   482: 00000df4     0 NOTYPE  LOCAL  DEFAULT    4 $d
   483: 00000df8     0 NOTYPE  LOCAL  DEFAULT    4 $t
   484: 00000df9   140 FUNC    LOCAL  DEFAULT    4 _ZNSt6vectorIhSaIhEE12emplace_backIJRKhEEERhDpOT_.isra.0
   485: 00000e6c     0 NOTYPE  LOCAL  DEFAULT    4 $d
   486: 00000e84     0 NOTYPE  LOCAL  DEFAULT    4 $t
   487: 00000ea8     0 NOTYPE  LOCAL  DEFAULT    4 $d
   488: 00000eb0     0 NOTYPE  LOCAL  DEFAULT    4 $t
   489: 00000eb1   140 FUNC    LOCAL  DEFAULT    4 _ZNSt6vectorIhSaIhEE12emplace_backIJRhEEES3_DpOT_.isra.0
   490: 00000f24     0 NOTYPE  LOCAL  DEFAULT    4 $d
   491: 00000f3c     0 NOTYPE  LOCAL  DEFAULT    4 $t
   492: 00000f54     0 NOTYPE  LOCAL  DEFAULT    4 $d
   493: 00000f58     0 NOTYPE  LOCAL  DEFAULT    4 $t
   494: 00000f78     0 NOTYPE  LOCAL  DEFAULT    4 $d
   495: 00000f80     0 NOTYPE  LOCAL  DEFAULT    4 $t
   496: 00000f98     0 NOTYPE  LOCAL  DEFAULT    4 $d
   497: 00000f9c     0 NOTYPE  LOCAL  DEFAULT    4 $t
   498: 00000fe4     0 NOTYPE  LOCAL  DEFAULT    4 $d
   499: 00000ff4     0 NOTYPE  LOCAL  DEFAULT    4 $t
   500: 00001018     0 NOTYPE  LOCAL  DEFAULT    4 $d
   501: 00001020     0 NOTYPE  LOCAL  DEFAULT    4 $t
   502: 00001021   196 FUNC    LOCAL  DEFAULT    4 _ZN7arduino7msgpack6Packer11packIntegerIiEENSt9enable_ifIXaaaaaasrSt13is_arithmeticIT_E5valuesrSt11is_integralIS5_E5valuentsrSt7is_sameIS5_bE5valuentsrS9_INSt9remove_cvIS5_E4typeEPcE5valueEvE4typeERKS5_.isra.0
   503: 000010cc     0 NOTYPE  LOCAL  DEFAULT    4 $d
   504: 000010e4     0 NOTYPE  LOCAL  DEFAULT    4 $t
   505: 0000116c     0 NOTYPE  LOCAL  DEFAULT    4 $d
   506: 00001184     0 NOTYPE  LOCAL  DEFAULT    4 $t
   507: 000011bc     0 NOTYPE  LOCAL  DEFAULT    4 $d
   508: 00001228     0 NOTYPE  LOCAL  DEFAULT    4 $d
   509: 00001254     0 NOTYPE  LOCAL  DEFAULT    4 $t
   510: 0000128c     0 NOTYPE  LOCAL  DEFAULT    4 $d
   511: 00001294     0 NOTYPE  LOCAL  DEFAULT    4 $t
   512: 000012ce     0 NOTYPE  LOCAL  DEFAULT    4 $d
   513: 00001368     0 NOTYPE  LOCAL  DEFAULT    4 $d
   514: 000013b0     0 NOTYPE  LOCAL  DEFAULT    4 $t
   515: 000013ea     0 NOTYPE  LOCAL  DEFAULT    4 $d
   516: 00001478     0 NOTYPE  LOCAL  DEFAULT    4 $d
   517: 000014c8     0 NOTYPE  LOCAL  DEFAULT    4 $t
   518: 00001504     0 NOTYPE  LOCAL  DEFAULT    4 $d
   519: 0000150c     0 NOTYPE  LOCAL  DEFAULT    4 $t
   520: 00001550     0 NOTYPE  LOCAL  DEFAULT    4 $d
   521: 00001590     0 NOTYPE  LOCAL  DEFAULT    4 $d
   522: 000015ac     0 NOTYPE  LOCAL  DEFAULT    4 $t
   523: 0000164c     0 NOTYPE  LOCAL  DEFAULT    4 $d
   524: 0000166c     0 NOTYPE  LOCAL  DEFAULT    4 $t
   525: 0000181c     0 NOTYPE  LOCAL  DEFAULT    4 $d
   526: 00001860     0 NOTYPE  LOCAL  DEFAULT    4 $t
   527: 000018b0     0 NOTYPE  LOCAL  DEFAULT    4 $t
   528: 000018d8     0 NOTYPE  LOCAL  DEFAULT    4 $d
   529: 000018dc     0 NOTYPE  LOCAL  DEFAULT    4 $t
   530: 0000198c     0 NOTYPE  LOCAL  DEFAULT    4 $d
   531: 000019b4     0 NOTYPE  LOCAL  DEFAULT    4 $t
   532: 000019d8     0 NOTYPE  LOCAL  DEFAULT    4 $d
   533: 000019dc     0 NOTYPE  LOCAL  DEFAULT    4 $t
   534: 00001a00     0 NOTYPE  LOCAL  DEFAULT    4 $d
   535: 00001a04     0 NOTYPE  LOCAL  DEFAULT    4 $t
   536: 00001afc     0 NOTYPE  LOCAL  DEFAULT    4 $d
   537: 00001b24     0 NOTYPE  LOCAL  DEFAULT    4 $t
   538: 00001b5e     0 NOTYPE  LOCAL  DEFAULT    4 $d
   539: 00001b70     0 NOTYPE  LOCAL  DEFAULT    4 $t
   540: 00001c80     0 NOTYPE  LOCAL  DEFAULT    4 $d
   541: 00001c9c     0 NOTYPE  LOCAL  DEFAULT    4 $t
   542: 00001f00     0 NOTYPE  LOCAL  DEFAULT    4 $d
   543: 00001f60     0 NOTYPE  LOCAL  DEFAULT    4 $t
   544: 00002110     0 NOTYPE  LOCAL  DEFAULT    4 $d
   545: 00002168     0 NOTYPE  LOCAL  DEFAULT    4 $t
   546: 00002288     0 NOTYPE  LOCAL  DEFAULT    4 $d
   547: 000022a4     0 NOTYPE  LOCAL  DEFAULT    4 $t
   548: 0000238c     0 NOTYPE  LOCAL  DEFAULT    4 $d
   549: 000023a8     0 NOTYPE  LOCAL  DEFAULT    4 $t
   550: 00002494     0 NOTYPE  LOCAL  DEFAULT    4 $d
   551: 000024c4     0 NOTYPE  LOCAL  DEFAULT    4 $t
   552: 000024f0     0 NOTYPE  LOCAL  DEFAULT    4 $d
   553: 00002508     0 NOTYPE  LOCAL  DEFAULT    4 $t
   554: 00002509    40 FUNC    LOCAL  DEFAULT    4 _GLOBAL__sub_I_p0Samples
   555: 00002524     0 NOTYPE  LOCAL  DEFAULT    4 $d
   556: 00000000     0 NOTYPE  LOCAL  DEFAULT   12 $d
   557: 00002530     0 NOTYPE  LOCAL  DEFAULT    4 $t
   558: 00002531    32 FUNC    LOCAL  DEFAULT    4 _GLOBAL__sub_D_p0Samples
   559: 00002544     0 NOTYPE  LOCAL  DEFAULT    4 $d
   560: 00000000     0 NOTYPE  LOCAL  DEFAULT   14 $d
   561: 00000000     0 NOTYPE  LOCAL  DEFAULT    9 $d
   562: 00000004     0 NOTYPE  LOCAL  DEFAULT    9 $d
   563: 00000008     0 NOTYPE  LOCAL  DEFAULT    9 $d
   564: 00000fac     0 NOTYPE  LOCAL  DEFAULT    9 $d
   565: 00000fb0     0 NOTYPE  LOCAL  DEFAULT    9 $d
   566: 00000fb4     0 NOTYPE  LOCAL  DEFAULT    9 $d
   567: 00000fb8     0 NOTYPE  LOCAL  DEFAULT    9 $d
   568: 00000fe0     0 NOTYPE  LOCAL  DEFAULT    9 $d
   569: 00000ff0     0 NOTYPE  LOCAL  DEFAULT    9 $d
   570: 00000ff4     0 NOTYPE  LOCAL  DEFAULT    9 $d
   571: 00001000     0 NOTYPE  LOCAL  DEFAULT    9 $d
   572: 00001004     0 NOTYPE  LOCAL  DEFAULT    9 $d
   573: 00001008     0 NOTYPE  LOCAL  DEFAULT    9 $d
   574: 0000100c     0 NOTYPE  LOCAL  DEFAULT    9 $d
   575: 00001018     0 NOTYPE  LOCAL  DEFAULT    9 $d
   576: 0000101c     0 NOTYPE  LOCAL  DEFAULT    9 $d
   577: 00001028     0 NOTYPE  LOCAL  DEFAULT    9 $d
   578: 00001030     0 NOTYPE  LOCAL  DEFAULT    9 $d
   579: 00001034     0 NOTYPE  LOCAL  DEFAULT    9 $d
   580: 00001038     0 NOTYPE  LOCAL  DEFAULT    9 $d
   581: 00001039     0 NOTYPE  LOCAL  DEFAULT    9 $d
   582: 000005d5     0 NOTYPE  LOCAL  DEFAULT    4 $d
   583: 000005d6     0 NOTYPE  LOCAL  DEFAULT    4 $t
   584: 000011d1     0 NOTYPE  LOCAL  DEFAULT    4 $d
   585: 000011d2     0 NOTYPE  LOCAL  DEFAULT    4 $t
   586: 000012e5     0 NOTYPE  LOCAL  DEFAULT    4 $d
   587: 000012e6     0 NOTYPE  LOCAL  DEFAULT    4 $t
   588: 00001401     0 NOTYPE  LOCAL  DEFAULT    4 $d
   589: 00001402     0 NOTYPE  LOCAL  DEFAULT    4 $t
   590: 00001553     0 NOTYPE  LOCAL  DEFAULT    4 $d
   591: 00001554     0 NOTYPE  LOCAL  DEFAULT    4 $t
   592: 00004e4c     0 NOTYPE  LOCAL  DEFAULT    4 $t
   593: 00004e4d    76 FUNC    LOCAL  DEFAULT    4 _ZNSs12_S_constructIPKcEEPcT_S3_RKSaIcESt20forward_iterator_tag.isra.0
   594: 00004e90     0 NOTYPE  LOCAL  DEFAULT    4 $d
   595: 00004e98     0 NOTYPE  LOCAL  DEFAULT    4 $t
   596: 00004e99    36 FUNC    LOCAL  DEFAULT    4 _ZNSsC2EPKcRKSaIcE.isra.0
   597: 00004ebc     0 NOTYPE  LOCAL  DEFAULT    4 $t
   598: 00004ee0     0 NOTYPE  LOCAL  DEFAULT    4 $d
   599: 00004ee4     0 NOTYPE  LOCAL  DEFAULT    4 $t
   600: 00004ef4     0 NOTYPE  LOCAL  DEFAULT    4 $d
   601: 00004ef8     0 NOTYPE  LOCAL  DEFAULT    4 $t
   602: 00004f10     0 NOTYPE  LOCAL  DEFAULT    4 $t
   603: 00004f28     0 NOTYPE  LOCAL  DEFAULT    4 $t
   604: 00004f34     0 NOTYPE  LOCAL  DEFAULT    4 $t
   605: 00004f48     0 NOTYPE  LOCAL  DEFAULT    4 $d
   606: 00004f4c     0 NOTYPE  LOCAL  DEFAULT    4 $t
   607: 00004fa4     0 NOTYPE  LOCAL  DEFAULT    4 $d
   608: 00004fac     0 NOTYPE  LOCAL  DEFAULT    4 $t
   609: 00004fb0     0 NOTYPE  LOCAL  DEFAULT    4 $t
   610: 00004fc8     0 NOTYPE  LOCAL  DEFAULT    4 $d
   611: 00002d24     0 NOTYPE  LOCAL  DEFAULT    9 $d
   612: 00004fcc     0 NOTYPE  LOCAL  DEFAULT    4 $t
   613: 00004fcd     8 FUNC    LOCAL  DEFAULT    4 _ZNSt11char_traitsIcE4copyEPcPKcj.isra.0
   614: 00004fd4     0 NOTYPE  LOCAL  DEFAULT    4 $t
   615: 00004fe6     0 NOTYPE  LOCAL  DEFAULT    4 $t
   616: 00004ff4     0 NOTYPE  LOCAL  DEFAULT    4 $t
   617: 0000502c     0 NOTYPE  LOCAL  DEFAULT    4 $d
   618: 00005030     0 NOTYPE  LOCAL  DEFAULT    4 $t
   619: 00005046     0 NOTYPE  LOCAL  DEFAULT    4 $t
   620: 0000505e     0 NOTYPE  LOCAL  DEFAULT    4 $t
   621: 00005070     0 NOTYPE  LOCAL  DEFAULT    4 $t
   622: 000045ec     0 NOTYPE  LOCAL  DEFAULT    4 $t
   623: 000045f0     0 NOTYPE  LOCAL  DEFAULT    4 $t
   624: 00004608     0 NOTYPE  LOCAL  DEFAULT    4 $d
   625: 00000000     0 NOTYPE  LOCAL  DEFAULT   10 $d
   626: 00000000     8 OBJECT  LOCAL  DEFAULT   10 _ZL16__llext_sym_main
   627: 00004270     0 NOTYPE  LOCAL  DEFAULT    4 $t
   628: 00004274     0 NOTYPE  LOCAL  DEFAULT    4 $t
   629: 0000427c     0 NOTYPE  LOCAL  DEFAULT    4 $d
   630: 00004280     0 NOTYPE  LOCAL  DEFAULT    4 $t
   631: 00004284     0 NOTYPE  LOCAL  DEFAULT    4 $t
   632: 0000428c     0 NOTYPE  LOCAL  DEFAULT    4 $d
   633: 00004290     0 NOTYPE  LOCAL  DEFAULT    4 $t
   634: 00004298     0 NOTYPE  LOCAL  DEFAULT    4 $d
   635: 0000429c     0 NOTYPE  LOCAL  DEFAULT    4 $t
   636: 000042a4     0 NOTYPE  LOCAL  DEFAULT    4 $d
   637: 000042a8     0 NOTYPE  LOCAL  DEFAULT    4 $t
   638: 000042b0     0 NOTYPE  LOCAL  DEFAULT    4 $d
   639: 000042b4     0 NOTYPE  LOCAL  DEFAULT    4 $t
   640: 000042bc     0 NOTYPE  LOCAL  DEFAULT    4 $d
   641: 00000000     0 NOTYPE  LOCAL  DEFAULT    7 $d
   642: 000042c0     0 NOTYPE  LOCAL  DEFAULT    4 $t
   643: 000042d8     0 NOTYPE  LOCAL  DEFAULT    4 $t
   644: 000042e8     0 NOTYPE  LOCAL  DEFAULT    4 $d
   645: 000042ec     0 NOTYPE  LOCAL  DEFAULT    4 $t
   646: 00004304     0 NOTYPE  LOCAL  DEFAULT    4 $d
   647: 00004308     0 NOTYPE  LOCAL  DEFAULT    4 $t
   648: 00004320     0 NOTYPE  LOCAL  DEFAULT    4 $d
   649: 00004324     0 NOTYPE  LOCAL  DEFAULT    4 $t
   650: 00004348     0 NOTYPE  LOCAL  DEFAULT    4 $d
   651: 0000434c     0 NOTYPE  LOCAL  DEFAULT    4 $t
   652: 0000437c     0 NOTYPE  LOCAL  DEFAULT    4 $d
   653: 00004388     0 NOTYPE  LOCAL  DEFAULT    4 $t
   654: 000043ac     0 NOTYPE  LOCAL  DEFAULT    4 $d
   655: 000043b4     0 NOTYPE  LOCAL  DEFAULT    4 $t
   656: 000043dc     0 NOTYPE  LOCAL  DEFAULT    4 $d
   657: 000043e0     0 NOTYPE  LOCAL  DEFAULT    4 $t
   658: 00004400     0 NOTYPE  LOCAL  DEFAULT    4 $d
   659: 00004408     0 NOTYPE  LOCAL  DEFAULT    4 $t
   660: 0000441c     0 NOTYPE  LOCAL  DEFAULT    4 $d
   661: 00004420     0 NOTYPE  LOCAL  DEFAULT    4 $t
   662: 0000442c     0 NOTYPE  LOCAL  DEFAULT    4 $d
   663: 00004430     0 NOTYPE  LOCAL  DEFAULT    4 $t
   664: 00004454     0 NOTYPE  LOCAL  DEFAULT    4 $d
   665: 00004460     0 NOTYPE  LOCAL  DEFAULT    4 $t
   666: 00004498     0 NOTYPE  LOCAL  DEFAULT    4 $d
   667: 000044a0     0 NOTYPE  LOCAL  DEFAULT    4 $t
   668: 000044b8     0 NOTYPE  LOCAL  DEFAULT    4 $d
   669: 000044bc     0 NOTYPE  LOCAL  DEFAULT    4 $t
   670: 000044e8     0 NOTYPE  LOCAL  DEFAULT    4 $d
   671: 000044ec     0 NOTYPE  LOCAL  DEFAULT    4 $t
   672: 00004508     0 NOTYPE  LOCAL  DEFAULT    4 $d
   673: 0000450c     0 NOTYPE  LOCAL  DEFAULT    4 $t
   674: 00004530     0 NOTYPE  LOCAL  DEFAULT    4 $d
   675: 00004534     0 NOTYPE  LOCAL  DEFAULT    4 $t
   676: 00004538     0 NOTYPE  LOCAL  DEFAULT    4 $d
   677: 0000453c     0 NOTYPE  LOCAL  DEFAULT    4 $t
   678: 00004540     0 NOTYPE  LOCAL  DEFAULT    4 $d
   679: 00004544     0 NOTYPE  LOCAL  DEFAULT    4 $t
   680: 00004548     0 NOTYPE  LOCAL  DEFAULT    4 $d
   681: 0000454c     0 NOTYPE  LOCAL  DEFAULT    4 $t
   682: 00004550     0 NOTYPE  LOCAL  DEFAULT    4 $d
   683: 00004554     0 NOTYPE  LOCAL  DEFAULT    4 $t
   684: 00004558     0 NOTYPE  LOCAL  DEFAULT    4 $d
   685: 0000455c     0 NOTYPE  LOCAL  DEFAULT    4 $t
   686: 00004560     0 NOTYPE  LOCAL  DEFAULT    4 $d
   687: 00004564     0 NOTYPE  LOCAL  DEFAULT    4 $t
   688: 00004568     0 NOTYPE  LOCAL  DEFAULT    4 $d
   689: 0000456c     0 NOTYPE  LOCAL  DEFAULT    4 $t
   690: 00004570     0 NOTYPE  LOCAL  DEFAULT    4 $d
   691: 00004574     0 NOTYPE  LOCAL  DEFAULT    4 $t
   692: 00004578     0 NOTYPE  LOCAL  DEFAULT    4 $d
   693: 0000457c     0 NOTYPE  LOCAL  DEFAULT    4 $t
   694: 00004586     0 NOTYPE  LOCAL  DEFAULT    4 $t
   695: 00004590     0 NOTYPE  LOCAL  DEFAULT    4 $t
   696: 0000459a     0 NOTYPE  LOCAL  DEFAULT    4 $t
   697: 000045a4     0 NOTYPE  LOCAL  DEFAULT    4 $t
   698: 000045ae     0 NOTYPE  LOCAL  DEFAULT    4 $t
   699: 000045b8     0 NOTYPE  LOCAL  DEFAULT    4 $t
   700: 000045c2     0 NOTYPE  LOCAL  DEFAULT    4 $t
   701: 000045cc     0 NOTYPE  LOCAL  DEFAULT    4 $t
   702: 000045d8     0 NOTYPE  LOCAL  DEFAULT    4 $t
   703: 000045dc     0 NOTYPE  LOCAL  DEFAULT    4 $d
   704: 000045e0     0 NOTYPE  LOCAL  DEFAULT    4 $t
   705: 000045e8     0 NOTYPE  LOCAL  DEFAULT    4 $d
   706: 0000461c     0 NOTYPE  LOCAL  DEFAULT    4 $t
   707: 0000461d    16 FUNC    LOCAL  DEFAULT    4 _ZL10new_helperj
   708: 00004628     0 NOTYPE  LOCAL  DEFAULT    4 $d
   709: 0000462c     0 NOTYPE  LOCAL  DEFAULT    4 $t
   710: 00004630     0 NOTYPE  LOCAL  DEFAULT    4 $d
   711: 00004634     0 NOTYPE  LOCAL  DEFAULT    4 $t
   712: 00004638     0 NOTYPE  LOCAL  DEFAULT    4 $t
   713: 0000463c     0 NOTYPE  LOCAL  DEFAULT    4 $d
   714: 00004640     0 NOTYPE  LOCAL  DEFAULT    4 $t
   715: 00004644     0 NOTYPE  LOCAL  DEFAULT    4 $d
   716: 00004648     0 NOTYPE  LOCAL  DEFAULT    4 $t
   717: 000046a4     0 NOTYPE  LOCAL  DEFAULT    4 $d
   718: 000046b4     0 NOTYPE  LOCAL  DEFAULT    4 $t
   719: 000046b8     0 NOTYPE  LOCAL  DEFAULT    4 $d
   720: 000046bc     0 NOTYPE  LOCAL  DEFAULT    4 $t
   721: 000046d0     0 NOTYPE  LOCAL  DEFAULT    4 $d
   722: 00004c00     0 NOTYPE  LOCAL  DEFAULT    4 $t
   723: 00004c14     0 NOTYPE  LOCAL  DEFAULT    4 $d
   724: 00004c20     0 NOTYPE  LOCAL  DEFAULT    4 $t
   725: 00004c48     0 NOTYPE  LOCAL  DEFAULT    4 $d
   726: 00004c50     0 NOTYPE  LOCAL  DEFAULT    4 $t
   727: 00004c78     0 NOTYPE  LOCAL  DEFAULT    4 $d
   728: 000052b4     0 NOTYPE  LOCAL  DEFAULT    4 $t
   729: 00000634     0 NOTYPE  LOCAL  DEFAULT    3 $d
   730: 000006a4     0 NOTYPE  LOCAL  DEFAULT    3 $d
   731: 0000060c     0 NOTYPE  LOCAL  DEFAULT    3 $d
   732: 00000423     0 NOTYPE  LOCAL  DEFAULT    3 $d
   733: 00000635     0 NOTYPE  LOCAL  DEFAULT    3 $d
   734: 000006be     0 NOTYPE  LOCAL  DEFAULT    3 $d
   735: 000003a8     0 NOTYPE  LOCAL  DEFAULT    3 $d
   736: 0000043f     0 NOTYPE  LOCAL  DEFAULT    3 $d
   737: 00000435     0 NOTYPE  LOCAL  DEFAULT    3 $d
   738: 0000042c     0 NOTYPE  LOCAL  DEFAULT    3 $d
   739: 000007eb     0 NOTYPE  LOCAL  DEFAULT    3 $d
   740: 00000653     0 NOTYPE  LOCAL  DEFAULT    3 $d
   741: 000007c4     0 NOTYPE  LOCAL  DEFAULT    3 $d
   742: 000007d1     0 NOTYPE  LOCAL  DEFAULT    3 $d
   743: 00000712     0 NOTYPE  LOCAL  DEFAULT    3 $d
   744: 000007de     0 NOTYPE  LOCAL  DEFAULT    3 $d
   745: 000007a3     0 NOTYPE  LOCAL  DEFAULT    3 $d
   746: 000007b3     0 NOTYPE  LOCAL  DEFAULT    3 $d
   747: 00000662     0 NOTYPE  LOCAL  DEFAULT    3 $d
   748: 0000068c     0 NOTYPE  LOCAL  DEFAULT    3 $d
   749: 000006d8     0 NOTYPE  LOCAL  DEFAULT    3 $d
   750: 0000063d     0 NOTYPE  LOCAL  DEFAULT    3 $d
   751: 00000636     0 NOTYPE  LOCAL  DEFAULT    3 $d
   752: 00000645     0 NOTYPE  LOCAL  DEFAULT    3 $d
   753: 0000078a     0 NOTYPE  LOCAL  DEFAULT    3 $d
   754: 00000760     0 NOTYPE  LOCAL  DEFAULT    3 $d
   755: 00000737     0 NOTYPE  LOCAL  DEFAULT    3 $d
   756: 000006f0     0 NOTYPE  LOCAL  DEFAULT    3 $d
   757: 00000000     0 NOTYPE  GLOBAL DEFAULT  UND __real_cos
   758: 00000000     0 NOTYPE  GLOBAL DEFAULT  UND __real___aeabi_dcmpgt
   759: 00000000     0 NOTYPE  GLOBAL DEFAULT  UND __real_iscntrl
   760: 00000000     0 NOTYPE  GLOBAL DEFAULT  UND __real_ldexp
   761: 00000000     0 NOTYPE  GLOBAL DEFAULT  UND __real_puts
   762: 00000000     0 NOTYPE  GLOBAL DEFAULT  UND __real_isxdigit
   763: 00000000     0 NOTYPE  GLOBAL DEFAULT  UND __real_sinf
   764: 00000000     0 NOTYPE  GLOBAL DEFAULT  UND __real___aeabi_uidivmod
   765: 00000000     0 NOTYPE  GLOBAL DEFAULT  UND __real___aeabi_f2uiz
   766: 00000000     0 NOTYPE  GLOBAL DEFAULT  UND __real___aeabi_dcmpun
   767: 00000000     0 NOTYPE  GLOBAL DEFAULT  UND _sidata
   768: 00000000     0 NOTYPE  GLOBAL DEFAULT  UND __real_log10
   769: 00000000     0 NOTYPE  GLOBAL DEFAULT  UND __real___aeabi_dcmplt
   770: 00000000     0 NOTYPE  GLOBAL DEFAULT  UND __real___aeabi_idivmod
   771: 00000000     0 NOTYPE  GLOBAL DEFAULT  UND __real_isprint
   772: 00000000     0 NOTYPE  GLOBAL DEFAULT  UND __real_exp2
   773: 00000000     0 NOTYPE  GLOBAL DEFAULT  UND __real_atan2
   774: 00000000     0 NOTYPE  GLOBAL DEFAULT  UND __real_log
   775: 00000000     0 NOTYPE  GLOBAL DEFAULT  UND __real_islower
   776: 00000000     0 NOTYPE  GLOBAL DEFAULT  UND _sbss
   777: 00000000     0 NOTYPE  GLOBAL DEFAULT  UND __device_dts_ord_91
   778: 00000000     0 NOTYPE  GLOBAL DEFAULT  UND __device_dts_ord_65
   779: 00000000     0 NOTYPE  GLOBAL DEFAULT  UND __real___aeabi_ldivmod
   780: 00000000     0 NOTYPE  GLOBAL DEFAULT  UND __real_atoi
   781: 00000000     0 NOTYPE  GLOBAL DEFAULT  UND __real___aeabi_uidiv
   782: 00000000     0 NOTYPE  GLOBAL DEFAULT  UND __real___aeabi_idiv
   783: 00000000     0 NOTYPE  GLOBAL DEFAULT  UND __real_exit
   784: 00000000     0 NOTYPE  GLOBAL DEFAULT  UND __real_strchr
   785: 00000000     0 NOTYPE  GLOBAL DEFAULT  UND __real___aeabi_ddiv
   786: 00000000     0 NOTYPE  GLOBAL DEFAULT  UND __real___aeabi_read_tp
   787: 00000000     0 NOTYPE  GLOBAL DEFAULT  UND __real___aeabi_ui2f
   788: 00000000     0 NOTYPE  GLOBAL DEFAULT  UND __real_strstr
   789: 00000000     0 NOTYPE  GLOBAL DEFAULT  UND __device_dts_ord_93
   790: 00000000     0 NOTYPE  GLOBAL DEFAULT  UND _sdata
   791: 00000000     0 NOTYPE  GLOBAL DEFAULT  UND __real_sqrtf
   792: 00000000     0 NOTYPE  GLOBAL DEFAULT  UND __real_strncpy
   793: 00000000     0 NOTYPE  GLOBAL DEFAULT  UND __real_srand
   794: 00000000     0 NOTYPE  GLOBAL DEFAULT  UND __real___aeabi_i2f
   795: 00000000     0 NOTYPE  GLOBAL DEFAULT  UND __real___aeabi_fcmpun
   796: 00000000     0 NOTYPE  GLOBAL DEFAULT  UND __real_strdup
   797: 00000000     0 NOTYPE  GLOBAL DEFAULT  UND __real_gettimeofday
   798: 00000000     0 NOTYPE  GLOBAL DEFAULT  UND __real_fmod
   799: 00000000     0 NOTYPE  GLOBAL DEFAULT  UND __real_toupper
   800: 00000000     0 NOTYPE  GLOBAL DEFAULT  UND __real_strrchr
   801: 00000000     0 NOTYPE  GLOBAL DEFAULT  UND __real_tolower
   802: 00000000     0 NOTYPE  GLOBAL DEFAULT  UND __real_isgraph
   803: 00000000     0 NOTYPE  GLOBAL DEFAULT  UND __real_atan
   804: 00000000     0 NOTYPE  GLOBAL DEFAULT  UND _ebss
   805: 00000000     0 NOTYPE  GLOBAL DEFAULT  UND __real_pow
   806: 00000000     0 NOTYPE  GLOBAL DEFAULT  UND __real_strtok
   807: 00000000     0 NOTYPE  GLOBAL DEFAULT  UND __real_vsprintf
   808: 00000000     0 NOTYPE  GLOBAL DEFAULT  UND kheap_llext_heap
   809: 00000000     0 NOTYPE  GLOBAL DEFAULT  UND analog_reference
   810: 00000000     0 NOTYPE  GLOBAL DEFAULT  UND __real_strtod
   811: 00000000     0 NOTYPE  GLOBAL DEFAULT  UND __real_isalnum
   812: 00000000     0 NOTYPE  GLOBAL DEFAULT  UND __real___aeabi_fdiv
   813: 00000000     0 NOTYPE  GLOBAL DEFAULT  UND __real_sin
   814: 00000000     0 NOTYPE  GLOBAL DEFAULT  UND __real___aeabi_fcmple
   815: 00000000     0 NOTYPE  GLOBAL DEFAULT  UND __real___aeabi_f2iz
   816: 00000000     0 NOTYPE  GLOBAL DEFAULT  UND z_impl_k_uptime_ticks
   817: 00000000     0 NOTYPE  GLOBAL DEFAULT  UND __real_tan
   818: 00000000     0 NOTYPE  GLOBAL DEFAULT  UND _printf_float
   819: 00000000     0 NOTYPE  GLOBAL DEFAULT  UND __real_strtoul
   820: 00000000     0 NOTYPE  GLOBAL DEFAULT  UND __real_strnlen
   821: 00000000     0 NOTYPE  GLOBAL DEFAULT  UND __real___aeabi_dsub
   822: 00000000     0 NOTYPE  GLOBAL DEFAULT  UND __real___aeabi_d2iz
   823: 00000000     0 NOTYPE  GLOBAL DEFAULT  UND __real_exp
   824: 00000000     0 NOTYPE  GLOBAL DEFAULT  UND __real_logf
   825: 00000000     0 NOTYPE  GLOBAL DEFAULT  UND __real_memmem
   826: 00000000     0 NOTYPE  GLOBAL DEFAULT  UND __real_sqrt
   827: 00000000     0 NOTYPE  GLOBAL DEFAULT  UND __real_isupper
   828: 00000000     0 NOTYPE  GLOBAL DEFAULT  UND __real___aeabi_dcmple
   829: 00000000     0 NOTYPE  GLOBAL DEFAULT  UND __real___aeabi_d2uiz
   830: 00000000     0 NOTYPE  GLOBAL DEFAULT  UND printk
   831: 00000000     0 NOTYPE  GLOBAL DEFAULT  UND __real_strncmp
   832: 00000000     0 NOTYPE  GLOBAL DEFAULT  UND __real___aeabi_dcmpge
   833: 00000000     0 NOTYPE  GLOBAL DEFAULT  UND __real_asinf
   834: 00000000     0 NOTYPE  GLOBAL DEFAULT  UND __real___aeabi_fadd
   835: 00000000     0 NOTYPE  GLOBAL DEFAULT  UND __real_isspace
   836: 00000000     0 NOTYPE  GLOBAL DEFAULT  UND __real___aeabi_dcmpeq
   837: 00000000     0 NOTYPE  GLOBAL DEFAULT  UND __real___aeabi_dmul
   838: 00000000     0 NOTYPE  GLOBAL DEFAULT  UND __heap_end
   839: 00000000     0 NOTYPE  GLOBAL DEFAULT  UND __real_strcat
   840: 00000000     0 NOTYPE  GLOBAL DEFAULT  UND __real_putchar
   841: 00000000     0 NOTYPE  GLOBAL DEFAULT  UND __real___aeabi_fcmplt
   842: 00000000     0 NOTYPE  GLOBAL DEFAULT  UND __real_vsnprintf
   843: 00000000     0 NOTYPE  GLOBAL DEFAULT  UND __real_rand
   844: 00000000     0 NOTYPE  GLOBAL DEFAULT  UND __real_acos
   845: 00000000     0 NOTYPE  GLOBAL DEFAULT  UND __heap_start
   846: 00000000     0 NOTYPE  GLOBAL DEFAULT  UND __real_asin
   847: 00000000     0 NOTYPE  GLOBAL DEFAULT  UND _edata
   848: 00000000     0 NOTYPE  GLOBAL DEFAULT  UND __real_isdigit
   849: 00000000     0 NOTYPE  GLOBAL DEFAULT  UND __device_dts_ord_66
   850: 00000000     0 NOTYPE  GLOBAL DEFAULT  UND __real___aeabi_fcmpge
   851: 00000000     0 NOTYPE  GLOBAL DEFAULT  UND __real_vprintf
   852: 00000000     0 NOTYPE  GLOBAL DEFAULT  UND __device_dts_ord_94
   853: 00000000     0 NOTYPE  GLOBAL DEFAULT  UND __real_vsscanf
   854: 00000000     0 NOTYPE  GLOBAL DEFAULT  UND __real___aeabi_fcmpeq
   855: 00000000     0 NOTYPE  GLOBAL DEFAULT  UND __real_strcasecmp
   856: 00000000     0 NOTYPE  GLOBAL DEFAULT  UND __real_tanf
   857: 00000000     0 NOTYPE  GLOBAL DEFAULT  UND __real_atof
   858: 00000000     0 NOTYPE  GLOBAL DEFAULT  UND __real___aeabi_dadd
   859: 00000000     0 NOTYPE  GLOBAL DEFAULT  UND __real_calloc
   860: 00000000     0 NOTYPE  GLOBAL DEFAULT  UND __device_dts_ord_89
   861: 00000000     0 NOTYPE  GLOBAL DEFAULT  UND __real_strtol
   862: 00000000     0 NOTYPE  GLOBAL DEFAULT  UND __real_acosf
   863: 00000000     0 NOTYPE  GLOBAL DEFAULT  UND __real_cosf
   864: 00000000     0 NOTYPE  GLOBAL DEFAULT  UND __real_log2
   865: 00000000     0 NOTYPE  GLOBAL DEFAULT  UND __real___aeabi_fmul
   866: 00000000     0 NOTYPE  GLOBAL DEFAULT  UND __real___aeabi_d2lz
   867: 00000000     0 NOTYPE  GLOBAL DEFAULT  UND __real_atan2f
   868: 00000000     0 NOTYPE  GLOBAL DEFAULT  UND kheap_llext_heap_size
   869: 00000000     0 NOTYPE  GLOBAL DEFAULT  UND __real_strcpy
   870: 00000000     0 NOTYPE  GLOBAL DEFAULT  UND __device_dts_ord_90
   871: 00000000     0 NOTYPE  GLOBAL DEFAULT  UND __real__exit
   872: 00000000     0 NOTYPE  GLOBAL DEFAULT  UND __real_memcmp
   873: 00000000     0 NOTYPE  GLOBAL DEFAULT  UND __real___aeabi_fsub
   874: 00000000     0 NOTYPE  GLOBAL DEFAULT  UND __real_memchr
   875: 00000000     0 NOTYPE  GLOBAL DEFAULT  UND __device_dts_ord_92
   876: 00000000     0 NOTYPE  GLOBAL DEFAULT  UND __real___aeabi_fcmpgt
   877: 00000000     0 NOTYPE  GLOBAL DEFAULT  UND __real_atol
   878: 00000000     0 NOTYPE  GLOBAL DEFAULT  UND __real_atanf
   879: 00000000     0 NOTYPE  GLOBAL DEFAULT  UND __device_dts_ord_95
   880: 00000000     0 NOTYPE  GLOBAL DEFAULT  UND __real_isalpha
   881: 00004281     2 FUNC    GLOBAL DEFAULT    4 __cxa_free_exception
   882: 00000000     0 NOTYPE  GLOBAL DEFAULT  UND __device_dts_ord_70
   883: 00001028     8 OBJECT  WEAK   DEFAULT    9 _ZZN8RpcUtils6detail12unpackObjectERN7arduino7msgpack8UnpackerEE5num64
   884: 00000215    96 FUNC    WEAK   DEFAULT    4 _ZN7arduino7msgpack8Unpacker11unpackInt64Ev
   885: 00004db9     4 FUNC    GLOBAL DEFAULT    4 _ZNKSt9type_info15__is_function_pEv
   886: 00000000     0 NOTYPE  WEAK   DEFAULT  UND __device_dts_ord_40
   887: 00000004     4 OBJECT  GLOBAL DEFAULT    9 lastTickUs
   888: 000042c1    22 FUNC    GLOBAL DEFAULT    4 _ZN7arduino6StringC1EOS0_
   889: 000046b5     8 FUNC    GLOBAL DEFAULT    4 yield
   890: 00000000     0 NOTYPE  GLOBAL DEFAULT  UND z_impl_k_thread_create
   891: 00000fb0     4 OBJECT  GLOBAL DEFAULT    9 p0MaxLateUs
   892: 000015ad   192 FUNC    WEAK   DEFAULT    4 _ZN10RPCRequestILj256EE22unpack_request_headersEv
   893: 00004ee5    20 FUNC    GLOBAL DEFAULT    4 _ZNSt12length_errorC2EPKc
   894: 00002691    60 FUNC    WEAK   DEFAULT    4 _ZN7arduino7msgpack8Unpacker9unpackNilEv
   895: 00004649   108 FUNC    GLOBAL DEFAULT    4 _Z20start_static_threadsv
   896: 00004c89    20 FUNC    GLOBAL DEFAULT    4 _ZNSt9bad_allocD2Ev
   897: 00004291    12 FUNC    GLOBAL DEFAULT    4 __cxa_end_cleanup
   898: 000042c1    22 FUNC    GLOBAL DEFAULT    4 _ZN7arduino6StringC2EOS0_
   899: 00002775    64 FUNC    WEAK   DEFAULT    4 _ZN7RpcCallIJEE8setErrorEiN7arduino6StringE
   900: 00002551     4 FUNC    WEAK   DEFAULT    4 _ZN7arduino5Print17availableForWriteEv
   901: 00000000     0 NOTYPE  WEAK   DEFAULT  UND __device_dts_ord_105
   902: 00000000     0 NOTYPE  GLOBAL DEFAULT  UND z_impl_device_init
   903: 00004cb5    20 FUNC    GLOBAL DEFAULT    4 _ZN10__cxxabiv120__si_class_type_infoD2Ev
   904: 0000036a    37 OBJECT  GLOBAL DEFAULT    3 _ZTSN10__cxxabiv120__si_class_type_infoE
   905: 000043b5    44 FUNC    GLOBAL DEFAULT    4 _ZN7arduino6String4moveERS0_
   906: 00002665    44 FUNC    WEAK   DEFAULT    4 _ZN8RpcErrorC2Ev
   907: 00000000     4 OBJECT  WEAK   DEFAULT    9 _ZGVN12RouterBridge3HCIE
   908: 00001a05   288 FUNC    WEAK   DEFAULT    4 _ZN7arduino7msgpack6object3extC2EaPKhj
   909: 00004ff5    60 FUNC    WEAK   DEFAULT    4 _ZNSt7__cxx1112basic_stringIcSt11char_traitsIcESaIcEE9_M_createERjj
   910: 00000000     0 NOTYPE  GLOBAL DEFAULT  UND __real_abort
   911: 00004911   112 FUNC    GLOBAL DEFAULT    4 _ZN7arduino12ZephyrSerial5writeEPKhj
   912: 00000000     0 NOTYPE  GLOBAL DEFAULT  UND z_impl_k_thread_name_set
   913: 00005071    54 FUNC    WEAK   DEFAULT    4 _ZNSt7__cxx1112basic_stringIcSt11char_traitsIcESaIcEE7reserveEj
   914: 0000453d     8 FUNC    GLOBAL DEFAULT    4 memmove
   915: 00003655   172 FUNC    WEAK   DEFAULT    4 _ZN11BridgeClass6notifyIJRN7arduino6StringEEEEvS2_DpOT_
   916: 00000008     0 TLS     GLOBAL DEFAULT  ABS _TLS_MODULE_BASE_
   917: 00004cb1     2 FUNC    GLOBAL DEFAULT    4 _ZNSt9exceptionD2Ev
   918: 00000369   108 FUNC    WEAK   DEFAULT    4 _ZN7arduino7msgpack8Unpacker13unpackFloat64Ev
   919: 000048d9    12 FUNC    WEAK   DEFAULT    4 _ZN7arduino12ZephyrSerial3endEv
   920: 000048e5    44 FUNC    GLOBAL DEFAULT    4 _ZN7arduino12ZephyrSerial5flushEv
   921: 00000000     0 NOTYPE  GLOBAL DEFAULT  UND __real_memmove
   922: 000042a9    12 FUNC    GLOBAL DEFAULT    4 __aeabi_unwind_cpp_pr0
   923: 00003bf5    64 FUNC    WEAK   DEFAULT    4 _ZN7RpcCallIJRjEE8setErrorEiN7arduino6StringE
   924: 00000f59    40 FUNC    WEAK   DEFAULT    4 _ZN7arduino7msgpack6Packer10packUInt32Ej
   925: 00001039     1 OBJECT  WEAK   DEFAULT    9 _ZZN8RpcUtils6detail12unpackObjectERN7arduino7msgpack8UnpackerEE3nil
   926: 00000000     0 NOTYPE  GLOBAL DEFAULT  UND z_impl_k_yield
   927: 000024b8  2156 OBJECT  GLOBAL DEFAULT    9 Serial1
   928: 00001040     4 OBJECT  WEAK   DEFAULT    9 _ZZN7arduino7msgpack8Unpacker10from_arrayIJRiRNS_6StringEEEEbDpOT_E2sz
   929: 00004fb1    28 FUNC    WEAK   DEFAULT    4 _ZNSs4_Rep10_M_disposeERKSaIcE
   930: 00000014     0 TLS     GLOBAL DEFAULT  ABS errno
   931: 00000000     0 NOTYPE  GLOBAL DEFAULT  UND __real_malloc
   932: 00001295   280 FUNC    WEAK   DEFAULT    4 _ZN7arduino7msgpack8Unpacker11unpackFloatIfEENSt9enable_ifIXaasrSt13is_arithmeticIT_E5valuesrSt17is_floating_pointIS5_E5valueES5_E4typeEv
   933: 00003701    64 FUNC    WEAK   DEFAULT    4 _ZN7RpcCallIJRN7arduino6StringEEE8setErrorEiS1_
   934: 00002bfd   124 FUNC    WEAK   DEFAULT    4 _ZN7arduino7msgpack6Packer4packERKNS_6StringE
   935: 00000000     0 NOTYPE  GLOBAL DEFAULT  UND __real___aeabi_l2f
   936: 0000001c     0 TLS     GLOBAL DEFAULT  ABS _localtime_buf
   937: 00004705     4 FUNC    WEAK   DEFAULT    4 _ZN7arduino12ZephyrSerialcvbEv
   938: 000003e2    25 OBJECT  GLOBAL DEFAULT    3 _ZTSNSt3_V214error_categoryE
   939: 000001ad    16 FUNC    WEAK   DEFAULT    4 _ZNK7arduino7msgpack8Unpacker7getTypeEv
   940: 00000081   120 FUNC    GLOBAL DEFAULT    4 loop
   941: 00000000     0 NOTYPE  GLOBAL DEFAULT  UND sys_clock_cycle_get_64
   942: 000045ed     2 FUNC    WEAK   DEFAULT    4 initVariant
   943: 00000ca5   120 FUNC    WEAK   DEFAULT    4 _ZN7arduino7msgpack8Unpacker4feedEPKhj
   944: 0000455d     8 FUNC    GLOBAL DEFAULT    4 __xpg_strerror_r
   945: 00000000     0 NOTYPE  WEAK   DEFAULT  UND __device_dts_ord_120
   946: 00004e25    20 FUNC    GLOBAL DEFAULT    4 _ZNSt12length_errorD2Ev
   947: 000004b1    46 FUNC    WEAK   DEFAULT    4 _ZNK7arduino7msgpack8Unpacker11getRawBytesItEET_jj
   948: 00000000     0 NOTYPE  WEAK   DEFAULT  UND __device_dts_ord_30
   949: 0000103c     4 OBJECT  WEAK   DEFAULT    9 _ZGVZN7arduino7msgpack8Unpacker10from_arrayIJRiRNS_6StringEEEEbDpOT_E2sz
   950: 000023a9   284 FUNC    WEAK   DEFAULT    4 _ZN11BridgeClass11update_safeEv
   951: 00001038     1 OBJECT  WEAK   DEFAULT    9 _ZZN8RpcUtils6detail12unpackObjectERN7arduino7msgpack8UnpackerEE1b
   952: 00004535     8 FUNC    GLOBAL DEFAULT    4 memcpy
   953: 000052f1    12 FUNC    GLOBAL DEFAULT    4 _ZNK10__cxxabiv117__class_type_info20__do_find_public_srcEiPKvPKS0_S2_
   954: 00000000     0 NOTYPE  WEAK   DEFAULT  UND __device_dts_ord_83
   955: 00000fe0    16 OBJECT  WEAK   DEFAULT    9 _ZZN8RpcUtils6detail12unpackObjectERN7arduino7msgpack8UnpackerEE1t
   956: 00004981   232 FUNC    GLOBAL DEFAULT    4 _ZN7arduino12ZephyrSerial10IrqHandlerEv
   957: 00000e85    44 FUNC    WEAK   DEFAULT    4 _ZN7arduino7msgpack6Packer9packUInt8Eh
   958: 000042ed    28 FUNC    GLOBAL DEFAULT    4 _ZN7arduino6String10invalidateEv
   959: 000052fd    20 FUNC    GLOBAL DEFAULT    4 _ZN10__cxxabiv117__class_type_infoD1Ev
   960: 000045cd    10 FUNC    GLOBAL DEFAULT    4 __aeabi_uldivmod
   961: 00000000     0 NOTYPE  WEAK   DEFAULT  UND __device_dts_ord_88
   962: 00005031    22 FUNC    WEAK   DEFAULT    4 _ZNSt7__cxx1112basic_stringIcSt11char_traitsIcESaIcEE10_M_disposeEv
   963: 00000b05   196 FUNC    WEAK   DEFAULT    4 _ZN7arduino7msgpack8Unpacker11deserializeINS0_6object8timespecEJEEEbRT_DpOT0_
   964: 00004565     8 FUNC    GLOBAL DEFAULT    4 malloc
   965: 0000505f    18 FUNC    WEAK   DEFAULT    4 _ZNKSt7__cxx1112basic_stringIcSt11char_traitsIcESaIcEE8capacityEv
   966: 00000000     0 NOTYPE  GLOBAL DEFAULT  UND z_impl_k_mutex_lock
   967: 00002cb1    34 FUNC    WEAK   DEFAULT    4 _ZNK10RpcDecoderILj1024EE4sendEPKhj
   968: 00004409    24 FUNC    GLOBAL DEFAULT    4 _ZN7arduino6StringC1ERKS0_
   969: 00004ebd    40 FUNC    GLOBAL DEFAULT    4 _ZNSt11logic_errorC2EPKc
   970: 00001030     4 OBJECT  WEAK   DEFAULT    9 _ZZN8RpcUtils6detail12unpackObjectERN7arduino7msgpack8UnpackerEE5num32
   971: 00000000     0 NOTYPE  GLOBAL DEFAULT  UND z_impl_k_sem_take
   972: 00000000     4 OBJECT  GLOBAL HIDDEN     7 __dso_handle
   973: 00004587    10 FUNC    GLOBAL DEFAULT    4 __aeabi_ui2d
   974: 0000537b    42 FUNC    GLOBAL DEFAULT    4 _ZNK10__cxxabiv117__class_type_info10__do_catchEPKSt9type_infoPPvj
   975: 00001c9d  1228 FUNC    WEAK   DEFAULT    4 _ZN8RpcUtils6detail12unpackObjectERN7arduino7msgpack8UnpackerE
   976: 00001008     4 OBJECT  WEAK   DEFAULT    9 _ZGVZN8RpcUtils6detail12unpackObjectERN7arduino7msgpack8UnpackerEE5bytes
   977: 00000000     0 NOTYPE  GLOBAL DEFAULT  UND __real___aeabi_l2d
   978: 000026cd    64 FUNC    WEAK   DEFAULT    4 _ZN7arduino7msgpack8Unpacker11deserializeINS0_6object5nil_tEJEEEbRT_DpOT0_
   979: 0000004f    30 FUNC    WEAK   DEFAULT    4 _ZNK7arduino7msgpack8Unpacker13getRawBytePtrEjj
   980: 00000ff5    44 FUNC    WEAK   DEFAULT    4 _ZN7arduino7msgpack6Packer10packUInt16Et
   981: 00004c01    32 FUNC    GLOBAL DEFAULT    4 _ZSt17__throw_bad_allocv
   982: 00000250    12 OBJECT  GLOBAL DEFAULT    1 _ZTISt9bad_alloc
   983: 00004389    44 FUNC    GLOBAL DEFAULT    4 _ZN7arduino6StringC1EPKc
   984: 00001004     4 OBJECT  WEAK   DEFAULT    9 _ZZN8RpcUtils6detail12unpackObjectERN7arduino7msgpack8UnpackerEE6arr_sz
   985: 00000338    52 OBJECT  GLOBAL DEFAULT    1 _ZTVN7arduino12ZephyrSerialE
   986: 000010e5   160 FUNC    WEAK   DEFAULT    4 _ZN7arduino7msgpack6Packer12packRawBytesEPKcj
   987: 000018dd   216 FUNC    WEAK   DEFAULT    4 _ZN10RpcDecoderILj1024EE16fetch_rpc_methodEv
   988: 00004ee5    20 FUNC    GLOBAL DEFAULT    4 _ZNSt12length_errorC1EPKc
   989: 000000f9    24 FUNC    WEAK   DEFAULT    4 _ZNSt12_Vector_baseIhSaIhEED2Ev
   990: 000002bc    44 OBJECT  GLOBAL DEFAULT    1 _ZTVN10__cxxabiv120__si_class_type_infoE
   991: 00005047    24 FUNC    WEAK   DEFAULT    4 _ZNSt7__cxx1112basic_stringIcSt11char_traitsIcESaIcEE7_S_copyEPcPKcj
   992: 0000036c    20 OBJECT  GLOBAL DEFAULT    1 _ZTVSt11logic_error
   993: 00005363    24 FUNC    GLOBAL DEFAULT    4 _ZNK10__cxxabiv117__class_type_info11__do_upcastEPKS0_PKvRNS0_15__upcast_resultE
   994: 00000421    72 FUNC    WEAK   DEFAULT    4 _ZN7arduino7msgpack8Unpacker11unpackUInt7Ev
   995: 00004639     8 FUNC    GLOBAL DEFAULT    4 _ZdlPv
   996: 00004e39    18 FUNC    GLOBAL DEFAULT    4 _ZNSt12length_errorD0Ev
   997: 00004409    24 FUNC    GLOBAL DEFAULT    4 _ZN7arduino6StringC2ERKS0_
   998: 00005137     6 FUNC    GLOBAL DEFAULT    4 _ZNKSt3_V214error_category23default_error_conditionEi
   999: 00004a75    44 FUNC    WEAK   DEFAULT    4 _ZN7arduino12ZephyrSerial18ZephyrSerialBufferILi1024EEC2Ev
  1000: 00004461    64 FUNC    GLOBAL DEFAULT    4 _ZN7arduino6String6concatEPKcj
  1001: 00004c51    48 FUNC    GLOBAL DEFAULT    4 _ZSt20__throw_length_errorPKc
  1002: 00000000     0 NOTYPE  GLOBAL DEFAULT  UND __device_dts_ord_73
  1003: 000045e1    12 FUNC    GLOBAL DEFAULT    4 abort
  1004: 00000000     0 NOTYPE  GLOBAL DEFAULT  UND z_impl_k_sem_init
  1005: 00000000     0 NOTYPE  WEAK   DEFAULT  UND __device_dts_ord_17
  1006: 00000000     0 NOTYPE  GLOBAL DEFAULT  UND _device_list_end
  1007: 00002665    44 FUNC    WEAK   DEFAULT    4 _ZN8RpcErrorC1Ev
  1008: 000045a5    10 FUNC    GLOBAL DEFAULT    4 __aeabi_d2f
  1009: 00004e11    18 FUNC    GLOBAL DEFAULT    4 _ZNSt11logic_errorD0Ev
  1010: 000013e0  2156 OBJECT  GLOBAL DEFAULT    9 Serial3
  1011: 00000309    96 FUNC    WEAK   DEFAULT    4 _ZN7arduino7msgpack8Unpacker13unpackFloat32Ev
  1012: 00000008  4004 OBJECT  GLOBAL DEFAULT    9 p0Histogram
  1013: 000022a5   260 FUNC    WEAK   DEFAULT    4 _ZN9RPCServer7get_rpcILj256EEEbR10RPCRequestIXT_EEN7arduino6StringE
  1014: 00000348    34 OBJECT  GLOBAL DEFAULT    3 _ZTSN10__cxxabiv117__class_type_infoE
  1015: 0000429d    12 FUNC    GLOBAL DEFAULT    4 __gxx_personality_v0
  1016: 0000025c     8 OBJECT  GLOBAL DEFAULT    1 _ZTISt9exception
  1017: 00000000     0 NOTYPE  WEAK   DEFAULT  UND __device_dts_ord_109
  1018: 00001255    64 FUNC    WEAK   DEFAULT    4 _ZN7arduino7msgpack8Unpacker11deserializeIiJEEEbRT_DpOT0_
  1019: 00003025   380 FUNC    WEAK   DEFAULT    4 _ZN10RpcDecoderILj1024EE12get_responseIN7arduino7msgpack6object5nil_tEEEbjRT_R8RpcError
  1020: 0000100c    12 OBJECT  WEAK   DEFAULT    9 _ZZN8RpcUtils6detail12unpackObjectERN7arduino7msgpack8UnpackerEE5bytes
  1021: 00000000     0 NOTYPE  GLOBAL DEFAULT  UND __real___aeabi_i2d
  1022: 00004db7     2 FUNC    GLOBAL DEFAULT    4 _ZNSt9type_infoD1Ev
  1023: 00004641     8 FUNC    GLOBAL DEFAULT    4 _ZdlPvj
  1024: 000002b5    84 FUNC    WEAK   DEFAULT    4 _ZN7arduino7msgpack8Unpacker11unpackInt16Ev
  1025: 0000402d   292 FUNC    WEAK   DEFAULT    4 _ZN13BridgeMonitorILj512EE5_readEj
  1026: 00000000     0 NOTYPE  GLOBAL DEFAULT  UND __real___aeabi_ui2d
  1027: 00000ff0     4 OBJECT  WEAK   DEFAULT    9 _ZGVZN8RpcUtils6detail12unpackObjectERN7arduino7msgpack8UnpackerEE1e
  1028: 00004635     4 FUNC    GLOBAL DEFAULT    4 _ZnwjPv
  1029: 0000459b    10 FUNC    GLOBAL DEFAULT    4 __aeabi_ul2d
  1030: 00002eed   128 FUNC    WEAK   DEFAULT    4 _ZN7arduino7msgpack8Unpacker10unpackUIntIjEENSt9enable_ifIXaaaaaaaasrSt13is_arithmeticIT_E5valuesrSt11is_integralIS5_E5valuentsrSt7is_sameIS5_bE5valuentsrS9_INSt9remove_cvIS5_E4typeEPcE5valuentsrSt9is_signedIS5_E5valueES5_E4typeEv
  1031: 000019b5    40 FUNC    WEAK   DEFAULT    4 _ZNSt11__copy_moveILb0ELb1ESt26random_access_iterator_tagE8__copy_mIKhhEEPT0_PT_S7_S5_
  1032: 00003221  1076 FUNC    WEAK   DEFAULT    4 _ZN13BridgeMonitorILj512EEcvbEv
  1033: 00004dbd    44 FUNC    GLOBAL DEFAULT    4 _ZNKSt9type_info7__equalERKS_
  1034: 00000951    64 FUNC    WEAK   DEFAULT    4 _ZN7arduino7msgpack8Unpacker11deserializeINS0_4type9ArraySizeEJEEEbRT_DpOT0_
  1035: 000018b1    44 FUNC    WEAK   DEFAULT    4 _ZN10RpcDecoderILj1024EE7discardEv
  1036: 00001044   568 OBJECT  GLOBAL DEFAULT    9 Serial
  1037: 00003f15   280 FUNC    WEAK   DEFAULT    4 _ZN7RpcCallIJRjEED1Ev
  1038: 00004ef9    24 FUNC    GLOBAL DEFAULT    4 _ZNSt12__cow_stringC1EPKcj
  1039: 00003865   912 FUNC    WEAK   DEFAULT    4 _ZN13BridgeMonitorILj512EE5writeEPKhj
  1040: 00005325    62 FUNC    GLOBAL DEFAULT    4 _ZNK10__cxxabiv117__class_type_info12__do_dyncastEiNS0_10__sub_kindEPKS0_PKvS3_S5_RNS0_16__dyncast_resultE
  1041: 00002d24    16 OBJECT  WEAK   DEFAULT    9 _ZNSs4_Rep20_S_empty_rep_storageE
  1042: 00004de9     4 FUNC    GLOBAL DEFAULT    4 _ZNKSt13runtime_error4whatEv
  1043: 00000000     0 NOTYPE  GLOBAL DEFAULT  UND ring_buf_put
  1044: 000052bf    50 FUNC    GLOBAL DEFAULT    4 _ZNK10__cxxabiv117__class_type_info11__do_upcastEPKS0_PPv
  1045: 00000f9d    88 FUNC    WEAK   DEFAULT    4 _ZN7arduino7msgpack6Packer13packArraySizeEj
  1046: 00000159    84 FUNC    WEAK   DEFAULT    4 _ZNK7arduino7msgpack8Unpacker7getTypeEj
  1047: 00000380    20 OBJECT  GLOBAL DEFAULT    1 _ZTVSt12length_error
  1048: 00002615    68 FUNC    WEAK   DEFAULT    4 _ZN13BridgeMonitorILj512EE4peekEv
  1049: 00000000     0 NOTYPE  GLOBAL DEFAULT    6 __static_thread_data_list_end
  1050: 00004309    28 FUNC    GLOBAL DEFAULT    4 _ZN7arduino6String12changeBufferEj
  1051: 000001bd    88 FUNC    WEAK   DEFAULT    4 _ZN7arduino7msgpack8Unpacker11unpackInt32Ev
  1052: 00004e25    20 FUNC    GLOBAL DEFAULT    4 _ZNSt12length_errorD1Ev
  1053: 00001044   568 OBJECT  GLOBAL DEFAULT    9 Monitor
  1054: 00000238    12 OBJECT  GLOBAL DEFAULT    1 _ZTISt11logic_error
  1055: 00000000     0 NOTYPE  GLOBAL DEFAULT  UND z_impl_k_sem_give
  1056: 000004e1    72 FUNC    WEAK   DEFAULT    4 _ZN7arduino7msgpack8Unpacker12unpackUInt16Ev
  1057: 00000018     0 TLS     GLOBAL DEFAULT  ABS _strtok_last
  1058: 00000436    13 OBJECT  GLOBAL DEFAULT    3 _ZTSSt9type_info
  1059: 000019dd    40 FUNC    WEAK   DEFAULT    4 _ZNSt11__copy_moveILb1ELb1ESt26random_access_iterator_tagE8__copy_mIhhEEPT0_PT_S6_S4_
  1060: 00004c81     8 FUNC    GLOBAL DEFAULT    4 _ZNKSt9bad_alloc4whatEv
  1061: 00000394    20 OBJECT  GLOBAL DEFAULT    1 _ZTVSt9bad_alloc
  1062: 00004719    72 FUNC    GLOBAL DEFAULT    4 _ZN7arduino12ZephyrSerial4readEv
  1063: 00000851    72 FUNC    WEAK   DEFAULT    4 _ZN7arduino7msgpack8Unpacker10unpackInt8Ev
  1064: 0000041c    13 OBJECT  GLOBAL DEFAULT    3 _ZTSSt9bad_alloc
  1065: 00000000     0 NOTYPE  GLOBAL DEFAULT  UND z_impl_k_sleep
  1066: 00000000     0 NOTYPE  GLOBAL DEFAULT  UND __real___xpg_strerror_r
  1067: 00004fd5    18 FUNC    WEAK   DEFAULT    4 _ZNSt7__cxx1112basic_stringIcSt11char_traitsIcESaIcEE11_S_allocateERS3_j
  1068: 00004d19   116 FUNC    GLOBAL DEFAULT    4 _ZNK10__cxxabiv120__si_class_type_info12__do_dyncastEiNS_17__class_type_info10__sub_kindEPKS1_PKvS4_S6_RNS1_16__dyncast_resultE
  1069: 00002fad   120 FUNC    WEAK   DEFAULT    4 _ZN7arduino7msgpack8Unpacker11deserializeINS0_4type9ArraySizeEJRiRjEEEbRT_DpOT0_
  1070: 00000ff4    12 OBJECT  WEAK   DEFAULT    9 _ZZN8RpcUtils6detail12unpackObjectERN7arduino7msgpack8UnpackerEE1e
  1071: 00000000     0 NOTYPE  WEAK   DEFAULT  UND __device_dts_ord_61
  1072: 00000000     0 NOTYPE  GLOBAL DEFAULT  UND z_impl_device_is_ready
  1073: 00000000     0 NOTYPE  GLOBAL DEFAULT  UND ring_buf_get
  1074: 00002e5d   144 FUNC    WEAK   DEFAULT    4 _ZN7arduino7msgpack8Unpacker11deserializeI8RpcErrorJRNS0_6object5nil_tEEEEbRT_DpOT0_
  1075: 00004db7     2 FUNC    GLOBAL DEFAULT    4 _ZNSt9type_infoD2Ev
  1076: 00000731   120 FUNC    WEAK   DEFAULT    4 _ZN7arduino7msgpack8Unpacker13unpackMapSizeEv
  1077: 00000899    44 FUNC    WEAK   DEFAULT    4 _ZNK7arduino7msgpack8Unpacker13isTimestamp32Ev
  1078: 00004d8d    42 FUNC    GLOBAL DEFAULT    4 _ZNK10__cxxabiv120__si_class_type_info11__do_upcastEPKNS_17__class_type_infoEPKvRNS1_15__upcast_resultE
  1079: 0000456d     8 FUNC    GLOBAL DEFAULT    4 realloc
  1080: 00002557    24 FUNC    WEAK   DEFAULT    4 _ZN13BridgeMonitorILj512EE5writeEh
  1081: 00000000     0 NOTYPE  GLOBAL DEFAULT  UND __real___aeabi_uldivmod
  1082: 000031a1    64 FUNC    WEAK   DEFAULT    4 _ZN10RpcDecoderILj1024EE6decodeEv
  1083: 00004271     4 FUNC    GLOBAL DEFAULT    4 __cxa_atexit
  1084: 00000000     0 NOTYPE  GLOBAL DEFAULT  UND __real_atexit
  1085: 0000457d    10 FUNC    GLOBAL DEFAULT    4 __aeabi_i2d
  1086: 000028cd   376 FUNC    WEAK   DEFAULT    4 _ZN7arduino7msgpack8Unpacker11deserializeISt6vectorIhSaIhEEJEEEbRT_DpOT0_
  1087: 00004c9d    20 FUNC    GLOBAL DEFAULT    4 _ZNSt9bad_allocD0Ev
  1088: 00000991   372 FUNC    WEAK   DEFAULT    4 _ZN7arduino7msgpack8Unpacker11deserializeINS_6StringEJEEEbRT_DpOT0_
  1089: 00004cb5    20 FUNC    GLOBAL DEFAULT    4 _ZN10__cxxabiv120__si_class_type_infoD1Ev
  1090: 00001000     4 OBJECT  WEAK   DEFAULT    9 _ZZN8RpcUtils6detail12unpackObjectERN7arduino7msgpack8UnpackerEE6map_sz
  1091: 00004bf1    16 FUNC    GLOBAL DEFAULT    4 _ZN6zephyr7arduino22init_dev_apply_pinctrlEPK6device
  1092: 00000275    32 FUNC    WEAK   DEFAULT    4 _ZNK7arduino7msgpack8Unpacker7isArrayEv
  1093: 00004a69    12 FUNC    GLOBAL DEFAULT    4 _ZN7arduino12ZephyrSerial11IrqDispatchEPK6devicePv
  1094: 000006e9    72 FUNC    WEAK   DEFAULT    4 _ZN7arduino7msgpack8Unpacker12unpackUInt32Ev
  1095: 000000f9    24 FUNC    WEAK   DEFAULT    4 _ZNSt12_Vector_baseIhSaIhEED1Ev
  1096: 00004db9     4 FUNC    GLOBAL DEFAULT    4 _ZNKSt9type_info14__is_pointer_pEv
  1097: 00000d1d    56 FUNC    WEAK   DEFAULT    4 _ZNKSt6vectorIhSaIhEE12_M_check_lenEjPKc
  1098: 000013b1   280 FUNC    WEAK   DEFAULT    4 _ZN7arduino7msgpack8Unpacker11unpackFloatIdEENSt9enable_ifIXaasrSt13is_arithmeticIT_E5valuesrSt17is_floating_pointIS5_E5valueES5_E4typeEv
  1099: 00000010     0 TLS     GLOBAL DEFAULT  ABS z_tls_current
  1100: 000044ed    32 FUNC    GLOBAL DEFAULT    4 _ZNK7arduino6String6equalsERKS0_
  1101: 00001185   208 FUNC    WEAK   DEFAULT    4 _ZN7arduino7msgpack8Unpacker9unpackIntIiEENSt9enable_ifIXaaaaaaaasrSt13is_arithmeticIT_E5valuesrSt11is_integralIS5_E5valuentsrSt7is_sameIS5_bE5valuentsrS9_INSt9remove_cvIS5_E4typeEPcE5valuesrSt9is_signedIS5_E5valueES5_E4typeEv
  1102: 00004c21    48 FUNC    GLOBAL DEFAULT    4 _ZSt19__throw_logic_errorPKc
  1103: 00004811   200 FUNC    GLOBAL DEFAULT    4 _ZN7arduino12ZephyrSerial5beginEmt
  1104: 00000000     0 NOTYPE  GLOBAL DEFAULT  UND __real_realloc
  1105: 00000290    44 OBJECT  GLOBAL DEFAULT    1 _ZTVN10__cxxabiv117__class_type_infoE
  1106: 000044a1    28 FUNC    GLOBAL DEFAULT    4 _ZN7arduino6String6concatEc
  1107: 00004285    12 FUNC    GLOBAL DEFAULT    4 __cxa_throw
  1108: 000007e5    76 FUNC    WEAK   DEFAULT    4 _ZN7arduino7msgpack8Unpacker12unpackUInt64Ev
  1109: 000046ed    24 FUNC    WEAK   DEFAULT    4 _ZN7arduino12ZephyrSerial5writeEh
  1110: 00000244    12 OBJECT  GLOBAL DEFAULT    1 _ZTISt12length_error
  1111: 00004555     8 FUNC    GLOBAL DEFAULT    4 memset
  1112: 000045f1    44 FUNC    WEAK   DEFAULT    4 main
  1113: 00001861    80 FUNC    WEAK   DEFAULT    4 _ZN10RpcDecoderILj1024EE7consumeEjj
  1114: 00004421    16 FUNC    GLOBAL DEFAULT    4 _ZN7arduino6StringaSEOS0_
  1115: 000045b9    10 FUNC    GLOBAL DEFAULT    4 __aeabi_l2f
  1116: 0000150d   160 FUNC    WEAK   DEFAULT    4 _ZN7arduino7msgpack8Unpacker11deserializeIjJRNS_6StringEEEEbRT_DpOT0_
  1117: 00000000     0 NOTYPE  WEAK   DEFAULT  UND __device_dts_ord_100
  1118: 00000831    32 FUNC    WEAK   DEFAULT    4 _ZNK7arduino7msgpack8Unpacker11getRawBytesIaEET_jj
  1119: 00000000     0 NOTYPE  WEAK   DEFAULT  UND __device_dts_ord_114
  1120: 00004f11    24 FUNC    WEAK   DEFAULT    4 _ZNSs7_M_copyEPcPKcj
  1121: 00003741   292 FUNC    WEAK   DEFAULT    4 _ZN7RpcCallIJRN7arduino6StringEEED2Ev
  1122: 00004591    10 FUNC    GLOBAL DEFAULT    4 __aeabi_l2d
  1123: 00000fb4     4 OBJECT  GLOBAL DEFAULT    9 p0Samples
  1124: 00000200    12 OBJECT  GLOBAL DEFAULT    1 _ZTIN10__cxxabiv117__class_type_infoE
  1125: 00003f15   280 FUNC    WEAK   DEFAULT    4 _ZN7RpcCallIJRjEED2Ev
  1126: 000046bd    28 FUNC    GLOBAL DEFAULT    4 micros
  1127: 00000529    52 FUNC    WEAK   DEFAULT    4 _ZNK7arduino7msgpack8Unpacker11getRawBytesIjEET_jj
  1128: 00000000     0 NOTYPE  GLOBAL DEFAULT  UND __real_free
  1129: 000014c9    68 FUNC    WEAK   DEFAULT    4 _ZN7arduino7msgpack8Unpacker11deserializeINS0_4type9ArraySizeEJRiEEEbRT_DpOT0_
  1130: 000045c3    10 FUNC    GLOBAL DEFAULT    4 __aeabi_ul2f
  1131: 0000270d   104 FUNC    WEAK   DEFAULT    4 _ZN7arduino7msgpack8Unpacker11deserializeIbJEEEbRT_DpOT0_
  1132: 0000454d     8 FUNC    GLOBAL DEFAULT    4 strcmp
  1133: 00002169   316 FUNC    WEAK   DEFAULT    4 _ZN10RpcDecoderILj1024EE12parse_packetEv
  1134: 00004f29    10 FUNC    WEAK   DEFAULT    4 _ZNSs13_S_copy_charsEPcPKcS1_
  1135: 000047dd    52 FUNC    GLOBAL DEFAULT    4 _ZN7arduino12ZephyrSerial9availableEv
  1136: 00004a75    44 FUNC    WEAK   DEFAULT    4 _ZN7arduino12ZephyrSerial18ZephyrSerialBufferILi1024EEC1Ev
  1137: 00003741   292 FUNC    WEAK   DEFAULT    4 _ZN7RpcCallIJRN7arduino6StringEEED1Ev
  1138: 0000434d    60 FUNC    GLOBAL DEFAULT    4 _ZN7arduino6String4copyEPKcj
  1139: 00000f3d    28 FUNC    WEAK   DEFAULT    4 _ZN7arduino7msgpack6Packer15packRawReversedIjEEvRKT_
  1140: 00000039    22 FUNC    WEAK   DEFAULT    4 _ZN7arduino7msgpack8Unpacker11deserializeEv
  1141: 0000166d   500 FUNC    WEAK   DEFAULT    4 _ZN9RPCServer15process_requestILj256EEEvR10RPCRequestIXT_EE
  1142: 00000000     0 NOTYPE  GLOBAL DEFAULT  UND pinctrl_lookup_state
  1143: 00000be1    44 FUNC    WEAK   DEFAULT    4 _ZN10RPCRequestILj256EED1Ev
  1144: 0000516d    48 FUNC    GLOBAL DEFAULT    4 _ZNKSt3_V214error_category10_M_messageB5cxx11Ei
  1145: 00004cc9    20 FUNC    GLOBAL DEFAULT    4 _ZN10__cxxabiv120__si_class_type_infoD0Ev
  1146: 00000fb8    40 OBJECT  WEAK   DEFAULT    9 _ZN12RouterBridge3HCIE
  1147: 00004ded    36 FUNC    GLOBAL DEFAULT    4 _ZNSt11logic_errorD2Ev
  1148: 000008c5    44 FUNC    WEAK   DEFAULT    4 _ZNK7arduino7msgpack8Unpacker13isTimestamp64Ev
  1149: 00001280   352 OBJECT  GLOBAL DEFAULT    9 Bridge
  1150: 000003fb    16 OBJECT  GLOBAL DEFAULT    3 _ZTSSt11logic_error
  1151: 00004ded    36 FUNC    GLOBAL DEFAULT    4 _ZNSt11logic_errorD1Ev
  1152: 000045d9     8 FUNC    GLOBAL DEFAULT    4 atexit
  1153: 00001b25   376 FUNC    WEAK   DEFAULT    4 _ZN7arduino7msgpack8Unpacker9unpackExtEv
  1154: 000007a9    58 FUNC    WEAK   DEFAULT    4 _ZNK7arduino7msgpack8Unpacker11getRawBytesIyEET_jj
  1155: 00000000     0 NOTYPE  GLOBAL DEFAULT  UND _device_list_start
  1156: 0000450d    40 FUNC    GLOBAL DEFAULT    4 _ZNK7arduino6String6equalsEPKc
  1157: 0000513d    20 FUNC    GLOBAL DEFAULT    4 _ZNKSt3_V214error_category10equivalentERKSt10error_codei
  1158: 00000be1    44 FUNC    WEAK   DEFAULT    4 _ZN10RPCRequestILj256EED2Ev
  1159: 00000000     0 NOTYPE  GLOBAL DEFAULT  UND __real___aeabi_ul2f
  1160: 000042d9    20 FUNC    GLOBAL DEFAULT    4 _ZN7arduino6StringD2Ev
  1161: 00001a05   288 FUNC    WEAK   DEFAULT    4 _ZN7arduino7msgpack6object3extC1EaPKhj
  1162: 0000006d    20 FUNC    GLOBAL DEFAULT    4 setup
  1163: 00003c69   684 FUNC    WEAK   DEFAULT    4 _ZN7RpcCallIJRjEE6resultISt6vectorIhSaIhEEEEbRT_
  1164: 000046e3    10 FUNC    WEAK   DEFAULT    4 _ZN7arduino12ZephyrSerial5beginEm
  1165: 000024c5    68 FUNC    WEAK   DEFAULT    4 _Z10__loopHookv
  1166: 00000bc9    24 FUNC    WEAK   DEFAULT    4 _ZNSt12_Vector_baseIjSaIjEED2Ev
  1167: 00000000     0 NOTYPE  GLOBAL DEFAULT  UND __real___aeabi_ul2d
  1168: 000052fd    20 FUNC    GLOBAL DEFAULT    4 _ZN10__cxxabiv117__class_type_infoD2Ev
  1169: 0000040b    17 OBJECT  GLOBAL DEFAULT    3 _ZTSSt12length_error
  1170: 00004431    48 FUNC    GLOBAL DEFAULT    4 _ZN7arduino6StringaSEPKc
  1171: 00000008     0 TLS     GLOBAL DEFAULT  ABS _rand_next
  1172: 000008f1    64 FUNC    WEAK   DEFAULT    4 _ZNK7arduino7msgpack8Unpacker13isTimestamp96Ev
  1173: 00004275    12 FUNC    GLOBAL DEFAULT    4 __cxa_allocate_exception
  1174: 00001034     4 OBJECT  WEAK   DEFAULT    9 _ZZN8RpcUtils6detail12unpackObjectERN7arduino7msgpack8UnpackerEE7integer
  1175: 0000020c    12 OBJECT  GLOBAL DEFAULT    1 _ZTIN10__cxxabiv120__si_class_type_infoE
  1176: 00000c0d   152 FUNC    WEAK   DEFAULT    4 _ZNSt6vectorIjSaIjEE17_M_realloc_appendIJRjEEEvDpOT_
  1177: 00000bc9    24 FUNC    WEAK   DEFAULT    4 _ZNSt12_Vector_baseIjSaIjEED1Ev
  1178: 00000000     0 NOTYPE  GLOBAL DEFAULT  UND __real_strlen
  1179: 00002555     2 FUNC    WEAK   DEFAULT    4 _ZN7arduino5Print5flushEv
  1180: 00004761    72 FUNC    GLOBAL DEFAULT    4 _ZN7arduino12ZephyrSerial4peekEv
  1181: 00000469    72 FUNC    WEAK   DEFAULT    4 _ZN7arduino7msgpack8Unpacker11unpackUInt8Ev
  1182: 000047a9    52 FUNC    GLOBAL DEFAULT    4 _ZN7arduino12ZephyrSerial17availableForWriteEv
  1183: 00000139    30 FUNC    WEAK   DEFAULT    4 _ZNK7arduino7msgpack8Unpacker11getRawBytesIhEET_jj
  1184: 000042d9    20 FUNC    GLOBAL DEFAULT    4 _ZN7arduino6StringD1Ev
  1185: 00004cb1     2 FUNC    GLOBAL DEFAULT    4 _ZNSt9exceptionD1Ev
  1186: 00000000     0 NOTYPE  GLOBAL DEFAULT  UND z_impl_k_mutex_unlock
  1187: 0000462d     8 FUNC    GLOBAL DEFAULT    4 _Znwj
  1188: 00001018     4 OBJECT  WEAK   DEFAULT    9 _ZGVZN8RpcUtils6detail12unpackObjectERN7arduino7msgpack8UnpackerEE6string
  1189: 00000295    32 FUNC    WEAK   DEFAULT    4 _ZNK7arduino7msgpack8Unpacker5isMapEv
  1190: 00000000     0 NOTYPE  GLOBAL DEFAULT  UND __real_strcmp
  1191: 00000000     0 NOTYPE  GLOBAL DEFAULT  UND pinctrl_configure_pins
  1192: 00004cdd    60 FUNC    GLOBAL DEFAULT    4 _ZNK10__cxxabiv120__si_class_type_info20__do_find_public_srcEiPKvPKNS_17__class_type_infoES2_
  1193: 00004c89    20 FUNC    GLOBAL DEFAULT    4 _ZNSt9bad_allocD1Ev
  1194: 00000000     0 NOTYPE  GLOBAL DEFAULT    6 __static_thread_data_list_start
  1195: 00004ef9    24 FUNC    GLOBAL DEFAULT    4 _ZNSt12__cow_stringC2EPKcj
  1196: 00000000     0 NOTYPE  GLOBAL DEFAULT  UND __real_memset
  1197: 000043e1    40 FUNC    GLOBAL DEFAULT    4 _ZN7arduino6StringaSERKS0_
  1198: 000031e1    64 FUNC    WEAK   DEFAULT    4 _ZN9RPCClient12get_responseIN7arduino7msgpack6object5nil_tEEEbjRT_R8RpcError
  1199: 00000000     0 NOTYPE  WEAK   DEFAULT  UND __device_dts_ord_123
  1200: 00000000     0 NOTYPE  GLOBAL DEFAULT  UND __real___aeabi_f2d
  1201: 00004f4d    96 FUNC    WEAK   DEFAULT    4 _ZNSs4_Rep9_S_createEjjRKSaIcE
  1202: 00004f35    24 FUNC    WEAK   DEFAULT    4 _ZNSs4_Rep26_M_set_length_and_sharableEj
  1203: 00000671   120 FUNC    WEAK   DEFAULT    4 _ZN7arduino7msgpack8Unpacker15unpackArraySizeEv
  1204: 00000000     0 NOTYPE  GLOBAL DEFAULT  UND ring_buf_peek
  1205: 00004545     8 FUNC    GLOBAL DEFAULT    4 strlen
  1206: 00000264     8 OBJECT  GLOBAL DEFAULT    1 _ZTISt9type_info
  1207: 000042b5    12 FUNC    GLOBAL DEFAULT    4 __aeabi_unwind_cpp_pr1
  1208: 00000429    13 OBJECT  GLOBAL DEFAULT    3 _ZTSSt9exception
  1209: 00000000     0 NOTYPE  GLOBAL DEFAULT  UND __real___aeabi_d2f
  1210: 00000fac     4 OBJECT  GLOBAL DEFAULT    9 p0OverPeriod
  1211: 00004de9     4 FUNC    GLOBAL DEFAULT    4 _ZNKSt11logic_error4whatEv
  1212: 000045af    10 FUNC    GLOBAL DEFAULT    4 __aeabi_f2d
  1213: 00000000     0 NOTYPE  GLOBAL DEFAULT  UND z_impl_k_mutex_init
  1214: 00002f6d    64 FUNC    WEAK   DEFAULT    4 _ZN7arduino7msgpack8Unpacker11deserializeIjJEEEbRT_DpOT0_
  1215: 00000000     0 NOTYPE  GLOBAL DEFAULT  UND z_impl_device_deinit
  1216: 00000f81    28 FUNC    WEAK   DEFAULT    4 _ZN7arduino7msgpack6Packer15packRawReversedItEEvRKT_
  1217: 00004325    40 FUNC    GLOBAL DEFAULT    4 _ZN7arduino6String7reserveEj
  1218: 00000931    30 FUNC    WEAK   DEFAULT    4 _ZNK7arduino7msgpack8Unpacker11getRawBytesIcEET_jj
  1219: 00004fad     4 FUNC    WEAK   DEFAULT    4 _ZNSs4_Rep10_M_destroyERKSaIcE
  1220: 00004151    68 FUNC    WEAK   DEFAULT    4 _ZN13BridgeMonitorILj512EE9availableEv
  1221: 00000000     0 NOTYPE  WEAK   DEFAULT  UND __device_dts_ord_34
  1222: 00000230     8 OBJECT  GLOBAL DEFAULT    1 _ZTINSt3_V214error_categoryE
  1223: 00004ebd    40 FUNC    GLOBAL DEFAULT    4 _ZNSt11logic_errorC1EPKc
  1224: 00000000     0 NOTYPE  GLOBAL DEFAULT  UND __device_dts_ord_78
  1225: 000003d5    76 FUNC    WEAK   DEFAULT    4 _ZN7arduino7msgpack8Unpacker10unpackInt5Ev
  1226: 00004389    44 FUNC    GLOBAL DEFAULT    4 _ZN7arduino6StringC2EPKc
  1227: 000052b5    10 FUNC    GLOBAL DEFAULT    4 __aeabi_atexit
  1228: 00004dbd    44 FUNC    GLOBAL DEFAULT    4 _ZNKSt9type_infoeqERKS_
  1229: 00004fe7    12 FUNC    WEAK   DEFAULT    4 _ZNKSt7__cxx1112basic_stringIcSt11char_traitsIcESaIcEE11_M_is_localEv
  1230: 0000055d   276 FUNC    WEAK   DEFAULT    4 _ZNK7arduino7msgpack8Unpacker14getElementSizeEj
  1231: 0000026c    36 OBJECT  WEAK   DEFAULT    1 _ZTV13BridgeMonitorILj512EE
  1232: 00000000     0 NOTYPE  GLOBAL DEFAULT  UND __real_memcpy
  1233: 0000101c    12 OBJECT  WEAK   DEFAULT    9 _ZZN8RpcUtils6detail12unpackObjectERN7arduino7msgpack8UnpackerEE6string
  1234: 000025a9   108 FUNC    WEAK   DEFAULT    4 _ZN13BridgeMonitorILj512EE4readEv
  1235: 00004575     8 FUNC    GLOBAL DEFAULT    4 free
  1236: 00005311    20 FUNC    GLOBAL DEFAULT    4 _ZN10__cxxabiv117__class_type_infoD0Ev
  1237: 00003c35    52 FUNC    WEAK   DEFAULT    4 _ZN7RpcCallIJRjEE7isErrorEv
  1238: 00001c4c  2156 OBJECT  GLOBAL DEFAULT    9 Serial2
  1239: 000044bd    48 FUNC    GLOBAL DEFAULT    4 _ZNK7arduino6String9compareToERKS0_
