ELF Header:
  Magic:   7f 45 4c 46 01 01 01 00 00 00 00 00 00 00 00 00 
  Class:                             ELF32
  Data:                              2's complement, little endian
  Version:                           1 (current)
  OS/ABI:                            UNIX - System V
  ABI Version:                       0
  Type:                              REL (Relocatable file)
  Machine:                           ARM
  Version:                           0x1
  Entry point address:               0x45f1
  Start of program headers:          0 (bytes into file)
  Start of section headers:          73248 (bytes into file)
  Flags:                             0x5000000, Version5 EABI
  Size of this header:               52 (bytes)
  Size of program headers:           0 (bytes)
  Number of program headers:         0
  Size of section headers:           40 (bytes)
  Number of section headers:         19
  Section header string table index: 18

Section Headers:
  [Nr] Name              Type            Addr     Off    Size   ES Flg Lk Inf Al
  [ 0]                   NULL            00000000 000000 000000 00      0   0  0
  [ 1] .rodata           PROGBITS        00000000 000034 0003a8 00   A  0   0  4
  [ 2] .rel.rodata       REL             00000000 00fcf4 000570 08   I 16   1  4
  [ 3] .llext.rodata.noreloc PROGBITS        000003a8 0003dc 000494 00   A  0   0  4
  [ 4] .text             PROGBITS        00000000 000870 0053a4 00  AX  0   0  8
  [ 5] .rel.text         REL             00000000 010264 001ac0 08   I 16   4  4
  [ 6] .static_thread_data_area PROGBITS        000053a4 005c14 000000 00   W  0   0  1
  [ 7] .data             PROGBITS        000053a4 005c14 00000c 00  WA  0   0  4
  [ 8] .rel.data         REL             00000000 011d24 000018 08   I 16   7  4
  [ 9] .bss              NOBITS          000053b0 005c20 002d34 00  WA  0   0  8
  [10] .exported_sym     PROGBITS        000080e4 005c20 000008 00   A  0   0  4
  [11] .rel.exported_sym REL             00000000 011d3c 000010 08   I 16  10  4
  [12] .init_array       INIT_ARRAY      000080ec 005c28 000010 04  WA  0   0  4
  [13] .rel.init_array   REL             00000000 011d4c 000020 08   I 16  12  4
  [14] .fini_array       FINI_ARRAY      000080fc 005c38 000008 04  WA  0   0  4
  [15] .rel.fini_array   REL             00000000 011d6c 000010 08   I 16  14  4
  [16] .symtab           SYMTAB          00000000 005c40 004d80 10     17 757  4
  [17] .strtab           STRTAB          00000000 00a9c0 005333 00      0   0  1
  [18] .shstrtab         STRTAB          00000000 011d7c 0000a1 00      0   0  1
Key to Flags:
  W (write), A (alloc), X (execute), M (merge), S (strings), I (info),
  L (link order), O (extra OS processing required), G (group), T (TLS),
  C (compressed), x (unknown), o (OS specific), E (exclude),
  D (mbind), y (purecode), p (processor specific)
