
Symbol table '.symtab' contains 1373 entries:
   Num:    Value  Size Type    Bind   Vis      Ndx Name
     0: 00000000     0 NOTYPE  LOCAL  DEFAULT  UND 
     1: 00000000     0 SECTION LOCAL  DEFAULT    1 .rodata
     2: 00000000     0 SECTION LOCAL  DEFAULT    3 .llext.rodata.noreloc
     3: 00000000     0 SECTION LOCAL  DEFAULT    7 .data
     4: 00000000     0 SECTION LOCAL  DEFAULT    9 .bss
     5: 00004f0c     0 NOTYPE  LOCAL  DEFAULT    4 $t
     6: 00004f0d   212 FUNC    LOCAL  DEFAULT    4 _ZN6zephyr7arduinoL29init_device_with_dependenciesEPK6device
     7: 00004fc4     0 NOTYPE  LOCAL  DEFAULT    4 $d
     8: 00000000   136 OBJECT  LOCAL  DEFAULT    1 _ZN6zephyr7arduinoL11pinctrl_mapE
     9: 00004fe0     0 NOTYPE  LOCAL  DEFAULT    4 $t
    10: 00004fec     0 NOTYPE  LOCAL  DEFAULT    4 $d
    11: 00000000     0 NOTYPE  LOCAL  DEFAULT    1 $d
    12: 000001b0     8 OBJECT  LOCAL  DEFAULT    1 _ZN6zephyr7arduinoL39__pinctrl_dev_config__device_dts_ord_73E
    13: 000001a8     8 OBJECT  LOCAL  DEFAULT    1 _ZN6zephyr7arduinoL39__pinctrl_dev_config__device_dts_ord_70E
    14: 000001b8     8 OBJECT  LOCAL  DEFAULT    1 _ZN6zephyr7arduinoL39__pinctrl_dev_config__device_dts_ord_78E
    15: 000001c0     8 OBJECT  LOCAL  DEFAULT    1 _ZN6zephyr7arduinoL39__pinctrl_dev_config__device_dts_ord_83E
    16: 000001c8     8 OBJECT  LOCAL  DEFAULT    1 _ZN6zephyr7arduinoL39__pinctrl_dev_config__device_dts_ord_88E
    17: 00000188     8 OBJECT  LOCAL  DEFAULT    1 _ZN6zephyr7arduinoL39__pinctrl_dev_config__device_dts_ord_30E
    18: 00000190     8 OBJECT  LOCAL  DEFAULT    1 _ZN6zephyr7arduinoL39__pinctrl_dev_config__device_dts_ord_34E
    19: 00000198     8 OBJECT  LOCAL  DEFAULT    1 _ZN6zephyr7arduinoL39__pinctrl_dev_config__device_dts_ord_40E
    20: 000001f0     8 OBJECT  LOCAL  DEFAULT    1 _ZN6zephyr7arduinoL40__pinctrl_dev_config__device_dts_ord_120E
    21: 000001d0     8 OBJECT  LOCAL  DEFAULT    1 _ZN6zephyr7arduinoL40__pinctrl_dev_config__device_dts_ord_100E
    22: 000001d8     8 OBJECT  LOCAL  DEFAULT    1 _ZN6zephyr7arduinoL40__pinctrl_dev_config__device_dts_ord_105E
    23: 000001e0     8 OBJECT  LOCAL  DEFAULT    1 _ZN6zephyr7arduinoL40__pinctrl_dev_config__device_dts_ord_109E
    24: 000001e8     8 OBJECT  LOCAL  DEFAULT    1 _ZN6zephyr7arduinoL40__pinctrl_dev_config__device_dts_ord_114E
    25: 000001f8     8 OBJECT  LOCAL  DEFAULT    1 _ZN6zephyr7arduinoL40__pinctrl_dev_config__device_dts_ord_123E
    26: 00000180     8 OBJECT  LOCAL  DEFAULT    1 _ZN6zephyr7arduinoL39__pinctrl_dev_config__device_dts_ord_17E
    27: 000001a0     8 OBJECT  LOCAL  DEFAULT    1 _ZN6zephyr7arduinoL39__pinctrl_dev_config__device_dts_ord_61E
    28: 000001a0     0 NOTYPE  LOCAL  DEFAULT    1 $d
    29: 000000c0     8 OBJECT  LOCAL  DEFAULT    1 _ZN6zephyr7arduinoL35__pinctrl_states__device_dts_ord_61E
    30: 000000c0     0 NOTYPE  LOCAL  DEFAULT    1 $d
    31: 0000020c    16 OBJECT  LOCAL  DEFAULT    3 _ZN6zephyr7arduinoL41__pinctrl_state_pins_0__device_dts_ord_61E
    32: 0000020c     0 NOTYPE  LOCAL  DEFAULT    3 $d
    33: 00000180     0 NOTYPE  LOCAL  DEFAULT    1 $d
    34: 00000088    24 OBJECT  LOCAL  DEFAULT    1 _ZN6zephyr7arduinoL35__pinctrl_states__device_dts_ord_17E
    35: 00000088     0 NOTYPE  LOCAL  DEFAULT    1 $d
    36: 000001dc     0 OBJECT  LOCAL  DEFAULT    3 _ZN6zephyr7arduinoL41__pinctrl_state_pins_0__device_dts_ord_17E
    37: 0000029c     0 OBJECT  LOCAL  DEFAULT    3 _ZN6zephyr7arduinoL41__pinctrl_state_pins_1__device_dts_ord_17E
    38: 000002ac    48 OBJECT  LOCAL  DEFAULT    3 _ZN6zephyr7arduinoL41__pinctrl_state_pins_2__device_dts_ord_17E
    39: 000002ac     0 NOTYPE  LOCAL  DEFAULT    3 $d
    40: 000001f8     0 NOTYPE  LOCAL  DEFAULT    1 $d
    41: 00000168    24 OBJECT  LOCAL  DEFAULT    1 _ZN6zephyr7arduinoL36__pinctrl_states__device_dts_ord_123E
    42: 00000168     0 NOTYPE  LOCAL  DEFAULT    1 $d
    43: 000002dc     0 OBJECT  LOCAL  DEFAULT    3 _ZN6zephyr7arduinoL42__pinctrl_state_pins_0__device_dts_ord_123E
    44: 000002dc     0 OBJECT  LOCAL  DEFAULT    3 _ZN6zephyr7arduinoL42__pinctrl_state_pins_1__device_dts_ord_123E
    45: 00000354     8 OBJECT  LOCAL  DEFAULT    3 _ZN6zephyr7arduinoL42__pinctrl_state_pins_2__device_dts_ord_123E
    46: 00000354     0 NOTYPE  LOCAL  DEFAULT    3 $d
    47: 000001e8     0 NOTYPE  LOCAL  DEFAULT    1 $d
    48: 00000138    24 OBJECT  LOCAL  DEFAULT    1 _ZN6zephyr7arduinoL36__pinctrl_states__device_dts_ord_114E
    49: 00000138     0 NOTYPE  LOCAL  DEFAULT    1 $d
    50: 000002dc     0 OBJECT  LOCAL  DEFAULT    3 _ZN6zephyr7arduinoL42__pinctrl_state_pins_0__device_dts_ord_114E
    51: 000002dc     0 OBJECT  LOCAL  DEFAULT    3 _ZN6zephyr7arduinoL42__pinctrl_state_pins_1__device_dts_ord_114E
    52: 0000031c    24 OBJECT  LOCAL  DEFAULT    3 _ZN6zephyr7arduinoL42__pinctrl_state_pins_2__device_dts_ord_114E
    53: 0000031c     0 NOTYPE  LOCAL  DEFAULT    3 $d
    54: 000001e0     0 NOTYPE  LOCAL  DEFAULT    1 $d
    55: 00000120    24 OBJECT  LOCAL  DEFAULT    1 _ZN6zephyr7arduinoL36__pinctrl_states__device_dts_ord_109E
    56: 00000120     0 NOTYPE  LOCAL  DEFAULT    1 $d
    57: 000002dc     0 OBJECT  LOCAL  DEFAULT    3 _ZN6zephyr7arduinoL42__pinctrl_state_pins_0__device_dts_ord_109E
    58: 000002dc     0 OBJECT  LOCAL  DEFAULT    3 _ZN6zephyr7arduinoL42__pinctrl_state_pins_1__device_dts_ord_109E
    59: 0000030c    16 OBJECT  LOCAL  DEFAULT    3 _ZN6zephyr7arduinoL42__pinctrl_state_pins_2__device_dts_ord_109E
    60: 0000030c     0 NOTYPE  LOCAL  DEFAULT    3 $d
    61: 000001d8     0 NOTYPE  LOCAL  DEFAULT    1 $d
    62: 00000108    24 OBJECT  LOCAL  DEFAULT    1 _ZN6zephyr7arduinoL36__pinctrl_states__device_dts_ord_105E
    63: 00000108     0 NOTYPE  LOCAL  DEFAULT    1 $d
    64: 000002dc     0 OBJECT  LOCAL  DEFAULT    3 _ZN6zephyr7arduinoL42__pinctrl_state_pins_0__device_dts_ord_105E
    65: 000002dc     0 OBJECT  LOCAL  DEFAULT    3 _ZN6zephyr7arduinoL42__pinctrl_state_pins_1__device_dts_ord_105E
    66: 000002f4    24 OBJECT  LOCAL  DEFAULT    3 _ZN6zephyr7arduinoL42__pinctrl_state_pins_2__device_dts_ord_105E
    67: 000002f4     0 NOTYPE  LOCAL  DEFAULT    3 $d
    68: 000001d0     0 NOTYPE  LOCAL  DEFAULT    1 $d
    69: 000000f0    24 OBJECT  LOCAL  DEFAULT    1 _ZN6zephyr7arduinoL36__pinctrl_states__device_dts_ord_100E
    70: 000000f0     0 NOTYPE  LOCAL  DEFAULT    1 $d
    71: 000002dc     0 OBJECT  LOCAL  DEFAULT    3 _ZN6zephyr7arduinoL42__pinctrl_state_pins_0__device_dts_ord_100E
    72: 000002dc     0 OBJECT  LOCAL  DEFAULT    3 _ZN6zephyr7arduinoL42__pinctrl_state_pins_1__device_dts_ord_100E
    73: 000002dc    24 OBJECT  LOCAL  DEFAULT    3 _ZN6zephyr7arduinoL42__pinctrl_state_pins_2__device_dts_ord_100E
    74: 000002dc     0 NOTYPE  LOCAL  DEFAULT    3 $d
    75: 000001f0     0 NOTYPE  LOCAL  DEFAULT    1 $d
    76: 00000150    24 OBJECT  LOCAL  DEFAULT    1 _ZN6zephyr7arduinoL36__pinctrl_states__device_dts_ord_120E
    77: 00000150     0 NOTYPE  LOCAL  DEFAULT    1 $d
    78: 000002dc     0 OBJECT  LOCAL  DEFAULT    3 _ZN6zephyr7arduinoL42__pinctrl_state_pins_0__device_dts_ord_120E
    79: 000002dc     0 OBJECT  LOCAL  DEFAULT    3 _ZN6zephyr7arduinoL42__pinctrl_state_pins_1__device_dts_ord_120E
    80: 00000334    32 OBJECT  LOCAL  DEFAULT    3 _ZN6zephyr7arduinoL42__pinctrl_state_pins_2__device_dts_ord_120E
    81: 00000334     0 NOTYPE  LOCAL  DEFAULT    3 $d
    82: 00000198     0 NOTYPE  LOCAL  DEFAULT    1 $d
    83: 000000b0    16 OBJECT  LOCAL  DEFAULT    1 _ZN6zephyr7arduinoL35__pinctrl_states__device_dts_ord_40E
    84: 000000b0     0 NOTYPE  LOCAL  DEFAULT    1 $d
    85: 000001fc    16 OBJECT  LOCAL  DEFAULT    3 _ZN6zephyr7arduinoL41__pinctrl_state_pins_0__device_dts_ord_40E
    86: 0000029c    16 OBJECT  LOCAL  DEFAULT    3 _ZN6zephyr7arduinoL41__pinctrl_state_pins_1__device_dts_ord_40E
    87: 0000029c     0 NOTYPE  LOCAL  DEFAULT    3 $d
    88: 000001fc     0 NOTYPE  LOCAL  DEFAULT    3 $d
    89: 00000190     0 NOTYPE  LOCAL  DEFAULT    1 $d
    90: 000000a8     8 OBJECT  LOCAL  DEFAULT    1 _ZN6zephyr7arduinoL35__pinctrl_states__device_dts_ord_34E
    91: 000000a8     0 NOTYPE  LOCAL  DEFAULT    1 $d
    92: 000001ec    16 OBJECT  LOCAL  DEFAULT    3 _ZN6zephyr7arduinoL41__pinctrl_state_pins_0__device_dts_ord_34E
    93: 000001ec     0 NOTYPE  LOCAL  DEFAULT    3 $d
    94: 00000188     0 NOTYPE  LOCAL  DEFAULT    1 $d
    95: 000000a0     8 OBJECT  LOCAL  DEFAULT    1 _ZN6zephyr7arduinoL35__pinctrl_states__device_dts_ord_30E
    96: 000000a0     0 NOTYPE  LOCAL  DEFAULT    1 $d
    97: 000001dc    16 OBJECT  LOCAL  DEFAULT    3 _ZN6zephyr7arduinoL41__pinctrl_state_pins_0__device_dts_ord_30E
    98: 000001dc     0 NOTYPE  LOCAL  DEFAULT    3 $d
    99: 000001c8     0 NOTYPE  LOCAL  DEFAULT    1 $d
   100: 000000e8     8 OBJECT  LOCAL  DEFAULT    1 _ZN6zephyr7arduinoL35__pinctrl_states__device_dts_ord_88E
   101: 000000e8     0 NOTYPE  LOCAL  DEFAULT    1 $d
   102: 0000027c    32 OBJECT  LOCAL  DEFAULT    3 _ZN6zephyr7arduinoL41__pinctrl_state_pins_0__device_dts_ord_88E
   103: 0000027c     0 NOTYPE  LOCAL  DEFAULT    3 $d
   104: 000001c0     0 NOTYPE  LOCAL  DEFAULT    1 $d
   105: 000000e0     8 OBJECT  LOCAL  DEFAULT    1 _ZN6zephyr7arduinoL35__pinctrl_states__device_dts_ord_83E
   106: 000000e0     0 NOTYPE  LOCAL  DEFAULT    1 $d
   107: 0000025c    32 OBJECT  LOCAL  DEFAULT    3 _ZN6zephyr7arduinoL41__pinctrl_state_pins_0__device_dts_ord_83E
   108: 0000025c     0 NOTYPE  LOCAL  DEFAULT    3 $d
   109: 000001b8     0 NOTYPE  LOCAL  DEFAULT    1 $d
   110: 000000d8     8 OBJECT  LOCAL  DEFAULT    1 _ZN6zephyr7arduinoL35__pinctrl_states__device_dts_ord_78E
   111: 000000d8     0 NOTYPE  LOCAL  DEFAULT    1 $d
   112: 0000023c    32 OBJECT  LOCAL  DEFAULT    3 _ZN6zephyr7arduinoL41__pinctrl_state_pins_0__device_dts_ord_78E
   113: 0000023c     0 NOTYPE  LOCAL  DEFAULT    3 $d
   114: 000001a8     0 NOTYPE  LOCAL  DEFAULT    1 $d
   115: 000000c8     8 OBJECT  LOCAL  DEFAULT    1 _ZN6zephyr7arduinoL35__pinctrl_states__device_dts_ord_70E
   116: 000000c8     0 NOTYPE  LOCAL  DEFAULT    1 $d
   117: 0000021c    16 OBJECT  LOCAL  DEFAULT    3 _ZN6zephyr7arduinoL41__pinctrl_state_pins_0__device_dts_ord_70E
   118: 0000021c     0 NOTYPE  LOCAL  DEFAULT    3 $d
   119: 000001b0     0 NOTYPE  LOCAL  DEFAULT    1 $d
   120: 000000d0     8 OBJECT  LOCAL  DEFAULT    1 _ZN6zephyr7arduinoL35__pinctrl_states__device_dts_ord_73E
   121: 000000d0     0 NOTYPE  LOCAL  DEFAULT    1 $d
   122: 0000022c    16 OBJECT  LOCAL  DEFAULT    3 _ZN6zephyr7arduinoL41__pinctrl_state_pins_0__device_dts_ord_73E
   123: 0000022c     0 NOTYPE  LOCAL  DEFAULT    3 $d
   124: 00005af2     0 NOTYPE  LOCAL  DEFAULT    4 $t
   125: 00005b24     0 NOTYPE  LOCAL  DEFAULT    4 $t
   126: 00005b30     0 NOTYPE  LOCAL  DEFAULT    4 $t
   127: 00005b40     0 NOTYPE  LOCAL  DEFAULT    4 $d
   128: 00005b44     0 NOTYPE  LOCAL  DEFAULT    4 $t
   129: 00005b58     0 NOTYPE  LOCAL  DEFAULT    4 $t
   130: 00005b96     0 NOTYPE  LOCAL  DEFAULT    4 $t
   131: 00005bae     0 NOTYPE  LOCAL  DEFAULT    4 $t
   132: 00000200     0 NOTYPE  LOCAL  DEFAULT    1 $d
   133: 00000290     0 NOTYPE  LOCAL  DEFAULT    1 $d
   134: 000054e8     0 NOTYPE  LOCAL  DEFAULT    4 $t
   135: 000054f8     0 NOTYPE  LOCAL  DEFAULT    4 $d
   136: 000054fc     0 NOTYPE  LOCAL  DEFAULT    4 $t
   137: 00005510     0 NOTYPE  LOCAL  DEFAULT    4 $t
   138: 0000554c     0 NOTYPE  LOCAL  DEFAULT    4 $t
   139: 000055c0     0 NOTYPE  LOCAL  DEFAULT    4 $t
   140: 0000020c     0 NOTYPE  LOCAL  DEFAULT    1 $d
   141: 000002bc     0 NOTYPE  LOCAL  DEFAULT    1 $d
   142: 000058dc     0 NOTYPE  LOCAL  DEFAULT    4 $t
   143: 000058dd     8 FUNC    LOCAL  DEFAULT    4 _ZNK12_GLOBAL__N_122generic_error_category4nameEv
   144: 000058e0     0 NOTYPE  LOCAL  DEFAULT    4 $d
   145: 000058e4     0 NOTYPE  LOCAL  DEFAULT    4 $t
   146: 000058e5    20 FUNC    LOCAL  DEFAULT    4 _ZNK12_GLOBAL__N_122generic_error_category10equivalentEiRKSt15error_condition
   147: 000058f8     0 NOTYPE  LOCAL  DEFAULT    4 $t
   148: 000058f9     2 FUNC    LOCAL  DEFAULT    4 _ZN12_GLOBAL__N_122generic_error_categoryD2Ev
   149: 000058f9     2 FUNC    LOCAL  DEFAULT    4 _ZN12_GLOBAL__N_122generic_error_categoryD1Ev
   150: 000058fc     0 NOTYPE  LOCAL  DEFAULT    4 $t
   151: 000058fd     8 FUNC    LOCAL  DEFAULT    4 _ZNK12_GLOBAL__N_121system_error_category4nameEv
   152: 00005900     0 NOTYPE  LOCAL  DEFAULT    4 $d
   153: 00005904     0 NOTYPE  LOCAL  DEFAULT    4 $t
   154: 00005905   100 FUNC    LOCAL  DEFAULT    4 _ZNK12_GLOBAL__N_121system_error_category23default_error_conditionEi
   155: 00005958     0 NOTYPE  LOCAL  DEFAULT    4 $d
   156: 0000000c     4 OBJECT  LOCAL  DEFAULT    7 _ZN12_GLOBAL__N_125generic_category_instanceE
   157: 00005968     0 NOTYPE  LOCAL  DEFAULT    4 $t
   158: 00005969     2 FUNC    LOCAL  DEFAULT    4 _ZN12_GLOBAL__N_121system_error_categoryD2Ev
   159: 00005969     2 FUNC    LOCAL  DEFAULT    4 _ZN12_GLOBAL__N_121system_error_categoryD1Ev
   160: 0000596a     0 NOTYPE  LOCAL  DEFAULT    4 $t
   161: 00005970     0 NOTYPE  LOCAL  DEFAULT    4 $t
   162: 00005984     0 NOTYPE  LOCAL  DEFAULT    4 $t
   163: 00005985     2 FUNC    LOCAL  DEFAULT    4 _ZN12_GLOBAL__N_113constant_initINS_22generic_error_categoryEED2Ev
   164: 00005985     2 FUNC    LOCAL  DEFAULT    4 _ZN12_GLOBAL__N_113constant_initINS_22generic_error_categoryEED1Ev
   165: 00005986     0 NOTYPE  LOCAL  DEFAULT    4 $t
   166: 00005987     2 FUNC    LOCAL  DEFAULT    4 _ZN12_GLOBAL__N_113constant_initINS_21system_error_categoryEED2Ev
   167: 00005987     2 FUNC    LOCAL  DEFAULT    4 _ZN12_GLOBAL__N_113constant_initINS_21system_error_categoryEED1Ev
   168: 00005988     0 NOTYPE  LOCAL  DEFAULT    4 $t
   169: 00005989    12 FUNC    LOCAL  DEFAULT    4 _ZN12_GLOBAL__N_122generic_error_categoryD0Ev
   170: 00005994     0 NOTYPE  LOCAL  DEFAULT    4 $t
   171: 00005995    12 FUNC    LOCAL  DEFAULT    4 _ZN12_GLOBAL__N_121system_error_categoryD0Ev
   172: 000059a0     0 NOTYPE  LOCAL  DEFAULT    4 $t
   173: 000059d0     0 NOTYPE  LOCAL  DEFAULT    4 $t
   174: 000059d1    40 FUNC    LOCAL  DEFAULT    4 _ZNK12_GLOBAL__N_121system_error_category10equivalentEiRKSt15error_condition
   175: 000059f8     0 NOTYPE  LOCAL  DEFAULT    4 $t
   176: 000059f9   192 FUNC    LOCAL  DEFAULT    4 _ZNK12_GLOBAL__N_122generic_error_category7messageB5cxx11Ei
   177: 00005ab4     0 NOTYPE  LOCAL  DEFAULT    4 $d
   178: 000059f9   192 FUNC    LOCAL  DEFAULT    4 _ZNK12_GLOBAL__N_121system_error_category7messageB5cxx11Ei
   179: 00000008     4 OBJECT  LOCAL  DEFAULT    7 _ZN12_GLOBAL__N_124system_category_instanceE
   180: 00005ab8     0 NOTYPE  LOCAL  DEFAULT    4 $t
   181: 00005ab9    48 FUNC    LOCAL  DEFAULT    4 _GLOBAL__sub_I__ZSt20__throw_system_errori
   182: 00005ad4     0 NOTYPE  LOCAL  DEFAULT    4 $d
   183: 00000020     0 NOTYPE  LOCAL  DEFAULT   12 $d
   184: 00000230     0 NOTYPE  LOCAL  DEFAULT    1 $d
   185: 00000224     0 NOTYPE  LOCAL  DEFAULT    1 $d
   186: 00000224    12 OBJECT  LOCAL  DEFAULT    1 _ZTIN12_GLOBAL__N_122generic_error_categoryE
   187: 000004b0    42 OBJECT  LOCAL  DEFAULT    3 _ZTSN12_GLOBAL__N_122generic_error_categoryE
   188: 00000218     0 NOTYPE  LOCAL  DEFAULT    1 $d
   189: 00000218    12 OBJECT  LOCAL  DEFAULT    1 _ZTIN12_GLOBAL__N_121system_error_categoryE
   190: 00000487    41 OBJECT  LOCAL  DEFAULT    3 _ZTSN12_GLOBAL__N_121system_error_categoryE
   191: 00000310     0 NOTYPE  LOCAL  DEFAULT    1 $d
   192: 00000310    40 OBJECT  LOCAL  DEFAULT    1 _ZTVN12_GLOBAL__N_122generic_error_categoryE
   193: 000002e8     0 NOTYPE  LOCAL  DEFAULT    1 $d
   194: 000002e8    40 OBJECT  LOCAL  DEFAULT    1 _ZTVN12_GLOBAL__N_121system_error_categoryE
   195: 00000008     0 NOTYPE  LOCAL  DEFAULT    7 $d
   196: 0000000c     0 NOTYPE  LOCAL  DEFAULT    7 $d
   197: 0000561c     0 NOTYPE  LOCAL  DEFAULT    4 $t
   198: 00005620     0 NOTYPE  LOCAL  DEFAULT    4 $t
   199: 00005640     0 NOTYPE  LOCAL  DEFAULT    4 $d
   200: 00005644     0 NOTYPE  LOCAL  DEFAULT    4 $t
   201: 00005658     0 NOTYPE  LOCAL  DEFAULT    4 $t
   202: 00005668     0 NOTYPE  LOCAL  DEFAULT    4 $d
   203: 0000566c     0 NOTYPE  LOCAL  DEFAULT    4 $t
   204: 00000238     0 NOTYPE  LOCAL  DEFAULT    1 $d
   205: 00000244     0 NOTYPE  LOCAL  DEFAULT    1 $d
   206: 0000036c     0 NOTYPE  LOCAL  DEFAULT    1 $d
   207: 00000380     0 NOTYPE  LOCAL  DEFAULT    1 $d
   208: 000054b4     0 NOTYPE  LOCAL  DEFAULT    4 $t
   209: 000054b8     0 NOTYPE  LOCAL  DEFAULT    4 $d
   210: 000054bc     0 NOTYPE  LOCAL  DEFAULT    4 $t
   211: 000054cc     0 NOTYPE  LOCAL  DEFAULT    4 $d
   212: 000054d0     0 NOTYPE  LOCAL  DEFAULT    4 $t
   213: 00000250     0 NOTYPE  LOCAL  DEFAULT    1 $d
   214: 00000394     0 NOTYPE  LOCAL  DEFAULT    1 $d
   215: 000054e4     0 NOTYPE  LOCAL  DEFAULT    4 $t
   216: 0000025c     0 NOTYPE  LOCAL  DEFAULT    1 $d
   217: 000055ea     0 NOTYPE  LOCAL  DEFAULT    4 $t
   218: 000055ec     0 NOTYPE  LOCAL  DEFAULT    4 $t
   219: 000055f0     0 NOTYPE  LOCAL  DEFAULT    4 $t
   220: 00000264     0 NOTYPE  LOCAL  DEFAULT    1 $d
   221: 00002d5c     0 NOTYPE  LOCAL  DEFAULT    4 $t
   222: 00002d60     0 NOTYPE  LOCAL  DEFAULT    4 $t
   223: 00002d62     0 NOTYPE  LOCAL  DEFAULT    4 $t
   224: 00002d7c     0 NOTYPE  LOCAL  DEFAULT    4 $t
   225: 00002d7d     8 FUNC    LOCAL  DEFAULT    4 k_yield
   226: 00002d80     0 NOTYPE  LOCAL  DEFAULT    4 $d
   227: 00002d84     0 NOTYPE  LOCAL  DEFAULT    4 $t
   228: 00002d85     8 FUNC    LOCAL  DEFAULT    4 k_mutex_lock
   229: 00002d88     0 NOTYPE  LOCAL  DEFAULT    4 $d
   230: 00002d8c     0 NOTYPE  LOCAL  DEFAULT    4 $t
   231: 00002d8d    32 FUNC    LOCAL  DEFAULT    4 _ZNSt12_Vector_baseIhSaIhEE11_M_allocateEj.isra.0
   232: 00002da4     0 NOTYPE  LOCAL  DEFAULT    4 $d
   233: 00002dac     0 NOTYPE  LOCAL  DEFAULT    4 $t
   234: 00002dad     8 FUNC    LOCAL  DEFAULT    4 k_mutex_unlock.isra.0
   235: 00002db0     0 NOTYPE  LOCAL  DEFAULT    4 $d
   236: 00002db4     0 NOTYPE  LOCAL  DEFAULT    4 $t
   237: 00002e18     0 NOTYPE  LOCAL  DEFAULT    4 $d
   238: 00002e20     0 NOTYPE  LOCAL  DEFAULT    4 $t
   239: 00002e5c     0 NOTYPE  LOCAL  DEFAULT    4 $d
   240: 00002e64     0 NOTYPE  LOCAL  DEFAULT    4 $t
   241: 00002e65    12 FUNC    LOCAL  DEFAULT    4 k_msleep.constprop.0.isra.0
   242: 00002e6c     0 NOTYPE  LOCAL  DEFAULT    4 $d
   243: 00002e70     0 NOTYPE  LOCAL  DEFAULT    4 $t
   244: 00002e90     0 NOTYPE  LOCAL  DEFAULT    4 $d
   245: 00002e9c     0 NOTYPE  LOCAL  DEFAULT    4 $t
   246: 00002ed4     0 NOTYPE  LOCAL  DEFAULT    4 $d
   247: 00002ed8     0 NOTYPE  LOCAL  DEFAULT    4 $t
   248: 00002f10     0 NOTYPE  LOCAL  DEFAULT    4 $d
   249: 00002f18     0 NOTYPE  LOCAL  DEFAULT    4 $t
   250: 00002f74     0 NOTYPE  LOCAL  DEFAULT    4 $d
   251: 00002f80     0 NOTYPE  LOCAL  DEFAULT    4 $t
   252: 00002fb4     0 NOTYPE  LOCAL  DEFAULT    4 $d
   253: 00002fc0     0 NOTYPE  LOCAL  DEFAULT    4 $t
   254: 00002fc1   140 FUNC    LOCAL  DEFAULT    4 _ZNSt6vectorIhSaIhEE12emplace_backIJRKhEEERhDpOT_.isra.0
   255: 00003034     0 NOTYPE  LOCAL  DEFAULT    4 $d
   256: 0000304c     0 NOTYPE  LOCAL  DEFAULT    4 $t
   257: 0000304d   140 FUNC    LOCAL  DEFAULT    4 _ZNSt6vectorIhSaIhEE12emplace_backIJhEEERhDpOT_.isra.0
   258: 000030c0     0 NOTYPE  LOCAL  DEFAULT    4 $d
   259: 000030d8     0 NOTYPE  LOCAL  DEFAULT    4 $t
   260: 00003234     0 NOTYPE  LOCAL  DEFAULT    4 $d
   261: 00003250     0 NOTYPE  LOCAL  DEFAULT    4 $t
   262: 00003251    24 FUNC    LOCAL  DEFAULT    4 _ZN7arduino7msgpack6Packer11packRawByteERKNS0_4TypeE.isra.0
   263: 00003264     0 NOTYPE  LOCAL  DEFAULT    4 $d
   264: 00003268     0 NOTYPE  LOCAL  DEFAULT    4 $t
   265: 00003269   140 FUNC    LOCAL  DEFAULT    4 _ZNSt6vectorIhSaIhEE12emplace_backIJRhEEES3_DpOT_.isra.0
   266: 000032dc     0 NOTYPE  LOCAL  DEFAULT    4 $d
   267: 000032f4     0 NOTYPE  LOCAL  DEFAULT    4 $t
   268: 000032f5    80 FUNC    LOCAL  DEFAULT    4 _ZN7arduino7msgpack6Packer11packIntegerIjEENSt9enable_ifIXaaaaaasrSt13is_arithmeticIT_E5valuesrSt11is_integralIS5_E5valuentsrSt7is_sameIS5_bE5valuentsrS9_INSt9remove_cvIS5_E4typeEPcE5valueEvE4typeERKS5_.isra.0
   269: 00003334     0 NOTYPE  LOCAL  DEFAULT    4 $d
   270: 00003344     0 NOTYPE  LOCAL  DEFAULT    4 $t
   271: 00003345   196 FUNC    LOCAL  DEFAULT    4 _ZN7arduino7msgpack6Packer11packIntegerIiEENSt9enable_ifIXaaaaaasrSt13is_arithmeticIT_E5valuesrSt11is_integralIS5_E5valuentsrSt7is_sameIS5_bE5valuentsrS9_INSt9remove_cvIS5_E4typeEPcE5valueEvE4typeERKS5_.isra.0
   272: 000033f0     0 NOTYPE  LOCAL  DEFAULT    4 $d
   273: 00003408     0 NOTYPE  LOCAL  DEFAULT    4 $t
   274: 00003470     0 NOTYPE  LOCAL  DEFAULT    4 $d
   275: 00003484     0 NOTYPE  LOCAL  DEFAULT    4 $t
   276: 00003485    56 FUNC    LOCAL  DEFAULT    4 _ZN7arduino7msgpack6Packer9serializeIJRKiRjRKNS_6StringEEEEvRKNS0_4type9ArraySizeEDpOT_.isra.0
   277: 000034ac     0 NOTYPE  LOCAL  DEFAULT    4 $d
   278: 000034bc     0 NOTYPE  LOCAL  DEFAULT    4 $t
   279: 000034e0     0 NOTYPE  LOCAL  DEFAULT    4 $t
   280: 000034e1   120 FUNC    LOCAL  DEFAULT    4 _ZN9RPCClient8send_rpcIJEEEbRKN7arduino6StringERjDpOT_.isra.0
   281: 00003548     0 NOTYPE  LOCAL  DEFAULT    4 $d
   282: 00003558     0 NOTYPE  LOCAL  DEFAULT    4 $t
   283: 00003559   136 FUNC    LOCAL  DEFAULT    4 _ZN9RPCClient8send_rpcIJRKN7arduino6StringEEEEbS4_RjDpOT_.isra.0
   284: 000035cc     0 NOTYPE  LOCAL  DEFAULT    4 $d
   285: 000035e0     0 NOTYPE  LOCAL  DEFAULT    4 $t
   286: 000035e1   136 FUNC    LOCAL  DEFAULT    4 _ZN9RPCClient8send_rpcIJRKjEEEbRKN7arduino6StringERjDpOT_.isra.0
   287: 00003654     0 NOTYPE  LOCAL  DEFAULT    4 $d
   288: 00003668     0 NOTYPE  LOCAL  DEFAULT    4 $t
   289: 000036e0     0 NOTYPE  LOCAL  DEFAULT    4 $d
   290: 000036f8     0 NOTYPE  LOCAL  DEFAULT    4 $t
   291: 00003730     0 NOTYPE  LOCAL  DEFAULT    4 $d
   292: 00003760     0 NOTYPE  LOCAL  DEFAULT    4 $d
   293: 00003778     0 NOTYPE  LOCAL  DEFAULT    4 $t
   294: 000037b0     0 NOTYPE  LOCAL  DEFAULT    4 $d
   295: 000037b8     0 NOTYPE  LOCAL  DEFAULT    4 $t
   296: 00003824     0 NOTYPE  LOCAL  DEFAULT    4 $d
   297: 00003830     0 NOTYPE  LOCAL  DEFAULT    4 $t
   298: 00003978     0 NOTYPE  LOCAL  DEFAULT    4 $d
   299: 000039ac     0 NOTYPE  LOCAL  DEFAULT    4 $t
   300: 000039e8     0 NOTYPE  LOCAL  DEFAULT    4 $d
   301: 000039ec     0 NOTYPE  LOCAL  DEFAULT    4 $t
   302: 00003a20     0 NOTYPE  LOCAL  DEFAULT    4 $d
   303: 00003a2c     0 NOTYPE  LOCAL  DEFAULT    4 $t
   304: 00003cb0     0 NOTYPE  LOCAL  DEFAULT    4 $d
   305: 00003d10     0 NOTYPE  LOCAL  DEFAULT    4 $t
   306: 00003e28     0 NOTYPE  LOCAL  DEFAULT    4 $d
   307: 00003e60     0 NOTYPE  LOCAL  DEFAULT    4 $t
   308: 00003eec     0 NOTYPE  LOCAL  DEFAULT    4 $d
   309: 00003f0c     0 NOTYPE  LOCAL  DEFAULT    4 $t
   310: 00003f40     0 NOTYPE  LOCAL  DEFAULT    4 $d
   311: 00003f4c     0 NOTYPE  LOCAL  DEFAULT    4 $t
   312: 00004040     0 NOTYPE  LOCAL  DEFAULT    4 $d
   313: 00004070     0 NOTYPE  LOCAL  DEFAULT    4 $t
   314: 000042b0     0 NOTYPE  LOCAL  DEFAULT    4 $d
   315: 00004324     0 NOTYPE  LOCAL  DEFAULT    4 $t
   316: 000043d8     0 NOTYPE  LOCAL  DEFAULT    4 $d
   317: 00004400     0 NOTYPE  LOCAL  DEFAULT    4 $t
   318: 00004434     0 NOTYPE  LOCAL  DEFAULT    4 $d
   319: 00004440     0 NOTYPE  LOCAL  DEFAULT    4 $t
   320: 0000446c     0 NOTYPE  LOCAL  DEFAULT    4 $d
   321: 00004474     0 NOTYPE  LOCAL  DEFAULT    4 $t
   322: 000046b4     0 NOTYPE  LOCAL  DEFAULT    4 $d
   323: 00004720     0 NOTYPE  LOCAL  DEFAULT    4 $t
   324: 00004804     0 NOTYPE  LOCAL  DEFAULT    4 $d
   325: 00004838     0 NOTYPE  LOCAL  DEFAULT    4 $t
   326: 00004920     0 NOTYPE  LOCAL  DEFAULT    4 $d
   327: 0000495c     0 NOTYPE  LOCAL  DEFAULT    4 $t
   328: 00004994     0 NOTYPE  LOCAL  DEFAULT    4 $d
   329: 000049a0     0 NOTYPE  LOCAL  DEFAULT    4 $t
   330: 000049a1   188 FUNC    LOCAL  DEFAULT    4 _GLOBAL__sub_I_Bridge
   331: 00004a30     0 NOTYPE  LOCAL  DEFAULT    4 $d
   332: 00000018     0 NOTYPE  LOCAL  DEFAULT   12 $d
   333: 00004a5c     0 NOTYPE  LOCAL  DEFAULT    4 $t
   334: 00004a5d    32 FUNC    LOCAL  DEFAULT    4 _GLOBAL__sub_D_Bridge
   335: 00004a70     0 NOTYPE  LOCAL  DEFAULT    4 $d
   336: 00000018     0 NOTYPE  LOCAL  DEFAULT   14 $d
   337: 0000026c     0 NOTYPE  LOCAL  DEFAULT    1 $d
   338: 00000124     0 NOTYPE  LOCAL  DEFAULT    9 $d
   339: 00000128     0 NOTYPE  LOCAL  DEFAULT    9 $d
   340: 0000012c     0 NOTYPE  LOCAL  DEFAULT    9 $d
   341: 00000368     0 NOTYPE  LOCAL  DEFAULT    9 $d
   342: 00003733     0 NOTYPE  LOCAL  DEFAULT    4 $d
   343: 00003734     0 NOTYPE  LOCAL  DEFAULT    4 $t
   344: 00000001    16 FUNC    LOCAL  DEFAULT    4 __tcf_0
   345: 000001c9    20 FUNC    LOCAL  DEFAULT    4 __tcf_1
   346: 000001b5    20 FUNC    LOCAL  DEFAULT    4 __tcf_2
   347: 00004ff0     0 NOTYPE  LOCAL  DEFAULT    4 $t
   348: 00004ff1    10 FUNC    LOCAL  DEFAULT    4 z_impl_uart_irq_tx_enable
   349: 00004ffa     0 NOTYPE  LOCAL  DEFAULT    4 $t
   350: 00005004     0 NOTYPE  LOCAL  DEFAULT    4 $t
   351: 0000501c     0 NOTYPE  LOCAL  DEFAULT    4 $t
   352: 00005020     0 NOTYPE  LOCAL  DEFAULT    4 $t
   353: 00005021     8 FUNC    LOCAL  DEFAULT    4 k_sem_give
   354: 00005024     0 NOTYPE  LOCAL  DEFAULT    4 $d
   355: 00005028     0 NOTYPE  LOCAL  DEFAULT    4 $t
   356: 00005029     8 FUNC    LOCAL  DEFAULT    4 k_sem_take.isra.0
   357: 0000502c     0 NOTYPE  LOCAL  DEFAULT    4 $d
   358: 00005030     0 NOTYPE  LOCAL  DEFAULT    4 $t
   359: 0000506c     0 NOTYPE  LOCAL  DEFAULT    4 $d
   360: 00005078     0 NOTYPE  LOCAL  DEFAULT    4 $t
   361: 000050b4     0 NOTYPE  LOCAL  DEFAULT    4 $d
   362: 000050c0     0 NOTYPE  LOCAL  DEFAULT    4 $t
   363: 000050ec     0 NOTYPE  LOCAL  DEFAULT    4 $d
   364: 000050f4     0 NOTYPE  LOCAL  DEFAULT    4 $t
   365: 00005120     0 NOTYPE  LOCAL  DEFAULT    4 $d
   366: 00005128     0 NOTYPE  LOCAL  DEFAULT    4 $t
   367: 000051e0     0 NOTYPE  LOCAL  DEFAULT    4 $d
   368: 000051f0     0 NOTYPE  LOCAL  DEFAULT    4 $t
   369: 000051f8     0 NOTYPE  LOCAL  DEFAULT    4 $d
   370: 000051fc     0 NOTYPE  LOCAL  DEFAULT    4 $t
   371: 00005224     0 NOTYPE  LOCAL  DEFAULT    4 $d
   372: 00005228     0 NOTYPE  LOCAL  DEFAULT    4 $t
   373: 00005284     0 NOTYPE  LOCAL  DEFAULT    4 $d
   374: 00005298     0 NOTYPE  LOCAL  DEFAULT    4 $t
   375: 0000536c     0 NOTYPE  LOCAL  DEFAULT    4 $d
   376: 00005380     0 NOTYPE  LOCAL  DEFAULT    4 $t
   377: 00005388     0 NOTYPE  LOCAL  DEFAULT    4 $d
   378: 0000538c     0 NOTYPE  LOCAL  DEFAULT    4 $t
   379: 000053b4     0 NOTYPE  LOCAL  DEFAULT    4 $d
   380: 000053b8     0 NOTYPE  LOCAL  DEFAULT    4 $t
   381: 000053b9   124 FUNC    LOCAL  DEFAULT    4 _GLOBAL__sub_I__ZN7arduino12ZephyrSerial5beginEmt
   382: 00005414     0 NOTYPE  LOCAL  DEFAULT    4 $d
   383: 0000001c     0 NOTYPE  LOCAL  DEFAULT   12 $d
   384: 00000338     0 NOTYPE  LOCAL  DEFAULT    1 $d
   385: 000004c8     0 NOTYPE  LOCAL  DEFAULT    9 $d
   386: 00000d34     0 NOTYPE  LOCAL  DEFAULT    9 $d
   387: 000015a0     0 NOTYPE  LOCAL  DEFAULT    9 $d
   388: 00002760     0 NOTYPE  LOCAL  DEFAULT    4 $t
   389: 00002761    76 FUNC    LOCAL  DEFAULT    4 _ZN2ui12_GLOBAL__N_15glyphERNS_5FrameEjPKhjb
   390: 000027ac     0 NOTYPE  LOCAL  DEFAULT    4 $t
   391: 000027ad   128 FUNC    LOCAL  DEFAULT    4 _ZN2ui12_GLOBAL__N_17invalidERNS_5FrameE.isra.0
   392: 0000281c     0 NOTYPE  LOCAL  DEFAULT    4 $d
   393: 0000014b     5 OBJECT  LOCAL  DEFAULT    3 _ZN2ui12_GLOBAL__N_1L1EE
   394: 00000169     5 OBJECT  LOCAL  DEFAULT    3 _ZN2ui12_GLOBAL__N_1L5CROSSE
   395: 00002830     0 NOTYPE  LOCAL  DEFAULT    4 $t
   396: 000028a2     0 NOTYPE  LOCAL  DEFAULT    4 $d
   397: 000028ba     0 NOTYPE  LOCAL  DEFAULT    4 $t
   398: 00002a18     0 NOTYPE  LOCAL  DEFAULT    4 $d
   399: 00002a1c     0 NOTYPE  LOCAL  DEFAULT    4 $t
   400: 00002a20     0 NOTYPE  LOCAL  DEFAULT    4 $d
   401: 0000013c     5 OBJECT  LOCAL  DEFAULT    3 _ZN2ui12_GLOBAL__N_1L1BE
   402: 000001d2     5 OBJECT  LOCAL  DEFAULT    3 _ZN2ui12_GLOBAL__N_1L9HOURGLASSE
   403: 00000155     5 OBJECT  LOCAL  DEFAULT    3 _ZN2ui12_GLOBAL__N_1L1SE
   404: 00000146     5 OBJECT  LOCAL  DEFAULT    3 _ZN2ui12_GLOBAL__N_1L1DE
   405: 000001aa    35 OBJECT  LOCAL  DEFAULT    3 _ZN2ui12_GLOBAL__N_1L6FAULTSE
   406: 00000178    50 OBJECT  LOCAL  DEFAULT    3 _ZN2ui12_GLOBAL__N_1L6DIGITSE
   407: 00002a80     0 NOTYPE  LOCAL  DEFAULT    4 $t
   408: 00002b9e     0 NOTYPE  LOCAL  DEFAULT    4 $d
   409: 00002bf8     0 NOTYPE  LOCAL  DEFAULT    4 $d
   410: 00000141     5 OBJECT  LOCAL  DEFAULT    3 _ZN2ui12_GLOBAL__N_1L1CE
   411: 000001cd     5 OBJECT  LOCAL  DEFAULT    3 _ZN2ui12_GLOBAL__N_1L7CHECKERE
   412: 00000150     5 OBJECT  LOCAL  DEFAULT    3 _ZN2ui12_GLOBAL__N_1L1LE
   413: 00000164     5 OBJECT  LOCAL  DEFAULT    3 _ZN2ui12_GLOBAL__N_1L4DOWNE
   414: 00000173     5 OBJECT  LOCAL  DEFAULT    3 _ZN2ui12_GLOBAL__N_1L5RIGHTE
   415: 0000015a     5 OBJECT  LOCAL  DEFAULT    3 _ZN2ui12_GLOBAL__N_1L2UPE
   416: 0000015f     5 OBJECT  LOCAL  DEFAULT    3 _ZN2ui12_GLOBAL__N_1L3ARCE
   417: 0000016e     5 OBJECT  LOCAL  DEFAULT    3 _ZN2ui12_GLOBAL__N_1L5PAUSEE
   418: 00000000     0 NOTYPE  LOCAL  DEFAULT    3 $d
   419: 00002ba3     0 NOTYPE  LOCAL  DEFAULT    4 $d
   420: 00002ba4     0 NOTYPE  LOCAL  DEFAULT    4 $t
   421: 00000000     0 NOTYPE  LOCAL  DEFAULT    4 $t
   422: 00000001    16 FUNC    LOCAL  DEFAULT    4 __tcf_0
   423: 00000008     0 NOTYPE  LOCAL  DEFAULT    4 $d
   424: 00000010     0 NOTYPE  LOCAL  DEFAULT    4 $t
   425: 00000011    32 FUNC    LOCAL  DEFAULT    4 _ZNSt12_Vector_baseIhSaIhEE11_M_allocateEj.isra.0
   426: 00000028     0 NOTYPE  LOCAL  DEFAULT    4 $d
   427: 00000030     0 NOTYPE  LOCAL  DEFAULT    4 $t
   428: 00000031     8 FUNC    LOCAL  DEFAULT    4 k_mutex_unlock.isra.0
   429: 00000034     0 NOTYPE  LOCAL  DEFAULT    4 $d
   430: 00000038     0 NOTYPE  LOCAL  DEFAULT    4 $t
   431: 0000004e     0 NOTYPE  LOCAL  DEFAULT    4 $t
   432: 0000006c     0 NOTYPE  LOCAL  DEFAULT    4 $t
   433: 000000c8     0 NOTYPE  LOCAL  DEFAULT    4 $d
   434: 000000d4     0 NOTYPE  LOCAL  DEFAULT    4 $t
   435: 00000100     0 NOTYPE  LOCAL  DEFAULT    4 $d
   436: 00000110     0 NOTYPE  LOCAL  DEFAULT    4 $t
   437: 00000178     0 NOTYPE  LOCAL  DEFAULT    4 $d
   438: 0000019c     0 NOTYPE  LOCAL  DEFAULT    4 $t
   439: 000001b0     0 NOTYPE  LOCAL  DEFAULT    4 $d
   440: 000001b4     0 NOTYPE  LOCAL  DEFAULT    4 $t
   441: 000001b5    20 FUNC    LOCAL  DEFAULT    4 __tcf_2
   442: 000001c0     0 NOTYPE  LOCAL  DEFAULT    4 $d
   443: 000001c8     0 NOTYPE  LOCAL  DEFAULT    4 $t
   444: 000001c9    20 FUNC    LOCAL  DEFAULT    4 __tcf_1
   445: 000001d4     0 NOTYPE  LOCAL  DEFAULT    4 $d
   446: 000001dc     0 NOTYPE  LOCAL  DEFAULT    4 $t
   447: 000001fc     0 NOTYPE  LOCAL  DEFAULT    4 $t
   448: 0000024c     0 NOTYPE  LOCAL  DEFAULT    4 $d
   449: 00000250     0 NOTYPE  LOCAL  DEFAULT    4 $t
   450: 0000025c     0 NOTYPE  LOCAL  DEFAULT    4 $d
   451: 00000260     0 NOTYPE  LOCAL  DEFAULT    4 $t
   452: 000002b4     0 NOTYPE  LOCAL  DEFAULT    4 $d
   453: 000002b8     0 NOTYPE  LOCAL  DEFAULT    4 $t
   454: 00000314     0 NOTYPE  LOCAL  DEFAULT    4 $d
   455: 00000318     0 NOTYPE  LOCAL  DEFAULT    4 $t
   456: 00000334     0 NOTYPE  LOCAL  DEFAULT    4 $d
   457: 00000338     0 NOTYPE  LOCAL  DEFAULT    4 $t
   458: 00000354     0 NOTYPE  LOCAL  DEFAULT    4 $d
   459: 00000358     0 NOTYPE  LOCAL  DEFAULT    4 $t
   460: 000003a8     0 NOTYPE  LOCAL  DEFAULT    4 $d
   461: 000003ac     0 NOTYPE  LOCAL  DEFAULT    4 $t
   462: 00000404     0 NOTYPE  LOCAL  DEFAULT    4 $d
   463: 00000410     0 NOTYPE  LOCAL  DEFAULT    4 $t
   464: 00000470     0 NOTYPE  LOCAL  DEFAULT    4 $d
   465: 0000047c     0 NOTYPE  LOCAL  DEFAULT    4 $t
   466: 000004c0     0 NOTYPE  LOCAL  DEFAULT    4 $d
   467: 000004c8     0 NOTYPE  LOCAL  DEFAULT    4 $t
   468: 00000508     0 NOTYPE  LOCAL  DEFAULT    4 $d
   469: 00000510     0 NOTYPE  LOCAL  DEFAULT    4 $t
   470: 00000550     0 NOTYPE  LOCAL  DEFAULT    4 $d
   471: 00000558     0 NOTYPE  LOCAL  DEFAULT    4 $t
   472: 00000588     0 NOTYPE  LOCAL  DEFAULT    4 $t
   473: 000005c8     0 NOTYPE  LOCAL  DEFAULT    4 $d
   474: 000005d0     0 NOTYPE  LOCAL  DEFAULT    4 $t
   475: 00000604     0 NOTYPE  LOCAL  DEFAULT    4 $t
   476: 0000061c     0 NOTYPE  LOCAL  DEFAULT    4 $d
   477: 00000708     0 NOTYPE  LOCAL  DEFAULT    4 $d
   478: 00000718     0 NOTYPE  LOCAL  DEFAULT    4 $t
   479: 00000780     0 NOTYPE  LOCAL  DEFAULT    4 $d
   480: 00000790     0 NOTYPE  LOCAL  DEFAULT    4 $t
   481: 000007d0     0 NOTYPE  LOCAL  DEFAULT    4 $d
   482: 000007d8     0 NOTYPE  LOCAL  DEFAULT    4 $t
   483: 00000840     0 NOTYPE  LOCAL  DEFAULT    4 $d
   484: 00000850     0 NOTYPE  LOCAL  DEFAULT    4 $t
   485: 0000088c     0 NOTYPE  LOCAL  DEFAULT    4 $t
   486: 000008d0     0 NOTYPE  LOCAL  DEFAULT    4 $d
   487: 000008d8     0 NOTYPE  LOCAL  DEFAULT    4 $t
   488: 000008f8     0 NOTYPE  LOCAL  DEFAULT    4 $t
   489: 00000938     0 NOTYPE  LOCAL  DEFAULT    4 $d
   490: 00000940     0 NOTYPE  LOCAL  DEFAULT    4 $t
   491: 00000964     0 NOTYPE  LOCAL  DEFAULT    4 $d
   492: 0000096c     0 NOTYPE  LOCAL  DEFAULT    4 $t
   493: 00000990     0 NOTYPE  LOCAL  DEFAULT    4 $d
   494: 00000998     0 NOTYPE  LOCAL  DEFAULT    4 $t
   495: 000009cc     0 NOTYPE  LOCAL  DEFAULT    4 $d
   496: 000009d8     0 NOTYPE  LOCAL  DEFAULT    4 $t
   497: 000009f8     0 NOTYPE  LOCAL  DEFAULT    4 $t
   498: 00000a30     0 NOTYPE  LOCAL  DEFAULT    4 $d
   499: 00000a38     0 NOTYPE  LOCAL  DEFAULT    4 $t
   500: 00000b80     0 NOTYPE  LOCAL  DEFAULT    4 $d
   501: 00000bac     0 NOTYPE  LOCAL  DEFAULT    4 $t
   502: 00000c58     0 NOTYPE  LOCAL  DEFAULT    4 $d
   503: 00000c70     0 NOTYPE  LOCAL  DEFAULT    4 $t
   504: 00000c84     0 NOTYPE  LOCAL  DEFAULT    4 $d
   505: 00000c88     0 NOTYPE  LOCAL  DEFAULT    4 $t
   506: 00000ca8     0 NOTYPE  LOCAL  DEFAULT    4 $d
   507: 00000cb4     0 NOTYPE  LOCAL  DEFAULT    4 $t
   508: 00000d34     0 NOTYPE  LOCAL  DEFAULT    4 $d
   509: 00000d4c     0 NOTYPE  LOCAL  DEFAULT    4 $t
   510: 00000db8     0 NOTYPE  LOCAL  DEFAULT    4 $d
   511: 00000dc4     0 NOTYPE  LOCAL  DEFAULT    4 $t
   512: 00000df8     0 NOTYPE  LOCAL  DEFAULT    4 $d
   513: 00000dfc     0 NOTYPE  LOCAL  DEFAULT    4 $t
   514: 00000dfd   140 FUNC    LOCAL  DEFAULT    4 _ZNSt6vectorIhSaIhEE12emplace_backIJhEEERhDpOT_.isra.0
   515: 00000e70     0 NOTYPE  LOCAL  DEFAULT    4 $d
   516: 00000e88     0 NOTYPE  LOCAL  DEFAULT    4 $t
   517: 00000e89    24 FUNC    LOCAL  DEFAULT    4 _ZN7arduino7msgpack6Packer11packRawByteERKNS0_4TypeE.isra.0
   518: 00000e9c     0 NOTYPE  LOCAL  DEFAULT    4 $d
   519: 00000ea0     0 NOTYPE  LOCAL  DEFAULT    4 $t
   520: 00000ea1   140 FUNC    LOCAL  DEFAULT    4 _ZNSt6vectorIhSaIhEE12emplace_backIJRKhEEERhDpOT_.isra.0
   521: 00000f14     0 NOTYPE  LOCAL  DEFAULT    4 $d
   522: 00000f2c     0 NOTYPE  LOCAL  DEFAULT    4 $t
   523: 00000f50     0 NOTYPE  LOCAL  DEFAULT    4 $d
   524: 00000f58     0 NOTYPE  LOCAL  DEFAULT    4 $t
   525: 00000f59   140 FUNC    LOCAL  DEFAULT    4 _ZNSt6vectorIhSaIhEE12emplace_backIJRhEEES3_DpOT_.isra.0
   526: 00000fcc     0 NOTYPE  LOCAL  DEFAULT    4 $d
   527: 00000fe4     0 NOTYPE  LOCAL  DEFAULT    4 $t
   528: 00000ffc     0 NOTYPE  LOCAL  DEFAULT    4 $d
   529: 00001000     0 NOTYPE  LOCAL  DEFAULT    4 $t
   530: 00001020     0 NOTYPE  LOCAL  DEFAULT    4 $d
   531: 00001028     0 NOTYPE  LOCAL  DEFAULT    4 $t
   532: 00001040     0 NOTYPE  LOCAL  DEFAULT    4 $d
   533: 00001044     0 NOTYPE  LOCAL  DEFAULT    4 $t
   534: 0000108c     0 NOTYPE  LOCAL  DEFAULT    4 $d
   535: 0000109c     0 NOTYPE  LOCAL  DEFAULT    4 $t
   536: 000010c0     0 NOTYPE  LOCAL  DEFAULT    4 $d
   537: 000010c8     0 NOTYPE  LOCAL  DEFAULT    4 $t
   538: 000010c9   196 FUNC    LOCAL  DEFAULT    4 _ZN7arduino7msgpack6Packer11packIntegerIiEENSt9enable_ifIXaaaaaasrSt13is_arithmeticIT_E5valuesrSt11is_integralIS5_E5valuentsrSt7is_sameIS5_bE5valuentsrS9_INSt9remove_cvIS5_E4typeEPcE5valueEvE4typeERKS5_.isra.0
   539: 00001174     0 NOTYPE  LOCAL  DEFAULT    4 $d
   540: 0000118c     0 NOTYPE  LOCAL  DEFAULT    4 $t
   541: 00001214     0 NOTYPE  LOCAL  DEFAULT    4 $d
   542: 0000122c     0 NOTYPE  LOCAL  DEFAULT    4 $t
   543: 00001264     0 NOTYPE  LOCAL  DEFAULT    4 $d
   544: 000012d0     0 NOTYPE  LOCAL  DEFAULT    4 $d
   545: 000012fc     0 NOTYPE  LOCAL  DEFAULT    4 $t
   546: 00001334     0 NOTYPE  LOCAL  DEFAULT    4 $d
   547: 0000133c     0 NOTYPE  LOCAL  DEFAULT    4 $t
   548: 00001376     0 NOTYPE  LOCAL  DEFAULT    4 $d
   549: 00001410     0 NOTYPE  LOCAL  DEFAULT    4 $d
   550: 00001458     0 NOTYPE  LOCAL  DEFAULT    4 $t
   551: 00001492     0 NOTYPE  LOCAL  DEFAULT    4 $d
   552: 00001520     0 NOTYPE  LOCAL  DEFAULT    4 $d
   553: 00001570     0 NOTYPE  LOCAL  DEFAULT    4 $t
   554: 000015ac     0 NOTYPE  LOCAL  DEFAULT    4 $d
   555: 000015b4     0 NOTYPE  LOCAL  DEFAULT    4 $t
   556: 000015f8     0 NOTYPE  LOCAL  DEFAULT    4 $d
   557: 00001638     0 NOTYPE  LOCAL  DEFAULT    4 $d
   558: 00001654     0 NOTYPE  LOCAL  DEFAULT    4 $t
   559: 000016f4     0 NOTYPE  LOCAL  DEFAULT    4 $d
   560: 00001714     0 NOTYPE  LOCAL  DEFAULT    4 $t
   561: 000018c4     0 NOTYPE  LOCAL  DEFAULT    4 $d
   562: 00001908     0 NOTYPE  LOCAL  DEFAULT    4 $t
   563: 00001958     0 NOTYPE  LOCAL  DEFAULT    4 $t
   564: 00001980     0 NOTYPE  LOCAL  DEFAULT    4 $d
   565: 00001984     0 NOTYPE  LOCAL  DEFAULT    4 $t
   566: 00001a34     0 NOTYPE  LOCAL  DEFAULT    4 $d
   567: 00001a5c     0 NOTYPE  LOCAL  DEFAULT    4 $t
   568: 00001a80     0 NOTYPE  LOCAL  DEFAULT    4 $d
   569: 00001a84     0 NOTYPE  LOCAL  DEFAULT    4 $t
   570: 00001aa8     0 NOTYPE  LOCAL  DEFAULT    4 $d
   571: 00001aac     0 NOTYPE  LOCAL  DEFAULT    4 $t
   572: 00001ba4     0 NOTYPE  LOCAL  DEFAULT    4 $d
   573: 00001bcc     0 NOTYPE  LOCAL  DEFAULT    4 $t
   574: 00001c06     0 NOTYPE  LOCAL  DEFAULT    4 $d
   575: 00001c18     0 NOTYPE  LOCAL  DEFAULT    4 $t
   576: 00001d28     0 NOTYPE  LOCAL  DEFAULT    4 $d
   577: 00001d44     0 NOTYPE  LOCAL  DEFAULT    4 $t
   578: 00001fa8     0 NOTYPE  LOCAL  DEFAULT    4 $d
   579: 00002008     0 NOTYPE  LOCAL  DEFAULT    4 $t
   580: 000021b8     0 NOTYPE  LOCAL  DEFAULT    4 $d
   581: 00002210     0 NOTYPE  LOCAL  DEFAULT    4 $t
   582: 00002330     0 NOTYPE  LOCAL  DEFAULT    4 $d
   583: 0000234c     0 NOTYPE  LOCAL  DEFAULT    4 $t
   584: 00002434     0 NOTYPE  LOCAL  DEFAULT    4 $d
   585: 00002450     0 NOTYPE  LOCAL  DEFAULT    4 $t
   586: 0000253c     0 NOTYPE  LOCAL  DEFAULT    4 $d
   587: 0000256c     0 NOTYPE  LOCAL  DEFAULT    4 $t
   588: 00002598     0 NOTYPE  LOCAL  DEFAULT    4 $d
   589: 000025b0     0 NOTYPE  LOCAL  DEFAULT    4 $t
   590: 000025b1    40 FUNC    LOCAL  DEFAULT    4 _GLOBAL__sub_I_uiBench
   591: 000025cc     0 NOTYPE  LOCAL  DEFAULT    4 $d
   592: 00000000     0 NOTYPE  LOCAL  DEFAULT   12 $d
   593: 000025d8     0 NOTYPE  LOCAL  DEFAULT    4 $t
   594: 000025d9    32 FUNC    LOCAL  DEFAULT    4 _GLOBAL__sub_D_uiBench
   595: 000025ec     0 NOTYPE  LOCAL  DEFAULT    4 $d
   596: 00000000     0 NOTYPE  LOCAL  DEFAULT   14 $d
   597: 00000000     0 NOTYPE  LOCAL  DEFAULT    9 $d
   598: 00000004     0 NOTYPE  LOCAL  DEFAULT    9 $d
   599: 00000008     0 NOTYPE  LOCAL  DEFAULT    9 $d
   600: 00000070     0 NOTYPE  LOCAL  DEFAULT    9 $d
   601: 00000078     0 NOTYPE  LOCAL  DEFAULT    9 $d
   602: 000000a0     0 NOTYPE  LOCAL  DEFAULT    9 $d
   603: 000000c8     0 NOTYPE  LOCAL  DEFAULT    9 $d
   604: 000000d8     0 NOTYPE  LOCAL  DEFAULT    9 $d
   605: 000000dc     0 NOTYPE  LOCAL  DEFAULT    9 $d
   606: 000000e8     0 NOTYPE  LOCAL  DEFAULT    9 $d
   607: 000000ec     0 NOTYPE  LOCAL  DEFAULT    9 $d
   608: 000000f0     0 NOTYPE  LOCAL  DEFAULT    9 $d
   609: 000000f4     0 NOTYPE  LOCAL  DEFAULT    9 $d
   610: 00000100     0 NOTYPE  LOCAL  DEFAULT    9 $d
   611: 00000104     0 NOTYPE  LOCAL  DEFAULT    9 $d
   612: 00000110     0 NOTYPE  LOCAL  DEFAULT    9 $d
   613: 00000118     0 NOTYPE  LOCAL  DEFAULT    9 $d
   614: 0000011c     0 NOTYPE  LOCAL  DEFAULT    9 $d
   615: 00000120     0 NOTYPE  LOCAL  DEFAULT    9 $d
   616: 00000121     0 NOTYPE  LOCAL  DEFAULT    9 $d
   617: 0000067d     0 NOTYPE  LOCAL  DEFAULT    4 $d
   618: 0000067e     0 NOTYPE  LOCAL  DEFAULT    4 $t
   619: 00001279     0 NOTYPE  LOCAL  DEFAULT    4 $d
   620: 0000127a     0 NOTYPE  LOCAL  DEFAULT    4 $t
   621: 0000138d     0 NOTYPE  LOCAL  DEFAULT    4 $d
   622: 0000138e     0 NOTYPE  LOCAL  DEFAULT    4 $t
   623: 000014a9     0 NOTYPE  LOCAL  DEFAULT    4 $d
   624: 000014aa     0 NOTYPE  LOCAL  DEFAULT    4 $t
   625: 000015fb     0 NOTYPE  LOCAL  DEFAULT    4 $d
   626: 000015fc     0 NOTYPE  LOCAL  DEFAULT    4 $t
   627: 00005680     0 NOTYPE  LOCAL  DEFAULT    4 $t
   628: 00005681    76 FUNC    LOCAL  DEFAULT    4 _ZNSs12_S_constructIPKcEEPcT_S3_RKSaIcESt20forward_iterator_tag.isra.0
   629: 000056c4     0 NOTYPE  LOCAL  DEFAULT    4 $d
   630: 000056cc     0 NOTYPE  LOCAL  DEFAULT    4 $t
   631: 000056cd    36 FUNC    LOCAL  DEFAULT    4 _ZNSsC2EPKcRKSaIcE.isra.0
   632: 000056f0     0 NOTYPE  LOCAL  DEFAULT    4 $t
   633: 00005714     0 NOTYPE  LOCAL  DEFAULT    4 $d
   634: 00005718     0 NOTYPE  LOCAL  DEFAULT    4 $t
   635: 00005728     0 NOTYPE  LOCAL  DEFAULT    4 $d
   636: 0000572c     0 NOTYPE  LOCAL  DEFAULT    4 $t
   637: 00005744     0 NOTYPE  LOCAL  DEFAULT    4 $t
   638: 0000575c     0 NOTYPE  LOCAL  DEFAULT    4 $t
   639: 00005768     0 NOTYPE  LOCAL  DEFAULT    4 $t
   640: 0000577c     0 NOTYPE  LOCAL  DEFAULT    4 $d
   641: 00005780     0 NOTYPE  LOCAL  DEFAULT    4 $t
   642: 000057d8     0 NOTYPE  LOCAL  DEFAULT    4 $d
   643: 000057e0     0 NOTYPE  LOCAL  DEFAULT    4 $t
   644: 000057e4     0 NOTYPE  LOCAL  DEFAULT    4 $t
   645: 000057fc     0 NOTYPE  LOCAL  DEFAULT    4 $d
   646: 00001e0c     0 NOTYPE  LOCAL  DEFAULT    9 $d
   647: 00005800     0 NOTYPE  LOCAL  DEFAULT    4 $t
   648: 00005801     8 FUNC    LOCAL  DEFAULT    4 _ZNSt11char_traitsIcE4copyEPcPKcj.isra.0
   649: 00005808     0 NOTYPE  LOCAL  DEFAULT    4 $t
   650: 0000581a     0 NOTYPE  LOCAL  DEFAULT    4 $t
   651: 00005828     0 NOTYPE  LOCAL  DEFAULT    4 $t
   652: 00005860     0 NOTYPE  LOCAL  DEFAULT    4 $d
   653: 00005864     0 NOTYPE  LOCAL  DEFAULT    4 $t
   654: 0000587a     0 NOTYPE  LOCAL  DEFAULT    4 $t
   655: 00005892     0 NOTYPE  LOCAL  DEFAULT    4 $t
   656: 000058a4     0 NOTYPE  LOCAL  DEFAULT    4 $t
   657: 00004e20     0 NOTYPE  LOCAL  DEFAULT    4 $t
   658: 00004e24     0 NOTYPE  LOCAL  DEFAULT    4 $t
   659: 00004e3c     0 NOTYPE  LOCAL  DEFAULT    4 $d
   660: 00000000     0 NOTYPE  LOCAL  DEFAULT   10 $d
   661: 00000000     8 OBJECT  LOCAL  DEFAULT   10 _ZL16__llext_sym_main
   662: 000025f8     0 NOTYPE  LOCAL  DEFAULT    4 $t
   663: 000025f9    40 FUNC    LOCAL  DEFAULT    4 _GLOBAL__sub_I__ZN3imu3Bus13controlsOwnedEb
   664: 00002614     0 NOTYPE  LOCAL  DEFAULT    4 $d
   665: 00000004     0 NOTYPE  LOCAL  DEFAULT   12 $d
   666: 00002620     0 NOTYPE  LOCAL  DEFAULT    4 $t
   667: 00002621    32 FUNC    LOCAL  DEFAULT    4 _GLOBAL__sub_D__ZN3imu3Bus13controlsOwnedEb
   668: 00002634     0 NOTYPE  LOCAL  DEFAULT    4 $d
   669: 00000004     0 NOTYPE  LOCAL  DEFAULT   14 $d
   670: 00000001    16 FUNC    LOCAL  DEFAULT    4 __tcf_0
   671: 000001c9    20 FUNC    LOCAL  DEFAULT    4 __tcf_1
   672: 000001b5    20 FUNC    LOCAL  DEFAULT    4 __tcf_2
   673: 00002640     0 NOTYPE  LOCAL  DEFAULT    4 $t
   674: 00002641    40 FUNC    LOCAL  DEFAULT    4 _GLOBAL__sub_I__ZNK8line_qtr6Reader11globalOwnedEv
   675: 0000265c     0 NOTYPE  LOCAL  DEFAULT    4 $d
   676: 00000008     0 NOTYPE  LOCAL  DEFAULT   12 $d
   677: 00002668     0 NOTYPE  LOCAL  DEFAULT    4 $t
   678: 00002669    32 FUNC    LOCAL  DEFAULT    4 _GLOBAL__sub_D__ZNK8line_qtr6Reader11globalOwnedEv
   679: 0000267c     0 NOTYPE  LOCAL  DEFAULT    4 $d
   680: 00000008     0 NOTYPE  LOCAL  DEFAULT   14 $d
   681: 00000001    16 FUNC    LOCAL  DEFAULT    4 __tcf_0
   682: 000001c9    20 FUNC    LOCAL  DEFAULT    4 __tcf_1
   683: 000001b5    20 FUNC    LOCAL  DEFAULT    4 __tcf_2
   684: 00002688     0 NOTYPE  LOCAL  DEFAULT    4 $t
   685: 00002689    40 FUNC    LOCAL  DEFAULT    4 _GLOBAL__sub_I__ZN6motors8UnoQPort4portEv
   686: 000026a4     0 NOTYPE  LOCAL  DEFAULT    4 $d
   687: 0000000c     0 NOTYPE  LOCAL  DEFAULT   12 $d
   688: 000026b0     0 NOTYPE  LOCAL  DEFAULT    4 $t
   689: 000026b1    32 FUNC    LOCAL  DEFAULT    4 _GLOBAL__sub_D__ZN6motors8UnoQPort4portEv
   690: 000026c4     0 NOTYPE  LOCAL  DEFAULT    4 $d
   691: 0000000c     0 NOTYPE  LOCAL  DEFAULT   14 $d
   692: 00000001    16 FUNC    LOCAL  DEFAULT    4 __tcf_0
   693: 000001c9    20 FUNC    LOCAL  DEFAULT    4 __tcf_1
   694: 000001b5    20 FUNC    LOCAL  DEFAULT    4 __tcf_2
   695: 000026d0     0 NOTYPE  LOCAL  DEFAULT    4 $t
   696: 000026d1    40 FUNC    LOCAL  DEFAULT    4 _GLOBAL__sub_I__ZN11opp_sensors7Sensors5beginEv
   697: 000026ec     0 NOTYPE  LOCAL  DEFAULT    4 $d
   698: 00000010     0 NOTYPE  LOCAL  DEFAULT   12 $d
   699: 000026f8     0 NOTYPE  LOCAL  DEFAULT    4 $t
   700: 000026f9    32 FUNC    LOCAL  DEFAULT    4 _GLOBAL__sub_D__ZN11opp_sensors7Sensors5beginEv
   701: 0000270c     0 NOTYPE  LOCAL  DEFAULT    4 $d
   702: 00000010     0 NOTYPE  LOCAL  DEFAULT   14 $d
   703: 00000001    16 FUNC    LOCAL  DEFAULT    4 __tcf_0
   704: 000001c9    20 FUNC    LOCAL  DEFAULT    4 __tcf_1
   705: 000001b5    20 FUNC    LOCAL  DEFAULT    4 __tcf_2
   706: 00002718     0 NOTYPE  LOCAL  DEFAULT    4 $t
   707: 00002719    40 FUNC    LOCAL  DEFAULT    4 _GLOBAL__sub_I__ZNK5power6Reader13controlsOwnedEv
   708: 00002734     0 NOTYPE  LOCAL  DEFAULT    4 $d
   709: 00000014     0 NOTYPE  LOCAL  DEFAULT   12 $d
   710: 00002740     0 NOTYPE  LOCAL  DEFAULT    4 $t
   711: 00002741    32 FUNC    LOCAL  DEFAULT    4 _GLOBAL__sub_D__ZNK5power6Reader13controlsOwnedEv
   712: 00002754     0 NOTYPE  LOCAL  DEFAULT    4 $d
   713: 00000014     0 NOTYPE  LOCAL  DEFAULT   14 $d
   714: 00000001    16 FUNC    LOCAL  DEFAULT    4 __tcf_0
   715: 000001c9    20 FUNC    LOCAL  DEFAULT    4 __tcf_1
   716: 000001b5    20 FUNC    LOCAL  DEFAULT    4 __tcf_2
   717: 00002c2c     0 NOTYPE  LOCAL  DEFAULT    4 $t
   718: 00002cbc     0 NOTYPE  LOCAL  DEFAULT    4 $d
   719: 00000122     1 OBJECT  LOCAL  DEFAULT    9 _ZN2ui12_GLOBAL__N_114matrix_claimedE
   720: 00002cd8     0 NOTYPE  LOCAL  DEFAULT    4 $t
   721: 00002d58     0 NOTYPE  LOCAL  DEFAULT    4 $d
   722: 00000122     0 NOTYPE  LOCAL  DEFAULT    9 $d
   723: 00004a7c     0 NOTYPE  LOCAL  DEFAULT    4 $t
   724: 00004a80     0 NOTYPE  LOCAL  DEFAULT    4 $t
   725: 00004a88     0 NOTYPE  LOCAL  DEFAULT    4 $d
   726: 00004a8c     0 NOTYPE  LOCAL  DEFAULT    4 $t
   727: 00004a90     0 NOTYPE  LOCAL  DEFAULT    4 $t
   728: 00004a98     0 NOTYPE  LOCAL  DEFAULT    4 $d
   729: 00004a9c     0 NOTYPE  LOCAL  DEFAULT    4 $t
   730: 00004aa4     0 NOTYPE  LOCAL  DEFAULT    4 $d
   731: 00004aa8     0 NOTYPE  LOCAL  DEFAULT    4 $t
   732: 00004ab0     0 NOTYPE  LOCAL  DEFAULT    4 $d
   733: 00004ab4     0 NOTYPE  LOCAL  DEFAULT    4 $t
   734: 00004abc     0 NOTYPE  LOCAL  DEFAULT    4 $d
   735: 00004ac0     0 NOTYPE  LOCAL  DEFAULT    4 $t
   736: 00004ac8     0 NOTYPE  LOCAL  DEFAULT    4 $d
   737: 00000004     0 NOTYPE  LOCAL  DEFAULT    7 $d
   738: 00004acc     0 NOTYPE  LOCAL  DEFAULT    4 $t
   739: 00004ae4     0 NOTYPE  LOCAL  DEFAULT    4 $t
   740: 00004af4     0 NOTYPE  LOCAL  DEFAULT    4 $d
   741: 00004af8     0 NOTYPE  LOCAL  DEFAULT    4 $t
   742: 00004b10     0 NOTYPE  LOCAL  DEFAULT    4 $d
   743: 00004b14     0 NOTYPE  LOCAL  DEFAULT    4 $t
   744: 00004b2c     0 NOTYPE  LOCAL  DEFAULT    4 $d
   745: 00004b30     0 NOTYPE  LOCAL  DEFAULT    4 $t
   746: 00004b54     0 NOTYPE  LOCAL  DEFAULT    4 $d
   747: 00004b58     0 NOTYPE  LOCAL  DEFAULT    4 $t
   748: 00004b88     0 NOTYPE  LOCAL  DEFAULT    4 $d
   749: 00004b94     0 NOTYPE  LOCAL  DEFAULT    4 $t
   750: 00004bb8     0 NOTYPE  LOCAL  DEFAULT    4 $d
   751: 00004bc0     0 NOTYPE  LOCAL  DEFAULT    4 $t
   752: 00004be8     0 NOTYPE  LOCAL  DEFAULT    4 $d
   753: 00004bec     0 NOTYPE  LOCAL  DEFAULT    4 $t
   754: 00004c0c     0 NOTYPE  LOCAL  DEFAULT    4 $d
   755: 00004c14     0 NOTYPE  LOCAL  DEFAULT    4 $t
   756: 00004c28     0 NOTYPE  LOCAL  DEFAULT    4 $d
   757: 00004c2c     0 NOTYPE  LOCAL  DEFAULT    4 $t
   758: 00004c38     0 NOTYPE  LOCAL  DEFAULT    4 $d
   759: 00004c3c     0 NOTYPE  LOCAL  DEFAULT    4 $t
   760: 00004c60     0 NOTYPE  LOCAL  DEFAULT    4 $d
   761: 00004c6c     0 NOTYPE  LOCAL  DEFAULT    4 $t
   762: 00004ca4     0 NOTYPE  LOCAL  DEFAULT    4 $d
   763: 00004cac     0 NOTYPE  LOCAL  DEFAULT    4 $t
   764: 00004cc4     0 NOTYPE  LOCAL  DEFAULT    4 $d
   765: 00004cc8     0 NOTYPE  LOCAL  DEFAULT    4 $t
   766: 00004cf4     0 NOTYPE  LOCAL  DEFAULT    4 $d
   767: 00004cf8     0 NOTYPE  LOCAL  DEFAULT    4 $t
   768: 00004d14     0 NOTYPE  LOCAL  DEFAULT    4 $d
   769: 00004d18     0 NOTYPE  LOCAL  DEFAULT    4 $t
   770: 00004d3c     0 NOTYPE  LOCAL  DEFAULT    4 $d
   771: 00004d40     0 NOTYPE  LOCAL  DEFAULT    4 $t
   772: 00004d44     0 NOTYPE  LOCAL  DEFAULT    4 $d
   773: 00004d48     0 NOTYPE  LOCAL  DEFAULT    4 $t
   774: 00004d4c     0 NOTYPE  LOCAL  DEFAULT    4 $d
   775: 00004d50     0 NOTYPE  LOCAL  DEFAULT    4 $t
   776: 00004d54     0 NOTYPE  LOCAL  DEFAULT    4 $d
   777: 00004d58     0 NOTYPE  LOCAL  DEFAULT    4 $t
   778: 00004d5c     0 NOTYPE  LOCAL  DEFAULT    4 $d
   779: 00004d60     0 NOTYPE  LOCAL  DEFAULT    4 $t
   780: 00004d64     0 NOTYPE  LOCAL  DEFAULT    4 $d
   781: 00004d68     0 NOTYPE  LOCAL  DEFAULT    4 $t
   782: 00004d6c     0 NOTYPE  LOCAL  DEFAULT    4 $d
   783: 00004d70     0 NOTYPE  LOCAL  DEFAULT    4 $t
   784: 00004d74     0 NOTYPE  LOCAL  DEFAULT    4 $d
   785: 00004d78     0 NOTYPE  LOCAL  DEFAULT    4 $t
   786: 00004d7c     0 NOTYPE  LOCAL  DEFAULT    4 $d
   787: 00004d80     0 NOTYPE  LOCAL  DEFAULT    4 $t
   788: 00004d84     0 NOTYPE  LOCAL  DEFAULT    4 $d
   789: 00004d88     0 NOTYPE  LOCAL  DEFAULT    4 $t
   790: 00004d92     0 NOTYPE  LOCAL  DEFAULT    4 $t
   791: 00004d9c     0 NOTYPE  LOCAL  DEFAULT    4 $t
   792: 00004da6     0 NOTYPE  LOCAL  DEFAULT    4 $t
   793: 00004db0     0 NOTYPE  LOCAL  DEFAULT    4 $t
   794: 00004dba     0 NOTYPE  LOCAL  DEFAULT    4 $t
   795: 00004dc4     0 NOTYPE  LOCAL  DEFAULT    4 $t
   796: 00004dce     0 NOTYPE  LOCAL  DEFAULT    4 $t
   797: 00004dd8     0 NOTYPE  LOCAL  DEFAULT    4 $t
   798: 00004de2     0 NOTYPE  LOCAL  DEFAULT    4 $t
   799: 00004dec     0 NOTYPE  LOCAL  DEFAULT    4 $t
   800: 00004df6     0 NOTYPE  LOCAL  DEFAULT    4 $t
   801: 00004e00     0 NOTYPE  LOCAL  DEFAULT    4 $t
   802: 00004e0c     0 NOTYPE  LOCAL  DEFAULT    4 $t
   803: 00004e10     0 NOTYPE  LOCAL  DEFAULT    4 $d
   804: 00004e14     0 NOTYPE  LOCAL  DEFAULT    4 $t
   805: 00004e1c     0 NOTYPE  LOCAL  DEFAULT    4 $d
   806: 00004e50     0 NOTYPE  LOCAL  DEFAULT    4 $t
   807: 00004e51    16 FUNC    LOCAL  DEFAULT    4 _ZL10new_helperj
   808: 00004e5c     0 NOTYPE  LOCAL  DEFAULT    4 $d
   809: 00004e60     0 NOTYPE  LOCAL  DEFAULT    4 $t
   810: 00004e64     0 NOTYPE  LOCAL  DEFAULT    4 $d
   811: 00004e68     0 NOTYPE  LOCAL  DEFAULT    4 $t
   812: 00004e6c     0 NOTYPE  LOCAL  DEFAULT    4 $t
   813: 00004e70     0 NOTYPE  LOCAL  DEFAULT    4 $d
   814: 00004e74     0 NOTYPE  LOCAL  DEFAULT    4 $t
   815: 00004e78     0 NOTYPE  LOCAL  DEFAULT    4 $d
   816: 00004e7c     0 NOTYPE  LOCAL  DEFAULT    4 $t
   817: 00004ed8     0 NOTYPE  LOCAL  DEFAULT    4 $d
   818: 00004ee8     0 NOTYPE  LOCAL  DEFAULT    4 $t
   819: 00004eec     0 NOTYPE  LOCAL  DEFAULT    4 $d
   820: 00004ef0     0 NOTYPE  LOCAL  DEFAULT    4 $t
   821: 00004f04     0 NOTYPE  LOCAL  DEFAULT    4 $d
   822: 00005434     0 NOTYPE  LOCAL  DEFAULT    4 $t
   823: 00005448     0 NOTYPE  LOCAL  DEFAULT    4 $d
   824: 00005454     0 NOTYPE  LOCAL  DEFAULT    4 $t
   825: 0000547c     0 NOTYPE  LOCAL  DEFAULT    4 $d
   826: 00005484     0 NOTYPE  LOCAL  DEFAULT    4 $t
   827: 000054ac     0 NOTYPE  LOCAL  DEFAULT    4 $d
   828: 00005ae8     0 NOTYPE  LOCAL  DEFAULT    4 $t
   829: 0000072c     0 NOTYPE  LOCAL  DEFAULT    3 $d
   830: 0000079c     0 NOTYPE  LOCAL  DEFAULT    3 $d
   831: 00000704     0 NOTYPE  LOCAL  DEFAULT    3 $d
   832: 0000047b     0 NOTYPE  LOCAL  DEFAULT    3 $d
   833: 00005bd8     0 NOTYPE  LOCAL  DEFAULT    7 $d
   834: 0000057f     0 NOTYPE  LOCAL  DEFAULT    3 $d
   835: 0000050c     0 NOTYPE  LOCAL  DEFAULT    3 $d
   836: 00000575     0 NOTYPE  LOCAL  DEFAULT    3 $d
   837: 00000511     0 NOTYPE  LOCAL  DEFAULT    3 $d
   838: 0000057a     0 NOTYPE  LOCAL  DEFAULT    3 $d
   839: 00000516     0 NOTYPE  LOCAL  DEFAULT    3 $d
   840: 00000507     0 NOTYPE  LOCAL  DEFAULT    3 $d
   841: 00000502     0 NOTYPE  LOCAL  DEFAULT    3 $d
   842: 0000051b     0 NOTYPE  LOCAL  DEFAULT    3 $d
   843: 00000552     0 NOTYPE  LOCAL  DEFAULT    3 $d
   844: 000004f8     0 NOTYPE  LOCAL  DEFAULT    3 $d
   845: 000004e9     0 NOTYPE  LOCAL  DEFAULT    3 $d
   846: 000004ee     0 NOTYPE  LOCAL  DEFAULT    3 $d
   847: 000004f3     0 NOTYPE  LOCAL  DEFAULT    3 $d
   848: 000004fd     0 NOTYPE  LOCAL  DEFAULT    3 $d
   849: 000004e4     0 NOTYPE  LOCAL  DEFAULT    3 $d
   850: 00000520     0 NOTYPE  LOCAL  DEFAULT    3 $d
   851: 0000072d     0 NOTYPE  LOCAL  DEFAULT    3 $d
   852: 000007b6     0 NOTYPE  LOCAL  DEFAULT    3 $d
   853: 00000400     0 NOTYPE  LOCAL  DEFAULT    3 $d
   854: 00000497     0 NOTYPE  LOCAL  DEFAULT    3 $d
   855: 0000048d     0 NOTYPE  LOCAL  DEFAULT    3 $d
   856: 00000484     0 NOTYPE  LOCAL  DEFAULT    3 $d
   857: 000008e3     0 NOTYPE  LOCAL  DEFAULT    3 $d
   858: 0000074b     0 NOTYPE  LOCAL  DEFAULT    3 $d
   859: 000008bc     0 NOTYPE  LOCAL  DEFAULT    3 $d
   860: 000008c9     0 NOTYPE  LOCAL  DEFAULT    3 $d
   861: 0000080a     0 NOTYPE  LOCAL  DEFAULT    3 $d
   862: 000008d6     0 NOTYPE  LOCAL  DEFAULT    3 $d
   863: 0000089b     0 NOTYPE  LOCAL  DEFAULT    3 $d
   864: 000008ab     0 NOTYPE  LOCAL  DEFAULT    3 $d
   865: 0000075a     0 NOTYPE  LOCAL  DEFAULT    3 $d
   866: 00000784     0 NOTYPE  LOCAL  DEFAULT    3 $d
   867: 000007d0     0 NOTYPE  LOCAL  DEFAULT    3 $d
   868: 00000735     0 NOTYPE  LOCAL  DEFAULT    3 $d
   869: 0000072e     0 NOTYPE  LOCAL  DEFAULT    3 $d
   870: 0000073d     0 NOTYPE  LOCAL  DEFAULT    3 $d
   871: 00000882     0 NOTYPE  LOCAL  DEFAULT    3 $d
   872: 00000858     0 NOTYPE  LOCAL  DEFAULT    3 $d
   873: 0000082f     0 NOTYPE  LOCAL  DEFAULT    3 $d
   874: 000007e8     0 NOTYPE  LOCAL  DEFAULT    3 $d
   875: 00000000     0 NOTYPE  GLOBAL DEFAULT  UND __real_cos
   876: 00000000     0 NOTYPE  GLOBAL DEFAULT  UND __real___aeabi_dcmpgt
   877: 00000000     0 NOTYPE  GLOBAL DEFAULT  UND __real_iscntrl
   878: 00000000     0 NOTYPE  GLOBAL DEFAULT  UND __real_ldexp
   879: 00000000     0 NOTYPE  GLOBAL DEFAULT  UND __real_puts
   880: 00000000     0 NOTYPE  GLOBAL DEFAULT  UND __real_isxdigit
   881: 00000000     0 NOTYPE  GLOBAL DEFAULT  UND __real_sinf
   882: 00000000     0 NOTYPE  GLOBAL DEFAULT  UND __real___aeabi_uidivmod
   883: 00000000     0 NOTYPE  GLOBAL DEFAULT  UND __real___aeabi_f2uiz
   884: 00000000     0 NOTYPE  GLOBAL DEFAULT  UND __real___aeabi_dcmpun
   885: 00000000     0 NOTYPE  GLOBAL DEFAULT  UND _sidata
   886: 00000000     0 NOTYPE  GLOBAL DEFAULT  UND __real_log10
   887: 00000000     0 NOTYPE  GLOBAL DEFAULT  UND __real___aeabi_dcmplt
   888: 00000000     0 NOTYPE  GLOBAL DEFAULT  UND __real___aeabi_idivmod
   889: 00000000     0 NOTYPE  GLOBAL DEFAULT  UND __real_isprint
   890: 00000000     0 NOTYPE  GLOBAL DEFAULT  UND __real_exp2
   891: 00000000     0 NOTYPE  GLOBAL DEFAULT  UND __real_atan2
   892: 00000000     0 NOTYPE  GLOBAL DEFAULT  UND __real_log
   893: 00000000     0 NOTYPE  GLOBAL DEFAULT  UND __real_islower
   894: 00000000     0 NOTYPE  GLOBAL DEFAULT  UND _sbss
   895: 00000000     0 NOTYPE  GLOBAL DEFAULT  UND __device_dts_ord_91
   896: 00000000     0 NOTYPE  GLOBAL DEFAULT  UND __device_dts_ord_65
   897: 00000000     0 NOTYPE  GLOBAL DEFAULT  UND __real___aeabi_ldivmod
   898: 00000000     0 NOTYPE  GLOBAL DEFAULT  UND __real_atoi
   899: 00000000     0 NOTYPE  GLOBAL DEFAULT  UND __real___aeabi_uidiv
   900: 00000000     0 NOTYPE  GLOBAL DEFAULT  UND __real___aeabi_idiv
   901: 00000000     0 NOTYPE  GLOBAL DEFAULT  UND __real_exit
   902: 00000000     0 NOTYPE  GLOBAL DEFAULT  UND __real_strchr
   903: 00000000     0 NOTYPE  GLOBAL DEFAULT  UND __real___aeabi_read_tp
   904: 00000000     0 NOTYPE  GLOBAL DEFAULT  UND __real___aeabi_ui2f
   905: 00000000     0 NOTYPE  GLOBAL DEFAULT  UND __real_strstr
   906: 00000000     0 NOTYPE  GLOBAL DEFAULT  UND __device_dts_ord_93
   907: 00000000     0 NOTYPE  GLOBAL DEFAULT  UND _sdata
   908: 00000000     0 NOTYPE  GLOBAL DEFAULT  UND __real_sqrtf
   909: 00000000     0 NOTYPE  GLOBAL DEFAULT  UND __real_strncpy
   910: 00000000     0 NOTYPE  GLOBAL DEFAULT  UND __real_srand
   911: 00000000     0 NOTYPE  GLOBAL DEFAULT  UND __real___aeabi_i2f
   912: 00000000     0 NOTYPE  GLOBAL DEFAULT  UND __real___aeabi_fcmpun
   913: 00000000     0 NOTYPE  GLOBAL DEFAULT  UND __real_strdup
   914: 00000000     0 NOTYPE  GLOBAL DEFAULT  UND __real_gettimeofday
   915: 00000000     0 NOTYPE  GLOBAL DEFAULT  UND __real_fmod
   916: 00000000     0 NOTYPE  GLOBAL DEFAULT  UND __device_dts_ord_9
   917: 00000000     0 NOTYPE  GLOBAL DEFAULT  UND __real_toupper
   918: 00000000     0 NOTYPE  GLOBAL DEFAULT  UND __real_strrchr
   919: 00000000     0 NOTYPE  GLOBAL DEFAULT  UND __real_tolower
   920: 00000000     0 NOTYPE  GLOBAL DEFAULT  UND __real_isgraph
   921: 00000000     0 NOTYPE  GLOBAL DEFAULT  UND __real_atan
   922: 00000000     0 NOTYPE  GLOBAL DEFAULT  UND _ebss
   923: 00000000     0 NOTYPE  GLOBAL DEFAULT  UND __real_pow
   924: 00000000     0 NOTYPE  GLOBAL DEFAULT  UND __real_strtok
   925: 00000000     0 NOTYPE  GLOBAL DEFAULT  UND __real_vsprintf
   926: 00000000     0 NOTYPE  GLOBAL DEFAULT  UND kheap_llext_heap
   927: 00000000     0 NOTYPE  GLOBAL DEFAULT  UND analog_reference
   928: 00000000     0 NOTYPE  GLOBAL DEFAULT  UND __real_strtod
   929: 00000000     0 NOTYPE  GLOBAL DEFAULT  UND __real_isalnum
   930: 00000000     0 NOTYPE  GLOBAL DEFAULT  UND __real___aeabi_fdiv
   931: 00000000     0 NOTYPE  GLOBAL DEFAULT  UND __real_sin
   932: 00000000     0 NOTYPE  GLOBAL DEFAULT  UND __real___aeabi_fcmple
   933: 00000000     0 NOTYPE  GLOBAL DEFAULT  UND __real___aeabi_f2iz
   934: 00000000     0 NOTYPE  GLOBAL DEFAULT  UND z_impl_k_uptime_ticks
   935: 00000000     0 NOTYPE  GLOBAL DEFAULT  UND __real_tan
   936: 00000000     0 NOTYPE  GLOBAL DEFAULT  UND _printf_float
   937: 00000000     0 NOTYPE  GLOBAL DEFAULT  UND __real_strtoul
   938: 00000000     0 NOTYPE  GLOBAL DEFAULT  UND __real_strnlen
   939: 00000000     0 NOTYPE  GLOBAL DEFAULT  UND __real___aeabi_dsub
   940: 00000000     0 NOTYPE  GLOBAL DEFAULT  UND __real___aeabi_d2iz
   941: 00000000     0 NOTYPE  GLOBAL DEFAULT  UND __real_exp
   942: 00000000     0 NOTYPE  GLOBAL DEFAULT  UND __real_logf
   943: 00000000     0 NOTYPE  GLOBAL DEFAULT  UND __real_memmem
   944: 00000000     0 NOTYPE  GLOBAL DEFAULT  UND __real_sqrt
   945: 00000000     0 NOTYPE  GLOBAL DEFAULT  UND __real_isupper
   946: 00000000     0 NOTYPE  GLOBAL DEFAULT  UND __real___aeabi_dcmple
   947: 00000000     0 NOTYPE  GLOBAL DEFAULT  UND __real___aeabi_d2uiz
   948: 00000000     0 NOTYPE  GLOBAL DEFAULT  UND printk
   949: 00000000     0 NOTYPE  GLOBAL DEFAULT  UND __real_strncmp
   950: 00000000     0 NOTYPE  GLOBAL DEFAULT  UND __real_asinf
   951: 00000000     0 NOTYPE  GLOBAL DEFAULT  UND __real___aeabi_fadd
   952: 00000000     0 NOTYPE  GLOBAL DEFAULT  UND __real_isspace
   953: 00000000     0 NOTYPE  GLOBAL DEFAULT  UND __real___aeabi_dcmpeq
   954: 00000000     0 NOTYPE  GLOBAL DEFAULT  UND __device_dts_ord_64
   955: 00000000     0 NOTYPE  GLOBAL DEFAULT  UND __heap_end
   956: 00000000     0 NOTYPE  GLOBAL DEFAULT  UND __real_strcat
   957: 00000000     0 NOTYPE  GLOBAL DEFAULT  UND __real_putchar
   958: 00000000     0 NOTYPE  GLOBAL DEFAULT  UND __real___aeabi_fcmplt
   959: 00000000     0 NOTYPE  GLOBAL DEFAULT  UND __real_vsnprintf
   960: 00000000     0 NOTYPE  GLOBAL DEFAULT  UND __real_rand
   961: 00000000     0 NOTYPE  GLOBAL DEFAULT  UND __real_acos
   962: 00000000     0 NOTYPE  GLOBAL DEFAULT  UND __heap_start
   963: 00000000     0 NOTYPE  GLOBAL DEFAULT  UND __device_dts_ord_54
   964: 00000000     0 NOTYPE  GLOBAL DEFAULT  UND __real_asin
   965: 00000000     0 NOTYPE  GLOBAL DEFAULT  UND _edata
   966: 00000000     0 NOTYPE  GLOBAL DEFAULT  UND __real_isdigit
   967: 00000000     0 NOTYPE  GLOBAL DEFAULT  UND __device_dts_ord_66
   968: 00000000     0 NOTYPE  GLOBAL DEFAULT  UND __real___aeabi_fcmpge
   969: 00000000     0 NOTYPE  GLOBAL DEFAULT  UND __real_vprintf
   970: 00000000     0 NOTYPE  GLOBAL DEFAULT  UND __device_dts_ord_94
   971: 00000000     0 NOTYPE  GLOBAL DEFAULT  UND __real_vsscanf
   972: 00000000     0 NOTYPE  GLOBAL DEFAULT  UND __real___aeabi_fcmpeq
   973: 00000000     0 NOTYPE  GLOBAL DEFAULT  UND __real_strcasecmp
   974: 00000000     0 NOTYPE  GLOBAL DEFAULT  UND __real_tanf
   975: 00000000     0 NOTYPE  GLOBAL DEFAULT  UND __real_atof
   976: 00000000     0 NOTYPE  GLOBAL DEFAULT  UND __real_calloc
   977: 00000000     0 NOTYPE  GLOBAL DEFAULT  UND __device_dts_ord_89
   978: 00000000     0 NOTYPE  GLOBAL DEFAULT  UND __real_strtol
   979: 00000000     0 NOTYPE  GLOBAL DEFAULT  UND __real_acosf
   980: 00000000     0 NOTYPE  GLOBAL DEFAULT  UND __real_cosf
   981: 00000000     0 NOTYPE  GLOBAL DEFAULT  UND __real_log2
   982: 00000000     0 NOTYPE  GLOBAL DEFAULT  UND __real___aeabi_fmul
   983: 00000000     0 NOTYPE  GLOBAL DEFAULT  UND __real___aeabi_d2lz
   984: 00000000     0 NOTYPE  GLOBAL DEFAULT  UND __real_atan2f
   985: 00000000     0 NOTYPE  GLOBAL DEFAULT  UND kheap_llext_heap_size
   986: 00000000     0 NOTYPE  GLOBAL DEFAULT  UND __real_strcpy
   987: 00000000     0 NOTYPE  GLOBAL DEFAULT  UND __device_dts_ord_90
   988: 00000000     0 NOTYPE  GLOBAL DEFAULT  UND __real__exit
   989: 00000000     0 NOTYPE  GLOBAL DEFAULT  UND __real_memcmp
   990: 00000000     0 NOTYPE  GLOBAL DEFAULT  UND __real___aeabi_fsub
   991: 00000000     0 NOTYPE  GLOBAL DEFAULT  UND __real_memchr
   992: 00000000     0 NOTYPE  GLOBAL DEFAULT  UND __device_dts_ord_92
   993: 00000000     0 NOTYPE  GLOBAL DEFAULT  UND __real___aeabi_fcmpgt
   994: 00000000     0 NOTYPE  GLOBAL DEFAULT  UND __real_atol
   995: 00000000     0 NOTYPE  GLOBAL DEFAULT  UND __real_atanf
   996: 00000000     0 NOTYPE  GLOBAL DEFAULT  UND __device_dts_ord_95
   997: 00000000     0 NOTYPE  GLOBAL DEFAULT  UND __real_isalpha
   998: 00004a8d     2 FUNC    GLOBAL DEFAULT    4 __cxa_free_exception
   999: 00000000     0 NOTYPE  GLOBAL DEFAULT  UND __device_dts_ord_70
  1000: 00000110     8 OBJECT  WEAK   DEFAULT    9 _ZZN8RpcUtils6detail12unpackObjectERN7arduino7msgpack8UnpackerEE5num64
  1001: 000002b9    96 FUNC    WEAK   DEFAULT    4 _ZN7arduino7msgpack8Unpacker11unpackInt64Ev
  1002: 000055ed     4 FUNC    GLOBAL DEFAULT    4 _ZNKSt9type_info15__is_function_pEv
  1003: 00000000     0 NOTYPE  GLOBAL DEFAULT  UND __device_dts_ord_40
  1004: 00004acd    22 FUNC    GLOBAL DEFAULT    4 _ZN7arduino6StringC1EOS0_
  1005: 00004ee9     8 FUNC    GLOBAL DEFAULT    4 yield
  1006: 00000000     0 NOTYPE  GLOBAL DEFAULT  UND z_impl_k_thread_create
  1007: 00001655   192 FUNC    WEAK   DEFAULT    4 _ZN10RPCRequestILj256EE22unpack_request_headersEv
  1008: 00005719    20 FUNC    GLOBAL DEFAULT    4 _ZNSt12length_errorC2EPKc
  1009: 00002e9d    60 FUNC    WEAK   DEFAULT    4 _ZN7arduino7msgpack8Unpacker9unpackNilEv
  1010: 00004e7d   108 FUNC    GLOBAL DEFAULT    4 _Z20start_static_threadsv
  1011: 000054bd    20 FUNC    GLOBAL DEFAULT    4 _ZNSt9bad_allocD2Ev
  1012: 00004a9d    12 FUNC    GLOBAL DEFAULT    4 __cxa_end_cleanup
  1013: 00004acd    22 FUNC    GLOBAL DEFAULT    4 _ZN7arduino6StringC2EOS0_
  1014: 00002f81    64 FUNC    WEAK   DEFAULT    4 _ZN7RpcCallIJEE8setErrorEiN7arduino6StringE
  1015: 00002d5d     4 FUNC    WEAK   DEFAULT    4 _ZN7arduino5Print17availableForWriteEv
  1016: 00000000     0 NOTYPE  GLOBAL DEFAULT  UND __device_dts_ord_105
  1017: 00000000     0 NOTYPE  GLOBAL DEFAULT  UND z_impl_device_init
  1018: 000054e9    20 FUNC    GLOBAL DEFAULT    4 _ZN10__cxxabiv120__si_class_type_infoD2Ev
  1019: 00000462    37 OBJECT  GLOBAL DEFAULT    3 _ZTSN10__cxxabiv120__si_class_type_infoE
  1020: 00004bc1    44 FUNC    GLOBAL DEFAULT    4 _ZN7arduino6String4moveERS0_
  1021: 00002e71    44 FUNC    WEAK   DEFAULT    4 _ZN8RpcErrorC2Ev
  1022: 00000000     4 OBJECT  WEAK   DEFAULT    9 _ZGVN12RouterBridge3HCIE
  1023: 00001aad   288 FUNC    WEAK   DEFAULT    4 _ZN7arduino7msgpack6object3extC2EaPKhj
  1024: 00005829    60 FUNC    WEAK   DEFAULT    4 _ZNSt7__cxx1112basic_stringIcSt11char_traitsIcESaIcEE9_M_createERjj
  1025: 00000000     0 NOTYPE  GLOBAL DEFAULT  UND __real_abort
  1026: 00005229   112 FUNC    GLOBAL DEFAULT    4 _ZN7arduino12ZephyrSerial5writeEPKhj
  1027: 00000000     0 NOTYPE  GLOBAL DEFAULT  UND z_impl_k_thread_name_set
  1028: 000058a5    54 FUNC    WEAK   DEFAULT    4 _ZNSt7__cxx1112basic_stringIcSt11char_traitsIcESaIcEE7reserveEj
  1029: 00004d49     8 FUNC    GLOBAL DEFAULT    4 memmove
  1030: 00003e61   172 FUNC    WEAK   DEFAULT    4 _ZN11BridgeClass6notifyIJRN7arduino6StringEEEEvS2_DpOT_
  1031: 00000008     0 TLS     GLOBAL DEFAULT  ABS _TLS_MODULE_BASE_
  1032: 000054e5     2 FUNC    GLOBAL DEFAULT    4 _ZNSt9exceptionD2Ev
  1033: 00000411   108 FUNC    WEAK   DEFAULT    4 _ZN7arduino7msgpack8Unpacker13unpackFloat64Ev
  1034: 000051f1    12 FUNC    WEAK   DEFAULT    4 _ZN7arduino12ZephyrSerial3endEv
  1035: 000051fd    44 FUNC    GLOBAL DEFAULT    4 _ZN7arduino12ZephyrSerial5flushEv
  1036: 00000000     0 NOTYPE  GLOBAL DEFAULT  UND __real_memmove
  1037: 00004ab5    12 FUNC    GLOBAL DEFAULT    4 __aeabi_unwind_cpp_pr0
  1038: 00004401    64 FUNC    WEAK   DEFAULT    4 _ZN7RpcCallIJRjEE8setErrorEiN7arduino6StringE
  1039: 00001001    40 FUNC    WEAK   DEFAULT    4 _ZN7arduino7msgpack6Packer10packUInt32Ej
  1040: 00000121     1 OBJECT  WEAK   DEFAULT    9 _ZZN8RpcUtils6detail12unpackObjectERN7arduino7msgpack8UnpackerEE3nil
  1041: 00000000     0 NOTYPE  GLOBAL DEFAULT  UND z_impl_k_yield
  1042: 000015a0  2156 OBJECT  GLOBAL DEFAULT    9 Serial1
  1043: 00000128     4 OBJECT  WEAK   DEFAULT    9 _ZZN7arduino7msgpack8Unpacker10from_arrayIJRiRNS_6StringEEEEbDpOT_E2sz
  1044: 000057e5    28 FUNC    WEAK   DEFAULT    4 _ZNSs4_Rep10_M_disposeERKSaIcE
  1045: 00000014     0 TLS     GLOBAL DEFAULT  ABS errno
  1046: 00000000     0 NOTYPE  GLOBAL DEFAULT  UND __real_malloc
  1047: 0000133d   280 FUNC    WEAK   DEFAULT    4 _ZN7arduino7msgpack8Unpacker11unpackFloatIfEENSt9enable_ifIXaasrSt13is_arithmeticIT_E5valuesrSt17is_floating_pointIS5_E5valueES5_E4typeEv
  1048: 00003f0d    64 FUNC    WEAK   DEFAULT    4 _ZN7RpcCallIJRN7arduino6StringEEE8setErrorEiS1_
  1049: 00003409   124 FUNC    WEAK   DEFAULT    4 _ZN7arduino7msgpack6Packer4packERKNS_6StringE
  1050: 00000000     0 NOTYPE  GLOBAL DEFAULT  UND __real___aeabi_l2f
  1051: 0000001c     0 TLS     GLOBAL DEFAULT  ABS _localtime_buf
  1052: 0000501d     4 FUNC    WEAK   DEFAULT    4 _ZN7arduino12ZephyrSerialcvbEv
  1053: 000004da    25 OBJECT  GLOBAL DEFAULT    3 _ZTSNSt3_V214error_categoryE
  1054: 0000006d   104 FUNC    GLOBAL DEFAULT    4 _Z5scenej
  1055: 00000251    16 FUNC    WEAK   DEFAULT    4 _ZNK7arduino7msgpack8Unpacker7getTypeEv
  1056: 00000111   140 FUNC    GLOBAL DEFAULT    4 loop
  1057: 00000000     0 NOTYPE  GLOBAL DEFAULT  UND sys_clock_cycle_get_64
  1058: 00004e21     2 FUNC    WEAK   DEFAULT    4 initVariant
  1059: 00000000     0 NOTYPE  GLOBAL DEFAULT  UND __device_dts_ord_233
  1060: 00000d4d   120 FUNC    WEAK   DEFAULT    4 _ZN7arduino7msgpack8Unpacker4feedEPKhj
  1061: 00004d69     8 FUNC    GLOBAL DEFAULT    4 __xpg_strerror_r
  1062: 00000000     0 NOTYPE  GLOBAL DEFAULT  UND __device_dts_ord_120
  1063: 00005659    20 FUNC    GLOBAL DEFAULT    4 _ZNSt12length_errorD2Ev
  1064: 00000559    46 FUNC    WEAK   DEFAULT    4 _ZNK7arduino7msgpack8Unpacker11getRawBytesItEET_jj
  1065: 00000000     0 NOTYPE  WEAK   DEFAULT  UND __device_dts_ord_30
  1066: 00000124     4 OBJECT  WEAK   DEFAULT    9 _ZGVZN7arduino7msgpack8Unpacker10from_arrayIJRiRNS_6StringEEEEbDpOT_E2sz
  1067: 00002451   284 FUNC    WEAK   DEFAULT    4 _ZN11BridgeClass11update_safeEv
  1068: 00000120     1 OBJECT  WEAK   DEFAULT    9 _ZZN8RpcUtils6detail12unpackObjectERN7arduino7msgpack8UnpackerEE1b
  1069: 00004d41     8 FUNC    GLOBAL DEFAULT    4 memcpy
  1070: 00005b25    12 FUNC    GLOBAL DEFAULT    4 _ZNK10__cxxabiv117__class_type_info20__do_find_public_srcEiPKvPKS0_S2_
  1071: 00000000     0 NOTYPE  WEAK   DEFAULT  UND __device_dts_ord_83
  1072: 000000c8    16 OBJECT  WEAK   DEFAULT    9 _ZZN8RpcUtils6detail12unpackObjectERN7arduino7msgpack8UnpackerEE1t
  1073: 00005299   232 FUNC    GLOBAL DEFAULT    4 _ZN7arduino12ZephyrSerial10IrqHandlerEv
  1074: 00000f2d    44 FUNC    WEAK   DEFAULT    4 _ZN7arduino7msgpack6Packer9packUInt8Eh
  1075: 00004af9    28 FUNC    GLOBAL DEFAULT    4 _ZN7arduino6String10invalidateEv
  1076: 00005b31    20 FUNC    GLOBAL DEFAULT    4 _ZN10__cxxabiv117__class_type_infoD1Ev
  1077: 00004e01    10 FUNC    GLOBAL DEFAULT    4 __aeabi_uldivmod
  1078: 00000000     0 NOTYPE  WEAK   DEFAULT  UND __device_dts_ord_88
  1079: 00005865    22 FUNC    WEAK   DEFAULT    4 _ZNSt7__cxx1112basic_stringIcSt11char_traitsIcESaIcEE10_M_disposeEv
  1080: 00000000     0 NOTYPE  GLOBAL DEFAULT  UND __real___aeabi_ddiv
  1081: 00000bad   196 FUNC    WEAK   DEFAULT    4 _ZN7arduino7msgpack8Unpacker11deserializeINS0_6object8timespecEJEEEbRT_DpOT0_
  1082: 00004d71     8 FUNC    GLOBAL DEFAULT    4 malloc
  1083: 00005893    18 FUNC    WEAK   DEFAULT    4 _ZNKSt7__cxx1112basic_stringIcSt11char_traitsIcESaIcEE8capacityEv
  1084: 00000000     0 NOTYPE  GLOBAL DEFAULT  UND z_impl_k_mutex_lock
  1085: 000034bd    34 FUNC    WEAK   DEFAULT    4 _ZNK10RpcDecoderILj1024EE4sendEPKhj
  1086: 00004c15    24 FUNC    GLOBAL DEFAULT    4 _ZN7arduino6StringC1ERKS0_
  1087: 000056f1    40 FUNC    GLOBAL DEFAULT    4 _ZNSt11logic_errorC2EPKc
  1088: 00000118     4 OBJECT  WEAK   DEFAULT    9 _ZZN8RpcUtils6detail12unpackObjectERN7arduino7msgpack8UnpackerEE5num32
  1089: 00000000     0 NOTYPE  GLOBAL DEFAULT  UND z_impl_k_sem_take
  1090: 00000004     4 OBJECT  GLOBAL HIDDEN     7 __dso_handle
  1091: 00000000     0 NOTYPE  GLOBAL DEFAULT  UND matrixGrayscaleWrite
  1092: 00004dbb    10 FUNC    GLOBAL DEFAULT    4 __aeabi_ui2d
  1093: 00005baf    42 FUNC    GLOBAL DEFAULT    4 _ZNK10__cxxabiv117__class_type_info10__do_catchEPKSt9type_infoPPvj
  1094: 00001d45  1228 FUNC    WEAK   DEFAULT    4 _ZN8RpcUtils6detail12unpackObjectERN7arduino7msgpack8UnpackerE
  1095: 000000f0     4 OBJECT  WEAK   DEFAULT    9 _ZGVZN8RpcUtils6detail12unpackObjectERN7arduino7msgpack8UnpackerEE5bytes
  1096: 00000000     0 NOTYPE  GLOBAL DEFAULT  UND __real___aeabi_l2d
  1097: 00002ed9    64 FUNC    WEAK   DEFAULT    4 _ZN7arduino7msgpack8Unpacker11deserializeINS0_6object5nil_tEJEEEbRT_DpOT0_
  1098: 0000004f    30 FUNC    WEAK   DEFAULT    4 _ZNK7arduino7msgpack8Unpacker13getRawBytePtrEjj
  1099: 0000109d    44 FUNC    WEAK   DEFAULT    4 _ZN7arduino7msgpack6Packer10packUInt16Et
  1100: 00005435    32 FUNC    GLOBAL DEFAULT    4 _ZSt17__throw_bad_allocv
  1101: 00000250    12 OBJECT  GLOBAL DEFAULT    1 _ZTISt9bad_alloc
  1102: 00004b95    44 FUNC    GLOBAL DEFAULT    4 _ZN7arduino6StringC1EPKc
  1103: 000000ec     4 OBJECT  WEAK   DEFAULT    9 _ZZN8RpcUtils6detail12unpackObjectERN7arduino7msgpack8UnpackerEE6arr_sz
  1104: 00000338    52 OBJECT  GLOBAL DEFAULT    1 _ZTVN7arduino12ZephyrSerialE
  1105: 0000118d   160 FUNC    WEAK   DEFAULT    4 _ZN7arduino7msgpack6Packer12packRawBytesEPKcj
  1106: 00004d9d    10 FUNC    GLOBAL DEFAULT    4 __aeabi_ddiv
  1107: 00001985   216 FUNC    WEAK   DEFAULT    4 _ZN10RpcDecoderILj1024EE16fetch_rpc_methodEv
  1108: 00005719    20 FUNC    GLOBAL DEFAULT    4 _ZNSt12length_errorC1EPKc
  1109: 0000019d    24 FUNC    WEAK   DEFAULT    4 _ZNSt12_Vector_baseIhSaIhEED2Ev
  1110: 000002bc    44 OBJECT  GLOBAL DEFAULT    1 _ZTVN10__cxxabiv120__si_class_type_infoE
  1111: 0000587b    24 FUNC    WEAK   DEFAULT    4 _ZNSt7__cxx1112basic_stringIcSt11char_traitsIcESaIcEE7_S_copyEPcPKcj
  1112: 00004d93    10 FUNC    GLOBAL DEFAULT    4 __aeabi_dmul
  1113: 0000036c    20 OBJECT  GLOBAL DEFAULT    1 _ZTVSt11logic_error
  1114: 00005b97    24 FUNC    GLOBAL DEFAULT    4 _ZNK10__cxxabiv117__class_type_info11__do_upcastEPKS0_PKvRNS0_15__upcast_resultE
  1115: 000004c9    72 FUNC    WEAK   DEFAULT    4 _ZN7arduino7msgpack8Unpacker11unpackUInt7Ev
  1116: 00004e6d     8 FUNC    GLOBAL DEFAULT    4 _ZdlPv
  1117: 0000566d    18 FUNC    GLOBAL DEFAULT    4 _ZNSt12length_errorD0Ev
  1118: 00004c15    24 FUNC    GLOBAL DEFAULT    4 _ZN7arduino6StringC2ERKS0_
  1119: 0000596b     6 FUNC    GLOBAL DEFAULT    4 _ZNKSt3_V214error_category23default_error_conditionEi
  1120: 0000538d    44 FUNC    WEAK   DEFAULT    4 _ZN7arduino12ZephyrSerial18ZephyrSerialBufferILi1024EEC2Ev
  1121: 00004c6d    64 FUNC    GLOBAL DEFAULT    4 _ZN7arduino6String6concatEPKcj
  1122: 00005485    48 FUNC    GLOBAL DEFAULT    4 _ZSt20__throw_length_errorPKc
  1123: 00000000     0 NOTYPE  GLOBAL DEFAULT  UND __device_dts_ord_73
  1124: 00004e15    12 FUNC    GLOBAL DEFAULT    4 abort
  1125: 00000000     0 NOTYPE  GLOBAL DEFAULT  UND z_impl_k_sem_init
  1126: 00000000     0 NOTYPE  GLOBAL DEFAULT  UND __device_dts_ord_17
  1127: 00000000     0 NOTYPE  GLOBAL DEFAULT  UND _device_list_end
  1128: 00002e71    44 FUNC    WEAK   DEFAULT    4 _ZN8RpcErrorC1Ev
  1129: 00004dd9    10 FUNC    GLOBAL DEFAULT    4 __aeabi_d2f
  1130: 00000000     1 OBJECT  GLOBAL DEFAULT    7 firstFrame
  1131: 00005645    18 FUNC    GLOBAL DEFAULT    4 _ZNSt11logic_errorD0Ev
  1132: 000004c8  2156 OBJECT  GLOBAL DEFAULT    9 Serial3
  1133: 000003ad    96 FUNC    WEAK   DEFAULT    4 _ZN7arduino7msgpack8Unpacker13unpackFloat32Ev
  1134: 0000234d   260 FUNC    WEAK   DEFAULT    4 _ZN9RPCServer7get_rpcILj256EEEbR10RPCRequestIXT_EEN7arduino6StringE
  1135: 00000440    34 OBJECT  GLOBAL DEFAULT    3 _ZTSN10__cxxabiv117__class_type_infoE
  1136: 00004aa9    12 FUNC    GLOBAL DEFAULT    4 __gxx_personality_v0
  1137: 0000025c     8 OBJECT  GLOBAL DEFAULT    1 _ZTISt9exception
  1138: 00000000     0 NOTYPE  GLOBAL DEFAULT  UND __device_dts_ord_109
  1139: 000012fd    64 FUNC    WEAK   DEFAULT    4 _ZN7arduino7msgpack8Unpacker11deserializeIiJEEEbRT_DpOT0_
  1140: 00003831   380 FUNC    WEAK   DEFAULT    4 _ZN10RpcDecoderILj1024EE12get_responseIN7arduino7msgpack6object5nil_tEEEbjRT_R8RpcError
  1141: 000000f4    12 OBJECT  WEAK   DEFAULT    9 _ZZN8RpcUtils6detail12unpackObjectERN7arduino7msgpack8UnpackerEE5bytes
  1142: 00000000     0 NOTYPE  GLOBAL DEFAULT  UND __real___aeabi_i2d
  1143: 000055eb     2 FUNC    GLOBAL DEFAULT    4 _ZNSt9type_infoD1Ev
  1144: 00004e75     8 FUNC    GLOBAL DEFAULT    4 _ZdlPvj
  1145: 00000359    84 FUNC    WEAK   DEFAULT    4 _ZN7arduino7msgpack8Unpacker11unpackInt16Ev
  1146: 00004839   292 FUNC    WEAK   DEFAULT    4 _ZN13BridgeMonitorILj512EE5_readEj
  1147: 00004d89    10 FUNC    GLOBAL DEFAULT    4 __aeabi_dadd
  1148: 00002cd9   132 FUNC    GLOBAL DEFAULT    4 _ZN2ui10UnoQMatrix6submitEjRKNS_5FrameE
  1149: 00000000     0 NOTYPE  GLOBAL DEFAULT  UND __real___aeabi_ui2d
  1150: 000000d8     4 OBJECT  WEAK   DEFAULT    9 _ZGVZN8RpcUtils6detail12unpackObjectERN7arduino7msgpack8UnpackerEE1e
  1151: 00004e69     4 FUNC    GLOBAL DEFAULT    4 _ZnwjPv
  1152: 00004dcf    10 FUNC    GLOBAL DEFAULT    4 __aeabi_ul2d
  1153: 000036f9   128 FUNC    WEAK   DEFAULT    4 _ZN7arduino7msgpack8Unpacker10unpackUIntIjEENSt9enable_ifIXaaaaaaaasrSt13is_arithmeticIT_E5valuesrSt11is_integralIS5_E5valuentsrSt7is_sameIS5_bE5valuentsrS9_INSt9remove_cvIS5_E4typeEPcE5valuentsrSt9is_signedIS5_E5valueES5_E4typeEv
  1154: 00001a5d    40 FUNC    WEAK   DEFAULT    4 _ZNSt11__copy_moveILb0ELb1ESt26random_access_iterator_tagE8__copy_mIKhhEEPT0_PT_S7_S5_
  1155: 00003a2d  1076 FUNC    WEAK   DEFAULT    4 _ZN13BridgeMonitorILj512EEcvbEv
  1156: 000055f1    44 FUNC    GLOBAL DEFAULT    4 _ZNKSt9type_info7__equalERKS_
  1157: 00002c2d   172 FUNC    GLOBAL DEFAULT    4 _ZN2ui10UnoQMatrix5beginENS_11MatrixGrantE
  1158: 000009f9    64 FUNC    WEAK   DEFAULT    4 _ZN7arduino7msgpack8Unpacker11deserializeINS0_4type9ArraySizeEJEEEbRT_DpOT0_
  1159: 00001959    44 FUNC    WEAK   DEFAULT    4 _ZN10RpcDecoderILj1024EE7discardEv
  1160: 0000012c   568 OBJECT  GLOBAL DEFAULT    9 Serial
  1161: 00004721   280 FUNC    WEAK   DEFAULT    4 _ZN7RpcCallIJRjEED1Ev
  1162: 0000572d    24 FUNC    GLOBAL DEFAULT    4 _ZNSt12__cow_stringC1EPKcj
  1163: 00004071   912 FUNC    WEAK   DEFAULT    4 _ZN13BridgeMonitorILj512EE5writeEPKhj
  1164: 00005b59    62 FUNC    GLOBAL DEFAULT    4 _ZNK10__cxxabiv117__class_type_info12__do_dyncastEiNS0_10__sub_kindEPKS0_PKvS3_S5_RNS0_16__dyncast_resultE
  1165: 00001e0c    16 OBJECT  WEAK   DEFAULT    9 _ZNSs4_Rep20_S_empty_rep_storageE
  1166: 0000561d     4 FUNC    GLOBAL DEFAULT    4 _ZNKSt13runtime_error4whatEv
  1167: 00000000     0 NOTYPE  GLOBAL DEFAULT  UND ring_buf_put
  1168: 00005af3    50 FUNC    GLOBAL DEFAULT    4 _ZNK10__cxxabiv117__class_type_info11__do_upcastEPKS0_PPv
  1169: 00001045    88 FUNC    WEAK   DEFAULT    4 _ZN7arduino7msgpack6Packer13packArraySizeEj
  1170: 000001fd    84 FUNC    WEAK   DEFAULT    4 _ZNK7arduino7msgpack8Unpacker7getTypeEj
  1171: 00000380    20 OBJECT  GLOBAL DEFAULT    1 _ZTVSt12length_error
  1172: 00002e21    68 FUNC    WEAK   DEFAULT    4 _ZN13BridgeMonitorILj512EE4peekEv
  1173: 00000000     0 NOTYPE  GLOBAL DEFAULT    6 __static_thread_data_list_end
  1174: 00004da7    10 FUNC    GLOBAL DEFAULT    4 __aeabi_dcmpge
  1175: 00004b15    28 FUNC    GLOBAL DEFAULT    4 _ZN7arduino6String12changeBufferEj
  1176: 00000261    88 FUNC    WEAK   DEFAULT    4 _ZN7arduino7msgpack8Unpacker11unpackInt32Ev
  1177: 00005659    20 FUNC    GLOBAL DEFAULT    4 _ZNSt12length_errorD1Ev
  1178: 0000012c   568 OBJECT  GLOBAL DEFAULT    9 Monitor
  1179: 00000238    12 OBJECT  GLOBAL DEFAULT    1 _ZTISt11logic_error
  1180: 00000000     0 NOTYPE  GLOBAL DEFAULT  UND z_impl_k_sem_give
  1181: 00000589    72 FUNC    WEAK   DEFAULT    4 _ZN7arduino7msgpack8Unpacker12unpackUInt16Ev
  1182: 00000078    40 OBJECT  GLOBAL DEFAULT    9 uiBench
  1183: 00000018     0 TLS     GLOBAL DEFAULT  ABS _strtok_last
  1184: 0000052e    13 OBJECT  GLOBAL DEFAULT    3 _ZTSSt9type_info
  1185: 00001a85    40 FUNC    WEAK   DEFAULT    4 _ZNSt11__copy_moveILb1ELb1ESt26random_access_iterator_tagE8__copy_mIhhEEPT0_PT_S6_S4_
  1186: 000054b5     8 FUNC    GLOBAL DEFAULT    4 _ZNKSt9bad_alloc4whatEv
  1187: 00000394    20 OBJECT  GLOBAL DEFAULT    1 _ZTVSt9bad_alloc
  1188: 00005031    72 FUNC    GLOBAL DEFAULT    4 _ZN7arduino12ZephyrSerial4readEv
  1189: 000008f9    72 FUNC    WEAK   DEFAULT    4 _ZN7arduino7msgpack8Unpacker10unpackInt8Ev
  1190: 00000514    13 OBJECT  GLOBAL DEFAULT    3 _ZTSSt9bad_alloc
  1191: 00000000     0 NOTYPE  GLOBAL DEFAULT  UND z_impl_k_sleep
  1192: 00000000     0 NOTYPE  GLOBAL DEFAULT  UND __real___xpg_strerror_r
  1193: 00005809    18 FUNC    WEAK   DEFAULT    4 _ZNSt7__cxx1112basic_stringIcSt11char_traitsIcESaIcEE11_S_allocateERS3_j
  1194: 0000554d   116 FUNC    GLOBAL DEFAULT    4 _ZNK10__cxxabiv120__si_class_type_info12__do_dyncastEiNS_17__class_type_info10__sub_kindEPKS1_PKvS4_S6_RNS1_16__dyncast_resultE
  1195: 000037b9   120 FUNC    WEAK   DEFAULT    4 _ZN7arduino7msgpack8Unpacker11deserializeINS0_4type9ArraySizeEJRiRjEEEbRT_DpOT0_
  1196: 000000dc    12 OBJECT  WEAK   DEFAULT    9 _ZZN8RpcUtils6detail12unpackObjectERN7arduino7msgpack8UnpackerEE1e
  1197: 00000000     0 NOTYPE  WEAK   DEFAULT  UND __device_dts_ord_61
  1198: 00000000     0 NOTYPE  GLOBAL DEFAULT  UND z_impl_device_is_ready
  1199: 00000000     0 NOTYPE  GLOBAL DEFAULT  UND ring_buf_get
  1200: 00003669   144 FUNC    WEAK   DEFAULT    4 _ZN7arduino7msgpack8Unpacker11deserializeI8RpcErrorJRNS0_6object5nil_tEEEEbRT_DpOT0_
  1201: 000055eb     2 FUNC    GLOBAL DEFAULT    4 _ZNSt9type_infoD2Ev
  1202: 000007d9   120 FUNC    WEAK   DEFAULT    4 _ZN7arduino7msgpack8Unpacker13unpackMapSizeEv
  1203: 00000941    44 FUNC    WEAK   DEFAULT    4 _ZNK7arduino7msgpack8Unpacker13isTimestamp32Ev
  1204: 000055c1    42 FUNC    GLOBAL DEFAULT    4 _ZNK10__cxxabiv120__si_class_type_info11__do_upcastEPKNS_17__class_type_infoEPKvRNS1_15__upcast_resultE
  1205: 00004d79     8 FUNC    GLOBAL DEFAULT    4 realloc
  1206: 00002d63    24 FUNC    WEAK   DEFAULT    4 _ZN13BridgeMonitorILj512EE5writeEh
  1207: 00000000     0 NOTYPE  GLOBAL DEFAULT  UND __real___aeabi_uldivmod
  1208: 000039ad    64 FUNC    WEAK   DEFAULT    4 _ZN10RpcDecoderILj1024EE6decodeEv
  1209: 00004a7d     4 FUNC    GLOBAL DEFAULT    4 __cxa_atexit
  1210: 00000000     0 NOTYPE  GLOBAL DEFAULT  UND __real_atexit
  1211: 00004db1    10 FUNC    GLOBAL DEFAULT    4 __aeabi_i2d
  1212: 000030d9   376 FUNC    WEAK   DEFAULT    4 _ZN7arduino7msgpack8Unpacker11deserializeISt6vectorIhSaIhEEJEEEbRT_DpOT0_
  1213: 000054d1    20 FUNC    GLOBAL DEFAULT    4 _ZNSt9bad_allocD0Ev
  1214: 00000a39   372 FUNC    WEAK   DEFAULT    4 _ZN7arduino7msgpack8Unpacker11deserializeINS_6StringEJEEEbRT_DpOT0_
  1215: 000054e9    20 FUNC    GLOBAL DEFAULT    4 _ZN10__cxxabiv120__si_class_type_infoD1Ev
  1216: 000000e8     4 OBJECT  WEAK   DEFAULT    9 _ZZN8RpcUtils6detail12unpackObjectERN7arduino7msgpack8UnpackerEE6map_sz
  1217: 00004fe1    16 FUNC    GLOBAL DEFAULT    4 _ZN6zephyr7arduino22init_dev_apply_pinctrlEPK6device
  1218: 00000319    32 FUNC    WEAK   DEFAULT    4 _ZNK7arduino7msgpack8Unpacker7isArrayEv
  1219: 00000000     0 NOTYPE  GLOBAL DEFAULT  UND __real___aeabi_dcmpge
  1220: 00005381    12 FUNC    GLOBAL DEFAULT    4 _ZN7arduino12ZephyrSerial11IrqDispatchEPK6devicePv
  1221: 00000791    72 FUNC    WEAK   DEFAULT    4 _ZN7arduino7msgpack8Unpacker12unpackUInt32Ev
  1222: 0000019d    24 FUNC    WEAK   DEFAULT    4 _ZNSt12_Vector_baseIhSaIhEED1Ev
  1223: 000055ed     4 FUNC    GLOBAL DEFAULT    4 _ZNKSt9type_info14__is_pointer_pEv
  1224: 00000dc5    56 FUNC    WEAK   DEFAULT    4 _ZNKSt6vectorIhSaIhEE12_M_check_lenEjPKc
  1225: 00001459   280 FUNC    WEAK   DEFAULT    4 _ZN7arduino7msgpack8Unpacker11unpackFloatIdEENSt9enable_ifIXaasrSt13is_arithmeticIT_E5valuesrSt17is_floating_pointIS5_E5valueES5_E4typeEv
  1226: 00000010     0 TLS     GLOBAL DEFAULT  ABS z_tls_current
  1227: 00004cf9    32 FUNC    GLOBAL DEFAULT    4 _ZNK7arduino6String6equalsERKS0_
  1228: 0000122d   208 FUNC    WEAK   DEFAULT    4 _ZN7arduino7msgpack8Unpacker9unpackIntIiEENSt9enable_ifIXaaaaaaaasrSt13is_arithmeticIT_E5valuesrSt11is_integralIS5_E5valuentsrSt7is_sameIS5_bE5valuentsrS9_INSt9remove_cvIS5_E4typeEPcE5valuesrSt9is_signedIS5_E5valueES5_E4typeEv
  1229: 00005455    48 FUNC    GLOBAL DEFAULT    4 _ZSt19__throw_logic_errorPKc
  1230: 00005129   200 FUNC    GLOBAL DEFAULT    4 _ZN7arduino12ZephyrSerial5beginEmt
  1231: 00000000     0 NOTYPE  GLOBAL DEFAULT  UND __real_realloc
  1232: 00000290    44 OBJECT  GLOBAL DEFAULT    1 _ZTVN10__cxxabiv117__class_type_infoE
  1233: 00004cad    28 FUNC    GLOBAL DEFAULT    4 _ZN7arduino6String6concatEc
  1234: 00004a91    12 FUNC    GLOBAL DEFAULT    4 __cxa_throw
  1235: 00002831  1020 FUNC    GLOBAL DEFAULT    4 _ZN2ui6renderERKNS_13DisplaySampleERNS_5FrameE
  1236: 0000088d    76 FUNC    WEAK   DEFAULT    4 _ZN7arduino7msgpack8Unpacker12unpackUInt64Ev
  1237: 00005005    24 FUNC    WEAK   DEFAULT    4 _ZN7arduino12ZephyrSerial5writeEh
  1238: 00000244    12 OBJECT  GLOBAL DEFAULT    1 _ZTISt12length_error
  1239: 00004d61     8 FUNC    GLOBAL DEFAULT    4 memset
  1240: 00004e25    44 FUNC    WEAK   DEFAULT    4 main
  1241: 00001909    80 FUNC    WEAK   DEFAULT    4 _ZN10RpcDecoderILj1024EE7consumeEjj
  1242: 00004c2d    16 FUNC    GLOBAL DEFAULT    4 _ZN7arduino6StringaSEOS0_
  1243: 00004ded    10 FUNC    GLOBAL DEFAULT    4 __aeabi_l2f
  1244: 000015b5   160 FUNC    WEAK   DEFAULT    4 _ZN7arduino7msgpack8Unpacker11deserializeIjJRNS_6StringEEEEbRT_DpOT0_
  1245: 00000000     0 NOTYPE  GLOBAL DEFAULT  UND __device_dts_ord_100
  1246: 000008d9    32 FUNC    WEAK   DEFAULT    4 _ZNK7arduino7msgpack8Unpacker11getRawBytesIaEET_jj
  1247: 00000000     0 NOTYPE  GLOBAL DEFAULT  UND __device_dts_ord_114
  1248: 00005745    24 FUNC    WEAK   DEFAULT    4 _ZNSs7_M_copyEPcPKcj
  1249: 00003f4d   292 FUNC    WEAK   DEFAULT    4 _ZN7RpcCallIJRN7arduino6StringEEED2Ev
  1250: 00004dc5    10 FUNC    GLOBAL DEFAULT    4 __aeabi_l2d
  1251: 00000200    12 OBJECT  GLOBAL DEFAULT    1 _ZTIN10__cxxabiv117__class_type_infoE
  1252: 00004721   280 FUNC    WEAK   DEFAULT    4 _ZN7RpcCallIJRjEED2Ev
  1253: 00004ef1    28 FUNC    GLOBAL DEFAULT    4 micros
  1254: 00000070     8 OBJECT  GLOBAL DEFAULT    9 matrix
  1255: 000005d1    52 FUNC    WEAK   DEFAULT    4 _ZNK7arduino7msgpack8Unpacker11getRawBytesIjEET_jj
  1256: 00000000     0 NOTYPE  GLOBAL DEFAULT  UND __real_free
  1257: 00001571    68 FUNC    WEAK   DEFAULT    4 _ZN7arduino7msgpack8Unpacker11deserializeINS0_4type9ArraySizeEJRiEEEbRT_DpOT0_
  1258: 00004df7    10 FUNC    GLOBAL DEFAULT    4 __aeabi_ul2f
  1259: 00000000     0 NOTYPE  GLOBAL DEFAULT  UND __real___aeabi_dmul
  1260: 00002f19   104 FUNC    WEAK   DEFAULT    4 _ZN7arduino7msgpack8Unpacker11deserializeIbJEEEbRT_DpOT0_
  1261: 00004d59     8 FUNC    GLOBAL DEFAULT    4 strcmp
  1262: 00002211   316 FUNC    WEAK   DEFAULT    4 _ZN10RpcDecoderILj1024EE12parse_packetEv
  1263: 0000575d    10 FUNC    WEAK   DEFAULT    4 _ZNSs13_S_copy_charsEPcPKcS1_
  1264: 000050f5    52 FUNC    GLOBAL DEFAULT    4 _ZN7arduino12ZephyrSerial9availableEv
  1265: 0000538d    44 FUNC    WEAK   DEFAULT    4 _ZN7arduino12ZephyrSerial18ZephyrSerialBufferILi1024EEC1Ev
  1266: 00003f4d   292 FUNC    WEAK   DEFAULT    4 _ZN7RpcCallIJRN7arduino6StringEEED1Ev
  1267: 00004b59    60 FUNC    GLOBAL DEFAULT    4 _ZN7arduino6String4copyEPKcj
  1268: 00000fe5    28 FUNC    WEAK   DEFAULT    4 _ZN7arduino7msgpack6Packer15packRawReversedIjEEvRKT_
  1269: 00000039    22 FUNC    WEAK   DEFAULT    4 _ZN7arduino7msgpack8Unpacker11deserializeEv
  1270: 00000000     0 NOTYPE  GLOBAL DEFAULT  UND matrixBegin
  1271: 00001715   500 FUNC    WEAK   DEFAULT    4 _ZN9RPCServer15process_requestILj256EEEvR10RPCRequestIXT_EE
  1272: 00000000     0 NOTYPE  GLOBAL DEFAULT  UND pinctrl_lookup_state
  1273: 00000c89    44 FUNC    WEAK   DEFAULT    4 _ZN10RPCRequestILj256EED1Ev
  1274: 000059a1    48 FUNC    GLOBAL DEFAULT    4 _ZNKSt3_V214error_category10_M_messageB5cxx11Ei
  1275: 000054fd    20 FUNC    GLOBAL DEFAULT    4 _ZN10__cxxabiv120__si_class_type_infoD0Ev
  1276: 000000a0    40 OBJECT  WEAK   DEFAULT    9 _ZN12RouterBridge3HCIE
  1277: 00005621    36 FUNC    GLOBAL DEFAULT    4 _ZNSt11logic_errorD2Ev
  1278: 0000096d    44 FUNC    WEAK   DEFAULT    4 _ZNK7arduino7msgpack8Unpacker13isTimestamp64Ev
  1279: 00000368   352 OBJECT  GLOBAL DEFAULT    9 Bridge
  1280: 000004f3    16 OBJECT  GLOBAL DEFAULT    3 _ZTSSt11logic_error
  1281: 00000000     0 NOTYPE  GLOBAL DEFAULT  UND matrixSetGrayscaleBits
  1282: 00005621    36 FUNC    GLOBAL DEFAULT    4 _ZNSt11logic_errorD1Ev
  1283: 00004e0d     8 FUNC    GLOBAL DEFAULT    4 atexit
  1284: 00001bcd   376 FUNC    WEAK   DEFAULT    4 _ZN7arduino7msgpack8Unpacker9unpackExtEv
  1285: 00000008   104 OBJECT  GLOBAL DEFAULT    9 frame
  1286: 00000851    58 FUNC    WEAK   DEFAULT    4 _ZNK7arduino7msgpack8Unpacker11getRawBytesIyEET_jj
  1287: 00000000     0 NOTYPE  GLOBAL DEFAULT  UND _device_list_start
  1288: 00004d19    40 FUNC    GLOBAL DEFAULT    4 _ZNK7arduino6String6equalsEPKc
  1289: 00005971    20 FUNC    GLOBAL DEFAULT    4 _ZNKSt3_V214error_category10equivalentERKSt10error_codei
  1290: 00000c89    44 FUNC    WEAK   DEFAULT    4 _ZN10RPCRequestILj256EED2Ev
  1291: 00000000     0 NOTYPE  GLOBAL DEFAULT  UND __real___aeabi_ul2f
  1292: 00004ae5    20 FUNC    GLOBAL DEFAULT    4 _ZN7arduino6StringD2Ev
  1293: 00001aad   288 FUNC    WEAK   DEFAULT    4 _ZN7arduino7msgpack6object3extC1EaPKhj
  1294: 000000d5    60 FUNC    GLOBAL DEFAULT    4 setup
  1295: 00004475   684 FUNC    WEAK   DEFAULT    4 _ZN7RpcCallIJRjEE6resultISt6vectorIhSaIhEEEEbRT_
  1296: 00004ffb    10 FUNC    WEAK   DEFAULT    4 _ZN7arduino12ZephyrSerial5beginEm
  1297: 0000256d    68 FUNC    WEAK   DEFAULT    4 _Z10__loopHookv
  1298: 00000c71    24 FUNC    WEAK   DEFAULT    4 _ZNSt12_Vector_baseIjSaIjEED2Ev
  1299: 00000000     0 NOTYPE  GLOBAL DEFAULT  UND __real___aeabi_ul2d
  1300: 00005b31    20 FUNC    GLOBAL DEFAULT    4 _ZN10__cxxabiv117__class_type_infoD2Ev
  1301: 00000503    17 OBJECT  GLOBAL DEFAULT    3 _ZTSSt12length_error
  1302: 00004c3d    48 FUNC    GLOBAL DEFAULT    4 _ZN7arduino6StringaSEPKc
  1303: 00000008     0 TLS     GLOBAL DEFAULT  ABS _rand_next
  1304: 00000999    64 FUNC    WEAK   DEFAULT    4 _ZNK7arduino7msgpack8Unpacker13isTimestamp96Ev
  1305: 00004a81    12 FUNC    GLOBAL DEFAULT    4 __cxa_allocate_exception
  1306: 0000011c     4 OBJECT  WEAK   DEFAULT    9 _ZZN8RpcUtils6detail12unpackObjectERN7arduino7msgpack8UnpackerEE7integer
  1307: 0000020c    12 OBJECT  GLOBAL DEFAULT    1 _ZTIN10__cxxabiv120__si_class_type_infoE
  1308: 00000cb5   152 FUNC    WEAK   DEFAULT    4 _ZNSt6vectorIjSaIjEE17_M_realloc_appendIJRjEEEvDpOT_
  1309: 00000c71    24 FUNC    WEAK   DEFAULT    4 _ZNSt12_Vector_baseIjSaIjEED1Ev
  1310: 00000000     0 NOTYPE  GLOBAL DEFAULT  UND __real_strlen
  1311: 00002d61     2 FUNC    WEAK   DEFAULT    4 _ZN7arduino5Print5flushEv
  1312: 00005079    72 FUNC    GLOBAL DEFAULT    4 _ZN7arduino12ZephyrSerial4peekEv
  1313: 00000511    72 FUNC    WEAK   DEFAULT    4 _ZN7arduino7msgpack8Unpacker11unpackUInt8Ev
  1314: 000050c1    52 FUNC    GLOBAL DEFAULT    4 _ZN7arduino12ZephyrSerial17availableForWriteEv
  1315: 000001dd    30 FUNC    WEAK   DEFAULT    4 _ZNK7arduino7msgpack8Unpacker11getRawBytesIhEET_jj
  1316: 00004ae5    20 FUNC    GLOBAL DEFAULT    4 _ZN7arduino6StringD1Ev
  1317: 000054e5     2 FUNC    GLOBAL DEFAULT    4 _ZNSt9exceptionD1Ev
  1318: 00000000     0 NOTYPE  GLOBAL DEFAULT  UND z_impl_k_mutex_unlock
  1319: 00004e61     8 FUNC    GLOBAL DEFAULT    4 _Znwj
  1320: 00000100     4 OBJECT  WEAK   DEFAULT    9 _ZGVZN8RpcUtils6detail12unpackObjectERN7arduino7msgpack8UnpackerEE6string
  1321: 00000339    32 FUNC    WEAK   DEFAULT    4 _ZNK7arduino7msgpack8Unpacker5isMapEv
  1322: 00000000     0 NOTYPE  GLOBAL DEFAULT  UND __real_strcmp
  1323: 00000000     0 NOTYPE  GLOBAL DEFAULT  UND pinctrl_configure_pins
  1324: 00005511    60 FUNC    GLOBAL DEFAULT    4 _ZNK10__cxxabiv120__si_class_type_info20__do_find_public_srcEiPKvPKNS_17__class_type_infoES2_
  1325: 000054bd    20 FUNC    GLOBAL DEFAULT    4 _ZNSt9bad_allocD1Ev
  1326: 00000000     0 NOTYPE  GLOBAL DEFAULT  UND __real___aeabi_dadd
  1327: 00000000     0 NOTYPE  GLOBAL DEFAULT    6 __static_thread_data_list_start
  1328: 0000572d    24 FUNC    GLOBAL DEFAULT    4 _ZNSt12__cow_stringC2EPKcj
  1329: 00000000     0 NOTYPE  GLOBAL DEFAULT  UND __real_memset
  1330: 00004bed    40 FUNC    GLOBAL DEFAULT    4 _ZN7arduino6StringaSERKS0_
  1331: 000039ed    64 FUNC    WEAK   DEFAULT    4 _ZN9RPCClient12get_responseIN7arduino7msgpack6object5nil_tEEEbjRT_R8RpcError
  1332: 00000000     0 NOTYPE  GLOBAL DEFAULT  UND __device_dts_ord_123
  1333: 00000004     4 OBJECT  GLOBAL DEFAULT    9 lastFrameUs
  1334: 00000000     0 NOTYPE  GLOBAL DEFAULT  UND __real___aeabi_f2d
  1335: 00005781    96 FUNC    WEAK   DEFAULT    4 _ZNSs4_Rep9_S_createEjjRKSaIcE
  1336: 00005769    24 FUNC    WEAK   DEFAULT    4 _ZNSs4_Rep26_M_set_length_and_sharableEj
  1337: 00000719   120 FUNC    WEAK   DEFAULT    4 _ZN7arduino7msgpack8Unpacker15unpackArraySizeEv
  1338: 00000000     0 NOTYPE  GLOBAL DEFAULT  UND ring_buf_peek
  1339: 00004d51     8 FUNC    GLOBAL DEFAULT    4 strlen
  1340: 00000264     8 OBJECT  GLOBAL DEFAULT    1 _ZTISt9type_info
  1341: 00004ac1    12 FUNC    GLOBAL DEFAULT    4 __aeabi_unwind_cpp_pr1
  1342: 00000521    13 OBJECT  GLOBAL DEFAULT    3 _ZTSSt9exception
  1343: 00000000     0 NOTYPE  GLOBAL DEFAULT  UND __real___aeabi_d2f
  1344: 0000561d     4 FUNC    GLOBAL DEFAULT    4 _ZNKSt11logic_error4whatEv
  1345: 00004de3    10 FUNC    GLOBAL DEFAULT    4 __aeabi_f2d
  1346: 00000000     0 NOTYPE  GLOBAL DEFAULT  UND z_impl_k_mutex_init
  1347: 00003779    64 FUNC    WEAK   DEFAULT    4 _ZN7arduino7msgpack8Unpacker11deserializeIjJEEEbRT_DpOT0_
  1348: 00000000     0 NOTYPE  GLOBAL DEFAULT  UND z_impl_device_deinit
  1349: 00001029    28 FUNC    WEAK   DEFAULT    4 _ZN7arduino7msgpack6Packer15packRawReversedItEEvRKT_
  1350: 00004b31    40 FUNC    GLOBAL DEFAULT    4 _ZN7arduino6String7reserveEj
  1351: 000009d9    30 FUNC    WEAK   DEFAULT    4 _ZNK7arduino7msgpack8Unpacker11getRawBytesIcEET_jj
  1352: 000057e1     4 FUNC    WEAK   DEFAULT    4 _ZNSs4_Rep10_M_destroyERKSaIcE
  1353: 0000495d    68 FUNC    WEAK   DEFAULT    4 _ZN13BridgeMonitorILj512EE9availableEv
  1354: 00000000     0 NOTYPE  WEAK   DEFAULT  UND __device_dts_ord_34
  1355: 00000230     8 OBJECT  GLOBAL DEFAULT    1 _ZTINSt3_V214error_categoryE
  1356: 000056f1    40 FUNC    GLOBAL DEFAULT    4 _ZNSt11logic_errorC1EPKc
  1357: 00000000     0 NOTYPE  GLOBAL DEFAULT  UND __device_dts_ord_78
  1358: 0000047d    76 FUNC    WEAK   DEFAULT    4 _ZN7arduino7msgpack8Unpacker10unpackInt5Ev
  1359: 00004b95    44 FUNC    GLOBAL DEFAULT    4 _ZN7arduino6StringC2EPKc
  1360: 00005ae9    10 FUNC    GLOBAL DEFAULT    4 __aeabi_atexit
  1361: 000055f1    44 FUNC    GLOBAL DEFAULT    4 _ZNKSt9type_infoeqERKS_
  1362: 0000581b    12 FUNC    WEAK   DEFAULT    4 _ZNKSt7__cxx1112basic_stringIcSt11char_traitsIcESaIcEE11_M_is_localEv
  1363: 00000605   276 FUNC    WEAK   DEFAULT    4 _ZNK7arduino7msgpack8Unpacker14getElementSizeEj
  1364: 0000026c    36 OBJECT  WEAK   DEFAULT    1 _ZTV13BridgeMonitorILj512EE
  1365: 00000000     0 NOTYPE  GLOBAL DEFAULT  UND __real_memcpy
  1366: 00000104    12 OBJECT  WEAK   DEFAULT    9 _ZZN8RpcUtils6detail12unpackObjectERN7arduino7msgpack8UnpackerEE6string
  1367: 00002db5   108 FUNC    WEAK   DEFAULT    4 _ZN13BridgeMonitorILj512EE4readEv
  1368: 00004d81     8 FUNC    GLOBAL DEFAULT    4 free
  1369: 00005b45    20 FUNC    GLOBAL DEFAULT    4 _ZN10__cxxabiv117__class_type_infoD0Ev
  1370: 00004441    52 FUNC    WEAK   DEFAULT    4 _ZN7RpcCallIJRjEE7isErrorEv
  1371: 00000d34  2156 OBJECT  GLOBAL DEFAULT    9 Serial2
  1372: 00004cc9    48 FUNC    GLOBAL DEFAULT    4 _ZNK7arduino6String9compareToERKS0_
