Dump of assembler code from 0x8100538 to 0x81006d8:
   0x08100538 <_GLOBAL__sub_I_outer_loop_timing+0>:	b5f0    	push	{r4, r5, r6, r7, lr}
   0x0810053a <_GLOBAL__sub_I_outer_loop_timing+2>:	2400    	movs	r4, #0
   0x0810053c <_GLOBAL__sub_I_outer_loop_timing+4>:	485b    	ldr	r0, [pc, #364]	@ (0x81006ac <_GLOBAL__sub_I_outer_loop_timing+372>)
   0x0810053e <_GLOBAL__sub_I_outer_loop_timing+6>:	b0a9    	sub	sp, #164	@ 0xa4
   0x08100540 <_GLOBAL__sub_I_outer_loop_timing+8>:	4d5b    	ldr	r5, [pc, #364]	@ (0x81006b0 <_GLOBAL__sub_I_outer_loop_timing+376>)
   0x08100542 <_GLOBAL__sub_I_outer_loop_timing+10>:	4621    	mov	r1, r4
   0x08100544 <_GLOBAL__sub_I_outer_loop_timing+12>:	22b4    	movs	r2, #180	@ 0xb4
   0x08100546 <_GLOBAL__sub_I_outer_loop_timing+14>:	f800 4b08	strb.w	r4, [r0], #8
   0x0810054a <_GLOBAL__sub_I_outer_loop_timing+18>:	47a8    	blx	r5
   0x0810054c <_GLOBAL__sub_I_outer_loop_timing+20>:	4b57    	ldr	r3, [pc, #348]	@ (0x81006ac <_GLOBAL__sub_I_outer_loop_timing+372>)
   0x0810054e <_GLOBAL__sub_I_outer_loop_timing+22>:	2601    	movs	r6, #1
   0x08100550 <_GLOBAL__sub_I_outer_loop_timing+24>:	461f    	mov	r7, r3
   0x08100552 <_GLOBAL__sub_I_outer_loop_timing+26>:	f103 00d8	add.w	r0, r3, #216	@ 0xd8
   0x08100556 <_GLOBAL__sub_I_outer_loop_timing+30>:	4621    	mov	r1, r4
   0x08100558 <_GLOBAL__sub_I_outer_loop_timing+32>:	2210    	movs	r2, #16
   0x0810055a <_GLOBAL__sub_I_outer_loop_timing+34>:	e9c3 4430	strd	r4, r4, [r3, #192]	@ 0xc0
   0x0810055e <_GLOBAL__sub_I_outer_loop_timing+38>:	e9c3 4432	strd	r4, r4, [r3, #200]	@ 0xc8
   0x08100562 <_GLOBAL__sub_I_outer_loop_timing+42>:	e9c3 4434	strd	r4, r4, [r3, #208]	@ 0xd0
   0x08100566 <_GLOBAL__sub_I_outer_loop_timing+46>:	725e    	strb	r6, [r3, #9]
   0x08100568 <_GLOBAL__sub_I_outer_loop_timing+48>:	f883 40bc	strb.w	r4, [r3, #188]	@ 0xbc
   0x0810056c <_GLOBAL__sub_I_outer_loop_timing+52>:	f883 40bd	strb.w	r4, [r3, #189]	@ 0xbd
   0x08100570 <_GLOBAL__sub_I_outer_loop_timing+56>:	f883 40be	strb.w	r4, [r3, #190]	@ 0xbe
   0x08100574 <_GLOBAL__sub_I_outer_loop_timing+60>:	f883 40bf	strb.w	r4, [r3, #191]	@ 0xbf
   0x08100578 <_GLOBAL__sub_I_outer_loop_timing+64>:	47a8    	blx	r5
   0x0810057a <_GLOBAL__sub_I_outer_loop_timing+66>:	f107 00e8	add.w	r0, r7, #232	@ 0xe8
   0x0810057e <_GLOBAL__sub_I_outer_loop_timing+70>:	4621    	mov	r1, r4
   0x08100580 <_GLOBAL__sub_I_outer_loop_timing+72>:	2210    	movs	r2, #16
   0x08100582 <_GLOBAL__sub_I_outer_loop_timing+74>:	47a8    	blx	r5
   0x08100584 <_GLOBAL__sub_I_outer_loop_timing+76>:	f107 00f8	add.w	r0, r7, #248	@ 0xf8
   0x08100588 <_GLOBAL__sub_I_outer_loop_timing+80>:	4621    	mov	r1, r4
   0x0810058a <_GLOBAL__sub_I_outer_loop_timing+82>:	2210    	movs	r2, #16
   0x0810058c <_GLOBAL__sub_I_outer_loop_timing+84>:	47a8    	blx	r5
   0x0810058e <_GLOBAL__sub_I_outer_loop_timing+86>:	2200    	movs	r2, #0
   0x08100590 <_GLOBAL__sub_I_outer_loop_timing+88>:	2300    	movs	r3, #0
   0x08100592 <_GLOBAL__sub_I_outer_loop_timing+90>:	e9c7 2344	strd	r2, r3, [r7, #272]	@ 0x110
   0x08100596 <_GLOBAL__sub_I_outer_loop_timing+94>:	2309    	movs	r3, #9
   0x08100598 <_GLOBAL__sub_I_outer_loop_timing+96>:	f8c7 4108	str.w	r4, [r7, #264]	@ 0x108
   0x0810059c <_GLOBAL__sub_I_outer_loop_timing+100>:	f887 410c	strb.w	r4, [r7, #268]	@ 0x10c
   0x081005a0 <_GLOBAL__sub_I_outer_loop_timing+104>:	f8a7 4118	strh.w	r4, [r7, #280]	@ 0x118
   0x081005a4 <_GLOBAL__sub_I_outer_loop_timing+108>:	f887 611a	strb.w	r6, [r7, #282]	@ 0x11a
   0x081005a8 <_GLOBAL__sub_I_outer_loop_timing+112>:	f8a7 4128	strh.w	r4, [r7, #296]	@ 0x128
   0x081005ac <_GLOBAL__sub_I_outer_loop_timing+116>:	f887 412a	strb.w	r4, [r7, #298]	@ 0x12a
   0x081005b0 <_GLOBAL__sub_I_outer_loop_timing+120>:	f8c7 413c	str.w	r4, [r7, #316]	@ 0x13c
   0x081005b4 <_GLOBAL__sub_I_outer_loop_timing+124>:	e9c7 4448	strd	r4, r4, [r7, #288]	@ 0x120
   0x081005b8 <_GLOBAL__sub_I_outer_loop_timing+128>:	e9c7 334b	strd	r3, r3, [r7, #300]	@ 0x12c
   0x081005bc <_GLOBAL__sub_I_outer_loop_timing+132>:	e9c7 444d	strd	r4, r4, [r7, #308]	@ 0x134
   0x081005c0 <_GLOBAL__sub_I_outer_loop_timing+136>:	f507 77a0	add.w	r7, r7, #320	@ 0x140
   0x081005c4 <_GLOBAL__sub_I_outer_loop_timing+140>:	4621    	mov	r1, r4
   0x081005c6 <_GLOBAL__sub_I_outer_loop_timing+142>:	22e8    	movs	r2, #232	@ 0xe8
   0x081005c8 <_GLOBAL__sub_I_outer_loop_timing+144>:	4638    	mov	r0, r7
   0x081005ca <_GLOBAL__sub_I_outer_loop_timing+146>:	47a8    	blx	r5
   0x081005cc <_GLOBAL__sub_I_outer_loop_timing+148>:	f5a7 72a0	sub.w	r2, r7, #320	@ 0x140
   0x081005d0 <_GLOBAL__sub_I_outer_loop_timing+152>:	4613    	mov	r3, r2
   0x081005d2 <_GLOBAL__sub_I_outer_loop_timing+154>:	4621    	mov	r1, r4
   0x081005d4 <_GLOBAL__sub_I_outer_loop_timing+156>:	f503 70d0	add.w	r0, r3, #416	@ 0x1a0
   0x081005d8 <_GLOBAL__sub_I_outer_loop_timing+160>:	223c    	movs	r2, #60	@ 0x3c
   0x081005da <_GLOBAL__sub_I_outer_loop_timing+162>:	f887 6028	strb.w	r6, [r7, #40]	@ 0x28
   0x081005de <_GLOBAL__sub_I_outer_loop_timing+166>:	47a8    	blx	r5
   0x081005e0 <_GLOBAL__sub_I_outer_loop_timing+168>:	4621    	mov	r1, r4
   0x081005e2 <_GLOBAL__sub_I_outer_loop_timing+170>:	2223    	movs	r2, #35	@ 0x23
   0x081005e4 <_GLOBAL__sub_I_outer_loop_timing+172>:	f107 009d	add.w	r0, r7, #157	@ 0x9d
   0x081005e8 <_GLOBAL__sub_I_outer_loop_timing+176>:	f887 6064	strb.w	r6, [r7, #100]	@ 0x64
   0x081005ec <_GLOBAL__sub_I_outer_loop_timing+180>:	47a8    	blx	r5
   0x081005ee <_GLOBAL__sub_I_outer_loop_timing+182>:	f5a7 73a0	sub.w	r3, r7, #320	@ 0x140
   0x081005f2 <_GLOBAL__sub_I_outer_loop_timing+186>:	f887 609c	strb.w	r6, [r7, #156]	@ 0x9c
   0x081005f6 <_GLOBAL__sub_I_outer_loop_timing+190>:	f887 60c1	strb.w	r6, [r7, #193]	@ 0xc1
   0x081005fa <_GLOBAL__sub_I_outer_loop_timing+194>:	f8c7 70e8	str.w	r7, [r7, #232]	@ 0xe8
   0x081005fe <_GLOBAL__sub_I_outer_loop_timing+198>:	461f    	mov	r7, r3
   0x08100600 <_GLOBAL__sub_I_outer_loop_timing+200>:	4621    	mov	r1, r4
   0x08100602 <_GLOBAL__sub_I_outer_loop_timing+202>:	f503 700b	add.w	r0, r3, #556	@ 0x22c
   0x08100606 <_GLOBAL__sub_I_outer_loop_timing+206>:	2218    	movs	r2, #24
   0x08100608 <_GLOBAL__sub_I_outer_loop_timing+208>:	47a8    	blx	r5
   0x0810060a <_GLOBAL__sub_I_outer_loop_timing+210>:	f887 622e	strb.w	r6, [r7, #558]	@ 0x22e
   0x0810060e <_GLOBAL__sub_I_outer_loop_timing+214>:	f8c7 4244	str.w	r4, [r7, #580]	@ 0x244
   0x08100612 <_GLOBAL__sub_I_outer_loop_timing+218>:	f887 4248	strb.w	r4, [r7, #584]	@ 0x248
   0x08100616 <_GLOBAL__sub_I_outer_loop_timing+222>:	f507 7013	add.w	r0, r7, #588	@ 0x24c
   0x0810061a <_GLOBAL__sub_I_outer_loop_timing+226>:	2703    	movs	r7, #3
   0x0810061c <_GLOBAL__sub_I_outer_loop_timing+228>:	4621    	mov	r1, r4
   0x0810061e <_GLOBAL__sub_I_outer_loop_timing+230>:	2268    	movs	r2, #104	@ 0x68
   0x08100620 <_GLOBAL__sub_I_outer_loop_timing+232>:	47a8    	blx	r5
   0x08100622 <_GLOBAL__sub_I_outer_loop_timing+234>:	4b22    	ldr	r3, [pc, #136]	@ (0x81006ac <_GLOBAL__sub_I_outer_loop_timing+372>)
   0x08100624 <_GLOBAL__sub_I_outer_loop_timing+236>:	226c    	movs	r2, #108	@ 0x6c
   0x08100626 <_GLOBAL__sub_I_outer_loop_timing+238>:	4621    	mov	r1, r4
   0x08100628 <_GLOBAL__sub_I_outer_loop_timing+240>:	f503 7032	add.w	r0, r3, #712	@ 0x2c8
   0x0810062c <_GLOBAL__sub_I_outer_loop_timing+244>:	e9c3 44ae	strd	r4, r4, [r3, #696]	@ 0x2b8
   0x08100630 <_GLOBAL__sub_I_outer_loop_timing+248>:	f883 7250	strb.w	r7, [r3, #592]	@ 0x250
   0x08100634 <_GLOBAL__sub_I_outer_loop_timing+252>:	f883 6294	strb.w	r6, [r3, #660]	@ 0x294
   0x08100638 <_GLOBAL__sub_I_outer_loop_timing+256>:	f883 42b4	strb.w	r4, [r3, #692]	@ 0x2b4
   0x0810063c <_GLOBAL__sub_I_outer_loop_timing+260>:	f883 42b5	strb.w	r4, [r3, #693]	@ 0x2b5
   0x08100640 <_GLOBAL__sub_I_outer_loop_timing+264>:	f883 42b6	strb.w	r4, [r3, #694]	@ 0x2b6
   0x08100644 <_GLOBAL__sub_I_outer_loop_timing+268>:	f8c3 42c0	str.w	r4, [r3, #704]	@ 0x2c0
   0x08100648 <_GLOBAL__sub_I_outer_loop_timing+272>:	f883 42c4	strb.w	r4, [r3, #708]	@ 0x2c4
   0x0810064c <_GLOBAL__sub_I_outer_loop_timing+276>:	47a8    	blx	r5
   0x0810064e <_GLOBAL__sub_I_outer_loop_timing+278>:	4b17    	ldr	r3, [pc, #92]	@ (0x81006ac <_GLOBAL__sub_I_outer_loop_timing+372>)
   0x08100650 <_GLOBAL__sub_I_outer_loop_timing+280>:	a80d    	add	r0, sp, #52	@ 0x34
   0x08100652 <_GLOBAL__sub_I_outer_loop_timing+282>:	e9c3 44cd	strd	r4, r4, [r3, #820]	@ 0x334
   0x08100656 <_GLOBAL__sub_I_outer_loop_timing+286>:	e9c3 44cf	strd	r4, r4, [r3, #828]	@ 0x33c
   0x0810065a <_GLOBAL__sub_I_outer_loop_timing+290>:	f883 4344	strb.w	r4, [r3, #836]	@ 0x344
   0x0810065e <_GLOBAL__sub_I_outer_loop_timing+294>:	f883 4345	strb.w	r4, [r3, #837]	@ 0x345
   0x08100662 <_GLOBAL__sub_I_outer_loop_timing+298>:	f883 4346	strb.w	r4, [r3, #838]	@ 0x346
   0x08100666 <_GLOBAL__sub_I_outer_loop_timing+302>:	f8c3 4348	str.w	r4, [r3, #840]	@ 0x348
   0x0810066a <_GLOBAL__sub_I_outer_loop_timing+306>:	4912    	ldr	r1, [pc, #72]	@ (0x81006b4 <_GLOBAL__sub_I_outer_loop_timing+380>)
   0x0810066c <_GLOBAL__sub_I_outer_loop_timing+308>:	4c12    	ldr	r4, [pc, #72]	@ (0x81006b8 <_GLOBAL__sub_I_outer_loop_timing+384>)
   0x0810066e <_GLOBAL__sub_I_outer_loop_timing+310>:	f883 72d0	strb.w	r7, [r3, #720]	@ 0x2d0
   0x08100672 <_GLOBAL__sub_I_outer_loop_timing+314>:	f883 6314	strb.w	r6, [r3, #788]	@ 0x314
   0x08100676 <_GLOBAL__sub_I_outer_loop_timing+318>:	47a0    	blx	r4
   0x08100678 <_GLOBAL__sub_I_outer_loop_timing+320>:	a802    	add	r0, sp, #8
   0x0810067a <_GLOBAL__sub_I_outer_loop_timing+322>:	490c    	ldr	r1, [pc, #48]	@ (0x81006ac <_GLOBAL__sub_I_outer_loop_timing+372>)
   0x0810067c <_GLOBAL__sub_I_outer_loop_timing+324>:	4b0f    	ldr	r3, [pc, #60]	@ (0x81006bc <_GLOBAL__sub_I_outer_loop_timing+388>)
   0x0810067e <_GLOBAL__sub_I_outer_loop_timing+326>:	4798    	blx	r3
   0x08100680 <_GLOBAL__sub_I_outer_loop_timing+328>:	ad07    	add	r5, sp, #28
   0x08100682 <_GLOBAL__sub_I_outer_loop_timing+330>:	a818    	add	r0, sp, #96	@ 0x60
   0x08100684 <_GLOBAL__sub_I_outer_loop_timing+332>:	4909    	ldr	r1, [pc, #36]	@ (0x81006ac <_GLOBAL__sub_I_outer_loop_timing+372>)
   0x08100686 <_GLOBAL__sub_I_outer_loop_timing+334>:	4b0e    	ldr	r3, [pc, #56]	@ (0x81006c0 <_GLOBAL__sub_I_outer_loop_timing+392>)
   0x08100688 <_GLOBAL__sub_I_outer_loop_timing+336>:	4798    	blx	r3
   0x0810068a <_GLOBAL__sub_I_outer_loop_timing+338>:	4628    	mov	r0, r5
   0x0810068c <_GLOBAL__sub_I_outer_loop_timing+340>:	490d    	ldr	r1, [pc, #52]	@ (0x81006c4 <_GLOBAL__sub_I_outer_loop_timing+396>)
   0x0810068e <_GLOBAL__sub_I_outer_loop_timing+342>:	4b0e    	ldr	r3, [pc, #56]	@ (0x81006c8 <_GLOBAL__sub_I_outer_loop_timing+400>)
   0x08100690 <_GLOBAL__sub_I_outer_loop_timing+344>:	4798    	blx	r3
   0x08100692 <_GLOBAL__sub_I_outer_loop_timing+346>:	9500    	str	r5, [sp, #0]
   0x08100694 <_GLOBAL__sub_I_outer_loop_timing+348>:	ab18    	add	r3, sp, #96	@ 0x60
   0x08100696 <_GLOBAL__sub_I_outer_loop_timing+350>:	aa02    	add	r2, sp, #8
   0x08100698 <_GLOBAL__sub_I_outer_loop_timing+352>:	a90d    	add	r1, sp, #52	@ 0x34
   0x0810069a <_GLOBAL__sub_I_outer_loop_timing+354>:	4d0c    	ldr	r5, [pc, #48]	@ (0x81006cc <_GLOBAL__sub_I_outer_loop_timing+404>)
   0x0810069c <_GLOBAL__sub_I_outer_loop_timing+356>:	480c    	ldr	r0, [pc, #48]	@ (0x81006d0 <_GLOBAL__sub_I_outer_loop_timing+408>)
   0x0810069e <_GLOBAL__sub_I_outer_loop_timing+358>:	47a8    	blx	r5
   0x081006a0 <_GLOBAL__sub_I_outer_loop_timing+360>:	4904    	ldr	r1, [pc, #16]	@ (0x81006b4 <_GLOBAL__sub_I_outer_loop_timing+380>)
   0x081006a2 <_GLOBAL__sub_I_outer_loop_timing+362>:	480c    	ldr	r0, [pc, #48]	@ (0x81006d4 <_GLOBAL__sub_I_outer_loop_timing+412>)
   0x081006a4 <_GLOBAL__sub_I_outer_loop_timing+364>:	47a0    	blx	r4
   0x081006a6 <_GLOBAL__sub_I_outer_loop_timing+366>:	b029    	add	sp, #164	@ 0xa4
   0x081006a8 <_GLOBAL__sub_I_outer_loop_timing+368>:	bdf0    	pop	{r4, r5, r6, r7, pc}
   0x081006aa <_GLOBAL__sub_I_outer_loop_timing+370>:	bf00    	nop
   0x081006ac <_GLOBAL__sub_I_outer_loop_timing+372>:	2003d0e0	andcs	sp, r3, r0, ror #1
   0x081006b0 <_GLOBAL__sub_I_outer_loop_timing+376>:	0811549d	ldmdaeq	r1, {r0, r2, r3, r4, r7, r10, r12, lr}
   0x081006b4 <_GLOBAL__sub_I_outer_loop_timing+380>:	2003d0b8	strhcs	sp, [r3], -r8
   0x081006b8 <_GLOBAL__sub_I_outer_loop_timing+384>:	0811074d	ldmdaeq	r1, {r0, r2, r3, r6, r8, r9, r10}
   0x081006bc <_GLOBAL__sub_I_outer_loop_timing+388>:	0810089d	ldmdaeq	r0, {r0, r2, r3, r4, r7, r11}
   0x081006c0 <_GLOBAL__sub_I_outer_loop_timing+392>:	08100821	ldmdaeq	r0, {r0, r5, r11}
   0x081006c4 <_GLOBAL__sub_I_outer_loop_timing+396>:	20013890	mulcs	r1, r0, r8
   0x081006c8 <_GLOBAL__sub_I_outer_loop_timing+400>:	081006e9	ldmdaeq	r0, {r0, r3, r5, r6, r7, r9, r10}
   0x081006cc <_GLOBAL__sub_I_outer_loop_timing+404>:	08100951	ldmdaeq	r0, {r0, r4, r6, r8, r11}
   0x081006d0 <_GLOBAL__sub_I_outer_loop_timing+408>:	20013998	mulcs	r1, r8, r9
   0x081006d4 <_GLOBAL__sub_I_outer_loop_timing+412>:	20013968	andcs	r3, r1, r8, ror #18
End of assembler dump.
Dump of assembler code from 0x810038c to 0x8100538:
   0x0810038c <loop+0>:	e92d 41f0	stmdb	sp!, {r4, r5, r6, r7, r8, lr}
   0x08100390 <loop+4>:	4c5f    	ldr	r4, [pc, #380]	@ (0x8100510 <loop+388>)
   0x08100392 <loop+6>:	f8df 81a0	ldr.w	r8, [pc, #416]	@ 0x8100534 <loop+424>
   0x08100396 <loop+10>:	f894 3948	ldrb.w	r3, [r4, #2376]	@ 0x948
   0x0810039a <loop+14>:	b08a    	sub	sp, #40	@ 0x28
   0x0810039c <loop+16>:	2b02    	cmp	r3, #2
   0x0810039e <loop+18>:	f200 80b0	bhi.w	0x8100502 <loop+374>
   0x081003a2 <loop+22>:	4b5c    	ldr	r3, [pc, #368]	@ (0x8100514 <loop+392>)
   0x081003a4 <loop+24>:	699a    	ldr	r2, [r3, #24]
   0x081003a6 <loop+26>:	6818    	ldr	r0, [r3, #0]
   0x081003a8 <loop+28>:	4790    	blx	r2
   0x081003aa <loop+30>:	f894 2948	ldrb.w	r2, [r4, #2376]	@ 0x948
   0x081003ae <loop+34>:	4605    	mov	r5, r0
   0x081003b0 <loop+36>:	2a02    	cmp	r2, #2
   0x081003b2 <loop+38>:	d809    	bhi.n	0x81003c8 <loop+60>
   0x081003b4 <loop+40>:	bb5a    	cbnz	r2, 0x810040e <loop+130>
   0x081003b6 <loop+42>:	2301    	movs	r3, #1
   0x081003b8 <loop+44>:	f8c4 09e0	str.w	r0, [r4, #2528]	@ 0x9e0
   0x081003bc <loop+48>:	f8c4 09e4	str.w	r0, [r4, #2532]	@ 0x9e4
   0x081003c0 <loop+52>:	f8c4 09dc	str.w	r0, [r4, #2524]	@ 0x9dc
   0x081003c4 <loop+56>:	f884 3948	strb.w	r3, [r4, #2376]	@ 0x948
   0x081003c8 <loop+60>:	4d53    	ldr	r5, [pc, #332]	@ (0x8100518 <loop+396>)
   0x081003ca <loop+62>:	f8b5 33c0	ldrh.w	r3, [r5, #960]	@ 0x3c0
   0x081003ce <loop+66>:	f5a5 3020	sub.w	r0, r5, #163840	@ 0x28000
   0x081003d2 <loop+70>:	f8ad 3000	strh.w	r3, [sp]
   0x081003d6 <loop+74>:	f8d5 33d0	ldr.w	r3, [r5, #976]	@ 0x3d0
   0x081003da <loop+78>:	9301    	str	r3, [sp, #4]
   0x081003dc <loop+80>:	f895 33c3	ldrb.w	r3, [r5, #963]	@ 0x3c3
   0x081003e0 <loop+84>:	f88d 3008	strb.w	r3, [sp, #8]
   0x081003e4 <loop+88>:	47c0    	blx	r8
   0x081003e6 <loop+90>:	f894 2948	ldrb.w	r2, [r4, #2376]	@ 0x948
   0x081003ea <loop+94>:	4603    	mov	r3, r0
   0x081003ec <loop+96>:	3a01    	subs	r2, #1
   0x081003ee <loop+98>:	2a01    	cmp	r2, #1
   0x081003f0 <loop+100>:	d80a    	bhi.n	0x8100408 <loop+124>
   0x081003f2 <loop+102>:	f894 2a18	ldrb.w	r2, [r4, #2584]	@ 0xa18
   0x081003f6 <loop+106>:	2a00    	cmp	r2, #0
   0x081003f8 <loop+108>:	d065    	beq.n	0x81004c6 <loop+314>
   0x081003fa <loop+110>:	f8d4 39e4	ldr.w	r3, [r4, #2532]	@ 0x9e4
   0x081003fe <loop+114>:	f8c4 39f8	str.w	r3, [r4, #2552]	@ 0x9f8
   0x08100402 <loop+118>:	2306    	movs	r3, #6
   0x08100404 <loop+120>:	f884 3948	strb.w	r3, [r4, #2376]	@ 0x948
   0x08100408 <loop+124>:	b00a    	add	sp, #40	@ 0x28
   0x0810040a <loop+126>:	e8bd 81f0	ldmia.w	sp!, {r4, r5, r6, r7, r8, pc}
   0x0810040e <loop+130>:	f894 3a18	ldrb.w	r3, [r4, #2584]	@ 0xa18
   0x08100412 <loop+134>:	b91b    	cbnz	r3, 0x810041c <loop+144>
   0x08100414 <loop+136>:	2306    	movs	r3, #6
   0x08100416 <loop+138>:	f8c4 09f8	str.w	r0, [r4, #2552]	@ 0x9f8
   0x0810041a <loop+142>:	e7d3    	b.n	0x81003c4 <loop+56>
   0x0810041c <loop+144>:	f8d4 19e4	ldr.w	r1, [r4, #2532]	@ 0x9e4
   0x08100420 <loop+148>:	1a41    	subs	r1, r0, r1
   0x08100422 <loop+150>:	2900    	cmp	r1, #0
   0x08100424 <loop+152>:	da03    	bge.n	0x810042e <loop+162>
   0x08100426 <loop+154>:	2304    	movs	r3, #4
   0x08100428 <loop+156>:	f8c4 09f8	str.w	r0, [r4, #2552]	@ 0x9f8
   0x0810042c <loop+160>:	e7ca    	b.n	0x81003c4 <loop+56>
   0x0810042e <loop+162>:	d016    	beq.n	0x810045e <loop+210>
   0x08100430 <loop+164>:	2300    	movs	r3, #0
   0x08100432 <loop+166>:	f8c4 39fc	str.w	r3, [r4, #2556]	@ 0x9fc
   0x08100436 <loop+170>:	4b39    	ldr	r3, [pc, #228]	@ (0x810051c <loop+400>)
   0x08100438 <loop+172>:	f8c4 59e4	str.w	r5, [r4, #2532]	@ 0x9e4
   0x0810043c <loop+176>:	f503 53d0	add.w	r3, r3, #6656	@ 0x1a00
   0x08100440 <loop+180>:	e9d3 6700	ldrd	r6, r7, [r3]
   0x08100444 <loop+184>:	198e    	adds	r6, r1, r6
   0x08100446 <loop+186>:	f147 0700	adc.w	r7, r7, #0
   0x0810044a <loop+190>:	2a02    	cmp	r2, #2
   0x0810044c <loop+192>:	e9c3 6700	strd	r6, r7, [r3]
   0x08100450 <loop+196>:	d111    	bne.n	0x8100476 <loop+234>
   0x08100452 <loop+198>:	2303    	movs	r3, #3
   0x08100454 <loop+200>:	f8c4 59f0	str.w	r5, [r4, #2544]	@ 0x9f0
   0x08100458 <loop+204>:	f8c4 19f4	str.w	r1, [r4, #2548]	@ 0x9f4
   0x0810045c <loop+208>:	e7b2    	b.n	0x81003c4 <loop+56>
   0x0810045e <loop+210>:	f8d4 39fc	ldr.w	r3, [r4, #2556]	@ 0x9fc
   0x08100462 <loop+214>:	3301    	adds	r3, #1
   0x08100464 <loop+216>:	f5b3 3f80	cmp.w	r3, #65536	@ 0x10000
   0x08100468 <loop+220>:	f8c4 39fc	str.w	r3, [r4, #2556]	@ 0x9fc
   0x0810046c <loop+224>:	d3e3    	bcc.n	0x8100436 <loop+170>
   0x0810046e <loop+226>:	2305    	movs	r3, #5
   0x08100470 <loop+228>:	f8c4 09f8	str.w	r0, [r4, #2552]	@ 0x9f8
   0x08100474 <loop+232>:	e7a6    	b.n	0x81003c4 <loop+56>
   0x08100476 <loop+234>:	4b2a    	ldr	r3, [pc, #168]	@ (0x8100520 <loop+404>)
   0x08100478 <loop+236>:	462a    	mov	r2, r5
   0x0810047a <loop+238>:	4828    	ldr	r0, [pc, #160]	@ (0x810051c <loop+400>)
   0x0810047c <loop+240>:	4798    	blx	r3
   0x0810047e <loop+242>:	f894 3948	ldrb.w	r3, [r4, #2376]	@ 0x948
   0x08100482 <loop+246>:	2b02    	cmp	r3, #2
   0x08100484 <loop+248>:	d8a0    	bhi.n	0x81003c8 <loop+60>
   0x08100486 <loop+250>:	4b27    	ldr	r3, [pc, #156]	@ (0x8100524 <loop+408>)
   0x08100488 <loop+252>:	42b3    	cmp	r3, r6
   0x0810048a <loop+254>:	f04f 0300	mov.w	r3, #0
   0x0810048e <loop+258>:	41bb    	sbcs	r3, r7
   0x08100490 <loop+260>:	d213    	bcs.n	0x81004ba <loop+302>
   0x08100492 <loop+262>:	4b25    	ldr	r3, [pc, #148]	@ (0x8100528 <loop+412>)
   0x08100494 <loop+264>:	4a25    	ldr	r2, [pc, #148]	@ (0x810052c <loop+416>)
   0x08100496 <loop+266>:	e943 6702	strd	r6, r7, [r3, #-8]
   0x0810049a <loop+270>:	18b6    	adds	r6, r6, r2
   0x0810049c <loop+272>:	f167 0700	sbc.w	r7, r7, #0
   0x081004a0 <loop+276>:	605f    	str	r7, [r3, #4]
   0x081004a2 <loop+278>:	2301    	movs	r3, #1
   0x081004a4 <loop+280>:	f641 2210	movw	r2, #6672	@ 0x1a10
   0x081004a8 <loop+284>:	f884 3a19	strb.w	r3, [r4, #2585]	@ 0xa19
   0x081004ac <loop+288>:	2302    	movs	r3, #2
   0x081004ae <loop+290>:	491b    	ldr	r1, [pc, #108]	@ (0x810051c <loop+400>)
   0x081004b0 <loop+292>:	f8c4 59ec	str.w	r5, [r4, #2540]	@ 0x9ec
   0x081004b4 <loop+296>:	508e    	str	r6, [r1, r2]
   0x081004b6 <loop+298>:	f884 3948	strb.w	r3, [r4, #2376]	@ 0x948
   0x081004ba <loop+302>:	2300    	movs	r3, #0
   0x081004bc <loop+304>:	f8c4 59e0	str.w	r5, [r4, #2528]	@ 0x9e0
   0x081004c0 <loop+308>:	f884 3a18	strb.w	r3, [r4, #2584]	@ 0xa18
   0x081004c4 <loop+312>:	e780    	b.n	0x81003c8 <loop+60>
   0x081004c6 <loop+314>:	f895 63c3	ldrb.w	r6, [r5, #963]	@ 0x3c3
   0x081004ca <loop+318>:	f8b5 c3c0	ldrh.w	r12, [r5, #960]	@ 0x3c0
   0x081004ce <loop+322>:	f8d5 73d0	ldr.w	r7, [r5, #976]	@ 0x3d0
   0x081004d2 <loop+326>:	ad03    	add	r5, sp, #12
   0x081004d4 <loop+328>:	e89d 0007	ldmia.w	sp, {r0, r1, r2}
   0x081004d8 <loop+332>:	e885 0007	stmia.w	r5, {r0, r1, r2}
   0x081004dc <loop+336>:	f88d 6020	strb.w	r6, [sp, #32]
   0x081004e0 <loop+340>:	9707    	str	r7, [sp, #28]
   0x081004e2 <loop+342>:	f88d 3024	strb.w	r3, [sp, #36]	@ 0x24
   0x081004e6 <loop+346>:	f8ad c018	strh.w	r12, [sp, #24]
   0x081004ea <loop+350>:	f604 166c	addw	r6, r4, #2412	@ 0x96c
   0x081004ee <loop+354>:	cd0f    	ldmia	r5!, {r0, r1, r2, r3}
   0x081004f0 <loop+356>:	c60f    	stmia	r6!, {r0, r1, r2, r3}
   0x081004f2 <loop+358>:	e895 0007	ldmia.w	r5, {r0, r1, r2}
   0x081004f6 <loop+362>:	2301    	movs	r3, #1
   0x081004f8 <loop+364>:	c603    	stmia	r6!, {r0, r1}
   0x081004fa <loop+366>:	f884 3a18	strb.w	r3, [r4, #2584]	@ 0xa18
   0x081004fe <loop+370>:	7032    	strb	r2, [r6, #0]
   0x08100500 <loop+372>:	e782    	b.n	0x8100408 <loop+124>
   0x08100502 <loop+374>:	4643    	mov	r3, r8
   0x08100504 <loop+376>:	480a    	ldr	r0, [pc, #40]	@ (0x8100530 <loop+420>)
   0x08100506 <loop+378>:	b00a    	add	sp, #40	@ 0x28
   0x08100508 <loop+380>:	e8bd 41f0	ldmia.w	sp!, {r4, r5, r6, r7, r8, lr}
   0x0810050c <loop+384>:	4718    	bx	r3
   0x0810050e <loop+386>:	bf00    	nop
   0x08100510 <loop+388>:	2003e430	andcs	lr, r3, r0, lsr r4
   0x08100514 <loop+392>:	20013968	andcs	r3, r1, r8, ror #18
   0x08100518 <loop+396>:	2003b998	mulcs	r3, r8, r9
   0x0810051c <loop+400>:	2003d430	andcs	sp, r3, r0, lsr r4
   0x08100520 <loop+404>:	08100149	ldmdaeq	r0, {r0, r3, r6, r8}
   0x08100524 <loop+408>:	11e1a2ff			@ <UNDEFINED> instruction: 0x11e1a2ff
   0x08100528 <loop+412>:	2003ee40	andcs	lr, r3, r0, asr #28
   0x0810052c <loop+416>:	ee1e5d00	cdp	13, 1, cr5, cr14, cr0, {0}
   0x08100530 <loop+420>:	20013998	mulcs	r1, r8, r9
   0x08100534 <loop+424>:	08101941	ldmdaeq	r0, {r0, r6, r8, r11, r12}
End of assembler dump.
Dump of assembler code from 0x8100134 to 0x8100148:
   0x08100134 <_ZN3app17outer_loop_timing8Observer5countERNS0_5CountEj+0>:	6803    	ldr	r3, [r0, #0]
   0x08100136 <_ZN3app17outer_loop_timing8Observer5countERNS0_5CountEj+2>:	1c5a    	adds	r2, r3, #1
   0x08100138 <_ZN3app17outer_loop_timing8Observer5countERNS0_5CountEj+4>:	bf1c    	itt	ne
   0x0810013a <_ZN3app17outer_loop_timing8Observer5countERNS0_5CountEj+6>:	3301    	addne	r3, #1
   0x0810013c <_ZN3app17outer_loop_timing8Observer5countERNS0_5CountEj+8>:	6003    	strne	r3, [r0, #0]
   0x0810013e <_ZN3app17outer_loop_timing8Observer5countERNS0_5CountEj+10>:	6843    	ldr	r3, [r0, #4]
   0x08100140 <_ZN3app17outer_loop_timing8Observer5countERNS0_5CountEj+12>:	428b    	cmp	r3, r1
   0x08100142 <_ZN3app17outer_loop_timing8Observer5countERNS0_5CountEj+14>:	bf38    	it	cc
   0x08100144 <_ZN3app17outer_loop_timing8Observer5countERNS0_5CountEj+16>:	6041    	strcc	r1, [r0, #4]
   0x08100146 <_ZN3app17outer_loop_timing8Observer5countERNS0_5CountEj+18>:	4770    	bx	lr
End of assembler dump.
Dump of assembler code from 0x8100148 to 0x8100364:
   0x08100148 <_ZN3app17outer_loop_timing8Observer7observeEjj+0>:	e92d 4ff0	stmdb	sp!, {r4, r5, r6, r7, r8, r9, r10, r11, lr}
   0x0810014c <_ZN3app17outer_loop_timing8Observer7observeEjj+4>:	f500 5480	add.w	r4, r0, #4096	@ 0x1000
   0x08100150 <_ZN3app17outer_loop_timing8Observer7observeEjj+8>:	f8d4 3970	ldr.w	r3, [r4, #2416]	@ 0x970
   0x08100154 <_ZN3app17outer_loop_timing8Observer7observeEjj+12>:	b085    	sub	sp, #20
   0x08100156 <_ZN3app17outer_loop_timing8Observer7observeEjj+14>:	9201    	str	r2, [sp, #4]
   0x08100158 <_ZN3app17outer_loop_timing8Observer7observeEjj+16>:	1c5a    	adds	r2, r3, #1
   0x0810015a <_ZN3app17outer_loop_timing8Observer7observeEjj+18>:	4606    	mov	r6, r0
   0x0810015c <_ZN3app17outer_loop_timing8Observer7observeEjj+20>:	d04a    	beq.n	0x81001f4 <_ZN3app17outer_loop_timing8Observer7observeEjj+172>
   0x0810015e <_ZN3app17outer_loop_timing8Observer7observeEjj+22>:	f8d4 097c	ldr.w	r0, [r4, #2428]	@ 0x97c
   0x08100162 <_ZN3app17outer_loop_timing8Observer7observeEjj+26>:	1c5a    	adds	r2, r3, #1
   0x08100164 <_ZN3app17outer_loop_timing8Observer7observeEjj+28>:	eba0 0b02	sub.w	r11, r0, r2
   0x08100168 <_ZN3app17outer_loop_timing8Observer7observeEjj+32>:	f1db 0900	rsbs	r9, r11, #0
   0x0810016c <_ZN3app17outer_loop_timing8Observer7observeEjj+36>:	eb49 090b	adc.w	r9, r9, r11
   0x08100170 <_ZN3app17outer_loop_timing8Observer7observeEjj+40>:	f894 296c	ldrb.w	r2, [r4, #2412]	@ 0x96c
   0x08100174 <_ZN3app17outer_loop_timing8Observer7observeEjj+44>:	f894 8984	ldrb.w	r8, [r4, #2436]	@ 0x984
   0x08100178 <_ZN3app17outer_loop_timing8Observer7observeEjj+48>:	2a04    	cmp	r2, #4
   0x0810017a <_ZN3app17outer_loop_timing8Observer7observeEjj+50>:	f894 796d	ldrb.w	r7, [r4, #2413]	@ 0x96d
   0x0810017e <_ZN3app17outer_loop_timing8Observer7observeEjj+54>:	d837    	bhi.n	0x81001f0 <_ZN3app17outer_loop_timing8Observer7observeEjj+168>
   0x08100180 <_ZN3app17outer_loop_timing8Observer7observeEjj+56>:	2f05    	cmp	r7, #5
   0x08100182 <_ZN3app17outer_loop_timing8Observer7observeEjj+58>:	d835    	bhi.n	0x81001f0 <_ZN3app17outer_loop_timing8Observer7observeEjj+168>
   0x08100184 <_ZN3app17outer_loop_timing8Observer7observeEjj+60>:	f1a2 0a03	sub.w	r10, r2, #3
   0x08100188 <_ZN3app17outer_loop_timing8Observer7observeEjj+64>:	f1da 0500	rsbs	r5, r10, #0
   0x0810018c <_ZN3app17outer_loop_timing8Observer7observeEjj+68>:	eb45 050a	adc.w	r5, r5, r10
   0x08100190 <_ZN3app17outer_loop_timing8Observer7observeEjj+72>:	1e38    	subs	r0, r7, #0
   0x08100192 <_ZN3app17outer_loop_timing8Observer7observeEjj+74>:	bf18    	it	ne
   0x08100194 <_ZN3app17outer_loop_timing8Observer7observeEjj+76>:	2001    	movne	r0, #1
   0x08100196 <_ZN3app17outer_loop_timing8Observer7observeEjj+78>:	4285    	cmp	r5, r0
   0x08100198 <_ZN3app17outer_loop_timing8Observer7observeEjj+80>:	d12a    	bne.n	0x81001f0 <_ZN3app17outer_loop_timing8Observer7observeEjj+168>
   0x0810019a <_ZN3app17outer_loop_timing8Observer7observeEjj+82>:	f894 0978	ldrb.w	r0, [r4, #2424]	@ 0x978
   0x0810019e <_ZN3app17outer_loop_timing8Observer7observeEjj+86>:	2804    	cmp	r0, #4
   0x081001a0 <_ZN3app17outer_loop_timing8Observer7observeEjj+88>:	d826    	bhi.n	0x81001f0 <_ZN3app17outer_loop_timing8Observer7observeEjj+168>
   0x081001a2 <_ZN3app17outer_loop_timing8Observer7observeEjj+90>:	f894 5979	ldrb.w	r5, [r4, #2425]	@ 0x979
   0x081001a6 <_ZN3app17outer_loop_timing8Observer7observeEjj+94>:	2d05    	cmp	r5, #5
   0x081001a8 <_ZN3app17outer_loop_timing8Observer7observeEjj+96>:	d822    	bhi.n	0x81001f0 <_ZN3app17outer_loop_timing8Observer7observeEjj+168>
   0x081001aa <_ZN3app17outer_loop_timing8Observer7observeEjj+98>:	f1a0 0e03	sub.w	lr, r0, #3
   0x081001ae <_ZN3app17outer_loop_timing8Observer7observeEjj+102>:	f1de 0c00	rsbs	r12, lr, #0
   0x081001b2 <_ZN3app17outer_loop_timing8Observer7observeEjj+106>:	eb4c 0c0e	adc.w	r12, r12, lr
   0x081001b6 <_ZN3app17outer_loop_timing8Observer7observeEjj+110>:	3d00    	subs	r5, #0
   0x081001b8 <_ZN3app17outer_loop_timing8Observer7observeEjj+112>:	bf18    	it	ne
   0x081001ba <_ZN3app17outer_loop_timing8Observer7observeEjj+114>:	2501    	movne	r5, #1
   0x081001bc <_ZN3app17outer_loop_timing8Observer7observeEjj+116>:	45ac    	cmp	r12, r5
   0x081001be <_ZN3app17outer_loop_timing8Observer7observeEjj+118>:	d117    	bne.n	0x81001f0 <_ZN3app17outer_loop_timing8Observer7observeEjj+168>
   0x081001c0 <_ZN3app17outer_loop_timing8Observer7observeEjj+120>:	2a01    	cmp	r2, #1
   0x081001c2 <_ZN3app17outer_loop_timing8Observer7observeEjj+122>:	d01a    	beq.n	0x81001fa <_ZN3app17outer_loop_timing8Observer7observeEjj+178>
   0x081001c4 <_ZN3app17outer_loop_timing8Observer7observeEjj+124>:	2a04    	cmp	r2, #4
   0x081001c6 <_ZN3app17outer_loop_timing8Observer7observeEjj+126>:	d018    	beq.n	0x81001fa <_ZN3app17outer_loop_timing8Observer7observeEjj+178>
   0x081001c8 <_ZN3app17outer_loop_timing8Observer7observeEjj+128>:	f1b8 0f00	cmp.w	r8, #0
   0x081001cc <_ZN3app17outer_loop_timing8Observer7observeEjj+132>:	d11c    	bne.n	0x8100208 <_ZN3app17outer_loop_timing8Observer7observeEjj+192>
   0x081001ce <_ZN3app17outer_loop_timing8Observer7observeEjj+134>:	f8b4 596c	ldrh.w	r5, [r4, #2412]	@ 0x96c
   0x081001d2 <_ZN3app17outer_loop_timing8Observer7observeEjj+138>:	f8b4 0978	ldrh.w	r0, [r4, #2424]	@ 0x978
   0x081001d6 <_ZN3app17outer_loop_timing8Observer7observeEjj+142>:	4285    	cmp	r5, r0
   0x081001d8 <_ZN3app17outer_loop_timing8Observer7observeEjj+144>:	d10a    	bne.n	0x81001f0 <_ZN3app17outer_loop_timing8Observer7observeEjj+168>
   0x081001da <_ZN3app17outer_loop_timing8Observer7observeEjj+146>:	f8d4 097c	ldr.w	r0, [r4, #2428]	@ 0x97c
   0x081001de <_ZN3app17outer_loop_timing8Observer7observeEjj+150>:	4283    	cmp	r3, r0
   0x081001e0 <_ZN3app17outer_loop_timing8Observer7observeEjj+152>:	d106    	bne.n	0x81001f0 <_ZN3app17outer_loop_timing8Observer7observeEjj+168>
   0x081001e2 <_ZN3app17outer_loop_timing8Observer7observeEjj+154>:	f894 5974	ldrb.w	r5, [r4, #2420]	@ 0x974
   0x081001e6 <_ZN3app17outer_loop_timing8Observer7observeEjj+158>:	f894 0980	ldrb.w	r0, [r4, #2432]	@ 0x980
   0x081001ea <_ZN3app17outer_loop_timing8Observer7observeEjj+162>:	4285    	cmp	r5, r0
   0x081001ec <_ZN3app17outer_loop_timing8Observer7observeEjj+164>:	f000 80b2	beq.w	0x8100354 <_ZN3app17outer_loop_timing8Observer7observeEjj+524>
   0x081001f0 <_ZN3app17outer_loop_timing8Observer7observeEjj+168>:	2501    	movs	r5, #1
   0x081001f2 <_ZN3app17outer_loop_timing8Observer7observeEjj+170>:	e020    	b.n	0x8100236 <_ZN3app17outer_loop_timing8Observer7observeEjj+238>
   0x081001f4 <_ZN3app17outer_loop_timing8Observer7observeEjj+172>:	f04f 0900	mov.w	r9, #0
   0x081001f8 <_ZN3app17outer_loop_timing8Observer7observeEjj+176>:	e7ba    	b.n	0x8100170 <_ZN3app17outer_loop_timing8Observer7observeEjj+40>
   0x081001fa <_ZN3app17outer_loop_timing8Observer7observeEjj+178>:	2800    	cmp	r0, #0
   0x081001fc <_ZN3app17outer_loop_timing8Observer7observeEjj+180>:	d0f8    	beq.n	0x81001f0 <_ZN3app17outer_loop_timing8Observer7observeEjj+168>
   0x081001fe <_ZN3app17outer_loop_timing8Observer7observeEjj+182>:	f1b8 0f00	cmp.w	r8, #0
   0x08100202 <_ZN3app17outer_loop_timing8Observer7observeEjj+186>:	d003    	beq.n	0x810020c <_ZN3app17outer_loop_timing8Observer7observeEjj+196>
   0x08100204 <_ZN3app17outer_loop_timing8Observer7observeEjj+188>:	2803    	cmp	r0, #3
   0x08100206 <_ZN3app17outer_loop_timing8Observer7observeEjj+190>:	d109    	bne.n	0x810021c <_ZN3app17outer_loop_timing8Observer7observeEjj+212>
   0x08100208 <_ZN3app17outer_loop_timing8Observer7observeEjj+192>:	4645    	mov	r5, r8
   0x0810020a <_ZN3app17outer_loop_timing8Observer7observeEjj+194>:	e014    	b.n	0x8100236 <_ZN3app17outer_loop_timing8Observer7observeEjj+238>
   0x0810020c <_ZN3app17outer_loop_timing8Observer7observeEjj+196>:	2803    	cmp	r0, #3
   0x0810020e <_ZN3app17outer_loop_timing8Observer7observeEjj+198>:	d005    	beq.n	0x810021c <_ZN3app17outer_loop_timing8Observer7observeEjj+212>
   0x08100210 <_ZN3app17outer_loop_timing8Observer7observeEjj+200>:	4282    	cmp	r2, r0
   0x08100212 <_ZN3app17outer_loop_timing8Observer7observeEjj+202>:	d1ed    	bne.n	0x81001f0 <_ZN3app17outer_loop_timing8Observer7observeEjj+168>
   0x08100214 <_ZN3app17outer_loop_timing8Observer7observeEjj+204>:	f8d4 097c	ldr.w	r0, [r4, #2428]	@ 0x97c
   0x08100218 <_ZN3app17outer_loop_timing8Observer7observeEjj+208>:	4283    	cmp	r3, r0
   0x0810021a <_ZN3app17outer_loop_timing8Observer7observeEjj+210>:	e7e7    	b.n	0x81001ec <_ZN3app17outer_loop_timing8Observer7observeEjj+164>
   0x0810021c <_ZN3app17outer_loop_timing8Observer7observeEjj+212>:	1c58    	adds	r0, r3, #1
   0x0810021e <_ZN3app17outer_loop_timing8Observer7observeEjj+214>:	d0e7    	beq.n	0x81001f0 <_ZN3app17outer_loop_timing8Observer7observeEjj+168>
   0x08100220 <_ZN3app17outer_loop_timing8Observer7observeEjj+216>:	f8d4 097c	ldr.w	r0, [r4, #2428]	@ 0x97c
   0x08100224 <_ZN3app17outer_loop_timing8Observer7observeEjj+220>:	4283    	cmp	r3, r0
   0x08100226 <_ZN3app17outer_loop_timing8Observer7observeEjj+222>:	d002    	beq.n	0x810022e <_ZN3app17outer_loop_timing8Observer7observeEjj+230>
   0x08100228 <_ZN3app17outer_loop_timing8Observer7observeEjj+224>:	f1b9 0f00	cmp.w	r9, #0
   0x0810022c <_ZN3app17outer_loop_timing8Observer7observeEjj+228>:	d0e0    	beq.n	0x81001f0 <_ZN3app17outer_loop_timing8Observer7observeEjj+168>
   0x0810022e <_ZN3app17outer_loop_timing8Observer7observeEjj+230>:	f089 0501	eor.w	r5, r9, #1
   0x08100232 <_ZN3app17outer_loop_timing8Observer7observeEjj+234>:	ea08 0505	and.w	r5, r8, r5
   0x08100236 <_ZN3app17outer_loop_timing8Observer7observeEjj+238>:	f894 3978	ldrb.w	r3, [r4, #2424]	@ 0x978
   0x0810023a <_ZN3app17outer_loop_timing8Observer7observeEjj+242>:	2b03    	cmp	r3, #3
   0x0810023c <_ZN3app17outer_loop_timing8Observer7observeEjj+244>:	9300    	str	r3, [sp, #0]
   0x0810023e <_ZN3app17outer_loop_timing8Observer7observeEjj+246>:	d121    	bne.n	0x8100284 <_ZN3app17outer_loop_timing8Observer7observeEjj+316>
   0x08100240 <_ZN3app17outer_loop_timing8Observer7observeEjj+248>:	2a03    	cmp	r2, #3
   0x08100242 <_ZN3app17outer_loop_timing8Observer7observeEjj+250>:	d122    	bne.n	0x810028a <_ZN3app17outer_loop_timing8Observer7observeEjj+322>
   0x08100244 <_ZN3app17outer_loop_timing8Observer7observeEjj+252>:	f894 a979	ldrb.w	r10, [r4, #2425]	@ 0x979
   0x08100248 <_ZN3app17outer_loop_timing8Observer7observeEjj+256>:	ebba 0a07	subs.w	r10, r10, r7
   0x0810024c <_ZN3app17outer_loop_timing8Observer7observeEjj+260>:	bf18    	it	ne
   0x0810024e <_ZN3app17outer_loop_timing8Observer7observeEjj+262>:	f04f 0a01	movne.w	r10, #1
   0x08100252 <_ZN3app17outer_loop_timing8Observer7observeEjj+266>:	f8d4 29e0	ldr.w	r2, [r4, #2528]	@ 0x9e0
   0x08100256 <_ZN3app17outer_loop_timing8Observer7observeEjj+270>:	9b01    	ldr	r3, [sp, #4]
   0x08100258 <_ZN3app17outer_loop_timing8Observer7observeEjj+272>:	4630    	mov	r0, r6
   0x0810025a <_ZN3app17outer_loop_timing8Observer7observeEjj+274>:	f8df b104	ldr.w	r11, [pc, #260]	@ 0x8100360 <_ZN3app17outer_loop_timing8Observer7observeEjj+536>
   0x0810025e <_ZN3app17outer_loop_timing8Observer7observeEjj+278>:	e9cd 1202	strd	r1, r2, [sp, #8]
   0x08100262 <_ZN3app17outer_loop_timing8Observer7observeEjj+282>:	47d8    	blx	r11
   0x08100264 <_ZN3app17outer_loop_timing8Observer7observeEjj+284>:	e9dd 1202	ldrd	r1, r2, [sp, #8]
   0x08100268 <_ZN3app17outer_loop_timing8Observer7observeEjj+288>:	f896 3ca0	ldrb.w	r3, [r6, #3232]	@ 0xca0
   0x0810026c <_ZN3app17outer_loop_timing8Observer7observeEjj+292>:	f506 5780	add.w	r7, r6, #4096	@ 0x1000
   0x08100270 <_ZN3app17outer_loop_timing8Observer7observeEjj+296>:	b173    	cbz	r3, 0x8100290 <_ZN3app17outer_loop_timing8Observer7observeEjj+328>
   0x08100272 <_ZN3app17outer_loop_timing8Observer7observeEjj+298>:	9b01    	ldr	r3, [sp, #4]
   0x08100274 <_ZN3app17outer_loop_timing8Observer7observeEjj+300>:	f8c7 39f8	str.w	r3, [r7, #2552]	@ 0x9f8
   0x08100278 <_ZN3app17outer_loop_timing8Observer7observeEjj+304>:	2307    	movs	r3, #7
   0x0810027a <_ZN3app17outer_loop_timing8Observer7observeEjj+306>:	f887 3948	strb.w	r3, [r7, #2376]	@ 0x948
   0x0810027e <_ZN3app17outer_loop_timing8Observer7observeEjj+310>:	b005    	add	sp, #20
   0x08100280 <_ZN3app17outer_loop_timing8Observer7observeEjj+312>:	e8bd 8ff0	ldmia.w	sp!, {r4, r5, r6, r7, r8, r9, r10, r11, pc}
   0x08100284 <_ZN3app17outer_loop_timing8Observer7observeEjj+316>:	f04f 0a00	mov.w	r10, #0
   0x08100288 <_ZN3app17outer_loop_timing8Observer7observeEjj+320>:	e7e3    	b.n	0x8100252 <_ZN3app17outer_loop_timing8Observer7observeEjj+266>
   0x0810028a <_ZN3app17outer_loop_timing8Observer7observeEjj+322>:	f04f 0a01	mov.w	r10, #1
   0x0810028e <_ZN3app17outer_loop_timing8Observer7observeEjj+326>:	e7e0    	b.n	0x8100252 <_ZN3app17outer_loop_timing8Observer7observeEjj+266>
   0x08100290 <_ZN3app17outer_loop_timing8Observer7observeEjj+328>:	f604 136c	addw	r3, r4, #2412	@ 0x96c
   0x08100294 <_ZN3app17outer_loop_timing8Observer7observeEjj+332>:	f604 1088	addw	r0, r4, #2440	@ 0x988
   0x08100298 <_ZN3app17outer_loop_timing8Observer7observeEjj+336>:	ea48 0809	orr.w	r8, r8, r9
   0x0810029c <_ZN3app17outer_loop_timing8Observer7observeEjj+340>:	f604 1484	addw	r4, r4, #2436	@ 0x984
   0x081002a0 <_ZN3app17outer_loop_timing8Observer7observeEjj+344>:	f853 cb04	ldr.w	r12, [r3], #4
   0x081002a4 <_ZN3app17outer_loop_timing8Observer7observeEjj+348>:	42a3    	cmp	r3, r4
   0x081002a6 <_ZN3app17outer_loop_timing8Observer7observeEjj+350>:	f840 cb04	str.w	r12, [r0], #4
   0x081002aa <_ZN3app17outer_loop_timing8Observer7observeEjj+354>:	d1f9    	bne.n	0x81002a0 <_ZN3app17outer_loop_timing8Observer7observeEjj+344>
   0x081002ac <_ZN3app17outer_loop_timing8Observer7observeEjj+356>:	781b    	ldrb	r3, [r3, #0]
   0x081002ae <_ZN3app17outer_loop_timing8Observer7observeEjj+358>:	7003    	strb	r3, [r0, #0]
   0x081002b0 <_ZN3app17outer_loop_timing8Observer7observeEjj+360>:	f8c7 29e8	str.w	r2, [r7, #2536]	@ 0x9e8
   0x081002b4 <_ZN3app17outer_loop_timing8Observer7observeEjj+364>:	f1b8 0f00	cmp.w	r8, #0
   0x081002b8 <_ZN3app17outer_loop_timing8Observer7observeEjj+368>:	d005    	beq.n	0x81002c6 <_ZN3app17outer_loop_timing8Observer7observeEjj+382>
   0x081002ba <_ZN3app17outer_loop_timing8Observer7observeEjj+370>:	9b01    	ldr	r3, [sp, #4]
   0x081002bc <_ZN3app17outer_loop_timing8Observer7observeEjj+372>:	f606 40a4	addw	r0, r6, #3236	@ 0xca4
   0x081002c0 <_ZN3app17outer_loop_timing8Observer7observeEjj+376>:	9102    	str	r1, [sp, #8]
   0x081002c2 <_ZN3app17outer_loop_timing8Observer7observeEjj+378>:	47d8    	blx	r11
   0x081002c4 <_ZN3app17outer_loop_timing8Observer7observeEjj+380>:	9902    	ldr	r1, [sp, #8]
   0x081002c6 <_ZN3app17outer_loop_timing8Observer7observeEjj+382>:	b1bd    	cbz	r5, 0x81002f8 <_ZN3app17outer_loop_timing8Observer7observeEjj+432>
   0x081002c8 <_ZN3app17outer_loop_timing8Observer7observeEjj+384>:	f8d7 3964	ldr.w	r3, [r7, #2404]	@ 0x964
   0x081002cc <_ZN3app17outer_loop_timing8Observer7observeEjj+388>:	b96b    	cbnz	r3, 0x81002ea <_ZN3app17outer_loop_timing8Observer7observeEjj+418>
   0x081002ce <_ZN3app17outer_loop_timing8Observer7observeEjj+390>:	f607 136c	addw	r3, r7, #2412	@ 0x96c
   0x081002d2 <_ZN3app17outer_loop_timing8Observer7observeEjj+394>:	f506 52ce	add.w	r2, r6, #6592	@ 0x19c0
   0x081002d6 <_ZN3app17outer_loop_timing8Observer7observeEjj+398>:	f607 1084	addw	r0, r7, #2436	@ 0x984
   0x081002da <_ZN3app17outer_loop_timing8Observer7observeEjj+402>:	f853 4b04	ldr.w	r4, [r3], #4
   0x081002de <_ZN3app17outer_loop_timing8Observer7observeEjj+406>:	4283    	cmp	r3, r0
   0x081002e0 <_ZN3app17outer_loop_timing8Observer7observeEjj+408>:	f842 4b04	str.w	r4, [r2], #4
   0x081002e4 <_ZN3app17outer_loop_timing8Observer7observeEjj+412>:	d1f9    	bne.n	0x81002da <_ZN3app17outer_loop_timing8Observer7observeEjj+402>
   0x081002e6 <_ZN3app17outer_loop_timing8Observer7observeEjj+414>:	781b    	ldrb	r3, [r3, #0]
   0x081002e8 <_ZN3app17outer_loop_timing8Observer7observeEjj+416>:	7013    	strb	r3, [r2, #0]
   0x081002ea <_ZN3app17outer_loop_timing8Observer7observeEjj+418>:	f506 50cb	add.w	r0, r6, #6496	@ 0x1960
   0x081002ee <_ZN3app17outer_loop_timing8Observer7observeEjj+422>:	4b1b    	ldr	r3, [pc, #108]	@ (0x810035c <_ZN3app17outer_loop_timing8Observer7observeEjj+532>)
   0x081002f0 <_ZN3app17outer_loop_timing8Observer7observeEjj+424>:	3004    	adds	r0, #4
   0x081002f2 <_ZN3app17outer_loop_timing8Observer7observeEjj+426>:	9102    	str	r1, [sp, #8]
   0x081002f4 <_ZN3app17outer_loop_timing8Observer7observeEjj+428>:	4798    	blx	r3
   0x081002f6 <_ZN3app17outer_loop_timing8Observer7observeEjj+430>:	9902    	ldr	r1, [sp, #8]
   0x081002f8 <_ZN3app17outer_loop_timing8Observer7observeEjj+432>:	f1ba 0f00	cmp.w	r10, #0
   0x081002fc <_ZN3app17outer_loop_timing8Observer7observeEjj+436>:	d01a    	beq.n	0x8100334 <_ZN3app17outer_loop_timing8Observer7observeEjj+492>
   0x081002fe <_ZN3app17outer_loop_timing8Observer7observeEjj+438>:	f8d7 3954	ldr.w	r3, [r7, #2388]	@ 0x954
   0x08100302 <_ZN3app17outer_loop_timing8Observer7observeEjj+442>:	b96b    	cbnz	r3, 0x8100320 <_ZN3app17outer_loop_timing8Observer7observeEjj+472>
   0x08100304 <_ZN3app17outer_loop_timing8Observer7observeEjj+444>:	f607 136c	addw	r3, r7, #2412	@ 0x96c
   0x08100308 <_ZN3app17outer_loop_timing8Observer7observeEjj+448>:	f607 12a4	addw	r2, r7, #2468	@ 0x9a4
   0x0810030c <_ZN3app17outer_loop_timing8Observer7observeEjj+452>:	f607 1084	addw	r0, r7, #2436	@ 0x984
   0x08100310 <_ZN3app17outer_loop_timing8Observer7observeEjj+456>:	f853 4b04	ldr.w	r4, [r3], #4
   0x08100314 <_ZN3app17outer_loop_timing8Observer7observeEjj+460>:	4283    	cmp	r3, r0
   0x08100316 <_ZN3app17outer_loop_timing8Observer7observeEjj+462>:	f842 4b04	str.w	r4, [r2], #4
   0x0810031a <_ZN3app17outer_loop_timing8Observer7observeEjj+466>:	d1f9    	bne.n	0x8100310 <_ZN3app17outer_loop_timing8Observer7observeEjj+456>
   0x0810031c <_ZN3app17outer_loop_timing8Observer7observeEjj+468>:	781b    	ldrb	r3, [r3, #0]
   0x0810031e <_ZN3app17outer_loop_timing8Observer7observeEjj+470>:	7013    	strb	r3, [r2, #0]
   0x08100320 <_ZN3app17outer_loop_timing8Observer7observeEjj+472>:	f506 50ca	add.w	r0, r6, #6464	@ 0x1940
   0x08100324 <_ZN3app17outer_loop_timing8Observer7observeEjj+476>:	4b0d    	ldr	r3, [pc, #52]	@ (0x810035c <_ZN3app17outer_loop_timing8Observer7observeEjj+532>)
   0x08100326 <_ZN3app17outer_loop_timing8Observer7observeEjj+478>:	3014    	adds	r0, #20
   0x08100328 <_ZN3app17outer_loop_timing8Observer7observeEjj+480>:	4798    	blx	r3
   0x0810032a <_ZN3app17outer_loop_timing8Observer7observeEjj+482>:	f897 3944	ldrb.w	r3, [r7, #2372]	@ 0x944
   0x0810032e <_ZN3app17outer_loop_timing8Observer7observeEjj+486>:	2b00    	cmp	r3, #0
   0x08100330 <_ZN3app17outer_loop_timing8Observer7observeEjj+488>:	d19f    	bne.n	0x8100272 <_ZN3app17outer_loop_timing8Observer7observeEjj+298>
   0x08100332 <_ZN3app17outer_loop_timing8Observer7observeEjj+490>:	e7a4    	b.n	0x810027e <_ZN3app17outer_loop_timing8Observer7observeEjj+310>
   0x08100334 <_ZN3app17outer_loop_timing8Observer7observeEjj+492>:	f1b8 0f00	cmp.w	r8, #0
   0x08100338 <_ZN3app17outer_loop_timing8Observer7observeEjj+496>:	d1f7    	bne.n	0x810032a <_ZN3app17outer_loop_timing8Observer7observeEjj+482>
   0x0810033a <_ZN3app17outer_loop_timing8Observer7observeEjj+498>:	9b00    	ldr	r3, [sp, #0]
   0x0810033c <_ZN3app17outer_loop_timing8Observer7observeEjj+500>:	f506 50ca	add.w	r0, r6, #6464	@ 0x1940
   0x08100340 <_ZN3app17outer_loop_timing8Observer7observeEjj+504>:	2b01    	cmp	r3, #1
   0x08100342 <_ZN3app17outer_loop_timing8Observer7observeEjj+506>:	4b06    	ldr	r3, [pc, #24]	@ (0x810035c <_ZN3app17outer_loop_timing8Observer7observeEjj+532>)
   0x08100344 <_ZN3app17outer_loop_timing8Observer7observeEjj+508>:	d002    	beq.n	0x810034c <_ZN3app17outer_loop_timing8Observer7observeEjj+516>
   0x08100346 <_ZN3app17outer_loop_timing8Observer7observeEjj+510>:	9a00    	ldr	r2, [sp, #0]
   0x08100348 <_ZN3app17outer_loop_timing8Observer7observeEjj+512>:	2a04    	cmp	r2, #4
   0x0810034a <_ZN3app17outer_loop_timing8Observer7observeEjj+514>:	d101    	bne.n	0x8100350 <_ZN3app17outer_loop_timing8Observer7observeEjj+520>
   0x0810034c <_ZN3app17outer_loop_timing8Observer7observeEjj+516>:	300c    	adds	r0, #12
   0x0810034e <_ZN3app17outer_loop_timing8Observer7observeEjj+518>:	e7eb    	b.n	0x8100328 <_ZN3app17outer_loop_timing8Observer7observeEjj+480>
   0x08100350 <_ZN3app17outer_loop_timing8Observer7observeEjj+520>:	301c    	adds	r0, #28
   0x08100352 <_ZN3app17outer_loop_timing8Observer7observeEjj+522>:	e7e9    	b.n	0x8100328 <_ZN3app17outer_loop_timing8Observer7observeEjj+480>
   0x08100354 <_ZN3app17outer_loop_timing8Observer7observeEjj+524>:	3301    	adds	r3, #1
   0x08100356 <_ZN3app17outer_loop_timing8Observer7observeEjj+526>:	f47f af6a	bne.w	0x810022e <_ZN3app17outer_loop_timing8Observer7observeEjj+230>
   0x0810035a <_ZN3app17outer_loop_timing8Observer7observeEjj+530>:	e749    	b.n	0x81001f0 <_ZN3app17outer_loop_timing8Observer7observeEjj+168>
   0x0810035c <_ZN3app17outer_loop_timing8Observer7observeEjj+532>:	08100135	ldmdaeq	r0, {r0, r2, r4, r5, r8}
   0x08100360 <_ZN3app17outer_loop_timing8Observer7observeEjj+536>:	081000c9	ldmdaeq	r0, {r0, r3, r6, r7}
End of assembler dump.
