[doctest] doctest version is "2.4.12"
[doctest] run with "--help" for options
===============================================================================
/mnt/c/Users/narut/OneDrive/Desktop/Project/techbots_Sumo_Robots/tests/test_app_service_reset.cpp:251:
TEST CASE:  B13 D103 pending age uses real release source start at 4999 5000 5001 us

/mnt/c/Users/narut/OneDrive/Desktop/Project/techbots_Sumo_Robots/tests/test_app_service_reset.cpp:266: ERROR: CHECK( completed ) is NOT correct!
  values: CHECK( false )
  logged: age := 4999

/mnt/c/Users/narut/OneDrive/Desktop/Project/techbots_Sumo_Robots/tests/test_app_service_reset.cpp:16: ERROR: CHECK( tx.applied.feedback.applied_valid ) is NOT correct!
  values: CHECK( false )
  logged: age := 4999

/mnt/c/Users/narut/OneDrive/Desktop/Project/techbots_Sumo_Robots/tests/test_app_service_reset.cpp:266: ERROR: CHECK( completed ) is NOT correct!
  values: CHECK( false )
  logged: age := 5000

/mnt/c/Users/narut/OneDrive/Desktop/Project/techbots_Sumo_Robots/tests/test_app_service_reset.cpp:16: ERROR: CHECK( tx.applied.feedback.applied_valid ) is NOT correct!
  values: CHECK( false )
  logged: age := 5000

===============================================================================
[doctest] test cases:   34 |   33 passed | 1 failed | 0 skipped
[doctest] assertions: 5979 | 5975 passed | 4 failed |
[doctest] Status: FAILURE!
