ELF Header:
  Magic:   7f 45 4c 46 01 01 01 00 00 00 00 00 00 00 00 00 
  Class:                             ELF32
  Data:                              2's complement, little endian
  Version:                           1 (current)
  OS/ABI:                            UNIX - System V
  ABI Version:                       0
  Type:                              REL (Relocatable file)
  Machine:                           ARM
  Version:                           0x1
  Entry point address:               0x154a1
  Start of program headers:          0 (bytes into file)
  Start of section headers:          175408 (bytes into file)
  Flags:                             0x5000000, Version5 EABI
  Size of this header:               52 (bytes)
  Size of program headers:           0 (bytes)
  Number of program headers:         0
  Size of section headers:           40 (bytes)
  Number of section headers:         16
  Section header string table index: 15

Section Headers:
  [Nr] Name              Type            Addr     Off    Size   ES Flg Lk Inf Al
  [ 0]                   NULL            00000000 000000 000000 00      0   0  0
  [ 1] .rodata           PROGBITS        00000000 000038 00084c 00   A  0   0  8
  [ 2] .rel.rodata       REL             00000000 027648 0005f8 08   I 13   1  4
  [ 3] .llext.rodata.noreloc PROGBITS        0000084c 000884 000915 00   A  0   0  4
  [ 4] .text             PROGBITS        00000000 0011a0 015670 00  AX  0   0  8
  [ 5] .rel.text         REL             00000000 027c40 003048 08   I 13   4  4
  [ 6] .static_thread_data_area PROGBITS        00015670 016810 000000 00   W  0   0  1
  [ 7] .data             PROGBITS        00015670 016810 0000d0 00  WA  0   0  4
  [ 8] .bss              NOBITS          00015740 0168e0 028d68 00  WA  0   0  8
  [ 9] .exported_sym     PROGBITS        0003e4a8 0168e0 000008 00   A  0   0  4
  [10] .rel.exported_sym REL             00000000 02ac88 000010 08   I 13   9  4
  [11] .init_array       INIT_ARRAY      0003e4b0 0168e8 000004 04  WA  0   0  4
  [12] .rel.init_array   REL             00000000 02ac98 000008 08   I 13  11  4
  [13] .symtab           SYMTAB          00000000 0168ec 008b60 10     14 1477  4
  [14] .strtab           STRTAB          00000000 01f44c 0081fc 00      0   0  1
  [15] .shstrtab         STRTAB          00000000 02aca0 00008d 00      0   0  1
Key to Flags:
  W (write), A (alloc), X (execute), M (merge), S (strings), I (info),
  L (link order), O (extra OS processing required), G (group), T (TLS),
  C (compressed), x (unknown), o (OS specific), E (exclude),
  D (mbind), y (purecode), p (processor specific)
