{
  "schema": "recorder-delivery-compile-outcome-v1",
  "attempt": "07f19e32c483cebadecaa63f4d6d720f",
  "session": 572412568535289530,
  "reviewed_head": "ce4e69390d21d9a91231581a186be4a63213135e",
  "source_sha256": "29cb1e76193e4b7c562d1fd842039f61367a82c2651a2303c09518d35a0c7ce9",
  "boot_id": "55c386b9-fe6d-4388-a7f4-1d91e0bb49d8",
  "project": "recorder.ino",
  "fqbn": "arduino:zephyr:unoq:link_mode=static",
  "flags": "-DMATCH=0 -DMOTORS_ALLOWED=0",
  "started_utc": "2026-09-26T21:12:25.166530+00:00",
  "final_checks": [
    {
      "name": "local",
      "status": "PASS",
      "error": null
    },
    {
      "name": "identity",
      "status": "PASS",
      "error": null
    },
    {
      "name": "initialization",
      "status": "PASS",
      "error": null
    },
    {
      "name": "builtins",
      "status": "PASS",
      "error": null
    },
    {
      "name": "remote_sources",
      "status": "PASS",
      "error": null
    },
    {
      "name": "installed_pins",
      "status": "PASS",
      "error": null
    },
    {
      "name": "overrides",
      "status": "PASS",
      "error": null
    },
    {
      "name": "artifacts",
      "status": "PASS",
      "error": null
    },
    {
      "name": "artifact_sources",
      "status": "PASS",
      "error": null
    }
  ],
  "artifact_sources_identity": {
    "identity": [
      66341,
      282806,
      33152,
      1,
      1000,
      1000,
      28759,
      1790457401347671754,
      1790457401347671754
    ],
    "sha256": "7da87b3544a793091a637197c30f77185ab99b416697f453e46897277de7af1e"
  },
  "status": "COMPILE_CHECKED",
  "first_error": null,
  "compiler_calls": 1,
  "query_calls": 1,
  "transport_calls": 28,
  "artifacts": "/home/arduino/sumox26_codex_build/recorder-07f19e32c483ceba/artifacts",
  "receipt": "C:\\Users\\narut\\OneDrive\\Desktop\\Project\\techbots_Sumo_Robots\\state\\analysis\\P7_recorder_delivery_raw\\recorder-07f19e32c483ceba\\artifacts.json",
  "finished_utc": "2026-09-26T21:16:51.163240+00:00"
}
