test_arm_receiver_passes_expected_identity_and_bounded_remote_deadline (tests.tooling.test_recorder_fixed_transport.FixedReceiverTests.test_arm_receiver_passes_expected_identity_and_bounded_remote_deadline) ... ok
test_arm_with_no_environment_uses_private_identity_without_owner_settings (tests.tooling.test_recorder_fixed_transport.FixedReceiverTests.test_arm_with_no_environment_uses_private_identity_without_owner_settings) ... ok
test_changed_private_binding_is_refused_before_capture_or_thread (tests.tooling.test_recorder_fixed_transport.FixedReceiverTests.test_changed_private_binding_is_refused_before_capture_or_thread) ... ok
test_closed_latch_prevents_new_launch_and_race_after_evidence_claim (tests.tooling.test_recorder_fixed_transport.FixedReceiverTests.test_closed_latch_prevents_new_launch_and_race_after_evidence_claim) ... ok
test_connection_pending_unknown_then_fresh_boot_connected_precedes_upload (tests.tooling.test_recorder_fixed_transport.FixedReceiverTests.test_connection_pending_unknown_then_fresh_boot_connected_precedes_upload) ... ok
test_missing_or_conflicting_environment_cannot_select_the_private_route (tests.tooling.test_recorder_fixed_transport.FixedReceiverTests.test_missing_or_conflicting_environment_cannot_select_the_private_route) ... ok
test_no_upload_after_receiver_ends_or_connection_bound_expires (tests.tooling.test_recorder_fixed_transport.FixedReceiverTests.test_no_upload_after_receiver_ends_or_connection_bound_expires) ... ok
test_original_timeout_survives_one_output_read_failure_and_other_stream_is_read (tests.tooling.test_recorder_fixed_transport.FixedReceiverTests.test_original_timeout_survives_one_output_read_failure_and_other_stream_is_read) ... ok
test_output_limit_remains_primary_with_partial_bytes_when_reaping_fails (tests.tooling.test_recorder_fixed_transport.FixedReceiverTests.test_output_limit_remains_primary_with_partial_bytes_when_reaping_fails) ... ok
test_oversized_stdout_and_stderr_refuse_even_if_child_already_exited (tests.tooling.test_recorder_fixed_transport.FixedReceiverTests.test_oversized_stdout_and_stderr_refuse_even_if_child_already_exited) ... ok
test_real_connected_iterator_constructs_only_the_fixed_adb_command (tests.tooling.test_recorder_fixed_transport.FixedReceiverTests.test_real_connected_iterator_constructs_only_the_fixed_adb_command) ... ok
test_real_receiver_modules_allow_only_exact_ticket_deadline_and_observer_commands (tests.tooling.test_recorder_fixed_transport.FixedReceiverTests.test_real_receiver_modules_allow_only_exact_ticket_deadline_and_observer_commands) ... ok
test_real_remote_saves_exact_outputs_and_reaps_once_without_communicate (tests.tooling.test_recorder_fixed_transport.FixedReceiverTests.test_real_remote_saves_exact_outputs_and_reaps_once_without_communicate) ... ok
test_stop_attempts_every_child_after_first_kill_or_wait_failure (tests.tooling.test_recorder_fixed_transport.FixedReceiverTests.test_stop_attempts_every_child_after_first_kill_or_wait_failure) ... ok
test_timeout_keeps_first_failure_and_partial_bytes_when_kill_or_reap_also_fails (tests.tooling.test_recorder_fixed_transport.FixedReceiverTests.test_timeout_keeps_first_failure_and_partial_bytes_when_kill_or_reap_also_fails) ... ok
test_timeout_kills_reaps_and_retains_original_bytes (tests.tooling.test_recorder_fixed_transport.FixedReceiverTests.test_timeout_kills_reaps_and_retains_original_bytes) ... ok
test_unknown_wrong_target_timeout_or_changed_adb_refuses_before_launch (tests.tooling.test_recorder_fixed_transport.FixedReceiverTests.test_unknown_wrong_target_timeout_or_changed_adb_refuses_before_launch) ... ok

----------------------------------------------------------------------
Ran 17 tests in 1.648s

OK
