[doctest] doctest version is "2.4.12"
[doctest] run with "--help" for options
===============================================================================
/mnt/c/Users/narut/OneDrive/Desktop/Project/techbots_Sumo_Robots/tests/test_app_service_reset.cpp:240:
TEST CASE:  B13 D103 pending age uses real release source start at 4999 5000 5001 us

/mnt/c/Users/narut/OneDrive/Desktop/Project/techbots_Sumo_Robots/tests/test_app_service_reset.cpp:245: ERROR: CHECK( passed ) is NOT correct!
  values: CHECK( false )
  logged: age := 4999
          rig.owner.step()

===============================================================================
/mnt/c/Users/narut/OneDrive/Desktop/Project/techbots_Sumo_Robots/tests/test_app_service_reset.cpp:393:
TEST CASE:  B14 D103 original C next S and postreset clock failures cannot fabricate completion

/mnt/c/Users/narut/OneDrive/Desktop/Project/techbots_Sumo_Robots/tests/test_app_service_reset.cpp:407: ERROR: CHECK_FALSE( rig.owner.transaction().report().finished ) is NOT correct!
  values: CHECK_FALSE( true )
  logged: boundary := 1

/mnt/c/Users/narut/OneDrive/Desktop/Project/techbots_Sumo_Robots/tests/test_app_service_reset.cpp:408: ERROR: CHECK_FALSE( rig.owner.transaction().report().timing_valid ) is NOT correct!
  values: CHECK_FALSE( true )
  logged: boundary := 1

===============================================================================
[doctest] test cases:   33 |   31 passed | 2 failed | 0 skipped
[doctest] assertions: 5889 | 5886 passed | 3 failed |
[doctest] Status: FAILURE!
