{
  "schema": "commissioning-app-static-compile-outcome-v1",
  "profile": "b7_brownout",
  "motors_allowed": 0,
  "attempt": "native01",
  "project": "app.ino",
  "fqbn": "arduino:zephyr:unoq:link_mode=static",
  "flags": "-DMATCH=0 -DMOTORS_ALLOWED=0 -DSUMOX_B4_STAND=0 -DSUMOX_P3_DRIVE_TEST=0 -DSUMOX_P3_TURN_TRIAL=0 -DSUMOX_P3_STOP_TRIAL=0 -DSUMOX_P4_REACTIVE=0 -DSUMOX_TIMING_EVIDENCE=0 -DSUMOX_P5_ABORT_TIMING=0 -DSUMOX_MOTOR_FAULT_PROBE=0 -DSUMOX_B7_BROWNOUT=1",
  "reviewed_head": "97e32fded4f36bdb759fd273965ee8ce72301753",
  "source_sha256": "85b320de79f0fe26602bd6b714d77136718f4a6ab32ba989ea8322b7b92a481a",
  "boot_id": "55c386b9-fe6d-4388-a7f4-1d91e0bb49d8",
  "started_utc": "2026-09-27T03:45:28.725757+00:00",
  "final_checks": [
    {
      "name": "local",
      "status": "PASS",
      "error": null
    },
    {
      "name": "identity",
      "status": "PASS",
      "error": null
    },
    {
      "name": "initialization",
      "status": "PASS",
      "error": null
    },
    {
      "name": "builtins",
      "status": "PASS",
      "error": null
    },
    {
      "name": "remote_sources",
      "status": "PASS",
      "error": null
    },
    {
      "name": "installed_pins",
      "status": "PASS",
      "error": null
    },
    {
      "name": "overrides",
      "status": "PASS",
      "error": null
    },
    {
      "name": "artifacts",
      "status": "PASS",
      "error": null
    },
    {
      "name": "artifact_sources",
      "status": "PASS",
      "error": null
    }
  ],
  "status": "COMPILE_CHECKED",
  "first_error": null,
  "compiler_calls": 1,
  "query_calls": 1,
  "transport_calls": 243,
  "artifacts": "/home/arduino/sumox26_codex_build/commission-b7_brownout-m0-4adb205ea983/artifacts",
  "receipt": "C:\\Users\\narut\\AppData\\Local\\Temp\\sumox-b7-m0-native-20260927\\state\\analysis\\P2_b7_build_raw\\commission-b7_brownout-m0-4adb205ea983\\artifacts.json",
  "finished_utc": "2026-09-27T03:52:41.279707+00:00"
}
