Traceback (most recent call last):
  File "C:\Users\narut\AppData\Local\Temp\sumox-recorder-six-native-20260927\tools\run_recorder_delivery.py", line 942, in <module>
    sys.exit(main(sys.argv[1:]))
             ~~~~^^^^^^^^^^^^^^
  File "C:\Users\narut\AppData\Local\Temp\sumox-recorder-six-native-20260927\tools\run_recorder_delivery.py", line 936, in main
    result = owner.check() if request['action'] == '--check-only' else owner.run()
             ~~~~~~~~~~~^^
  File "C:\Users\narut\AppData\Local\Temp\sumox-recorder-six-native-20260927\tools\run_recorder_delivery.py", line 320, in check
    value = super().check()
  File "C:\Users\narut\AppData\Local\Temp\sumox-recorder-six-native-20260927\tools\compile_app_motor_fault.py", line 309, in check
  File "C:\Users\narut\AppData\Local\Temp\sumox-recorder-six-native-20260927\tools\compile_app_motor_fault.py", line 302, in local
    self.output.mkdir(mode=0o700)
    ~~~~~~~~~~~~~~~~~^^^^^^^^^^^^
  File "C:\Users\narut\AppData\Local\Temp\sumox-recorder-six-native-20260927\state\analysis\P7_current_app_compile_raw\compile_current_app.py", line 278, in local
    self.admission()
    ~~~~~~~~~~~~~~^^
  File "C:\Users\narut\AppData\Local\Temp\sumox-recorder-six-native-20260927\tools\run_recorder_delivery.py", line 242, in admission
    require(code == self._bootstrap._head_bytes(self.root, self.reviewed_head, set(code)),
    ~~~~~~~^^^^^^^^^^^^^^^^^^^^^^^^^^^^^^^^^^^^^^^^^^^^^^^^^^^^^^^^^^^^^^^^^^^^^^^^^^^^^^^
            'Current inputs differ from reviewed HEAD')
            ^^^^^^^^^^^^^^^^^^^^^^^^^^^^^^^^^^^^^^^^^^^
  File "C:\Users\narut\AppData\Local\Temp\sumox-recorder-six-native-20260927\tools\run_recorder_delivery.py", line 49, in require
    raise ValueError(message)
ValueError: Current inputs differ from reviewed HEAD
