Traceback (most recent call last):
  File "C:\Users\narut\AppData\Local\Temp\sumox-recorder-six-native-20260927\tools\run_recorder_delivery.py", line 942, in <module>
    sys.exit(main(sys.argv[1:]))
             ~~~~^^^^^^^^^^^^^^
  File "C:\Users\narut\AppData\Local\Temp\sumox-recorder-six-native-20260927\tools\run_recorder_delivery.py", line 936, in main
    result = owner.check() if request['action'] == '--check-only' else owner.run()
             ~~~~~~~~~~~^^
  File "C:\Users\narut\AppData\Local\Temp\sumox-recorder-six-native-20260927\tools\run_recorder_delivery.py", line 320, in check
    value = super().check()
  File "C:\Users\narut\AppData\Local\Temp\sumox-recorder-six-native-20260927\tools\compile_app_motor_fault.py", line 309, in check
  File "C:\Users\narut\AppData\Local\Temp\sumox-recorder-six-native-20260927\tools\compile_app_motor_fault.py", line 302, in local
    self.output.mkdir(mode=0o700)
    ~~~~~~~~~~~~~~~~~^^^^^^^^^^^^
  File "C:\Users\narut\AppData\Local\Temp\sumox-recorder-six-native-20260927\state\analysis\P7_current_app_compile_raw\compile_current_app.py", line 276, in local
    require(all(self.claimed and status == '??' and name.startswith(prefix)
    ~~~~~~~^^^^^^^^^^^^^^^^^^^^^^^^^^^^^^^^^^^^^^^^^^^^^^^^^^^^^^^^^^^^^^^^
                for status, name in changes), 'Reviewed working tree is not clean')
                ^^^^^^^^^^^^^^^^^^^^^^^^^^^^^^^^^^^^^^^^^^^^^^^^^^^^^^^^^^^^^^^^^^^
  File "C:\Users\narut\AppData\Local\Temp\sumox-recorder-six-native-20260927\state\analysis\P7_current_app_compile_raw\compile_current_app.py", line 53, in require
    raise ValueError(message)
ValueError: Reviewed working tree is not clean
