test_atomic_publish_does_not_replace_empty_or_nonempty_destination (tests.tooling.test_dump_match.DumpCaptureTests.test_atomic_publish_does_not_replace_empty_or_nonempty_destination) ... ok
test_cli_symlink_input_is_rejected_without_published_capture (tests.tooling.test_dump_match.DumpCaptureTests.test_cli_symlink_input_is_rejected_without_published_capture) ... ok
test_consistency_failure_cannot_publish_but_reported_loss_can (tests.tooling.test_dump_match.DumpCaptureTests.test_consistency_failure_cannot_publish_but_reported_loss_can) ... ok
test_declared_firmware_and_hash_formats_are_validated (tests.tooling.test_dump_match.DumpCaptureTests.test_declared_firmware_and_hash_formats_are_validated) ... ok
test_failed_protocol_and_input_generator_preserve_partial_evidence (tests.tooling.test_dump_match.DumpCaptureTests.test_failed_protocol_and_input_generator_preserve_partial_evidence) ... ok
test_failed_remote_retains_prefix_but_never_publishes_even_with_end (tests.tooling.test_dump_match.DumpCaptureTests.test_failed_remote_retains_prefix_but_never_publishes_even_with_end) ... ok
test_live_preserves_carriage_return_so_parser_rejects_it (tests.tooling.test_dump_match.DumpCaptureTests.test_live_preserves_carriage_return_so_parser_rejects_it) ... ok
test_live_remote_decodes_exact_receive_only_fragments (tests.tooling.test_dump_match.DumpCaptureTests.test_live_remote_decodes_exact_receive_only_fragments) ... ok
test_live_success_and_failure_record_exact_command_outcomes (tests.tooling.test_dump_match.DumpCaptureTests.test_live_success_and_failure_record_exact_command_outcomes) ... ok
test_offline_main_never_opens_network_or_process_and_bad_args_do_not_publish (tests.tooling.test_dump_match.DumpCaptureTests.test_offline_main_never_opens_network_or_process_and_bad_args_do_not_publish) ... ok
test_offline_origin_claim_is_preserved_without_upgrading_it (tests.tooling.test_dump_match.DumpCaptureTests.test_offline_origin_claim_is_preserved_without_upgrading_it) ... ok
test_output_file_and_file_ancestor_are_invalid_arguments_before_transport (tests.tooling.test_dump_match.DumpCaptureTests.test_output_file_and_file_ancestor_are_invalid_arguments_before_transport) ... ok
test_publication_validates_exact_files_and_manifest_without_authentication (tests.tooling.test_dump_match.DumpCaptureTests.test_publication_validates_exact_files_and_manifest_without_authentication) ... ok
test_same_second_captures_do_not_overwrite_existing_files (tests.tooling.test_dump_match.DumpCaptureTests.test_same_second_captures_do_not_overwrite_existing_files) ... ok
test_symlink_output_and_ancestry_are_rejected (tests.tooling.test_dump_match.DumpCaptureTests.test_symlink_output_and_ancestry_are_rejected) ... ok
test_all_declared_origins_and_lower_capacity_domains (tests.tooling.test_dump_match.DumpParserTests.test_all_declared_origins_and_lower_capacity_domains) ... ok
test_ascii_line_and_total_size_limits (tests.tooling.test_dump_match.DumpParserTests.test_ascii_line_and_total_size_limits) ... ok
test_crc_corruption_and_declared_tail_counts (tests.tooling.test_dump_match.DumpParserTests.test_crc_corruption_and_declared_tail_counts) ... ok
test_empty_collections_keep_headers_and_interrupted_loss (tests.tooling.test_dump_match.DumpParserTests.test_empty_collections_keep_headers_and_interrupted_loss) ... ok
test_envelope_ranges_and_canonical_decimal (tests.tooling.test_dump_match.DumpParserTests.test_envelope_ranges_and_canonical_decimal) ... ok
test_every_record_rejects_cross_session_mix (tests.tooling.test_dump_match.DumpParserTests.test_every_record_rejects_cross_session_mix) ... ok
test_every_single_split_and_fixed_seed_fragments (tests.tooling.test_dump_match.DumpParserTests.test_every_single_split_and_fixed_seed_fragments) ... ok
test_exact_csv_headers_and_raw_bytes_are_checked (tests.tooling.test_dump_match.DumpParserTests.test_exact_csv_headers_and_raw_bytes_are_checked) ... ok
test_literal_bytes_and_metadata (tests.tooling.test_dump_match.DumpParserTests.test_literal_bytes_and_metadata) ... ok
test_loss_statuses_raw_signed_extrema_and_unknown_codes_are_preserved (tests.tooling.test_dump_match.DumpParserTests.test_loss_statuses_raw_signed_extrema_and_unknown_codes_are_preserved) ... ok
test_maximum_row_collections_are_bounded_and_exact (tests.tooling.test_dump_match.DumpParserTests.test_maximum_row_collections_are_bounded_and_exact) ... ok
test_missing_duplicate_and_reordered_record_kinds (tests.tooling.test_dump_match.DumpParserTests.test_missing_duplicate_and_reordered_record_kinds) ... ok
test_ordinals_are_contiguous_and_begin_at_zero (tests.tooling.test_dump_match.DumpParserTests.test_ordinals_are_contiguous_and_begin_at_zero) ... ok
test_sender_cannot_inject_a_filename_or_path (tests.tooling.test_dump_match.DumpParserTests.test_sender_cannot_inject_a_filename_or_path) ... ok
test_summary_identity_lifecycle_and_terminal_exhaustion (tests.tooling.test_dump_match.DumpParserTests.test_summary_identity_lifecycle_and_terminal_exhaustion) ... ok
test_truncation_at_every_boundary_and_trailing_bytes (tests.tooling.test_dump_match.DumpParserTests.test_truncation_at_every_boundary_and_trailing_bytes) ... ok
test_capture_error_defaults_remain_unowned (tests.tooling.test_dump_error_retention.DumpErrorRetentionTests.test_capture_error_defaults_remain_unowned) ... ERROR
test_cli_exits_one_and_reports_primary_path_then_secondary (tests.tooling.test_dump_error_retention.DumpErrorRetentionTests.test_cli_exits_one_and_reports_primary_path_then_secondary) ... ERROR
test_failed_receive_beats_protocol_and_metadata_before_journal_failure (tests.tooling.test_dump_error_retention.DumpErrorRetentionTests.test_failed_receive_beats_protocol_and_metadata_before_journal_failure) ... ERROR
test_input_oserror_is_still_primary_when_journal_also_fails (tests.tooling.test_dump_error_retention.DumpErrorRetentionTests.test_input_oserror_is_still_primary_when_journal_also_fails) ... ERROR
test_invalid_options_remain_argument_errors_before_partial_ownership (tests.tooling.test_dump_error_retention.DumpErrorRetentionTests.test_invalid_options_remain_argument_errors_before_partial_ownership) ... ERROR
test_journal_interrupts_propagate_without_catching_baseexception (tests.tooling.test_dump_error_retention.DumpErrorRetentionTests.test_journal_interrupts_propagate_without_catching_baseexception) ... ERROR
test_journal_serialization_exception_retains_original_input_failure (tests.tooling.test_dump_error_retention.DumpErrorRetentionTests.test_journal_serialization_exception_retains_original_input_failure) ... ERROR
test_offline_success_preserves_literal_files_and_manifest_semantics (tests.tooling.test_dump_error_retention.DumpErrorRetentionTests.test_offline_success_preserves_literal_files_and_manifest_semantics) ... ERROR
test_partial_journal_bytes_are_neither_reopened_nor_deleted (tests.tooling.test_dump_error_retention.DumpErrorRetentionTests.test_partial_journal_bytes_are_neither_reopened_nor_deleted) ... ERROR
test_protocol_enospc_retains_primary_cause_path_and_raw_bytes (tests.tooling.test_dump_error_retention.DumpErrorRetentionTests.test_protocol_enospc_retains_primary_cause_path_and_raw_bytes) ... ERROR
test_publication_failure_keeps_valid_csvs_and_original_oserror (tests.tooling.test_dump_error_retention.DumpErrorRetentionTests.test_publication_failure_keeps_valid_csvs_and_original_oserror) ... ERROR
test_successful_error_write_keeps_public_json_and_no_secondary_claim (tests.tooling.test_dump_error_retention.DumpErrorRetentionTests.test_successful_error_write_keeps_public_json_and_no_secondary_claim) ... ERROR
test_wire_and_connection_failures_keep_existing_precedence_and_evidence (tests.tooling.test_dump_error_retention.DumpErrorRetentionTests.test_wire_and_connection_failures_keep_existing_precedence_and_evidence) ... ERROR
test_all_observer_states_return_exact_envelope_and_original_identity (tests.tooling.test_dump_connection.ConnectionHostTests.test_all_observer_states_return_exact_envelope_and_original_identity) ... ok
test_capture_success_stores_final_terminal_and_exact_wire (tests.tooling.test_dump_connection.ConnectionHostTests.test_capture_success_stores_final_terminal_and_exact_wire) ... ok
test_cli_rejects_combinations_and_paths_without_remote (tests.tooling.test_dump_connection.ConnectionHostTests.test_cli_rejects_combinations_and_paths_without_remote) ... ok
test_cli_valid_nonconnected_states_exit_zero_and_errors_exit_one (tests.tooling.test_dump_connection.ConnectionHostTests.test_cli_valid_nonconnected_states_exit_zero_and_errors_exit_one) ... ok
test_failed_receive_is_primary_even_when_prefix_is_malformed (tests.tooling.test_dump_connection.ConnectionHostTests.test_failed_receive_is_primary_even_when_prefix_is_malformed) ... ok
test_final_query_precedes_first_yield_and_parser_fault_keeps_evidence (tests.tooling.test_dump_connection.ConnectionHostTests.test_final_query_precedes_first_yield_and_parser_fault_keeps_evidence) ... ok
test_host_rejects_each_record_key_omission_and_extra (tests.tooling.test_dump_connection.ConnectionHostTests.test_host_rejects_each_record_key_omission_and_extra) ... ok
test_host_rejects_schema_identity_time_and_endpoint_mismatch (tests.tooling.test_dump_connection.ConnectionHostTests.test_host_rejects_schema_identity_time_and_endpoint_mismatch) ... ok
test_invalid_environment_is_argument_error_before_transport (tests.tooling.test_dump_connection.ConnectionHostTests.test_invalid_environment_is_argument_error_before_transport) ... ok
test_metadata_failure_never_hides_good_prefix_or_publishes_success (tests.tooling.test_dump_connection.ConnectionHostTests.test_metadata_failure_never_hides_good_prefix_or_publishes_success) ... ok
test_missing_explicit_transport_is_argument_error_for_both_new_modes (tests.tooling.test_dump_connection.ConnectionHostTests.test_missing_explicit_transport_is_argument_error_for_both_new_modes) ... ok
test_observer_transport_outcomes_preserve_actual_failure (tests.tooling.test_dump_connection.ConnectionHostTests.test_observer_transport_outcomes_preserve_actual_failure) ... ok
test_passive_constructor_and_invalid_public_arguments_before_transport (tests.tooling.test_dump_connection.ConnectionHostTests.test_passive_constructor_and_invalid_public_arguments_before_transport) ... ok
test_remote_json_strict_shape_bounds_and_errors (tests.tooling.test_dump_connection.ConnectionHostTests.test_remote_json_strict_shape_bounds_and_errors) ... ok
test_first_mismatch_is_sticky_across_later_feed_and_finish (tests.tooling.test_recorder_session_reuse.RecorderSessionReuseTests.test_first_mismatch_is_sticky_across_later_feed_and_finish) ... ok

======================================================================
ERROR: test_capture_error_defaults_remain_unowned (tests.tooling.test_dump_error_retention.DumpErrorRetentionTests.test_capture_error_defaults_remain_unowned)
----------------------------------------------------------------------
Traceback (most recent call last):
  File "/mnt/c/Users/narut/AppData/Local/Temp/sumox-recorder-session-20260926/tests/tooling/test_dump_error_retention.py", line 44, in setUp
    raise RuntimeError("D178 requires external TMPDIR under /dev/shm and Python -B")
RuntimeError: D178 requires external TMPDIR under /dev/shm and Python -B

======================================================================
ERROR: test_cli_exits_one_and_reports_primary_path_then_secondary (tests.tooling.test_dump_error_retention.DumpErrorRetentionTests.test_cli_exits_one_and_reports_primary_path_then_secondary)
----------------------------------------------------------------------
Traceback (most recent call last):
  File "/mnt/c/Users/narut/AppData/Local/Temp/sumox-recorder-session-20260926/tests/tooling/test_dump_error_retention.py", line 44, in setUp
    raise RuntimeError("D178 requires external TMPDIR under /dev/shm and Python -B")
RuntimeError: D178 requires external TMPDIR under /dev/shm and Python -B

======================================================================
ERROR: test_failed_receive_beats_protocol_and_metadata_before_journal_failure (tests.tooling.test_dump_error_retention.DumpErrorRetentionTests.test_failed_receive_beats_protocol_and_metadata_before_journal_failure)
----------------------------------------------------------------------
Traceback (most recent call last):
  File "/mnt/c/Users/narut/AppData/Local/Temp/sumox-recorder-session-20260926/tests/tooling/test_dump_error_retention.py", line 44, in setUp
    raise RuntimeError("D178 requires external TMPDIR under /dev/shm and Python -B")
RuntimeError: D178 requires external TMPDIR under /dev/shm and Python -B

======================================================================
ERROR: test_input_oserror_is_still_primary_when_journal_also_fails (tests.tooling.test_dump_error_retention.DumpErrorRetentionTests.test_input_oserror_is_still_primary_when_journal_also_fails)
----------------------------------------------------------------------
Traceback (most recent call last):
  File "/mnt/c/Users/narut/AppData/Local/Temp/sumox-recorder-session-20260926/tests/tooling/test_dump_error_retention.py", line 44, in setUp
    raise RuntimeError("D178 requires external TMPDIR under /dev/shm and Python -B")
RuntimeError: D178 requires external TMPDIR under /dev/shm and Python -B

======================================================================
ERROR: test_invalid_options_remain_argument_errors_before_partial_ownership (tests.tooling.test_dump_error_retention.DumpErrorRetentionTests.test_invalid_options_remain_argument_errors_before_partial_ownership)
----------------------------------------------------------------------
Traceback (most recent call last):
  File "/mnt/c/Users/narut/AppData/Local/Temp/sumox-recorder-session-20260926/tests/tooling/test_dump_error_retention.py", line 44, in setUp
    raise RuntimeError("D178 requires external TMPDIR under /dev/shm and Python -B")
RuntimeError: D178 requires external TMPDIR under /dev/shm and Python -B

======================================================================
ERROR: test_journal_interrupts_propagate_without_catching_baseexception (tests.tooling.test_dump_error_retention.DumpErrorRetentionTests.test_journal_interrupts_propagate_without_catching_baseexception)
----------------------------------------------------------------------
Traceback (most recent call last):
  File "/mnt/c/Users/narut/AppData/Local/Temp/sumox-recorder-session-20260926/tests/tooling/test_dump_error_retention.py", line 44, in setUp
    raise RuntimeError("D178 requires external TMPDIR under /dev/shm and Python -B")
RuntimeError: D178 requires external TMPDIR under /dev/shm and Python -B

======================================================================
ERROR: test_journal_serialization_exception_retains_original_input_failure (tests.tooling.test_dump_error_retention.DumpErrorRetentionTests.test_journal_serialization_exception_retains_original_input_failure)
----------------------------------------------------------------------
Traceback (most recent call last):
  File "/mnt/c/Users/narut/AppData/Local/Temp/sumox-recorder-session-20260926/tests/tooling/test_dump_error_retention.py", line 44, in setUp
    raise RuntimeError("D178 requires external TMPDIR under /dev/shm and Python -B")
RuntimeError: D178 requires external TMPDIR under /dev/shm and Python -B

======================================================================
ERROR: test_offline_success_preserves_literal_files_and_manifest_semantics (tests.tooling.test_dump_error_retention.DumpErrorRetentionTests.test_offline_success_preserves_literal_files_and_manifest_semantics)
----------------------------------------------------------------------
Traceback (most recent call last):
  File "/mnt/c/Users/narut/AppData/Local/Temp/sumox-recorder-session-20260926/tests/tooling/test_dump_error_retention.py", line 44, in setUp
    raise RuntimeError("D178 requires external TMPDIR under /dev/shm and Python -B")
RuntimeError: D178 requires external TMPDIR under /dev/shm and Python -B

======================================================================
ERROR: test_partial_journal_bytes_are_neither_reopened_nor_deleted (tests.tooling.test_dump_error_retention.DumpErrorRetentionTests.test_partial_journal_bytes_are_neither_reopened_nor_deleted)
----------------------------------------------------------------------
Traceback (most recent call last):
  File "/mnt/c/Users/narut/AppData/Local/Temp/sumox-recorder-session-20260926/tests/tooling/test_dump_error_retention.py", line 44, in setUp
    raise RuntimeError("D178 requires external TMPDIR under /dev/shm and Python -B")
RuntimeError: D178 requires external TMPDIR under /dev/shm and Python -B

======================================================================
ERROR: test_protocol_enospc_retains_primary_cause_path_and_raw_bytes (tests.tooling.test_dump_error_retention.DumpErrorRetentionTests.test_protocol_enospc_retains_primary_cause_path_and_raw_bytes)
----------------------------------------------------------------------
Traceback (most recent call last):
  File "/mnt/c/Users/narut/AppData/Local/Temp/sumox-recorder-session-20260926/tests/tooling/test_dump_error_retention.py", line 44, in setUp
    raise RuntimeError("D178 requires external TMPDIR under /dev/shm and Python -B")
RuntimeError: D178 requires external TMPDIR under /dev/shm and Python -B

======================================================================
ERROR: test_publication_failure_keeps_valid_csvs_and_original_oserror (tests.tooling.test_dump_error_retention.DumpErrorRetentionTests.test_publication_failure_keeps_valid_csvs_and_original_oserror)
----------------------------------------------------------------------
Traceback (most recent call last):
  File "/mnt/c/Users/narut/AppData/Local/Temp/sumox-recorder-session-20260926/tests/tooling/test_dump_error_retention.py", line 44, in setUp
    raise RuntimeError("D178 requires external TMPDIR under /dev/shm and Python -B")
RuntimeError: D178 requires external TMPDIR under /dev/shm and Python -B

======================================================================
ERROR: test_successful_error_write_keeps_public_json_and_no_secondary_claim (tests.tooling.test_dump_error_retention.DumpErrorRetentionTests.test_successful_error_write_keeps_public_json_and_no_secondary_claim)
----------------------------------------------------------------------
Traceback (most recent call last):
  File "/mnt/c/Users/narut/AppData/Local/Temp/sumox-recorder-session-20260926/tests/tooling/test_dump_error_retention.py", line 44, in setUp
    raise RuntimeError("D178 requires external TMPDIR under /dev/shm and Python -B")
RuntimeError: D178 requires external TMPDIR under /dev/shm and Python -B

======================================================================
ERROR: test_wire_and_connection_failures_keep_existing_precedence_and_evidence (tests.tooling.test_dump_error_retention.DumpErrorRetentionTests.test_wire_and_connection_failures_keep_existing_precedence_and_evidence)
----------------------------------------------------------------------
Traceback (most recent call last):
  File "/mnt/c/Users/narut/AppData/Local/Temp/sumox-recorder-session-20260926/tests/tooling/test_dump_error_retention.py", line 44, in setUp
    raise RuntimeError("D178 requires external TMPDIR under /dev/shm and Python -B")
RuntimeError: D178 requires external TMPDIR under /dev/shm and Python -B

----------------------------------------------------------------------
Ran 59 tests in 3.350s

FAILED (errors=13)
