In file included from tests/test_frame_packing.cpp:4:
tests/test_frame_packing.cpp: In lambda function:
host/third_party/doctest.h:2824:57: error: static assertion failed: Exceptions are disabled! Use DOCTEST_CONFIG_NO_EXCEPTIONS_BUT_WITH_ALL_ASSERTS if you want to compile with exceptions disabled.
 2824 | #define DOCTEST_EXCEPTION_EMPTY_FUNC [] { static_assert(false, "Exceptions are disabled! " \
      |                                                         ^~~~~
host/third_party/doctest.h:2840:25: note: in expansion of macro ‘DOCTEST_EXCEPTION_EMPTY_FUNC’
 2840 | #define DOCTEST_REQUIRE DOCTEST_EXCEPTION_EMPTY_FUNC
      |                         ^~~~~~~~~~~~~~~~~~~~~~~~~~~~
host/third_party/doctest.h:2977:22: note: in expansion of macro ‘DOCTEST_REQUIRE’
 2977 | #define REQUIRE(...) DOCTEST_REQUIRE(__VA_ARGS__)
      |                      ^~~~~~~~~~~~~~~
tests/test_frame_packing.cpp:76:9: note: in expansion of macro ‘REQUIRE’
   76 |         REQUIRE(index < rows.size());
      |         ^~~~~~~
tests/test_frame_packing.cpp: In member function ‘void {anonymous}::Oracle::at(const recorder::FrameBuffer&, std::size_t) const’:
host/third_party/doctest.h:2977:37: error: expression cannot be used as a function
 2977 | #define REQUIRE(...) DOCTEST_REQUIRE(__VA_ARGS__)
      |                                     ^
tests/test_frame_packing.cpp:76:9: note: in expansion of macro ‘REQUIRE’
   76 |         REQUIRE(index < rows.size());
      |         ^~~~~~~
tests/test_frame_packing.cpp: In lambda function:
host/third_party/doctest.h:2824:57: error: static assertion failed: Exceptions are disabled! Use DOCTEST_CONFIG_NO_EXCEPTIONS_BUT_WITH_ALL_ASSERTS if you want to compile with exceptions disabled.
 2824 | #define DOCTEST_EXCEPTION_EMPTY_FUNC [] { static_assert(false, "Exceptions are disabled! " \
      |                                                         ^~~~~
host/third_party/doctest.h:2840:25: note: in expansion of macro ‘DOCTEST_EXCEPTION_EMPTY_FUNC’
 2840 | #define DOCTEST_REQUIRE DOCTEST_EXCEPTION_EMPTY_FUNC
      |                         ^~~~~~~~~~~~~~~~~~~~~~~~~~~~
host/third_party/doctest.h:2977:22: note: in expansion of macro ‘DOCTEST_REQUIRE’
 2977 | #define REQUIRE(...) DOCTEST_REQUIRE(__VA_ARGS__)
      |                      ^~~~~~~~~~~~~~~
tests/test_frame_packing.cpp:78:9: note: in expansion of macro ‘REQUIRE’
   78 |         REQUIRE(buffer.read(index, actual));
      |         ^~~~~~~
tests/test_frame_packing.cpp: In member function ‘void {anonymous}::Oracle::at(const recorder::FrameBuffer&, std::size_t) const’:
host/third_party/doctest.h:2977:37: error: expression cannot be used as a function
 2977 | #define REQUIRE(...) DOCTEST_REQUIRE(__VA_ARGS__)
      |                                     ^
tests/test_frame_packing.cpp:78:9: note: in expansion of macro ‘REQUIRE’
   78 |         REQUIRE(buffer.read(index, actual));
      |         ^~~~~~~
tests/test_frame_packing.cpp: In lambda function:
host/third_party/doctest.h:2824:57: error: static assertion failed: Exceptions are disabled! Use DOCTEST_CONFIG_NO_EXCEPTIONS_BUT_WITH_ALL_ASSERTS if you want to compile with exceptions disabled.
 2824 | #define DOCTEST_EXCEPTION_EMPTY_FUNC [] { static_assert(false, "Exceptions are disabled! " \
      |                                                         ^~~~~
host/third_party/doctest.h:2840:25: note: in expansion of macro ‘DOCTEST_EXCEPTION_EMPTY_FUNC’
 2840 | #define DOCTEST_REQUIRE DOCTEST_EXCEPTION_EMPTY_FUNC
      |                         ^~~~~~~~~~~~~~~~~~~~~~~~~~~~
host/third_party/doctest.h:2977:22: note: in expansion of macro ‘DOCTEST_REQUIRE’
 2977 | #define REQUIRE(...) DOCTEST_REQUIRE(__VA_ARGS__)
      |                      ^~~~~~~~~~~~~~~
tests/test_frame_packing.cpp:81:9: note: in expansion of macro ‘REQUIRE’
   81 |         REQUIRE(borrowed != nullptr);
      |         ^~~~~~~
tests/test_frame_packing.cpp: In member function ‘void {anonymous}::Oracle::at(const recorder::FrameBuffer&, std::size_t) const’:
host/third_party/doctest.h:2977:37: error: expression cannot be used as a function
 2977 | #define REQUIRE(...) DOCTEST_REQUIRE(__VA_ARGS__)
      |                                     ^
tests/test_frame_packing.cpp:81:9: note: in expansion of macro ‘REQUIRE’
   81 |         REQUIRE(borrowed != nullptr);
      |         ^~~~~~~
tests/test_frame_packing.cpp: In lambda function:
host/third_party/doctest.h:2824:57: error: static assertion failed: Exceptions are disabled! Use DOCTEST_CONFIG_NO_EXCEPTIONS_BUT_WITH_ALL_ASSERTS if you want to compile with exceptions disabled.
 2824 | #define DOCTEST_EXCEPTION_EMPTY_FUNC [] { static_assert(false, "Exceptions are disabled! " \
      |                                                         ^~~~~
host/third_party/doctest.h:2840:25: note: in expansion of macro ‘DOCTEST_EXCEPTION_EMPTY_FUNC’
 2840 | #define DOCTEST_REQUIRE DOCTEST_EXCEPTION_EMPTY_FUNC
      |                         ^~~~~~~~~~~~~~~~~~~~~~~~~~~~
host/third_party/doctest.h:2977:22: note: in expansion of macro ‘DOCTEST_REQUIRE’
 2977 | #define REQUIRE(...) DOCTEST_REQUIRE(__VA_ARGS__)
      |                      ^~~~~~~~~~~~~~~
tests/test_frame_packing.cpp:186:5: note: in expansion of macro ‘REQUIRE’
  186 |     REQUIRE(buffer.size() == CAPACITY - 1U);
      |     ^~~~~~~
tests/test_frame_packing.cpp: In function ‘void DOCTEST_ANON_FUNC_8()’:
host/third_party/doctest.h:2977:37: error: expression cannot be used as a function
 2977 | #define REQUIRE(...) DOCTEST_REQUIRE(__VA_ARGS__)
      |                                     ^
tests/test_frame_packing.cpp:186:5: note: in expansion of macro ‘REQUIRE’
  186 |     REQUIRE(buffer.size() == CAPACITY - 1U);
      |     ^~~~~~~
tests/test_frame_packing.cpp: In lambda function:
host/third_party/doctest.h:2824:57: error: static assertion failed: Exceptions are disabled! Use DOCTEST_CONFIG_NO_EXCEPTIONS_BUT_WITH_ALL_ASSERTS if you want to compile with exceptions disabled.
 2824 | #define DOCTEST_EXCEPTION_EMPTY_FUNC [] { static_assert(false, "Exceptions are disabled! " \
      |                                                         ^~~~~
host/third_party/doctest.h:2840:25: note: in expansion of macro ‘DOCTEST_EXCEPTION_EMPTY_FUNC’
 2840 | #define DOCTEST_REQUIRE DOCTEST_EXCEPTION_EMPTY_FUNC
      |                         ^~~~~~~~~~~~~~~~~~~~~~~~~~~~
host/third_party/doctest.h:2977:22: note: in expansion of macro ‘DOCTEST_REQUIRE’
 2977 | #define REQUIRE(...) DOCTEST_REQUIRE(__VA_ARGS__)
      |                      ^~~~~~~~~~~~~~~
tests/test_frame_packing.cpp:208:13: note: in expansion of macro ‘REQUIRE’
  208 |             REQUIRE(source != nullptr);
      |             ^~~~~~~
tests/test_frame_packing.cpp: In function ‘void DOCTEST_ANON_FUNC_10()’:
host/third_party/doctest.h:2977:37: error: expression cannot be used as a function
 2977 | #define REQUIRE(...) DOCTEST_REQUIRE(__VA_ARGS__)
      |                                     ^
tests/test_frame_packing.cpp:208:13: note: in expansion of macro ‘REQUIRE’
  208 |             REQUIRE(source != nullptr);
      |             ^~~~~~~
tests/test_frame_packing.cpp: In lambda function:
host/third_party/doctest.h:2824:57: error: static assertion failed: Exceptions are disabled! Use DOCTEST_CONFIG_NO_EXCEPTIONS_BUT_WITH_ALL_ASSERTS if you want to compile with exceptions disabled.
 2824 | #define DOCTEST_EXCEPTION_EMPTY_FUNC [] { static_assert(false, "Exceptions are disabled! " \
      |                                                         ^~~~~
host/third_party/doctest.h:2840:25: note: in expansion of macro ‘DOCTEST_EXCEPTION_EMPTY_FUNC’
 2840 | #define DOCTEST_REQUIRE DOCTEST_EXCEPTION_EMPTY_FUNC
      |                         ^~~~~~~~~~~~~~~~~~~~~~~~~~~~
host/third_party/doctest.h:2977:22: note: in expansion of macro ‘DOCTEST_REQUIRE’
 2977 | #define REQUIRE(...) DOCTEST_REQUIRE(__VA_ARGS__)
      |                      ^~~~~~~~~~~~~~~
tests/test_frame_packing.cpp:281:13: note: in expansion of macro ‘REQUIRE’
  281 |             REQUIRE(buffer.read(index, outputs[index]));
      |             ^~~~~~~
tests/test_frame_packing.cpp: In function ‘void DOCTEST_ANON_FUNC_24()’:
host/third_party/doctest.h:2977:37: error: expression cannot be used as a function
 2977 | #define REQUIRE(...) DOCTEST_REQUIRE(__VA_ARGS__)
      |                                     ^
tests/test_frame_packing.cpp:281:13: note: in expansion of macro ‘REQUIRE’
  281 |             REQUIRE(buffer.read(index, outputs[index]));
      |             ^~~~~~~
tests/test_frame_packing.cpp: In lambda function:
host/third_party/doctest.h:2824:57: error: static assertion failed: Exceptions are disabled! Use DOCTEST_CONFIG_NO_EXCEPTIONS_BUT_WITH_ALL_ASSERTS if you want to compile with exceptions disabled.
 2824 | #define DOCTEST_EXCEPTION_EMPTY_FUNC [] { static_assert(false, "Exceptions are disabled! " \
      |                                                         ^~~~~
host/third_party/doctest.h:2840:25: note: in expansion of macro ‘DOCTEST_EXCEPTION_EMPTY_FUNC’
 2840 | #define DOCTEST_REQUIRE DOCTEST_EXCEPTION_EMPTY_FUNC
      |                         ^~~~~~~~~~~~~~~~~~~~~~~~~~~~
host/third_party/doctest.h:2977:22: note: in expansion of macro ‘DOCTEST_REQUIRE’
 2977 | #define REQUIRE(...) DOCTEST_REQUIRE(__VA_ARGS__)
      |                      ^~~~~~~~~~~~~~~
tests/test_frame_packing.cpp:305:9: note: in expansion of macro ‘REQUIRE’
  305 |         REQUIRE(pointers[index] != nullptr);
      |         ^~~~~~~
tests/test_frame_packing.cpp: In function ‘void DOCTEST_ANON_FUNC_26()’:
host/third_party/doctest.h:2977:37: error: expression cannot be used as a function
 2977 | #define REQUIRE(...) DOCTEST_REQUIRE(__VA_ARGS__)
      |                                     ^
tests/test_frame_packing.cpp:305:9: note: in expansion of macro ‘REQUIRE’
  305 |         REQUIRE(pointers[index] != nullptr);
      |         ^~~~~~~
tests/test_frame_packing.cpp: In lambda function:
host/third_party/doctest.h:2824:57: error: static assertion failed: Exceptions are disabled! Use DOCTEST_CONFIG_NO_EXCEPTIONS_BUT_WITH_ALL_ASSERTS if you want to compile with exceptions disabled.
 2824 | #define DOCTEST_EXCEPTION_EMPTY_FUNC [] { static_assert(false, "Exceptions are disabled! " \
      |                                                         ^~~~~
host/third_party/doctest.h:2840:25: note: in expansion of macro ‘DOCTEST_EXCEPTION_EMPTY_FUNC’
 2840 | #define DOCTEST_REQUIRE DOCTEST_EXCEPTION_EMPTY_FUNC
      |                         ^~~~~~~~~~~~~~~~~~~~~~~~~~~~
host/third_party/doctest.h:2977:22: note: in expansion of macro ‘DOCTEST_REQUIRE’
 2977 | #define REQUIRE(...) DOCTEST_REQUIRE(__VA_ARGS__)
      |                      ^~~~~~~~~~~~~~~
tests/test_frame_packing.cpp:327:13: note: in expansion of macro ‘REQUIRE’
  327 |             REQUIRE(source != nullptr);
      |             ^~~~~~~
tests/test_frame_packing.cpp: In function ‘void DOCTEST_ANON_FUNC_28()’:
host/third_party/doctest.h:2977:37: error: expression cannot be used as a function
 2977 | #define REQUIRE(...) DOCTEST_REQUIRE(__VA_ARGS__)
      |                                     ^
tests/test_frame_packing.cpp:327:13: note: in expansion of macro ‘REQUIRE’
  327 |             REQUIRE(source != nullptr);
      |             ^~~~~~~
tests/test_frame_packing.cpp: In lambda function:
host/third_party/doctest.h:2824:57: error: static assertion failed: Exceptions are disabled! Use DOCTEST_CONFIG_NO_EXCEPTIONS_BUT_WITH_ALL_ASSERTS if you want to compile with exceptions disabled.
 2824 | #define DOCTEST_EXCEPTION_EMPTY_FUNC [] { static_assert(false, "Exceptions are disabled! " \
      |                                                         ^~~~~
host/third_party/doctest.h:2840:25: note: in expansion of macro ‘DOCTEST_EXCEPTION_EMPTY_FUNC’
 2840 | #define DOCTEST_REQUIRE DOCTEST_EXCEPTION_EMPTY_FUNC
      |                         ^~~~~~~~~~~~~~~~~~~~~~~~~~~~
host/third_party/doctest.h:2977:22: note: in expansion of macro ‘DOCTEST_REQUIRE’
 2977 | #define REQUIRE(...) DOCTEST_REQUIRE(__VA_ARGS__)
      |                      ^~~~~~~~~~~~~~~
tests/test_frame_packing.cpp:329:13: note: in expansion of macro ‘REQUIRE’
  329 |             REQUIRE(buffer.append(*source, STATUSES[selection]));
      |             ^~~~~~~
tests/test_frame_packing.cpp: In function ‘void DOCTEST_ANON_FUNC_28()’:
host/third_party/doctest.h:2977:37: error: expression cannot be used as a function
 2977 | #define REQUIRE(...) DOCTEST_REQUIRE(__VA_ARGS__)
      |                                     ^
tests/test_frame_packing.cpp:329:13: note: in expansion of macro ‘REQUIRE’
  329 |             REQUIRE(buffer.append(*source, STATUSES[selection]));
      |             ^~~~~~~
tests/test_frame_packing.cpp: In lambda function:
host/third_party/doctest.h:2824:57: error: static assertion failed: Exceptions are disabled! Use DOCTEST_CONFIG_NO_EXCEPTIONS_BUT_WITH_ALL_ASSERTS if you want to compile with exceptions disabled.
 2824 | #define DOCTEST_EXCEPTION_EMPTY_FUNC [] { static_assert(false, "Exceptions are disabled! " \
      |                                                         ^~~~~
host/third_party/doctest.h:2840:25: note: in expansion of macro ‘DOCTEST_EXCEPTION_EMPTY_FUNC’
 2840 | #define DOCTEST_REQUIRE DOCTEST_EXCEPTION_EMPTY_FUNC
      |                         ^~~~~~~~~~~~~~~~~~~~~~~~~~~~
host/third_party/doctest.h:2977:22: note: in expansion of macro ‘DOCTEST_REQUIRE’
 2977 | #define REQUIRE(...) DOCTEST_REQUIRE(__VA_ARGS__)
      |                      ^~~~~~~~~~~~~~~
tests/test_frame_packing.cpp:330:13: note: in expansion of macro ‘REQUIRE’
  330 |             REQUIRE(oracle.append(expected, STATUSES[selection]));
      |             ^~~~~~~
tests/test_frame_packing.cpp: In function ‘void DOCTEST_ANON_FUNC_28()’:
host/third_party/doctest.h:2977:37: error: expression cannot be used as a function
 2977 | #define REQUIRE(...) DOCTEST_REQUIRE(__VA_ARGS__)
      |                                     ^
tests/test_frame_packing.cpp:330:13: note: in expansion of macro ‘REQUIRE’
  330 |             REQUIRE(oracle.append(expected, STATUSES[selection]));
      |             ^~~~~~~
src/hal/recorder_frames.cpp:39:20: error: no declaration matches ‘const recorder::StoredFrame* recorder::FrameBuffer::at(std::size_t) const’
   39 | const StoredFrame* FrameBuffer::at(std::size_t chronological_index) const {
      |                    ^~~~~~~~~~~
src/hal/recorder_frames.cpp:39:20: note: no functions named ‘const recorder::StoredFrame* recorder::FrameBuffer::at(std::size_t) const’
In file included from src/hal/recorder_frames.cpp:4:
src/hal/recorder_frames.h:22:7: note: ‘class recorder::FrameBuffer’ defined here
   22 | class FrameBuffer {
      |       ^~~~~~~~~~~
