[doctest] doctest version is "2.4.12"
[doctest] run with "--help" for options
===============================================================================
/mnt/c/Users/narut/OneDrive/Desktop/Project/techbots_Sumo_Robots/tests/test_app_service_reset.cpp:251:
TEST CASE:  B13 D103 pending age uses real release source start at 4999 5000 5001 us

/mnt/c/Users/narut/OneDrive/Desktop/Project/techbots_Sumo_Robots/tests/test_app_service_reset.cpp:275: ERROR: CHECK( completed ) is NOT correct!
  values: CHECK( false )
  logged: age := 4999
          source := 2158000
          old_decision := 2158010
          old_completion := 2158017
          actual_source_gap := 4999
          rig.owner.decisionInput().buttons.started_us := 2162999
          rig.owner.decisionInput().buttons.completed_us := 2163004
          rig.owner.transaction().report().started_us := 2162999
          rig.owner.transaction().report().decision_us := 2163014
          int(rig.owner.report().fault) := 4
          int(rig.owner.transaction().report().fault) := 6
          rig.robot().contract_faults := 0
          int(rig.owner.adcInputs().report().fault) := 0

/mnt/c/Users/narut/OneDrive/Desktop/Project/techbots_Sumo_Robots/tests/test_app_service_reset.cpp:16: ERROR: CHECK( tx.applied.feedback.applied_valid ) is NOT correct!
  values: CHECK( false )
  logged: age := 4999
          source := 2158000
          old_decision := 2158010
          old_completion := 2158017
          actual_source_gap := 4999
          rig.owner.decisionInput().buttons.started_us := 2162999
          rig.owner.decisionInput().buttons.completed_us := 2163004
          rig.owner.transaction().report().started_us := 2162999
          rig.owner.transaction().report().decision_us := 2163014
          int(rig.owner.report().fault) := 4
          int(rig.owner.transaction().report().fault) := 6
          rig.robot().contract_faults := 0
          int(rig.owner.adcInputs().report().fault) := 0

/mnt/c/Users/narut/OneDrive/Desktop/Project/techbots_Sumo_Robots/tests/test_app_service_reset.cpp:275: ERROR: CHECK( completed ) is NOT correct!
  values: CHECK( false )
  logged: age := 5000
          source := 2158000
          old_decision := 2158010
          old_completion := 2158017
          actual_source_gap := 5000
          rig.owner.decisionInput().buttons.started_us := 2163000
          rig.owner.decisionInput().buttons.completed_us := 2163005
          rig.owner.transaction().report().started_us := 2163000
          rig.owner.transaction().report().decision_us := 2163015
          int(rig.owner.report().fault) := 4
          int(rig.owner.transaction().report().fault) := 6
          rig.robot().contract_faults := 0
          int(rig.owner.adcInputs().report().fault) := 0

/mnt/c/Users/narut/OneDrive/Desktop/Project/techbots_Sumo_Robots/tests/test_app_service_reset.cpp:16: ERROR: CHECK( tx.applied.feedback.applied_valid ) is NOT correct!
  values: CHECK( false )
  logged: age := 5000
          source := 2158000
          old_decision := 2158010
          old_completion := 2158017
          actual_source_gap := 5000
          rig.owner.decisionInput().buttons.started_us := 2163000
          rig.owner.decisionInput().buttons.completed_us := 2163005
          rig.owner.transaction().report().started_us := 2163000
          rig.owner.transaction().report().decision_us := 2163015
          int(rig.owner.report().fault) := 4
          int(rig.owner.transaction().report().fault) := 6
          rig.robot().contract_faults := 0
          int(rig.owner.adcInputs().report().fault) := 0

===============================================================================
[doctest] test cases:   34 |   33 passed | 1 failed | 0 skipped
[doctest] assertions: 5982 | 5978 passed | 4 failed |
[doctest] Status: FAILURE!
