
/dev/shm/sumo-d243-kmjw28sy/retention:     file format elf64-x86-64


Disassembly of section .init:

0000000000001000 <_init>:
    1000:	f3 0f 1e fa          	endbr64
    1004:	48 83 ec 08          	sub    $0x8,%rsp
    1008:	48 8b 05 d9 2f 00 00 	mov    0x2fd9(%rip),%rax        # 3fe8 <__gmon_start__@Base>
    100f:	48 85 c0             	test   %rax,%rax
    1012:	74 02                	je     1016 <_init+0x16>
    1014:	ff d0                	call   *%rax
    1016:	48 83 c4 08          	add    $0x8,%rsp
    101a:	c3                   	ret

Disassembly of section .plt:

0000000000001020 <.plt>:
    1020:	ff 35 9a 2f 00 00    	push   0x2f9a(%rip)        # 3fc0 <_GLOBAL_OFFSET_TABLE_+0x8>
    1026:	ff 25 9c 2f 00 00    	jmp    *0x2f9c(%rip)        # 3fc8 <_GLOBAL_OFFSET_TABLE_+0x10>
    102c:	0f 1f 40 00          	nopl   0x0(%rax)
    1030:	f3 0f 1e fa          	endbr64
    1034:	68 00 00 00 00       	push   $0x0
    1039:	e9 e2 ff ff ff       	jmp    1020 <_init+0x20>
    103e:	66 90                	xchg   %ax,%ax

Disassembly of section .plt.got:

0000000000001040 <__cxa_finalize@plt>:
    1040:	f3 0f 1e fa          	endbr64
    1044:	ff 25 ae 2f 00 00    	jmp    *0x2fae(%rip)        # 3ff8 <__cxa_finalize@GLIBC_2.2.5>
    104a:	66 0f 1f 44 00 00    	nopw   0x0(%rax,%rax,1)

Disassembly of section .plt.sec:

0000000000001050 <__stack_chk_fail@plt>:
    1050:	f3 0f 1e fa          	endbr64
    1054:	ff 25 76 2f 00 00    	jmp    *0x2f76(%rip)        # 3fd0 <__stack_chk_fail@GLIBC_2.4>
    105a:	66 0f 1f 44 00 00    	nopw   0x0(%rax,%rax,1)

Disassembly of section .text:

0000000000001060 <main>:
    1060:	f3 0f 1e fa          	endbr64
    1064:	50                   	push   %rax
    1065:	ff 05 bd 2f 00 00    	incl   0x2fbd(%rip)        # 4028 <fixture::begins>
    106b:	e8 14 02 00 00       	call   1284 <loop()>
    1070:	e8 0f 02 00 00       	call   1284 <loop()>
    1075:	31 c0                	xor    %eax,%eax
    1077:	5a                   	pop    %rdx
    1078:	c3                   	ret

0000000000001079 <_GLOBAL__sub_I_outer_loop_timing>:
    1079:	f3 0f 1e fa          	endbr64
    107d:	31 c0                	xor    %eax,%eax
    107f:	31 d2                	xor    %edx,%edx
    1081:	ff 05 9d 2f 00 00    	incl   0x2f9d(%rip)        # 4024 <fixture::constructors>
    1087:	89 05 c3 2f 00 00    	mov    %eax,0x2fc3(%rip)        # 4050 <(anonymous namespace)::runtime+0x8>
    108d:	48 8d 05 05 01 00 00 	lea    0x105(%rip),%rax        # 1199 <fixture::clock(void*)>
    1094:	48 c7 05 a9 2f 00 00 	movq   $0x1,0x2fa9(%rip)        # 4048 <(anonymous namespace)::runtime>
    109b:	01 00 00 00 
    109f:	48 89 15 8a 2f 00 00 	mov    %rdx,0x2f8a(%rip)        # 4030 <(anonymous namespace)::timing_port>
    10a6:	48 89 05 8b 2f 00 00 	mov    %rax,0x2f8b(%rip)        # 4038 <(anonymous namespace)::timing_port+0x8>
    10ad:	c3                   	ret
    10ae:	66 90                	xchg   %ax,%ax

00000000000010b0 <_start>:
    10b0:	f3 0f 1e fa          	endbr64
    10b4:	31 ed                	xor    %ebp,%ebp
    10b6:	49 89 d1             	mov    %rdx,%r9
    10b9:	5e                   	pop    %rsi
    10ba:	48 89 e2             	mov    %rsp,%rdx
    10bd:	48 83 e4 f0          	and    $0xfffffffffffffff0,%rsp
    10c1:	50                   	push   %rax
    10c2:	54                   	push   %rsp
    10c3:	45 31 c0             	xor    %r8d,%r8d
    10c6:	31 c9                	xor    %ecx,%ecx
    10c8:	48 8d 3d 91 ff ff ff 	lea    -0x6f(%rip),%rdi        # 1060 <main>
    10cf:	ff 15 03 2f 00 00    	call   *0x2f03(%rip)        # 3fd8 <__libc_start_main@GLIBC_2.34>
    10d5:	f4                   	hlt
    10d6:	66 2e 0f 1f 84 00 00 	cs nopw 0x0(%rax,%rax,1)
    10dd:	00 00 00 

00000000000010e0 <deregister_tm_clones>:
    10e0:	48 8d 3d 21 2f 00 00 	lea    0x2f21(%rip),%rdi        # 4008 <__TMC_END__>
    10e7:	48 8d 05 1a 2f 00 00 	lea    0x2f1a(%rip),%rax        # 4008 <__TMC_END__>
    10ee:	48 39 f8             	cmp    %rdi,%rax
    10f1:	74 15                	je     1108 <deregister_tm_clones+0x28>
    10f3:	48 8b 05 e6 2e 00 00 	mov    0x2ee6(%rip),%rax        # 3fe0 <_ITM_deregisterTMCloneTable@Base>
    10fa:	48 85 c0             	test   %rax,%rax
    10fd:	74 09                	je     1108 <deregister_tm_clones+0x28>
    10ff:	ff e0                	jmp    *%rax
    1101:	0f 1f 80 00 00 00 00 	nopl   0x0(%rax)
    1108:	c3                   	ret
    1109:	0f 1f 80 00 00 00 00 	nopl   0x0(%rax)

0000000000001110 <register_tm_clones>:
    1110:	48 8d 3d f1 2e 00 00 	lea    0x2ef1(%rip),%rdi        # 4008 <__TMC_END__>
    1117:	48 8d 35 ea 2e 00 00 	lea    0x2eea(%rip),%rsi        # 4008 <__TMC_END__>
    111e:	48 29 fe             	sub    %rdi,%rsi
    1121:	48 89 f0             	mov    %rsi,%rax
    1124:	48 c1 ee 3f          	shr    $0x3f,%rsi
    1128:	48 c1 f8 03          	sar    $0x3,%rax
    112c:	48 01 c6             	add    %rax,%rsi
    112f:	48 d1 fe             	sar    $1,%rsi
    1132:	74 14                	je     1148 <register_tm_clones+0x38>
    1134:	48 8b 05 b5 2e 00 00 	mov    0x2eb5(%rip),%rax        # 3ff0 <_ITM_registerTMCloneTable@Base>
    113b:	48 85 c0             	test   %rax,%rax
    113e:	74 08                	je     1148 <register_tm_clones+0x38>
    1140:	ff e0                	jmp    *%rax
    1142:	66 0f 1f 44 00 00    	nopw   0x0(%rax,%rax,1)
    1148:	c3                   	ret
    1149:	0f 1f 80 00 00 00 00 	nopl   0x0(%rax)

0000000000001150 <__do_global_dtors_aux>:
    1150:	f3 0f 1e fa          	endbr64
    1154:	80 3d c5 2e 00 00 00 	cmpb   $0x0,0x2ec5(%rip)        # 4020 <completed.0>
    115b:	75 2b                	jne    1188 <__do_global_dtors_aux+0x38>
    115d:	55                   	push   %rbp
    115e:	48 83 3d 92 2e 00 00 	cmpq   $0x0,0x2e92(%rip)        # 3ff8 <__cxa_finalize@GLIBC_2.2.5>
    1165:	00 
    1166:	48 89 e5             	mov    %rsp,%rbp
    1169:	74 0c                	je     1177 <__do_global_dtors_aux+0x27>
    116b:	48 8b 3d 8e 2e 00 00 	mov    0x2e8e(%rip),%rdi        # 4000 <__dso_handle>
    1172:	e8 c9 fe ff ff       	call   1040 <__cxa_finalize@plt>
    1177:	e8 64 ff ff ff       	call   10e0 <deregister_tm_clones>
    117c:	c6 05 9d 2e 00 00 01 	movb   $0x1,0x2e9d(%rip)        # 4020 <completed.0>
    1183:	5d                   	pop    %rbp
    1184:	c3                   	ret
    1185:	0f 1f 00             	nopl   (%rax)
    1188:	c3                   	ret
    1189:	0f 1f 80 00 00 00 00 	nopl   0x0(%rax)

0000000000001190 <frame_dummy>:
    1190:	f3 0f 1e fa          	endbr64
    1194:	e9 77 ff ff ff       	jmp    1110 <register_tm_clones>

0000000000001199 <fixture::clock(void*)>:
    1199:	f3 0f 1e fa          	endbr64
    119d:	48 83 ec 28          	sub    $0x28,%rsp
    11a1:	64 48 8b 04 25 28 00 	mov    %fs:0x28,%rax
    11a8:	00 00 
    11aa:	48 89 44 24 18       	mov    %rax,0x18(%rsp)
    11af:	48 b8 00 00 00 00 05 	movabs $0x500000000,%rax
    11b6:	00 00 00 
    11b9:	48 89 44 24 08       	mov    %rax,0x8(%rsp)
    11be:	48 b8 00 a3 e1 11 09 	movabs $0x11e1a30911e1a300,%rax
    11c5:	a3 e1 11 
    11c8:	48 89 44 24 10       	mov    %rax,0x10(%rsp)
    11cd:	8b 05 ad 48 00 00    	mov    0x48ad(%rip),%eax        # 5a80 <fixture::clocks>
    11d3:	8d 50 01             	lea    0x1(%rax),%edx
    11d6:	8b 44 84 08          	mov    0x8(%rsp,%rax,4),%eax
    11da:	89 15 a0 48 00 00    	mov    %edx,0x48a0(%rip)        # 5a80 <fixture::clocks>
    11e0:	48 8b 54 24 18       	mov    0x18(%rsp),%rdx
    11e5:	64 48 2b 14 25 28 00 	sub    %fs:0x28,%rdx
    11ec:	00 00 
    11ee:	74 05                	je     11f5 <fixture::clock(void*)+0x5c>
    11f0:	e8 5b fe ff ff       	call   1050 <__stack_chk_fail@plt>
    11f5:	48 83 c4 28          	add    $0x28,%rsp
    11f9:	c3                   	ret

00000000000011fa <app::epoch_timing::Distribution::observe(unsigned int, unsigned int, unsigned int)>:
    11fa:	39 b7 90 0c 00 00    	cmp    %esi,0xc90(%rdi)
    1200:	73 06                	jae    1208 <app::epoch_timing::Distribution::observe(unsigned int, unsigned int, unsigned int)+0xe>
    1202:	89 b7 90 0c 00 00    	mov    %esi,0xc90(%rdi)
    1208:	8b 87 80 0c 00 00    	mov    0xc80(%rdi),%eax
    120e:	89 8f 9c 0c 00 00    	mov    %ecx,0xc9c(%rdi)
    1214:	83 f8 ff             	cmp    $0xffffffff,%eax
    1217:	75 1b                	jne    1234 <app::epoch_timing::Distribution::observe(unsigned int, unsigned int, unsigned int)+0x3a>
    1219:	8b 87 88 0c 00 00    	mov    0xc88(%rdi),%eax
    121f:	c6 87 a0 0c 00 00 01 	movb   $0x1,0xca0(%rdi)
    1226:	83 f8 ff             	cmp    $0xffffffff,%eax
    1229:	74 44                	je     126f <app::epoch_timing::Distribution::observe(unsigned int, unsigned int, unsigned int)+0x75>
    122b:	ff c0                	inc    %eax
    122d:	89 87 88 0c 00 00    	mov    %eax,0xc88(%rdi)
    1233:	c3                   	ret
    1234:	85 c0                	test   %eax,%eax
    1236:	75 06                	jne    123e <app::epoch_timing::Distribution::observe(unsigned int, unsigned int, unsigned int)+0x44>
    1238:	89 97 94 0c 00 00    	mov    %edx,0xc94(%rdi)
    123e:	ff c0                	inc    %eax
    1240:	89 87 80 0c 00 00    	mov    %eax,0xc80(%rdi)
    1246:	81 fe 1f 03 00 00    	cmp    $0x31f,%esi
    124c:	77 07                	ja     1255 <app::epoch_timing::Distribution::observe(unsigned int, unsigned int, unsigned int)+0x5b>
    124e:	89 f0                	mov    %esi,%eax
    1250:	ff 04 87             	incl   (%rdi,%rax,4)
    1253:	eb 06                	jmp    125b <app::epoch_timing::Distribution::observe(unsigned int, unsigned int, unsigned int)+0x61>
    1255:	ff 87 84 0c 00 00    	incl   0xc84(%rdi)
    125b:	39 b7 8c 0c 00 00    	cmp    %esi,0xc8c(%rdi)
    1261:	73 06                	jae    1269 <app::epoch_timing::Distribution::observe(unsigned int, unsigned int, unsigned int)+0x6f>
    1263:	89 b7 8c 0c 00 00    	mov    %esi,0xc8c(%rdi)
    1269:	89 8f 98 0c 00 00    	mov    %ecx,0xc98(%rdi)
    126f:	c3                   	ret

0000000000001270 <app::outer_loop_timing::Observer::count(app::outer_loop_timing::Count&, unsigned int)>:
    1270:	8b 07                	mov    (%rdi),%eax
    1272:	83 f8 ff             	cmp    $0xffffffff,%eax
    1275:	74 04                	je     127b <app::outer_loop_timing::Observer::count(app::outer_loop_timing::Count&, unsigned int)+0xb>
    1277:	ff c0                	inc    %eax
    1279:	89 07                	mov    %eax,(%rdi)
    127b:	39 77 04             	cmp    %esi,0x4(%rdi)
    127e:	73 03                	jae    1283 <app::outer_loop_timing::Observer::count(app::outer_loop_timing::Count&, unsigned int)+0x13>
    1280:	89 77 04             	mov    %esi,0x4(%rdi)
    1283:	c3                   	ret

0000000000001284 <loop()>:
    1284:	41 57                	push   %r15
    1286:	41 56                	push   %r14
    1288:	41 55                	push   %r13
    128a:	41 54                	push   %r12
    128c:	55                   	push   %rbp
    128d:	53                   	push   %rbx
    128e:	48 83 ec 48          	sub    $0x48,%rsp
    1292:	48 8d 1d c7 2d 00 00 	lea    0x2dc7(%rip),%rbx        # 4060 <outer_loop_timing>
    1299:	80 bb 48 19 00 00 02 	cmpb   $0x2,0x1948(%rbx)
    12a0:	0f 87 82 04 00 00    	ja     1728 <loop()+0x4a4>
    12a6:	48 8b 3d 83 2d 00 00 	mov    0x2d83(%rip),%rdi        # 4030 <(anonymous namespace)::timing_port>
    12ad:	ff 15 85 2d 00 00    	call   *0x2d85(%rip)        # 4038 <(anonymous namespace)::timing_port+0x8>
    12b3:	8a 93 48 19 00 00    	mov    0x1948(%rbx),%dl
    12b9:	89 c1                	mov    %eax,%ecx
    12bb:	80 fa 02             	cmp    $0x2,%dl
    12be:	0f 87 ab 03 00 00    	ja     166f <loop()+0x3eb>
    12c4:	84 d2                	test   %dl,%dl
    12c6:	75 1e                	jne    12e6 <loop()+0x62>
    12c8:	89 83 e0 19 00 00    	mov    %eax,0x19e0(%rbx)
    12ce:	89 83 e4 19 00 00    	mov    %eax,0x19e4(%rbx)
    12d4:	89 83 dc 19 00 00    	mov    %eax,0x19dc(%rbx)
    12da:	c6 83 48 19 00 00 01 	movb   $0x1,0x1948(%rbx)
    12e1:	e9 89 03 00 00       	jmp    166f <loop()+0x3eb>
    12e6:	44 8a 9b 18 1a 00 00 	mov    0x1a18(%rbx),%r11b
    12ed:	45 84 db             	test   %r11b,%r11b
    12f0:	75 12                	jne    1304 <loop()+0x80>
    12f2:	89 83 f8 19 00 00    	mov    %eax,0x19f8(%rbx)
    12f8:	c6 83 48 19 00 00 06 	movb   $0x6,0x1948(%rbx)
    12ff:	e9 6b 03 00 00       	jmp    166f <loop()+0x3eb>
    1304:	89 c6                	mov    %eax,%esi
    1306:	2b b3 e4 19 00 00    	sub    0x19e4(%rbx),%esi
    130c:	79 12                	jns    1320 <loop()+0x9c>
    130e:	89 83 f8 19 00 00    	mov    %eax,0x19f8(%rbx)
    1314:	c6 83 48 19 00 00 04 	movb   $0x4,0x1948(%rbx)
    131b:	e9 4f 03 00 00       	jmp    166f <loop()+0x3eb>
    1320:	74 0a                	je     132c <loop()+0xa8>
    1322:	31 c0                	xor    %eax,%eax
    1324:	89 83 fc 19 00 00    	mov    %eax,0x19fc(%rbx)
    132a:	eb 27                	jmp    1353 <loop()+0xcf>
    132c:	8b 83 fc 19 00 00    	mov    0x19fc(%rbx),%eax
    1332:	ff c0                	inc    %eax
    1334:	89 83 fc 19 00 00    	mov    %eax,0x19fc(%rbx)
    133a:	3d ff ff 00 00       	cmp    $0xffff,%eax
    133f:	76 12                	jbe    1353 <loop()+0xcf>
    1341:	89 8b f8 19 00 00    	mov    %ecx,0x19f8(%rbx)
    1347:	c6 83 48 19 00 00 05 	movb   $0x5,0x1948(%rbx)
    134e:	e9 1c 03 00 00       	jmp    166f <loop()+0x3eb>
    1353:	41 89 f1             	mov    %esi,%r9d
    1356:	4c 03 8b 00 1a 00 00 	add    0x1a00(%rbx),%r9
    135d:	89 8b e4 19 00 00    	mov    %ecx,0x19e4(%rbx)
    1363:	4c 89 8b 00 1a 00 00 	mov    %r9,0x1a00(%rbx)
    136a:	80 fa 02             	cmp    $0x2,%dl
    136d:	75 18                	jne    1387 <loop()+0x103>
    136f:	89 8b f0 19 00 00    	mov    %ecx,0x19f0(%rbx)
    1375:	89 b3 f4 19 00 00    	mov    %esi,0x19f4(%rbx)
    137b:	c6 83 48 19 00 00 03 	movb   $0x3,0x1948(%rbx)
    1382:	e9 e8 02 00 00       	jmp    166f <loop()+0x3eb>
    1387:	8b 83 70 19 00 00    	mov    0x1970(%rbx),%eax
    138d:	45 31 e4             	xor    %r12d,%r12d
    1390:	83 f8 ff             	cmp    $0xffffffff,%eax
    1393:	74 0d                	je     13a2 <loop()+0x11e>
    1395:	8d 50 01             	lea    0x1(%rax),%edx
    1398:	39 93 7c 19 00 00    	cmp    %edx,0x197c(%rbx)
    139e:	41 0f 94 c4          	sete   %r12b
    13a2:	44 8a 93 84 19 00 00 	mov    0x1984(%rbx),%r10b
    13a9:	44 8a b3 6d 19 00 00 	mov    0x196d(%rbx),%r14b
    13b0:	44 89 e5             	mov    %r12d,%ebp
    13b3:	8a 93 6c 19 00 00    	mov    0x196c(%rbx),%dl
    13b9:	45 84 d2             	test   %r10b,%r10b
    13bc:	41 0f 45 ea          	cmovne %r10d,%ebp
    13c0:	41 80 fe 05          	cmp    $0x5,%r14b
    13c4:	41 0f 96 c0          	setbe  %r8b
    13c8:	80 fa 04             	cmp    $0x4,%dl
    13cb:	40 0f 96 c7          	setbe  %dil
    13cf:	41 20 f8             	and    %dil,%r8b
    13d2:	0f 84 fc 00 00 00    	je     14d4 <loop()+0x250>
    13d8:	80 fa 03             	cmp    $0x3,%dl
    13db:	41 0f 94 c5          	sete   %r13b
    13df:	45 84 f6             	test   %r14b,%r14b
    13e2:	40 0f 95 c7          	setne  %dil
    13e6:	41 38 fd             	cmp    %dil,%r13b
    13e9:	0f 85 e8 00 00 00    	jne    14d7 <loop()+0x253>
    13ef:	44 8a bb 79 19 00 00 	mov    0x1979(%rbx),%r15b
    13f6:	44 8a ab 78 19 00 00 	mov    0x1978(%rbx),%r13b
    13fd:	41 80 ff 05          	cmp    $0x5,%r15b
    1401:	40 0f 96 c7          	setbe  %dil
    1405:	41 80 fd 04          	cmp    $0x4,%r13b
    1409:	0f 96 44 24 0f       	setbe  0xf(%rsp)
    140e:	40 22 7c 24 0f       	and    0xf(%rsp),%dil
    1413:	0f 84 be 00 00 00    	je     14d7 <loop()+0x253>
    1419:	41 80 fd 03          	cmp    $0x3,%r13b
    141d:	41 89 f8             	mov    %edi,%r8d
    1420:	0f 94 44 24 0f       	sete   0xf(%rsp)
    1425:	45 84 ff             	test   %r15b,%r15b
    1428:	41 0f 95 c7          	setne  %r15b
    142c:	44 38 7c 24 0f       	cmp    %r15b,0xf(%rsp)
    1431:	0f 85 a0 00 00 00    	jne    14d7 <loop()+0x253>
    1437:	80 fa 01             	cmp    $0x1,%dl
    143a:	41 0f 94 c0          	sete   %r8b
    143e:	80 fa 04             	cmp    $0x4,%dl
    1441:	41 0f 94 c7          	sete   %r15b
    1445:	45 08 f8             	or     %r15b,%r8b
    1448:	75 3d                	jne    1487 <loop()+0x203>
    144a:	45 89 d0             	mov    %r10d,%r8d
    144d:	45 84 d2             	test   %r10b,%r10b
    1450:	0f 85 81 00 00 00    	jne    14d7 <loop()+0x253>
    1456:	44 8b bb 78 19 00 00 	mov    0x1978(%rbx),%r15d
    145d:	41 89 f8             	mov    %edi,%r8d
    1460:	66 44 39 bb 6c 19 00 	cmp    %r15w,0x196c(%rbx)
    1467:	00 
    1468:	75 6d                	jne    14d7 <loop()+0x253>
    146a:	3b 83 7c 19 00 00    	cmp    0x197c(%rbx),%eax
    1470:	75 65                	jne    14d7 <loop()+0x253>
    1472:	44 8a bb 80 19 00 00 	mov    0x1980(%rbx),%r15b
    1479:	44 38 bb 74 19 00 00 	cmp    %r15b,0x1974(%rbx)
    1480:	75 55                	jne    14d7 <loop()+0x253>
    1482:	e9 af 02 00 00       	jmp    1736 <loop()+0x4b2>
    1487:	45 84 ed             	test   %r13b,%r13b
    148a:	74 4b                	je     14d7 <loop()+0x253>
    148c:	45 84 d2             	test   %r10b,%r10b
    148f:	74 0b                	je     149c <loop()+0x218>
    1491:	41 80 fd 03          	cmp    $0x3,%r13b
    1495:	75 18                	jne    14af <loop()+0x22b>
    1497:	45 89 d0             	mov    %r10d,%r8d
    149a:	eb 3b                	jmp    14d7 <loop()+0x253>
    149c:	41 80 fd 03          	cmp    $0x3,%r13b
    14a0:	74 0d                	je     14af <loop()+0x22b>
    14a2:	44 38 ea             	cmp    %r13b,%dl
    14a5:	75 30                	jne    14d7 <loop()+0x253>
    14a7:	3b 83 7c 19 00 00    	cmp    0x197c(%rbx),%eax
    14ad:	75 28                	jne    14d7 <loop()+0x253>
    14af:	83 f8 ff             	cmp    $0xffffffff,%eax
    14b2:	74 23                	je     14d7 <loop()+0x253>
    14b4:	48 8d 3d a5 2b 00 00 	lea    0x2ba5(%rip),%rdi        # 4060 <outer_loop_timing>
    14bb:	39 87 7c 19 00 00    	cmp    %eax,0x197c(%rdi)
    14c1:	74 05                	je     14c8 <loop()+0x244>
    14c3:	45 84 e4             	test   %r12b,%r12b
    14c6:	74 0f                	je     14d7 <loop()+0x253>
    14c8:	41 83 f4 01          	xor    $0x1,%r12d
    14cc:	45 89 e0             	mov    %r12d,%r8d
    14cf:	45 21 d0             	and    %r10d,%r8d
    14d2:	eb 03                	jmp    14d7 <loop()+0x253>
    14d4:	45 89 d8             	mov    %r11d,%r8d
    14d7:	4c 8d 25 82 2b 00 00 	lea    0x2b82(%rip),%r12        # 4060 <outer_loop_timing>
    14de:	41 8a 9c 24 78 19 00 	mov    0x1978(%r12),%bl
    14e5:	00 
    14e6:	80 fb 03             	cmp    $0x3,%bl
    14e9:	75 13                	jne    14fe <loop()+0x27a>
    14eb:	80 fa 03             	cmp    $0x3,%dl
    14ee:	75 11                	jne    1501 <loop()+0x27d>
    14f0:	45 38 b4 24 79 19 00 	cmp    %r14b,0x1979(%r12)
    14f7:	00 
    14f8:	41 0f 95 c3          	setne  %r11b
    14fc:	eb 03                	jmp    1501 <loop()+0x27d>
    14fe:	45 31 db             	xor    %r11d,%r11d
    1501:	41 8b 94 24 e0 19 00 	mov    0x19e0(%r12),%edx
    1508:	00 
    1509:	4c 89 e7             	mov    %r12,%rdi
    150c:	e8 e9 fc ff ff       	call   11fa <app::epoch_timing::Distribution::observe(unsigned int, unsigned int, unsigned int)>
    1511:	41 80 bc 24 a0 0c 00 	cmpb   $0x0,0xca0(%r12)
    1518:	00 00 
    151a:	0f 85 f1 00 00 00    	jne    1611 <loop()+0x38d>
    1520:	41 0f 10 84 24 6c 19 	movups 0x196c(%r12),%xmm0
    1527:	00 00 
    1529:	41 89 94 24 e8 19 00 	mov    %edx,0x19e8(%r12)
    1530:	00 
    1531:	41 0f 10 8c 24 75 19 	movups 0x1975(%r12),%xmm1
    1538:	00 00 
    153a:	41 0f 11 84 24 88 19 	movups %xmm0,0x1988(%r12)
    1541:	00 00 
    1543:	41 0f 11 8c 24 91 19 	movups %xmm1,0x1991(%r12)
    154a:	00 00 
    154c:	40 84 ed             	test   %bpl,%bpl
    154f:	74 0d                	je     155e <loop()+0x2da>
    1551:	49 8d bc 24 a4 0c 00 	lea    0xca4(%r12),%rdi
    1558:	00 
    1559:	e8 9c fc ff ff       	call   11fa <app::epoch_timing::Distribution::observe(unsigned int, unsigned int, unsigned int)>
    155e:	45 84 c0             	test   %r8b,%r8b
    1561:	74 3c                	je     159f <loop()+0x31b>
    1563:	41 83 bc 24 64 19 00 	cmpl   $0x0,0x1964(%r12)
    156a:	00 00 
    156c:	75 24                	jne    1592 <loop()+0x30e>
    156e:	41 0f 10 94 24 6c 19 	movups 0x196c(%r12),%xmm2
    1575:	00 00 
    1577:	41 0f 10 9c 24 75 19 	movups 0x1975(%r12),%xmm3
    157e:	00 00 
    1580:	41 0f 29 94 24 c0 19 	movaps %xmm2,0x19c0(%r12)
    1587:	00 00 
    1589:	41 0f 11 9c 24 c9 19 	movups %xmm3,0x19c9(%r12)
    1590:	00 00 
    1592:	49 8d bc 24 64 19 00 	lea    0x1964(%r12),%rdi
    1599:	00 
    159a:	e8 d1 fc ff ff       	call   1270 <app::outer_loop_timing::Observer::count(app::outer_loop_timing::Count&, unsigned int)>
    159f:	45 84 db             	test   %r11b,%r11b
    15a2:	74 39                	je     15dd <loop()+0x359>
    15a4:	41 83 bc 24 54 19 00 	cmpl   $0x0,0x1954(%r12)
    15ab:	00 00 
    15ad:	75 24                	jne    15d3 <loop()+0x34f>
    15af:	41 0f 10 a4 24 6c 19 	movups 0x196c(%r12),%xmm4
    15b6:	00 00 
    15b8:	41 0f 10 ac 24 75 19 	movups 0x1975(%r12),%xmm5
    15bf:	00 00 
    15c1:	41 0f 11 a4 24 a4 19 	movups %xmm4,0x19a4(%r12)
    15c8:	00 00 
    15ca:	41 0f 11 ac 24 ad 19 	movups %xmm5,0x19ad(%r12)
    15d1:	00 00 
    15d3:	49 8d bc 24 54 19 00 	lea    0x1954(%r12),%rdi
    15da:	00 
    15db:	eb 24                	jmp    1601 <loop()+0x37d>
    15dd:	45 84 d2             	test   %r10b,%r10b
    15e0:	75 24                	jne    1606 <loop()+0x382>
    15e2:	40 84 ed             	test   %bpl,%bpl
    15e5:	75 1f                	jne    1606 <loop()+0x382>
    15e7:	80 fb 01             	cmp    $0x1,%bl
    15ea:	74 0d                	je     15f9 <loop()+0x375>
    15ec:	49 8d bc 24 5c 19 00 	lea    0x195c(%r12),%rdi
    15f3:	00 
    15f4:	80 fb 04             	cmp    $0x4,%bl
    15f7:	75 08                	jne    1601 <loop()+0x37d>
    15f9:	49 8d bc 24 4c 19 00 	lea    0x194c(%r12),%rdi
    1600:	00 
    1601:	e8 6a fc ff ff       	call   1270 <app::outer_loop_timing::Observer::count(app::outer_loop_timing::Count&, unsigned int)>
    1606:	41 80 bc 24 44 19 00 	cmpb   $0x0,0x1944(%r12)
    160d:	00 00 
    160f:	74 13                	je     1624 <loop()+0x3a0>
    1611:	41 89 8c 24 f8 19 00 	mov    %ecx,0x19f8(%r12)
    1618:	00 
    1619:	41 c6 84 24 48 19 00 	movb   $0x7,0x1948(%r12)
    1620:	00 07 
    1622:	eb 4b                	jmp    166f <loop()+0x3eb>
    1624:	49 81 f9 ff a2 e1 11 	cmp    $0x11e1a2ff,%r9
    162b:	76 31                	jbe    165e <loop()+0x3da>
    162d:	4d 89 8c 24 08 1a 00 	mov    %r9,0x1a08(%r12)
    1634:	00 
    1635:	49 81 e9 00 a3 e1 11 	sub    $0x11e1a300,%r9
    163c:	41 89 8c 24 ec 19 00 	mov    %ecx,0x19ec(%r12)
    1643:	00 
    1644:	4d 89 8c 24 10 1a 00 	mov    %r9,0x1a10(%r12)
    164b:	00 
    164c:	41 c6 84 24 19 1a 00 	movb   $0x1,0x1a19(%r12)
    1653:	00 01 
    1655:	41 c6 84 24 48 19 00 	movb   $0x2,0x1948(%r12)
    165c:	00 02 
    165e:	41 89 8c 24 e0 19 00 	mov    %ecx,0x19e0(%r12)
    1665:	00 
    1666:	41 c6 84 24 18 1a 00 	movb   $0x0,0x1a18(%r12)
    166d:	00 00 
    166f:	48 8d 05 ea 29 00 00 	lea    0x29ea(%rip),%rax        # 4060 <outer_loop_timing>
    1676:	8b 15 d0 29 00 00    	mov    0x29d0(%rip),%edx        # 404c <(anonymous namespace)::runtime+0x4>
    167c:	44 8a 05 c5 29 00 00 	mov    0x29c5(%rip),%r8b        # 4048 <(anonymous namespace)::runtime>
    1683:	40 8a 3d bf 29 00 00 	mov    0x29bf(%rip),%dil        # 4049 <(anonymous namespace)::runtime+0x1>
    168a:	8a 88 48 19 00 00    	mov    0x1948(%rax),%cl
    1690:	40 8a 35 b9 29 00 00 	mov    0x29b9(%rip),%sil        # 4050 <(anonymous namespace)::runtime+0x8>
    1697:	89 54 24 1c          	mov    %edx,0x1c(%rsp)
    169b:	ff c2                	inc    %edx
    169d:	ff 05 9d 29 00 00    	incl   0x299d(%rip)        # 4040 <fixture::steps>
    16a3:	ff c9                	dec    %ecx
    16a5:	44 88 44 24 18       	mov    %r8b,0x18(%rsp)
    16aa:	40 88 7c 24 19       	mov    %dil,0x19(%rsp)
    16af:	40 88 74 24 20       	mov    %sil,0x20(%rsp)
    16b4:	89 15 92 29 00 00    	mov    %edx,0x2992(%rip)        # 404c <(anonymous namespace)::runtime+0x4>
    16ba:	80 f9 01             	cmp    $0x1,%cl
    16bd:	77 67                	ja     1726 <loop()+0x4a2>
    16bf:	80 b8 18 1a 00 00 00 	cmpb   $0x0,0x1a18(%rax)
    16c6:	74 15                	je     16dd <loop()+0x459>
    16c8:	8b 90 e4 19 00 00    	mov    0x19e4(%rax),%edx
    16ce:	c6 80 48 19 00 00 06 	movb   $0x6,0x1948(%rax)
    16d5:	89 90 f8 19 00 00    	mov    %edx,0x19f8(%rax)
    16db:	eb 49                	jmp    1726 <loop()+0x4a2>
    16dd:	48 8b 4c 24 18       	mov    0x18(%rsp),%rcx
    16e2:	44 88 44 24 30       	mov    %r8b,0x30(%rsp)
    16e7:	40 88 7c 24 31       	mov    %dil,0x31(%rsp)
    16ec:	48 89 4c 24 24       	mov    %rcx,0x24(%rsp)
    16f1:	8b 4c 24 20          	mov    0x20(%rsp),%ecx
    16f5:	89 54 24 34          	mov    %edx,0x34(%rsp)
    16f9:	89 4c 24 2c          	mov    %ecx,0x2c(%rsp)
    16fd:	0f 10 74 24 24       	movups 0x24(%rsp),%xmm6
    1702:	40 88 74 24 38       	mov    %sil,0x38(%rsp)
    1707:	c6 44 24 3c 01       	movb   $0x1,0x3c(%rsp)
    170c:	0f 10 7c 24 2d       	movups 0x2d(%rsp),%xmm7
    1711:	c6 80 18 1a 00 00 01 	movb   $0x1,0x1a18(%rax)
    1718:	0f 11 b0 6c 19 00 00 	movups %xmm6,0x196c(%rax)
    171f:	0f 11 b8 75 19 00 00 	movups %xmm7,0x1975(%rax)
    1726:	eb 15                	jmp    173d <loop()+0x4b9>
    1728:	ff 05 12 29 00 00    	incl   0x2912(%rip)        # 4040 <fixture::steps>
    172e:	ff 05 18 29 00 00    	incl   0x2918(%rip)        # 404c <(anonymous namespace)::runtime+0x4>
    1734:	eb 07                	jmp    173d <loop()+0x4b9>
    1736:	ff c0                	inc    %eax
    1738:	e9 89 fd ff ff       	jmp    14c6 <loop()+0x242>
    173d:	48 83 c4 48          	add    $0x48,%rsp
    1741:	5b                   	pop    %rbx
    1742:	5d                   	pop    %rbp
    1743:	41 5c                	pop    %r12
    1745:	41 5d                	pop    %r13
    1747:	41 5e                	pop    %r14
    1749:	41 5f                	pop    %r15
    174b:	c3                   	ret

Disassembly of section .fini:

000000000000174c <_fini>:
    174c:	f3 0f 1e fa          	endbr64
    1750:	48 83 ec 08          	sub    $0x8,%rsp
    1754:	48 83 c4 08          	add    $0x8,%rsp
    1758:	c3                   	ret
